 FwBlockService

 Timestamp is 68f5fe9a (Mon Oct 20 17:19:22 2025)

 Preferred load address is 0000000000010000

 Start         Length     Name                   Class
 0001:00000000 00000014H .text                   CODE
 0001:00000014 00004f49H .text$mn                CODE
 0002:00000000 00000c14H .rdata                  DATA
 0002:00000c14 00000018H .rdata$voltmd           DATA
 0002:00000c2c 00000168H .rdata$zzzdbg           DATA
 0003:00000000 000001b0H .data                   DATA
 0003:000001b0 00000070H .bss                    DATA
 0004:00000000 00000330H .pdata                  DATA
 0005:00000000 000000e0H .xdata                  DATA

  Address         Publics by Value              Rva+Base               Lib:Object

 0000:00000000       __guard_longjmp_table      0000000000000000     <absolute>
 0000:00000000       __guard_fids_count         0000000000000000     <absolute>
 0000:00000000       __arm64x_extra_rfe_table   0000000000000000     <absolute>
 0000:00000000       __x64_code_ranges_to_entry_points_count 0000000000000000     <absolute>
 0000:00000000       __hybrid_code_map          0000000000000000     <absolute>
 0000:00000000       __arm64x_extra_rfe_table_size 0000000000000000     <absolute>
 0000:00000000       __arm64x_redirection_metadata 0000000000000000     <absolute>
 0000:00000000       __guard_iat_table          0000000000000000     <absolute>
 0000:00000000       __x64_code_ranges_to_entry_points 0000000000000000     <absolute>
 0000:00000000       __guard_iat_count          0000000000000000     <absolute>
 0000:00000000       __guard_longjmp_count      0000000000000000     <absolute>
 0000:00000000       __dynamic_value_reloc_table 0000000000000000     <absolute>
 0000:00000000       __guard_flags              0000000000000000     <absolute>
 0000:00000000       __guard_eh_cont_count      0000000000000000     <absolute>
 0000:00000000       __hybrid_auxiliary_iat     0000000000000000     <absolute>
 0000:00000000       __hybrid_auxiliary_iat_copy 0000000000000000     <absolute>
 0000:00000000       __AbsoluteZero             0000000000000000     <absolute>
 0000:00000000       __guard_check_icall_a64n_fptr 0000000000000000     <absolute>
 0000:00000000       __hybrid_code_map_count    0000000000000000     <absolute>
 0000:00000000       __guard_fids_table         0000000000000000     <absolute>
 0000:00000000       __arm64x_redirection_metadata_count 0000000000000000     <absolute>
 0000:00000000       __enclave_config           0000000000000000     <absolute>
 0000:00000000       __guard_eh_cont_table      0000000000000000     <absolute>
 0000:00000000       __arm64x_native_entrypoint 0000000000000000     <absolute>
 0001:00000000       __report_rangecheckfailure 0000000000011000     StackCheckLibNull:StackCheckFunctionsMsvc.obj
 0001:00000001       __GSHandlerCheck           0000000000011001     StackCheckLibNull:StackCheckFunctionsMsvc.obj
 0001:00000002       __security_check_cookie    0000000000011002     StackCheckLibNull:StackCheckFunctionsMsvc.obj
 0001:00000010       CpuPause                   0000000000011010     BaseLib:CpuPause.obj
 0001:00000014       _DriverUnloadHandler       0000000000011014 f   UefiDriverEntryPoint:DriverEntryPoint.obj
 0001:00000058       _ModuleEntryPoint          0000000000011058 f   UefiDriverEntryPoint:DriverEntryPoint.obj
 0001:00000198       ProcessLibraryConstructorList 0000000000011198 f   FwBlockService:AutoGen.obj
 0001:00000500       ProcessLibraryDestructorList 0000000000011500 f   FwBlockService:AutoGen.obj
 0001:000005a4       ProcessModuleEntryPointList 00000000000115a4 f   FwBlockService:AutoGen.obj
 0001:000005c8       ProcessModuleUnloadList    00000000000115c8 f   FwBlockService:AutoGen.obj
 0001:000005d0       GetFvbInstance             00000000000115d0 f   FwBlockService:FWBlockService.obj
 0001:00000654       FvbGetPhysicalAddress      0000000000011654 f   FwBlockService:FWBlockService.obj
 0001:0000072c       FvbGetVolumeAttributes     000000000001172c f   FwBlockService:FWBlockService.obj
 0001:000007fc       FvbGetLbaAddress           00000000000117fc f   FwBlockService:FWBlockService.obj
 0001:00000a34       FvbReadBlock               0000000000011a34 f   FwBlockService:FWBlockService.obj
 0001:00000bc0       FvbWriteBlock              0000000000011bc0 f   FwBlockService:FWBlockService.obj
 0001:00000d4c       FvbEraseBlock              0000000000011d4c f   FwBlockService:FWBlockService.obj
 0001:00000e28       FvbSetVolumeAttributes     0000000000011e28 f   FwBlockService:FWBlockService.obj
 0001:00001074       FvbProtocolGetPhysicalAddress 0000000000012074 f   FwBlockService:FWBlockService.obj
 0001:00001124       FvbProtocolGetBlockSize    0000000000012124 f   FwBlockService:FWBlockService.obj
 0001:000011fc       FvbProtocolGetAttributes   00000000000121fc f   FwBlockService:FWBlockService.obj
 0001:000012ac       FvbProtocolSetAttributes   00000000000122ac f   FwBlockService:FWBlockService.obj
 0001:0000135c       FvbProtocolEraseBlocks     000000000001235c f   FwBlockService:FWBlockService.obj
 0001:00001624       FvbProtocolWrite           0000000000012624 f   FwBlockService:FWBlockService.obj
 0001:00001704       FvbProtocolRead            0000000000012704 f   FwBlockService:FWBlockService.obj
 0001:000017e4       ValidateFvHeader           00000000000127e4 f   FwBlockService:FWBlockService.obj
 0001:000018a8       FvbInitialize              00000000000128a8 f   FwBlockService:FWBlockService.obj
 0001:000021fc       GetFvbInfo                 00000000000131fc f   FwBlockService:FvbInfo.obj
 0001:0000226c       DevicePathType             000000000001326c f   UefiDevicePathLib:DevicePathUtilities.obj
 0001:000022b4       DevicePathSubType          00000000000132b4 f   UefiDevicePathLib:DevicePathUtilities.obj
 0001:000022fc       IsDevicePathEndType        00000000000132fc f   UefiDevicePathLib:DevicePathUtilities.obj
 0001:00002360       IsDevicePathEnd            0000000000013360 f   UefiDevicePathLib:DevicePathUtilities.obj
 0001:000023d8       MultU64x32                 00000000000133d8 f   BaseLib:MultU64x32.obj
 0001:00002404       AsciiStrLen                0000000000013404 f   BaseLib:String.obj
 0001:000024bc       AsciiStrSize               00000000000134bc f   BaseLib:String.obj
 0001:000024d8       ReadUnaligned64            00000000000134d8 f   BaseLib:Unaligned.obj
 0001:00002520       WriteUnaligned64           0000000000013520 f   BaseLib:Unaligned.obj
 0001:00002578       InternalSafeStringIsOverlap 0000000000013578 f   BaseLib:SafeString.obj
 0001:000025dc       InternalSafeStringNoAsciiStrOverlap 00000000000135dc f   BaseLib:SafeString.obj
 0001:00002630       AsciiStrnLenS              0000000000013630 f   BaseLib:SafeString.obj
 0001:0000269c       AsciiStrnCpyS              000000000001369c f   BaseLib:SafeString.obj
 0001:00002b8c       LShiftU64                  0000000000013b8c f   BaseLib:LShiftU64.obj
 0001:00002be0       InternalMathLShiftU64      0000000000013be0 f   BaseLib:Math64.obj
 0001:00002bfc       InternalMathMultU64x32     0000000000013bfc f   BaseLib:Math64.obj
 0001:00002c18       DebugPrint                 0000000000013c18 f   PeiDxeDebugLibReportStatusCode:DebugLib.obj
 0001:00002c5c       DebugPrintMarker           0000000000013c5c f   PeiDxeDebugLibReportStatusCode:DebugLib.obj
 0001:00003404       DebugVPrint                0000000000014404 f   PeiDxeDebugLibReportStatusCode:DebugLib.obj
 0001:00003434       DebugAssert                0000000000014434 f   PeiDxeDebugLibReportStatusCode:DebugLib.obj
 0001:000037d0       DebugAssertEnabled         00000000000147d0 f   PeiDxeDebugLibReportStatusCode:DebugLib.obj
 0001:000037f4       DebugPrintEnabled          00000000000147f4 f   PeiDxeDebugLibReportStatusCode:DebugLib.obj
 0001:00003818       DebugPrintLevelEnabled     0000000000014818 f   PeiDxeDebugLibReportStatusCode:DebugLib.obj
 0001:0000384c       CopyMem                    000000000001484c f   BaseMemoryLib:CopyMemWrapper.obj
 0001:00003924       SetMem                     0000000000014924 f   BaseMemoryLib:SetMemWrapper.obj
 0001:000039a4       CopyGuid                   00000000000149a4 f   BaseMemoryLib:MemLibGuid.obj
 0001:000039f8       CompareGuid                00000000000149f8 f   BaseMemoryLib:MemLibGuid.obj
 0001:00003a80       InternalMemCopyMem         0000000000014a80 f   BaseMemoryLib:CopyMem.obj
 0001:0000405c       InternalMemSetMem          000000000001505c f   BaseMemoryLib:SetMem.obj
 0001:000041f0       UefiBootServicesTableLibConstructor 00000000000151f0 f   UefiBootServicesTableLib:UefiBootServicesTableLib.obj
 0001:000042cc       UefiRuntimeServicesTableLibConstructor 00000000000152cc f   UefiRuntimeServicesTableLib:UefiRuntimeServicesTableLib.obj
 0001:00004328       UefiLibConstructor         0000000000015328 f   UefiLib:UefiLib.obj
 0001:00004338       EfiGetSystemConfigurationTable 0000000000015338 f   UefiLib:UefiLib.obj
 0001:00004444       EfiInitializeLock          0000000000015444 f   UefiLib:UefiLib.obj
 0001:000044e8       GetHobList                 00000000000154e8 f   DxeHobLib:HobLib.obj
 0001:000045cc       HobLibConstructor          00000000000155cc f   DxeHobLib:HobLib.obj
 0001:000045e8       GetNextHob                 00000000000155e8 f   DxeHobLib:HobLib.obj
 0001:0000467c       RuntimeLibExitBootServicesEvent 000000000001567c f   UefiRuntimeLib:RuntimeLib.obj
 0001:00004690       RuntimeLibVirtualNotifyEvent 0000000000015690 f   UefiRuntimeLib:RuntimeLib.obj
 0001:000046b8       RuntimeDriverLibConstruct  00000000000156b8 f   UefiRuntimeLib:RuntimeLib.obj
 0001:00004898       RuntimeDriverLibDeconstruct 0000000000015898 f   UefiRuntimeLib:RuntimeLib.obj
 0001:00004a04       EfiGoneVirtual             0000000000015a04 f   UefiRuntimeLib:RuntimeLib.obj
 0001:00004a0c       EfiConvertPointer          0000000000015a0c f   UefiRuntimeLib:RuntimeLib.obj
 0001:00004a34       DxeServicesTableLibConstructor 0000000000015a34 f   DxeServicesTableLib:DxeServicesTableLib.obj
 0001:00004b14       GetDebugPrintErrorLevel    0000000000015b14 f   BaseDebugPrintErrorLevelLib:BaseDebugPrintErrorLevelLib.obj
 0001:00004b1c       InternalGetReportStatusCode 0000000000015b1c f   DxeReportStatusCodeLib:ReportStatusCodeLib.obj
 0001:00004b8c       InternalReportStatusCode   0000000000015b8c f   DxeReportStatusCodeLib:ReportStatusCodeLib.obj
 0001:00004c44       ReportStatusCodeEx         0000000000015c44 f   DxeReportStatusCodeLib:ReportStatusCodeLib.obj
 0001:00004ec0       ReportProgressCodeEnabled  0000000000015ec0 f   DxeReportStatusCodeLib:ReportStatusCodeLib.obj
 0001:00004ee4       ReportErrorCodeEnabled     0000000000015ee4 f   DxeReportStatusCodeLib:ReportStatusCodeLib.obj
 0001:00004f08       ReportDebugCodeEnabled     0000000000015f08 f   DxeReportStatusCodeLib:ReportStatusCodeLib.obj
 0001:00004f2c       CpuBreakpoint              0000000000015f2c f   BaseLib:CpuBreakpoint.obj
 0001:00004f30       CpuDeadLoop                0000000000015f30 f   BaseLib:CpuDeadLoop.obj
 0002:00000000       ??_C@_0CB@DMEJJJHA@?6ASSERT_EFI_ERROR?5?$CIStatus?5?$DN?5?$CFr?$CJ@ 0000000000016000     UefiDriverEntryPoint:DriverEntryPoint.obj
 0002:00000028       ??_C@_0DG@FLPEIDFK@?$CB?$CI?$CI?$CIRETURN_STATUS?$CJ?$CIStatus?$CJ?$CJ?5?$DO?$DN?5@ 0000000000016028     UefiDriverEntryPoint:DriverEntryPoint.obj
 0002:00000060       ??_C@_0FE@KBEJNINE@D?3?2develop?2Self_develop?2edk2?2Md@ 0000000000016060     UefiDriverEntryPoint:DriverEntryPoint.obj
 0002:000000b4       _gDriverUnloadImageCount   00000000000160b4     FwBlockService:AutoGen.obj
 0002:000000b8       _gUefiDriverRevision       00000000000160b8     FwBlockService:AutoGen.obj
 0002:000000c0       ??_C@_0P@LOKGPBFP@FwBlockService@ 00000000000160c0     FwBlockService:AutoGen.obj
 0002:000000d0       ??_C@_0II@EBHOBCFA@D?3?2develop?2Self_develop?2edk2?2Bu@ 00000000000160d0     FwBlockService:AutoGen.obj
 0002:00000158       _gPcd_FixedAtBuild_PcdReportStatusCodePropertyMask 0000000000016158     FwBlockService:AutoGen.obj
 0002:0000015c       _gPcd_FixedAtBuild_PcdDebugPrintErrorLevel 000000000001615c     FwBlockService:AutoGen.obj
 0002:00000160       _gPcd_FixedAtBuild_PcdFixedDebugPrintErrorLevel 0000000000016160     FwBlockService:AutoGen.obj
 0002:00000164       _gPcd_FixedAtBuild_PcdMaximumAsciiStringLength 0000000000016164     FwBlockService:AutoGen.obj
 0002:00000168       _gPcd_FixedAtBuild_PcdDebugPropertyMask 0000000000016168     FwBlockService:AutoGen.obj
 0002:00000170       ??_C@_0FA@JAJACJGO@D?3?2develop?2Self_develop?2edk2?2Em@ 0000000000016170     FwBlockService:FWBlockService.obj
 0002:000001c0       ??_C@_0BF@NDBIKIKC@CR?5has?5Bad?5Signature@ 00000000000161c0     FwBlockService:FWBlockService.obj
 0002:000001d8       ??_C@_0BC@FEDIJHFF@?$CI?$CIBOOLEAN?$CJ?$CI0?$DN?$DN1?$CJ?$CJ@ 00000000000161d8     FwBlockService:FWBlockService.obj
 0002:000001f0       ??_C@_0BF@CBLMFKOC@Node?5?$CB?$DN?5?$CI?$CIvoid?5?$CK?$CJ?50?$CJ@ 00000000000161f0     UefiDevicePathLib:DevicePathUtilities.obj
 0002:00000210       ??_C@_0FE@LBAOMKEJ@D?3?2develop?2Self_develop?2edk2?2Md@ 0000000000016210     UefiDevicePathLib:DevicePathUtilities.obj
 0002:00000268       ??_C@_0BH@MAAHKCPC@String?5?$CB?$DN?5?$CI?$CIvoid?5?$CK?$CJ?50?$CJ@ 0000000000016268     BaseLib:String.obj
 0002:00000280       ??_C@_0DN@POJBHOAP@D?3?2develop?2Self_develop?2edk2?2Md@ 0000000000016280     BaseLib:String.obj
 0002:000002c0       ??_C@_0DI@MDIKFADO@Length?5?$DM?5_gPcd_FixedAtBuild_Pcd@ 00000000000162c0     BaseLib:String.obj
 0002:000002f8       ??_C@_0BH@IACGKAP@Buffer?5?$CB?$DN?5?$CI?$CIvoid?5?$CK?$CJ?50?$CJ@ 00000000000162f8     BaseLib:Unaligned.obj
 0002:00000310       ??_C@_0EA@FKBIDDGN@D?3?2develop?2Self_develop?2edk2?2Md@ 0000000000016310     BaseLib:Unaligned.obj
 0002:00000350       ??_C@_0EB@DAKPBIJH@D?3?2develop?2Self_develop?2edk2?2Md@ 0000000000016350     BaseLib:SafeString.obj
 0002:00000398       ??_C@_0BO@ECNIOIHG@?$CIDestination?5?$CB?$DN?5?$CI?$CIvoid?5?$CK?$CJ?50?$CJ?$CJ@ 0000000000016398     BaseLib:SafeString.obj
 0002:000003c0       ??_C@_0EA@PDPDJJNN@?$CFa?$CI?$CFd?$CJ?5?$CFa?3?5SAFE_STRING_CONSTRAI@ 00000000000163c0     BaseLib:SafeString.obj
 0002:00000400       ??_C@_0BJ@EAEEJIP@?$CISource?5?$CB?$DN?5?$CI?$CIvoid?5?$CK?$CJ?50?$CJ?$CJ@ 0000000000016400     BaseLib:SafeString.obj
 0002:00000420       ??_C@_0P@PMIMLIHM@?$CIDestMax?5?$CB?$DN?50?$CJ@ 0000000000016420     BaseLib:SafeString.obj
 0002:00000430       ??_C@_0BG@EEGIIOKH@?$CIDestMax?5?$DO?5SourceLen?$CJ@ 0000000000016430     BaseLib:SafeString.obj
 0002:00000448       ??_C@_0DO@LJFOOPII@?$CIDestMax?5?$DM?$DN?5?$CI_gPcd_FixedAtBuild@ 0000000000016448     BaseLib:SafeString.obj
 0002:00000490       ??_C@_0FL@CDANCHFO@InternalSafeStringNoAsciiStrOve@ 0000000000016490     BaseLib:SafeString.obj
 0002:000004f0       ??_C@_0O@DIHNCLLG@AsciiStrnCpyS@ 00000000000164f0     BaseLib:SafeString.obj
 0002:00000500       ??_C@_0DN@DLAADCJE@?$CILength?5?$DM?$DN?5?$CI_gPcd_FixedAtBuild_@ 0000000000016500     BaseLib:SafeString.obj
 0002:00000540       ??_C@_0L@MEMPDLHB@Count?5?$DM?564@ 0000000000016540     BaseLib:LShiftU64.obj
 0002:00000550       ??_C@_0EA@MLMAFFLG@D?3?2develop?2Self_develop?2edk2?2Md@ 0000000000016550     BaseLib:LShiftU64.obj
 0002:00000590       ??_C@_0BH@LKMBFCBF@Format?5?$CB?$DN?5?$CI?$CIvoid?5?$CK?$CJ?50?$CJ@ 0000000000016590     PeiDxeDebugLibReportStatusCode:DebugLib.obj
 0002:000005b0       ??_C@_0FM@HDIIFGPN@D?3?2develop?2Self_develop?2edk2?2Md@ 00000000000165b0     PeiDxeDebugLibReportStatusCode:DebugLib.obj
 0002:00000610       ??_C@_0CP@EFCGCEBK@?$CICHAR8?5?$CK?$CJBaseListMarkerPointer?5@ 0000000000016610     PeiDxeDebugLibReportStatusCode:DebugLib.obj
 0002:00000640       ??_C@_01OHGJGJJP@?$FL@     0000000000016640     PeiDxeDebugLibReportStatusCode:DebugLib.obj
 0002:00000644       ??_C@_02PBFOLPKM@?$FN?5@   0000000000016644     PeiDxeDebugLibReportStatusCode:DebugLib.obj
 0002:00000650       ??_C@_0ED@MKGCMJG@?$CILength?5?9?51?$CJ?5?$DM?$DN?5?$CI0xFFFFFFFFFFFF@ 0000000000016650     BaseMemoryLib:CopyMemWrapper.obj
 0002:000006a0       ??_C@_0EL@NNLJGCCH@D?3?2develop?2Self_develop?2edk2?2Md@ 00000000000166a0     BaseMemoryLib:CopyMemWrapper.obj
 0002:000006f0       ??_C@_0DO@MAOBOFEG@?$CILength?5?9?51?$CJ?5?$DM?$DN?5?$CI0xFFFFFFFFFFFF@ 00000000000166f0     BaseMemoryLib:CopyMemWrapper.obj
 0002:00000730       ??_C@_0DI@DAGDPLPG@?$CILength?5?9?51?$CJ?5?$DM?$DN?5?$CI0xFFFFFFFFFFFF@ 0000000000016730     BaseMemoryLib:SetMemWrapper.obj
 0002:00000770       ??_C@_0EK@FKIKDMAD@D?3?2develop?2Self_develop?2edk2?2Md@ 0000000000016770     BaseMemoryLib:SetMemWrapper.obj
 0002:000007c0       ??_C@_0BN@COECPDCC@gImageHandle?5?$CB?$DN?5?$CI?$CIvoid?5?$CK?$CJ?50?$CJ@ 00000000000167c0     UefiBootServicesTableLib:UefiBootServicesTableLib.obj
 0002:000007e0       ??_C@_0GA@INMEIGJE@D?3?2develop?2Self_develop?2edk2?2Md@ 00000000000167e0     UefiBootServicesTableLib:UefiBootServicesTableLib.obj
 0002:00000840       ??_C@_0BE@DGNHAHIL@gST?5?$CB?$DN?5?$CI?$CIvoid?5?$CK?$CJ?50?$CJ@ 0000000000016840     UefiBootServicesTableLib:UefiBootServicesTableLib.obj
 0002:00000858       ??_C@_0BE@BDFJLGLN@gBS?5?$CB?$DN?5?$CI?$CIvoid?5?$CK?$CJ?50?$CJ@ 0000000000016858     UefiBootServicesTableLib:UefiBootServicesTableLib.obj
 0002:00000870       ??_C@_0BE@OBDFIHND@gRT?5?$CB?$DN?5?$CI?$CIvoid?5?$CK?$CJ?50?$CJ@ 0000000000016870     UefiRuntimeServicesTableLib:UefiRuntimeServicesTableLib.obj
 0002:00000890       ??_C@_0GG@OBDIBKMM@D?3?2develop?2Self_develop?2edk2?2Md@ 0000000000016890     UefiRuntimeServicesTableLib:UefiRuntimeServicesTableLib.obj
 0002:000008f8       ??_C@_0BK@PPOBBAMB@TableGuid?5?$CB?$DN?5?$CI?$CIvoid?5?$CK?$CJ?50?$CJ@ 00000000000168f8     UefiLib:UefiLib.obj
 0002:00000918       ??_C@_0DO@KJBPHFLK@D?3?2develop?2Self_develop?2edk2?2Md@ 0000000000016918     UefiLib:UefiLib.obj
 0002:00000958       ??_C@_0BG@JDKEGFNB@Table?5?$CB?$DN?5?$CI?$CIvoid?5?$CK?$CJ?50?$CJ@ 0000000000016958     UefiLib:UefiLib.obj
 0002:00000970       ??_C@_0BF@JGGLMCFN@Lock?5?$CB?$DN?5?$CI?$CIvoid?5?$CK?$CJ?50?$CJ@ 0000000000016970     UefiLib:UefiLib.obj
 0002:00000988       ??_C@_0P@EOAOOBNP@Priority?5?$DM?$DN?531@ 0000000000016988     UefiLib:UefiLib.obj
 0002:00000998       ??_C@_0DP@IKGCDEIJ@D?3?2develop?2Self_develop?2edk2?2Md@ 0000000000016998     DxeHobLib:HobLib.obj
 0002:000009d8       ??_C@_0BJ@OBFMLLDO@mHobList?5?$CB?$DN?5?$CI?$CIvoid?5?$CK?$CJ?50?$CJ@ 00000000000169d8     DxeHobLib:HobLib.obj
 0002:000009f8       ??_C@_0BJ@NOLLDKJB@HobStart?5?$CB?$DN?5?$CI?$CIvoid?5?$CK?$CJ?50?$CJ@ 00000000000169f8     DxeHobLib:HobLib.obj
 0002:00000a20       ??_C@_0EI@IBPKEKGE@D?3?2develop?2Self_develop?2edk2?2Md@ 0000000000016a20     UefiRuntimeLib:RuntimeLib.obj
 0002:00000a70       ??_C@_0FG@BBBJNEFD@D?3?2develop?2Self_develop?2edk2?2Md@ 0000000000016a70     DxeServicesTableLib:DxeServicesTableLib.obj
 0002:00000ac8       ??_C@_0BE@IOIFLNKO@gDS?5?$CB?$DN?5?$CI?$CIvoid?5?$CK?$CJ?50?$CJ@ 0000000000016ac8     DxeServicesTableLib:DxeServicesTableLib.obj
 0002:00000ae0       ??_C@_0FP@CCJIJCDG@D?3?2develop?2Self_develop?2edk2?2Md@ 0000000000016ae0     DxeReportStatusCodeLib:ReportStatusCodeLib.obj
 0002:00000b40       ??_C@_0DN@HHIHPHHB@?$CB?$CI?$CIExtendedData?5?$DN?$DN?5?$CI?$CIvoid?5?$CK?$CJ?50?$CJ@ 0000000000016b40     DxeReportStatusCodeLib:ReportStatusCodeLib.obj
 0002:00000b80       ??_C@_0DN@BBBIFINB@?$CB?$CI?$CIExtendedData?5?$CB?$DN?5?$CI?$CIvoid?5?$CK?$CJ?50?$CJ@ 0000000000016b80     DxeReportStatusCodeLib:ReportStatusCodeLib.obj
 0002:00000c14       __volatile_metadata        0000000000016c14     <linker-defined>
 0003:00000000       gEfiLoadedImageProtocolGuid 0000000000017000     FwBlockService:AutoGen.obj
 0003:00000010       gEfiStatusCodeSpecificDataGuid 0000000000017010     FwBlockService:AutoGen.obj
 0003:00000020       gEfiStatusCodeRuntimeProtocolGuid 0000000000017020     FwBlockService:AutoGen.obj
 0003:00000030       gEfiFirmwareVolumeBlockProtocolGuid 0000000000017030     FwBlockService:AutoGen.obj
 0003:00000040       gEfiDevicePathProtocolGuid 0000000000017040     FwBlockService:AutoGen.obj
 0003:00000050       gEfiCallerBaseName         0000000000017050     FwBlockService:AutoGen.obj
 0003:00000058       gEfiStatusCodeDataTypeDebugGuid 0000000000017058     FwBlockService:AutoGen.obj
 0003:00000068       gEfiHobListGuid            0000000000017068     FwBlockService:AutoGen.obj
 0003:00000078       gEfiDxeServicesTableGuid   0000000000017078     FwBlockService:AutoGen.obj
 0003:00000088       gEfiCallerIdGuid           0000000000017088     FwBlockService:AutoGen.obj
 0003:000000a0       mFvbDeviceTemplate         00000000000170a0     FwBlockService:FWBlockService.obj
 0003:00000110       mPlatformFvbMediaInfo      0000000000017110     FwBlockService:FvbInfo.obj
 0003:000001b0       gST                        00000000000171b0     UefiBootServicesTableLib:UefiBootServicesTableLib.obj
 0003:000001b8       gBS                        00000000000171b8     UefiBootServicesTableLib:UefiBootServicesTableLib.obj
 0003:000001c0       gImageHandle               00000000000171c0     UefiBootServicesTableLib:UefiBootServicesTableLib.obj
 0003:000001c8       gRT                        00000000000171c8     UefiRuntimeServicesTableLib:UefiRuntimeServicesTableLib.obj
 0003:000001d0       mHobList                   00000000000171d0     DxeHobLib:HobLib.obj
 0003:000001d8       mEfiAtRuntime              00000000000171d8     UefiRuntimeLib:RuntimeLib.obj
 0003:000001d9       mEfiGoneVirtual            00000000000171d9     UefiRuntimeLib:RuntimeLib.obj
 0003:000001e0       gDS                        00000000000171e0     DxeServicesTableLib:DxeServicesTableLib.obj
 0003:000001e8       mReportStatusCodeLibStatusCodeProtocol 00000000000171e8     DxeReportStatusCodeLib:ReportStatusCodeLib.obj
 0003:000001f8       __security_cookie          00000000000171f8     StackCheckLibNull:StackCheckLibNullMsvc.obj
 0003:00000200       mEfiVirtualNotifyEvent     0000000000017200     <common>
 0003:00000208       mInternalRT                0000000000017208     <common>
 0003:00000210       mEfiExitBootServicesEvent  0000000000017210     <common>
 0003:00000218       mFvbModuleGlobal           0000000000017218     <common>

 entry point at        0001:00000058

 Static symbols

 0003:000001f0       mDeadLoopComparator        00000000000171f0     BaseLib:CpuDeadLoop.obj
 0005:00000000       $unwind$AsciiStrLen        0000000000019000     BaseLib:String.obj
 0005:00000000       $unwind$IsDevicePathEnd    0000000000019000     UefiDevicePathLib:DevicePathUtilities.obj
 0005:00000000       $unwind$IsDevicePathEndType 0000000000019000     UefiDevicePathLib:DevicePathUtilities.obj
 0005:00000000       $unwind$_DriverUnloadHandler 0000000000019000     UefiDriverEntryPoint:DriverEntryPoint.obj
 0005:00000008       $unwind$ProcessLibraryConstructorList 0000000000019008     FwBlockService:AutoGen.obj
 0005:00000008       $unwind$ProcessLibraryDestructorList 0000000000019008     FwBlockService:AutoGen.obj
 0005:00000008       $unwind$GetNextHob         0000000000019008     DxeHobLib:HobLib.obj
 0005:00000008       $unwind$DxeServicesTableLibConstructor 0000000000019008     DxeServicesTableLib:DxeServicesTableLib.obj
 0005:00000008       $unwind$_ModuleEntryPoint  0000000000019008     UefiDriverEntryPoint:DriverEntryPoint.obj
 0005:00000008       $unwind$EfiGetSystemConfigurationTable 0000000000019008     UefiLib:UefiLib.obj
 0005:00000008       $unwind$RuntimeDriverLibDeconstruct 0000000000019008     UefiRuntimeLib:RuntimeLib.obj
 0005:00000010       $unwind$ProcessModuleEntryPointList 0000000000019010     FwBlockService:AutoGen.obj
 0005:00000010       $unwind$LShiftU64          0000000000019010     BaseLib:LShiftU64.obj
 0005:00000010       $unwind$WriteUnaligned64   0000000000019010     BaseLib:Unaligned.obj
 0005:00000010       $unwind$CopyGuid           0000000000019010     BaseMemoryLib:MemLibGuid.obj
 0005:00000010       $unwind$HobLibConstructor  0000000000019010     DxeHobLib:HobLib.obj
 0005:00000010       $unwind$UefiBootServicesTableLibConstructor 0000000000019010     UefiBootServicesTableLib:UefiBootServicesTableLib.obj
 0005:00000010       $unwind$EfiInitializeLock  0000000000019010     UefiLib:UefiLib.obj
 0005:00000010       $unwind$EfiConvertPointer  0000000000019010     UefiRuntimeLib:RuntimeLib.obj
 0005:00000010       $unwind$RuntimeLibVirtualNotifyEvent 0000000000019010     UefiRuntimeLib:RuntimeLib.obj
 0005:00000010       $unwind$UefiRuntimeServicesTableLibConstructor 0000000000019010     UefiRuntimeServicesTableLib:UefiRuntimeServicesTableLib.obj
 0005:00000018       $unwind$GetFvbInstance     0000000000019018     FwBlockService:FWBlockService.obj
 0005:00000020       $unwind$FvbGetPhysicalAddress 0000000000019020     FwBlockService:FWBlockService.obj
 0005:00000020       $unwind$FvbGetVolumeAttributes 0000000000019020     FwBlockService:FWBlockService.obj
 0005:00000020       $unwind$DebugPrint         0000000000019020     PeiDxeDebugLibReportStatusCode:DebugLib.obj
 0005:00000020       $unwind$InternalSafeStringNoAsciiStrOverlap 0000000000019020     BaseLib:SafeString.obj
 0005:00000028       $unwind$FvbEraseBlock      0000000000019028     FwBlockService:FWBlockService.obj
 0005:00000028       $unwind$FvbGetLbaAddress   0000000000019028     FwBlockService:FWBlockService.obj
 0005:00000028       $unwind$FvbProtocolGetBlockSize 0000000000019028     FwBlockService:FWBlockService.obj
 0005:00000028       $unwind$FvbProtocolRead    0000000000019028     FwBlockService:FWBlockService.obj
 0005:00000028       $unwind$FvbProtocolWrite   0000000000019028     FwBlockService:FWBlockService.obj
 0005:00000028       $unwind$FvbReadBlock       0000000000019028     FwBlockService:FWBlockService.obj
 0005:00000028       $unwind$FvbWriteBlock      0000000000019028     FwBlockService:FWBlockService.obj
 0005:00000030       $unwind$FvbSetVolumeAttributes 0000000000019030     FwBlockService:FWBlockService.obj
 0005:00000030       $unwind$AsciiStrnCpyS      0000000000019030     BaseLib:SafeString.obj
 0005:00000038       $unwind$FvbProtocolGetAttributes 0000000000019038     FwBlockService:FWBlockService.obj
 0005:00000038       $unwind$FvbProtocolGetPhysicalAddress 0000000000019038     FwBlockService:FWBlockService.obj
 0005:00000038       $unwind$FvbProtocolSetAttributes 0000000000019038     FwBlockService:FWBlockService.obj
 0005:00000038       $unwind$RuntimeDriverLibConstruct 0000000000019038     UefiRuntimeLib:RuntimeLib.obj
 0005:00000040       $unwind$FvbProtocolEraseBlocks 0000000000019040     FwBlockService:FWBlockService.obj
 0005:00000048       $unwind$ValidateFvHeader   0000000000019048     FwBlockService:FWBlockService.obj
 0005:00000048       $unwind$DebugPrintLevelEnabled 0000000000019048     PeiDxeDebugLibReportStatusCode:DebugLib.obj
 0005:00000050       $unwind$FvbInitialize      0000000000019050     FwBlockService:FWBlockService.obj
 0005:00000060       $unwind$GetFvbInfo         0000000000019060     FwBlockService:FvbInfo.obj
 0005:00000060       $unwind$AsciiStrnLenS      0000000000019060     BaseLib:SafeString.obj
 0005:00000068       $unwind$AsciiStrSize       0000000000019068     BaseLib:String.obj
 0005:00000068       $unwind$ReadUnaligned64    0000000000019068     BaseLib:Unaligned.obj
 0005:00000068       $unwind$DevicePathSubType  0000000000019068     UefiDevicePathLib:DevicePathUtilities.obj
 0005:00000068       $unwind$DevicePathType     0000000000019068     UefiDevicePathLib:DevicePathUtilities.obj
 0005:00000070       $unwind$MultU64x32         0000000000019070     BaseLib:MultU64x32.obj
 0005:00000078       $unwind$DebugPrintMarker   0000000000019078     PeiDxeDebugLibReportStatusCode:DebugLib.obj
 0005:00000088       $unwind$DebugVPrint        0000000000019088     PeiDxeDebugLibReportStatusCode:DebugLib.obj
 0005:00000088       $unwind$CopyMem            0000000000019088     BaseMemoryLib:CopyMemWrapper.obj
 0005:00000088       $unwind$SetMem             0000000000019088     BaseMemoryLib:SetMemWrapper.obj
 0005:00000090       $unwind$DebugAssert        0000000000019090     PeiDxeDebugLibReportStatusCode:DebugLib.obj
 0005:000000a0       $unwind$ReportDebugCodeEnabled 00000000000190a0     DxeReportStatusCodeLib:ReportStatusCodeLib.obj
 0005:000000a0       $unwind$ReportErrorCodeEnabled 00000000000190a0     DxeReportStatusCodeLib:ReportStatusCodeLib.obj
 0005:000000a0       $unwind$ReportProgressCodeEnabled 00000000000190a0     DxeReportStatusCodeLib:ReportStatusCodeLib.obj
 0005:000000a0       $unwind$DebugAssertEnabled 00000000000190a0     PeiDxeDebugLibReportStatusCode:DebugLib.obj
 0005:000000a0       $unwind$DebugPrintEnabled  00000000000190a0     PeiDxeDebugLibReportStatusCode:DebugLib.obj
 0005:000000a8       $unwind$CompareGuid        00000000000190a8     BaseMemoryLib:MemLibGuid.obj
 0005:000000b0       $unwind$InternalMemCopyMem 00000000000190b0     BaseMemoryLib:CopyMem.obj
 0005:000000b8       $unwind$InternalMemSetMem  00000000000190b8     BaseMemoryLib:SetMem.obj
 0005:000000c0       $unwind$InternalGetReportStatusCode 00000000000190c0     DxeReportStatusCodeLib:ReportStatusCodeLib.obj
 0005:000000c0       $unwind$CpuDeadLoop        00000000000190c0     BaseLib:CpuDeadLoop.obj
 0005:000000c0       $unwind$GetHobList         00000000000190c0     DxeHobLib:HobLib.obj
 0005:000000c8       $unwind$InternalReportStatusCode 00000000000190c8     DxeReportStatusCodeLib:ReportStatusCodeLib.obj
 0005:000000d0       $unwind$ReportStatusCodeEx 00000000000190d0     DxeReportStatusCodeLib:ReportStatusCodeLib.obj
