 DriverSample

 Timestamp is 68f5d07e (Mon Oct 20 14:02:38 2025)

 Preferred load address is 0000000000010000

 Start         Length     Name                   Class
 0001:00000000 00000014H .text                   CODE
 0001:00000014 0001725aH .text$mn                CODE
 0002:00000000 00003eacH .rdata                  DATA
 0002:00003eac 00000018H .rdata$voltmd           DATA
 0002:00003ec4 0000015cH .rdata$zzzdbg           DATA
 0003:00000000 00008220H .data                   DATA
 0003:00008220 00000088H .bss                    DATA
 0004:00000000 00000a14H .pdata                  DATA
 0005:00000000 000002c4H .xdata                  DATA

  Address         Publics by Value              Rva+Base               Lib:Object

 0000:00000000       __guard_fids_count         0000000000000000     <absolute>
 0000:00000000       __x64_code_ranges_to_entry_points 0000000000000000     <absolute>
 0000:00000000       __hybrid_code_map          0000000000000000     <absolute>
 0000:00000000       __guard_longjmp_table      0000000000000000     <absolute>
 0000:00000000       __AbsoluteZero             0000000000000000     <absolute>
 0000:00000000       __hybrid_auxiliary_iat_copy 0000000000000000     <absolute>
 0000:00000000       __guard_iat_table          0000000000000000     <absolute>
 0000:00000000       __hybrid_auxiliary_iat     0000000000000000     <absolute>
 0000:00000000       __guard_check_icall_a64n_fptr 0000000000000000     <absolute>
 0000:00000000       __arm64x_redirection_metadata 0000000000000000     <absolute>
 0000:00000000       __guard_fids_table         0000000000000000     <absolute>
 0000:00000000       __guard_iat_count          0000000000000000     <absolute>
 0000:00000000       __arm64x_extra_rfe_table_size 0000000000000000     <absolute>
 0000:00000000       __guard_flags              0000000000000000     <absolute>
 0000:00000000       __guard_eh_cont_count      0000000000000000     <absolute>
 0000:00000000       __arm64x_extra_rfe_table   0000000000000000     <absolute>
 0000:00000000       __guard_longjmp_count      0000000000000000     <absolute>
 0000:00000000       __arm64x_redirection_metadata_count 0000000000000000     <absolute>
 0000:00000000       __enclave_config           0000000000000000     <absolute>
 0000:00000000       __guard_eh_cont_table      0000000000000000     <absolute>
 0000:00000000       __dynamic_value_reloc_table 0000000000000000     <absolute>
 0000:00000000       __arm64x_native_entrypoint 0000000000000000     <absolute>
 0000:00000000       __x64_code_ranges_to_entry_points_count 0000000000000000     <absolute>
 0000:00000000       __hybrid_code_map_count    0000000000000000     <absolute>
 0001:00000000       CpuPause                   0000000000011000     BaseLib:CpuPause.obj
 0001:00000010       __report_rangecheckfailure 0000000000011010     StackCheckLibNull:StackCheckFunctionsMsvc.obj
 0001:00000011       __GSHandlerCheck           0000000000011011     StackCheckLibNull:StackCheckFunctionsMsvc.obj
 0001:00000012       __security_check_cookie    0000000000011012     StackCheckLibNull:StackCheckFunctionsMsvc.obj
 0001:00000014       _DriverUnloadHandler       0000000000011014 f   UefiDriverEntryPoint:DriverEntryPoint.obj
 0001:00000058       _ModuleEntryPoint          0000000000011058 f   UefiDriverEntryPoint:DriverEntryPoint.obj
 0001:00000198       ProcessLibraryConstructorList 0000000000011198 f   DriverSample:AutoGen.obj
 0001:000003e4       ProcessLibraryDestructorList 00000000000113e4 f   DriverSample:AutoGen.obj
 0001:000003e4       EfiEventEmptyFunction      00000000000113e4 f   UefiLib:UefiLib.obj
 0001:000003f0       ProcessModuleEntryPointList 00000000000113f0 f   DriverSample:AutoGen.obj
 0001:00000414       ProcessModuleUnloadList    0000000000011414 f   DriverSample:AutoGen.obj
 0001:0000042c       SetArrayData               000000000001142c f   DriverSample:DriverSample.obj
 0001:000004f4       NotificationFunction       00000000000114f4 f   DriverSample:DriverSample.obj
 0001:00000518       InternalStartMonitor       0000000000011518 f   DriverSample:DriverSample.obj
 0001:000006dc       InternalStopMonitor        00000000000116dc f   DriverSample:DriverSample.obj
 0001:000008c8       LoadNameValueNames         00000000000118c8 f   DriverSample:DriverSample.obj
 0001:0000095c       GetValueOfNumber           000000000001195c f   DriverSample:DriverSample.obj
 0001:00000c04       CreateAltCfgString         0000000000011c04 f   DriverSample:DriverSample.obj
 0001:00000de4       AppendAltCfgString         0000000000011de4 f   DriverSample:DriverSample.obj
 0001:00001144       ExtractConfig              0000000000012144 f   DriverSample:DriverSample.obj
 0001:00001bb0       RouteConfig                0000000000012bb0 f   DriverSample:DriverSample.obj
 0001:000023c8       DriverCallback             00000000000133c8 f   DriverSample:DriverSample.obj
 0001:000035c4       DriverSampleInit           00000000000145c4 f   DriverSample:DriverSample.obj
 0001:00004758       DriverSampleUnload         0000000000015758 f   DriverSample:DriverSample.obj
 0001:00004990       GetDevicePathSize          0000000000015990 f   UefiDevicePathLib:UefiDevicePathLib.obj
 0001:000049a8       ConvertDevicePathToText    00000000000159a8 f   UefiDevicePathLib:UefiDevicePathLib.obj
 0001:000049d4       IsDevicePathValid          00000000000159d4 f   UefiDevicePathLib:DevicePathUtilities.obj
 0001:00004b40       DevicePathType             0000000000015b40 f   UefiDevicePathLib:DevicePathUtilities.obj
 0001:00004b88       DevicePathSubType          0000000000015b88 f   UefiDevicePathLib:DevicePathUtilities.obj
 0001:00004bd0       DevicePathNodeLength       0000000000015bd0 f   UefiDevicePathLib:DevicePathUtilities.obj
 0001:00004c30       NextDevicePathNode         0000000000015c30 f   UefiDevicePathLib:DevicePathUtilities.obj
 0001:00004c88       IsDevicePathEndType        0000000000015c88 f   UefiDevicePathLib:DevicePathUtilities.obj
 0001:00004cec       IsDevicePathEnd            0000000000015cec f   UefiDevicePathLib:DevicePathUtilities.obj
 0001:00004d64       UefiDevicePathLibGetDevicePathSize 0000000000015d64 f   UefiDevicePathLib:DevicePathUtilities.obj
 0001:00004dec       UefiDevicePathLibCatPrint  0000000000015dec f   UefiDevicePathLib:DevicePathToText.obj
 0001:00004f4c       DevPathToTextPci           0000000000015f4c f   UefiDevicePathLib:DevicePathToText.obj
 0001:00004f9c       DevPathToTextPccard        0000000000015f9c f   UefiDevicePathLib:DevicePathToText.obj
 0001:00004fe0       DevPathToTextMemMap        0000000000015fe0 f   UefiDevicePathLib:DevicePathToText.obj
 0001:00005038       DevPathToTextVendor        0000000000016038 f   UefiDevicePathLib:DevicePathToText.obj
 0001:00005558       DevPathToTextController    0000000000016558 f   UefiDevicePathLib:DevicePathToText.obj
 0001:0000559c       DevPathToTextBmc           000000000001659c f   UefiDevicePathLib:DevicePathToText.obj
 0001:000055f4       DevPathToTextAcpi          00000000000165f4 f   UefiDevicePathLib:DevicePathToText.obj
 0001:0000578c       DevPathToTextAcpiEx        000000000001678c f   UefiDevicePathLib:DevicePathToText.obj
 0001:00005d70       DevPathToTextAcpiAdr       0000000000016d70 f   UefiDevicePathLib:DevicePathToText.obj
 0001:00005e34       DevPathToTextAtapi         0000000000016e34 f   UefiDevicePathLib:DevicePathToText.obj
 0001:00005efc       DevPathToTextScsi          0000000000016efc f   UefiDevicePathLib:DevicePathToText.obj
 0001:00005f4c       DevPathToTextFibre         0000000000016f4c f   UefiDevicePathLib:DevicePathToText.obj
 0001:00005f98       DevPathToTextFibreEx       0000000000016f98 f   UefiDevicePathLib:DevicePathToText.obj
 0001:00006088       DevPathToTextSasEx         0000000000017088 f   UefiDevicePathLib:DevicePathToText.obj
 0001:00006304       DevPathToTextNVMe          0000000000017304 f   UefiDevicePathLib:DevicePathToText.obj
 0001:0000641c       DevPathToTextUfs           000000000001741c f   UefiDevicePathLib:DevicePathToText.obj
 0001:0000646c       DevPathToTextSd            000000000001746c f   UefiDevicePathLib:DevicePathToText.obj
 0001:000064b0       DevPathToTextEmmc          00000000000174b0 f   UefiDevicePathLib:DevicePathToText.obj
 0001:000064f4       DevPathToText1394          00000000000174f4 f   UefiDevicePathLib:DevicePathToText.obj
 0001:00006538       DevPathToTextUsb           0000000000017538 f   UefiDevicePathLib:DevicePathToText.obj
 0001:00006588       DevPathToTextUsbWWID       0000000000017588 f   UefiDevicePathLib:DevicePathToText.obj
 0001:000066c0       DevPathToTextLogicalUnit   00000000000176c0 f   UefiDevicePathLib:DevicePathToText.obj
 0001:00006704       DevPathToTextUsbClass      0000000000017704 f   UefiDevicePathLib:DevicePathToText.obj
 0001:00006a6c       DevPathToTextSata          0000000000017a6c f   UefiDevicePathLib:DevicePathToText.obj
 0001:00006acc       DevPathToTextI2O           0000000000017acc f   UefiDevicePathLib:DevicePathToText.obj
 0001:00006b10       DevPathToTextMacAddr       0000000000017b10 f   UefiDevicePathLib:DevicePathToText.obj
 0001:00006be0       CatNetworkProtocol         0000000000017be0 f   UefiDevicePathLib:DevicePathToText.obj
 0001:00006c48       CatIPv4Address             0000000000017c48 f   UefiDevicePathLib:DevicePathToText.obj
 0001:00006cc4       CatIPv6Address             0000000000017cc4 f   UefiDevicePathLib:DevicePathToText.obj
 0001:00006edc       DevPathToTextIPv4          0000000000017edc f   UefiDevicePathLib:DevicePathToText.obj
 0001:00007030       DevPathToTextIPv6          0000000000018030 f   UefiDevicePathLib:DevicePathToText.obj
 0001:00007180       DevPathToTextInfiniBand    0000000000018180 f   UefiDevicePathLib:DevicePathToText.obj
 0001:000071f8       DevPathToTextUart          00000000000181f8 f   UefiDevicePathLib:DevicePathToText.obj
 0001:0000739c       DevPathToTextiSCSI         000000000001839c f   UefiDevicePathLib:DevicePathToText.obj
 0001:00007568       DevPathToTextVlan          0000000000018568 f   UefiDevicePathLib:DevicePathToText.obj
 0001:000075ac       DevPathToTextBluetooth     00000000000185ac f   UefiDevicePathLib:DevicePathToText.obj
 0001:00007674       DevPathToTextWiFi          0000000000018674 f   UefiDevicePathLib:DevicePathToText.obj
 0001:00007710       DevPathToTextBluetoothLE   0000000000018710 f   UefiDevicePathLib:DevicePathToText.obj
 0001:000077ec       DevPathToTextDns           00000000000187ec f   UefiDevicePathLib:DevicePathToText.obj
 0001:000078e0       DevPathToTextUri           00000000000188e0 f   UefiDevicePathLib:DevicePathToText.obj
 0001:000079bc       DevPathToTextHardDrive     00000000000189bc f   UefiDevicePathLib:DevicePathToText.obj
 0001:00007ad8       DevPathToTextCDROM         0000000000018ad8 f   UefiDevicePathLib:DevicePathToText.obj
 0001:00007b58       DevPathToTextFilePath      0000000000018b58 f   UefiDevicePathLib:DevicePathToText.obj
 0001:00007b9c       DevPathToTextMediaProtocol 0000000000018b9c f   UefiDevicePathLib:DevicePathToText.obj
 0001:00007be0       DevPathToTextFv            0000000000018be0 f   UefiDevicePathLib:DevicePathToText.obj
 0001:00007c24       DevPathToTextFvFile        0000000000018c24 f   UefiDevicePathLib:DevicePathToText.obj
 0001:00007c68       DevPathRelativeOffsetRange 0000000000018c68 f   UefiDevicePathLib:DevicePathToText.obj
 0001:00007cb4       DevPathToTextRamDisk       0000000000018cb4 f   UefiDevicePathLib:DevicePathToText.obj
 0001:000080b8       DevPathToTextBBS           00000000000190b8 f   UefiDevicePathLib:DevicePathToText.obj
 0001:00008204       DevPathToTextEndInstance   0000000000019204 f   UefiDevicePathLib:DevicePathToText.obj
 0001:00008234       DevPathToTextNodeGeneric   0000000000019234 f   UefiDevicePathLib:DevicePathToText.obj
 0001:000083b8       UefiDevicePathLibConvertDevicePathToText 00000000000193b8 f   UefiDevicePathLib:DevicePathToText.obj
 0001:00008554       DevicePathFromHandle       0000000000019554 f   UefiDevicePathLib:DevicePathUtilitiesDxeSmm.obj
 0001:000085a4       UnicodeVSPrint             00000000000195a4 f   BasePrintLib:PrintLib.obj
 0001:00008664       UnicodeSPrint              0000000000019664 f   BasePrintLib:PrintLib.obj
 0001:000086b8       UnicodeValueToStringS      00000000000196b8 f   BasePrintLib:PrintLib.obj
 0001:0000873c       SPrintLength               000000000001973c f   BasePrintLib:PrintLib.obj
 0001:000087b0       BasePrintLibFillBuffer     00000000000197b0 f   BasePrintLib:PrintLibInternal.obj
 0001:0000883c       BasePrintLibValueToString  000000000001983c f   BasePrintLib:PrintLibInternal.obj
 0001:000088a4       BasePrintLibConvertValueToStringS 00000000000198a4 f   BasePrintLib:PrintLibInternal.obj
 0001:00008ff8       BasePrintLibSPrintMarker   0000000000019ff8 f   BasePrintLib:PrintLibInternal.obj
 0001:0000b114       BasePrintLibSPrint         000000000001c114 f   BasePrintLib:PrintLibInternal.obj
 0001:0000b17c       DebugPrint                 000000000001c17c f   PeiDxeDebugLibReportStatusCode:DebugLib.obj
 0001:0000b1c0       DebugPrintMarker           000000000001c1c0 f   PeiDxeDebugLibReportStatusCode:DebugLib.obj
 0001:0000b968       DebugVPrint                000000000001c968 f   PeiDxeDebugLibReportStatusCode:DebugLib.obj
 0001:0000b998       DebugAssert                000000000001c998 f   PeiDxeDebugLibReportStatusCode:DebugLib.obj
 0001:0000bd34       DebugAssertEnabled         000000000001cd34 f   PeiDxeDebugLibReportStatusCode:DebugLib.obj
 0001:0000bd58       DebugPrintEnabled          000000000001cd58 f   PeiDxeDebugLibReportStatusCode:DebugLib.obj
 0001:0000bd7c       DebugPrintLevelEnabled     000000000001cd7c f   PeiDxeDebugLibReportStatusCode:DebugLib.obj
 0001:0000bdb0       CopyMem                    000000000001cdb0 f   BaseMemoryLib:CopyMemWrapper.obj
 0001:0000be88       ZeroMem                    000000000001ce88 f   BaseMemoryLib:ZeroMemWrapper.obj
 0001:0000bf30       CopyGuid                   000000000001cf30 f   BaseMemoryLib:MemLibGuid.obj
 0001:0000bf84       CompareGuid                000000000001cf84 f   BaseMemoryLib:MemLibGuid.obj
 0001:0000c00c       InternalMemCopyMem         000000000001d00c f   BaseMemoryLib:CopyMem.obj
 0001:0000c5e8       InternalMemSetMem16        000000000001d5e8 f   BaseMemoryLib:MemLibGeneric.obj
 0001:0000c62c       InternalMemZeroMem         000000000001d62c f   BaseMemoryLib:MemLibGeneric.obj
 0001:0000c654       InternalMemCompareMem      000000000001d654 f   BaseMemoryLib:MemLibGeneric.obj
 0001:0000c6bc       InternalMemSetMem          000000000001d6bc f   BaseMemoryLib:SetMem.obj
 0001:0000c850       InternalAllocatePool       000000000001d850 f   UefiMemoryAllocationLib:MemoryAllocationLib.obj
 0001:0000c8a0       AllocatePool               000000000001d8a0 f   UefiMemoryAllocationLib:MemoryAllocationLib.obj
 0001:0000c8c0       InternalAllocateZeroPool   000000000001d8c0 f   UefiMemoryAllocationLib:MemoryAllocationLib.obj
 0001:0000c908       AllocateZeroPool           000000000001d908 f   UefiMemoryAllocationLib:MemoryAllocationLib.obj
 0001:0000c928       InternalAllocateCopyPool   000000000001d928 f   UefiMemoryAllocationLib:MemoryAllocationLib.obj
 0001:0000c9ec       AllocateCopyPool           000000000001d9ec f   UefiMemoryAllocationLib:MemoryAllocationLib.obj
 0001:0000ca14       InternalReallocatePool     000000000001da14 f   UefiMemoryAllocationLib:MemoryAllocationLib.obj
 0001:0000ca98       ReallocatePool             000000000001da98 f   UefiMemoryAllocationLib:MemoryAllocationLib.obj
 0001:0000cacc       FreePool                   000000000001dacc f   UefiMemoryAllocationLib:MemoryAllocationLib.obj
 0001:0000cb68       StrLen                     000000000001db68 f   BaseLib:String.obj
 0001:0000cc5c       StrSize                    000000000001dc5c f   BaseLib:String.obj
 0001:0000cc7c       StrnCmp                    000000000001dc7c f   BaseLib:String.obj
 0001:0000cdc8       StrStr                     000000000001ddc8 f   BaseLib:String.obj
 0001:0000cf00       InternalIsDecimalDigitCharacter 000000000001df00 f   BaseLib:String.obj
 0001:0000cf30       CharToUpper                000000000001df30 f   BaseLib:String.obj
 0001:0000cf5c       InternalHexCharToUintn     000000000001df5c f   BaseLib:String.obj
 0001:0000cf9c       InternalIsHexaDecimalDigitCharacter 000000000001df9c f   BaseLib:String.obj
 0001:0000cff4       StrHexToUint64             000000000001dff4 f   BaseLib:String.obj
 0001:0000d038       AsciiStrLen                000000000001e038 f   BaseLib:String.obj
 0001:0000d0f0       AsciiStrSize               000000000001e0f0 f   BaseLib:String.obj
 0001:0000d10c       AsciiStrnCmp               000000000001e10c f   BaseLib:String.obj
 0001:0000d258       InternalSafeStringIsOverlap 000000000001e258 f   BaseLib:SafeString.obj
 0001:0000d2bc       InternalSafeStringNoStrOverlap 000000000001e2bc f   BaseLib:SafeString.obj
 0001:0000d31c       InternalSafeStringNoAsciiStrOverlap 000000000001e31c f   BaseLib:SafeString.obj
 0001:0000d370       StrnLenS                   000000000001e370 f   BaseLib:SafeString.obj
 0001:0000d414       StrCpyS                    000000000001e414 f   BaseLib:SafeString.obj
 0001:0000d884       StrnCpyS                   000000000001e884 f   BaseLib:SafeString.obj
 0001:0000dde8       StrCatS                    000000000001ede8 f   BaseLib:SafeString.obj
 0001:0000e338       StrnCatS                   000000000001f338 f   BaseLib:SafeString.obj
 0001:0000e994       StrHexToUint64S            000000000001f994 f   BaseLib:SafeString.obj
 0001:0000ed64       AsciiStrnLenS              000000000001fd64 f   BaseLib:SafeString.obj
 0001:0000edd0       AsciiStrnCpyS              000000000001fdd0 f   BaseLib:SafeString.obj
 0001:0000f2c0       ReadUnaligned16            00000000000202c0 f   BaseLib:Unaligned.obj
 0001:0000f308       ReadUnaligned32            0000000000020308 f   BaseLib:Unaligned.obj
 0001:0000f350       WriteUnaligned32           0000000000020350 f   BaseLib:Unaligned.obj
 0001:0000f3a4       ReadUnaligned64            00000000000203a4 f   BaseLib:Unaligned.obj
 0001:0000f3ec       WriteUnaligned64           00000000000203ec f   BaseLib:Unaligned.obj
 0001:0000f444       LShiftU64                  0000000000020444 f   BaseLib:LShiftU64.obj
 0001:0000f498       DivU64x32Remainder         0000000000020498 f   BaseLib:DivU64x32Remainder.obj
 0001:0000f4f4       CpuBreakpoint              00000000000204f4 f   BaseLib:CpuBreakpoint.obj
 0001:0000f4f8       CpuDeadLoop                00000000000204f8 f   BaseLib:CpuDeadLoop.obj
 0001:0000f528       RShiftU64                  0000000000020528 f   BaseLib:RShiftU64.obj
 0001:0000f57c       InternalBaseLibBitFieldReadUint 000000000002057c f   BaseLib:BitField.obj
 0001:0000f5c4       BitFieldRead32             00000000000205c4 f   BaseLib:BitField.obj
 0001:0000f658       InternalMathLShiftU64      0000000000020658 f   BaseLib:Math64.obj
 0001:0000f674       InternalMathRShiftU64      0000000000020674 f   BaseLib:Math64.obj
 0001:0000f690       InternalMathDivRemU64x32   0000000000020690 f   BaseLib:Math64.obj
 0001:0000f6e8       UefiBootServicesTableLibConstructor 00000000000206e8 f   UefiBootServicesTableLib:UefiBootServicesTableLib.obj
 0001:0000f7c4       UefiRuntimeServicesTableLibConstructor 00000000000207c4 f   UefiRuntimeServicesTableLib:UefiRuntimeServicesTableLib.obj
 0001:0000f820       UefiHiiServicesLibConstructor 0000000000020820 f   UefiHiiServicesLib:UefiHiiServicesLib.obj
 0001:0000fa44       UefiLibConstructor         0000000000020a44 f   UefiLib:UefiLib.obj
 0001:0000fa54       GetVariable2               0000000000020a54 f   UefiLib:UefiLib.obj
 0001:0000fbf8       GetEfiGlobalVariable2      0000000000020bf8 f   UefiLib:UefiLib.obj
 0001:0000fc2c       GetBestLanguage            0000000000020c2c f   UefiLib:UefiLib.obj
 0001:0000fed4       UefiLibGetStringWidth      0000000000020ed4 f   UefiLib:Console.obj
 0001:00010020       CreatePopUp                0000000000021020 f   UefiLib:Console.obj
 0001:000107c0       HiiSetString               00000000000217c0 f   UefiHiiLib:HiiString.obj
 0001:00010a0c       HiiGetString               0000000000021a0c f   UefiHiiLib:HiiString.obj
 0001:00010a3c       HiiGetStringEx             0000000000021a3c f   UefiHiiLib:HiiString.obj
 0001:00010d2c       InternalHiiExtractGuidFromHiiHandle 0000000000021d2c f   UefiHiiLib:HiiLib.obj
 0001:00010ecc       HiiAddPackages             0000000000021ecc f   UefiHiiLib:HiiLib.obj
 0001:000110c4       HiiRemovePackages          00000000000220c4 f   UefiHiiLib:HiiLib.obj
 0001:0001119c       HiiGetHiiHandles           000000000002219c f   UefiHiiLib:HiiLib.obj
 0001:000113e8       InternalHiiLowerConfigString 00000000000223e8 f   UefiHiiLib:HiiLib.obj
 0001:000114b8       InternalHiiBlockToConfig   00000000000224b8 f   UefiHiiLib:HiiLib.obj
 0001:00011588       InternalHiiBrowserCallback 0000000000022588 f   UefiHiiLib:HiiLib.obj
 0001:0001170c       HiiConstructConfigHdr      000000000002270c f   UefiHiiLib:HiiLib.obj
 0001:00011af0       InternalHiiGetBufferFromString 0000000000022af0 f   UefiHiiLib:HiiLib.obj
 0001:00011e04       BlockArrayCheck            0000000000022e04 f   UefiHiiLib:HiiLib.obj
 0001:00011e94       InternalHiiGetValueOfNumber 0000000000022e94 f   UefiHiiLib:HiiLib.obj
 0001:000120ac       GetValueFromRequest        00000000000230ac f   UefiHiiLib:HiiLib.obj
 0001:000121bc       ValidateQuestionFromVfr    00000000000231bc f   UefiHiiLib:HiiLib.obj
 0001:000135e4       GetBlockDataInfo           00000000000245e4 f   UefiHiiLib:HiiLib.obj
 0001:00013d30       InternalHiiValidateCurrentSetting 0000000000024d30 f   UefiHiiLib:HiiLib.obj
 0001:00013f00       GetElementsFromRequest     0000000000024f00 f   UefiHiiLib:HiiLib.obj
 0001:00013f88       InternalHiiIfrValueAction  0000000000024f88 f   UefiHiiLib:HiiLib.obj
 0001:00014884       HiiValidateSettings        0000000000025884 f   UefiHiiLib:HiiLib.obj
 0001:000148a4       HiiSetToDefaults           00000000000258a4 f   UefiHiiLib:HiiLib.obj
 0001:000148cc       InternalHiiCompareSubString 00000000000258cc f   UefiHiiLib:HiiLib.obj
 0001:00014aa4       HiiIsConfigHdrMatch        0000000000025aa4 f   UefiHiiLib:HiiLib.obj
 0001:00014b80       HiiGetBrowserData          0000000000025b80 f   UefiHiiLib:HiiLib.obj
 0001:00014c94       HiiSetBrowserData          0000000000025c94 f   UefiHiiLib:HiiLib.obj
 0001:00014e40       HiiAllocateOpCodeHandle    0000000000025e40 f   UefiHiiLib:HiiLib.obj
 0001:00014eb0       HiiFreeOpCodeHandle        0000000000025eb0 f   UefiHiiLib:HiiLib.obj
 0001:00014f1c       InternalHiiOpCodeHandlePosition 0000000000025f1c f   UefiHiiLib:HiiLib.obj
 0001:00014f2c       InternalHiiOpCodeHandleBuffer 0000000000025f2c f   UefiHiiLib:HiiLib.obj
 0001:00014f3c       InternalHiiGrowOpCodeHandle 0000000000025f3c f   UefiHiiLib:HiiLib.obj
 0001:0001506c       InternalHiiCreateOpCodeExtended 000000000002606c f   UefiHiiLib:HiiLib.obj
 0001:0001518c       InternalHiiCreateOpCode    000000000002618c f   UefiHiiLib:HiiLib.obj
 0001:000151d0       HiiCreateRawOpCodes        00000000000261d0 f   UefiHiiLib:HiiLib.obj
 0001:00015244       InternalHiiAppendOpCodes   0000000000026244 f   UefiHiiLib:HiiLib.obj
 0001:000152b0       HiiCreateEndOpCode         00000000000262b0 f   UefiHiiLib:HiiLib.obj
 0001:000152d8       HiiCreateOneOfOptionOpCode 00000000000262d8 f   UefiHiiLib:HiiLib.obj
 0001:000153c0       HiiCreateGuidOpCode        00000000000263c0 f   UefiHiiLib:HiiLib.obj
 0001:00015504       HiiCreateActionOpCode      0000000000026504 f   UefiHiiLib:HiiLib.obj
 0001:000155cc       HiiCreateGotoOpCode        00000000000265cc f   UefiHiiLib:HiiLib.obj
 0001:00015694       HiiCreateOneOfOpCode       0000000000026694 f   UefiHiiLib:HiiLib.obj
 0001:00015874       HiiCreateOrderedListOpCode 0000000000026874 f   UefiHiiLib:HiiLib.obj
 0001:00015a04       HiiCreateTextOpCode        0000000000026a04 f   UefiHiiLib:HiiLib.obj
 0001:00015a68       HiiCreateDateOpCode        0000000000026a68 f   UefiHiiLib:HiiLib.obj
 0001:00015bf8       HiiCreateTimeOpCode        0000000000026bf8 f   UefiHiiLib:HiiLib.obj
 0001:00015d88       InternalHiiUpdateFormPackageData 0000000000026d88 f   UefiHiiLib:HiiLib.obj
 0001:000162bc       HiiUpdateForm              00000000000272bc f   UefiHiiLib:HiiLib.obj
 0001:000166c0       HiiGetSupportedLanguages   00000000000276c0 f   UefiHiiLib:HiiLanguage.obj
 0001:000167a8       GetDebugPrintErrorLevel    00000000000277a8 f   BaseDebugPrintErrorLevelLib:BaseDebugPrintErrorLevelLib.obj
 0001:000167b0       InternalGetReportStatusCode 00000000000277b0 f   DxeReportStatusCodeLib:ReportStatusCodeLib.obj
 0001:00016820       InternalReportStatusCode   0000000000027820 f   DxeReportStatusCodeLib:ReportStatusCodeLib.obj
 0001:000168d8       ReportStatusCodeEx         00000000000278d8 f   DxeReportStatusCodeLib:ReportStatusCodeLib.obj
 0001:00016b54       ReportProgressCodeEnabled  0000000000027b54 f   DxeReportStatusCodeLib:ReportStatusCodeLib.obj
 0001:00016b78       ReportErrorCodeEnabled     0000000000027b78 f   DxeReportStatusCodeLib:ReportStatusCodeLib.obj
 0001:00016b9c       ReportDebugCodeEnabled     0000000000027b9c f   DxeReportStatusCodeLib:ReportStatusCodeLib.obj
 0001:00016bc0       SetMem16                   0000000000027bc0 f   BaseMemoryLib:SetMem16Wrapper.obj
 0001:00016cf4       CompareMem                 0000000000027cf4 f   BaseMemoryLib:CompareMemWrapper.obj
 0001:00016e28       InternalBaseLibIsListValid 0000000000027e28 f   BaseLib:LinkedList.obj
 0001:00016f44       IsNodeInList               0000000000027f44 f   BaseLib:LinkedList.obj
 0001:00017044       InitializeListHead         0000000000028044 f   BaseLib:LinkedList.obj
 0001:000170a4       InsertTailList             00000000000280a4 f   BaseLib:LinkedList.obj
 0001:0001718c       IsListEmpty                000000000002818c f   BaseLib:LinkedList.obj
 0001:000171f4       RemoveEntryList            00000000000281f4 f   BaseLib:LinkedList.obj
 0002:00000000       ??_C@_0CB@DMEJJJHA@?6ASSERT_EFI_ERROR?5?$CIStatus?5?$DN?5?$CFr?$CJ@ 0000000000029000     UefiDriverEntryPoint:DriverEntryPoint.obj
 0002:00000028       ??_C@_0DG@FLPEIDFK@?$CB?$CI?$CI?$CIRETURN_STATUS?$CJ?$CIStatus?$CJ?$CJ?5?$DO?$DN?5@ 0000000000029028     UefiDriverEntryPoint:DriverEntryPoint.obj
 0002:00000060       ??_C@_0EM@JLGHJKPJ@D?3?2develop?2EDK2?2edk2?2MdePkg?2Lib@ 0000000000029060     UefiDriverEntryPoint:DriverEntryPoint.obj
 0002:000000ac       _gDriverUnloadImageCount   00000000000290ac     DriverSample:AutoGen.obj
 0002:000000b0       _gUefiDriverRevision       00000000000290b0     DriverSample:AutoGen.obj
 0002:000000b0       _gPcd_FixedAtBuild_PcdMaximumDevicePathNodeCount 00000000000290b0     DriverSample:AutoGen.obj
 0002:000000b8       ??_C@_0N@OPMOMDFM@DriverSample@ 00000000000290b8     DriverSample:AutoGen.obj
 0002:000000d0       ??_C@_0HP@CCEEILDB@D?3?2develop?2EDK2?2edk2?2Build?2Emul@ 00000000000290d0     DriverSample:AutoGen.obj
 0002:00000150       _gPcd_FixedAtBuild_PcdMaximumAsciiStringLength 0000000000029150     DriverSample:AutoGen.obj
 0002:00000150       _gPcd_FixedAtBuild_PcdMaximumLinkedListLength 0000000000029150     DriverSample:AutoGen.obj
 0002:00000150       _gPcd_FixedAtBuild_PcdMaximumUnicodeStringLength 0000000000029150     DriverSample:AutoGen.obj
 0002:00000154       _gPcd_FixedAtBuild_PcdReportStatusCodePropertyMask 0000000000029154     DriverSample:AutoGen.obj
 0002:00000158       _gPcd_FixedAtBuild_PcdDebugPrintErrorLevel 0000000000029158     DriverSample:AutoGen.obj
 0002:0000015c       _gPcd_FixedAtBuild_PcdFixedDebugPrintErrorLevel 000000000002915c     DriverSample:AutoGen.obj
 0002:00000160       _gPcd_FixedAtBuild_PcdDebugPropertyMask 0000000000029160     DriverSample:AutoGen.obj
 0002:00000161       _gPcd_FixedAtBuild_PcdVerifyNodeInList 0000000000029161     DriverSample:AutoGen.obj
 0002:00000168       ??_C@_0BG@KEJHFGFH@Array?5?$CB?$DN?5?$CI?$CIvoid?5?$CK?$CJ?50?$CJ@ 0000000000029168     DriverSample:DriverSample.obj
 0002:00000180       ??_C@_0EL@LLPJKBKB@D?3?2develop?2EDK2?2edk2?2MdeModuleP@ 0000000000029180     DriverSample:DriverSample.obj
 0002:000001d0       ??_C@_1CA@MGDAMPFN@?$AA?$CG?$AA?$CF?$AAs?$AA?$CG?$AAA?$AAL?$AAT?$AAC?$AAF?$AAG?$AA?$DN?$AA?$CF?$AA0?$AA4?$AAx@ 00000000000291d0     DriverSample:DriverSample.obj
 0002:000001f0       ??_C@_1EG@MBFGICE@?$AA?$CG?$AAO?$AAF?$AAF?$AAS?$AAE?$AAT?$AA?$DN?$AA?$CF?$AA0?$AA4?$AAx?$AA?$CG?$AAW?$AAI@ 00000000000291f0     DriverSample:DriverSample.obj
 0002:00000238       ??_C@_1O@LFMAFHMH@?$AAO?$AAF?$AAF?$AAS?$AAE?$AAT@ 0000000000029238     DriverSample:DriverSample.obj
 0002:00000248       ??_C@_1BA@HDPFBAGC@?$AAO?$AAF?$AAF?$AAS?$AAE?$AAT?$AA?$DN@ 0000000000029248     DriverSample:DriverSample.obj
 0002:00000258       ??_C@_1BA@BPJBLIJE@?$AA?$CG?$AAW?$AAI?$AAD?$AAT?$AAH?$AA?$DN@ 0000000000029258     DriverSample:DriverSample.obj
 0002:00000268       ??_C@_1BA@OHHBHMKI@?$AA?$CG?$AAV?$AAA?$AAL?$AAU?$AAE?$AA?$DN@ 0000000000029268     DriverSample:DriverSample.obj
 0002:00000278       ??_C@_0BF@NDBIKIKC@CR?5has?5Bad?5Signature@ 0000000000029278     DriverSample:DriverSample.obj
 0002:00000290       ??_C@_0BO@KAEFIFMO@ConfigRequest?5?$CB?$DN?5?$CI?$CIvoid?5?$CK?$CJ?50?$CJ@ 0000000000029290     DriverSample:DriverSample.obj
 0002:000002b0       ??_C@_1DC@EPJEBJEB@?$AA?$CF?$AAs?$AA?$CG?$AAO?$AAF?$AAF?$AAS?$AAE?$AAT?$AA?$DN?$AA0?$AA?$CG?$AAW?$AAI?$AAD@ 00000000000292b0     DriverSample:DriverSample.obj
 0002:000002e8       ??_C@_19IJOJOJIB@?$AAP?$AAA?$AAT?$AAH@ 00000000000292e8     DriverSample:DriverSample.obj
 0002:000002f4       ??_C@_13FLOCNAAB@?$AA?$CG@ 00000000000292f4     DriverSample:DriverSample.obj
 0002:000002f8       ??_C@_0BJ@FFBCABEB@?$CKResults?5?$CB?$DN?5?$CI?$CIvoid?5?$CK?$CJ?50?$CJ@ 00000000000292f8     DriverSample:DriverSample.obj
 0002:00000318       ??_C@_0CC@PIBHJFDN@StartOpCodeHandle?5?$CB?$DN?5?$CI?$CIvoid?5?$CK?$CJ?5@ 0000000000029318     DriverSample:DriverSample.obj
 0002:0000033c       ??_C@_11LOCGONAA@@         000000000002933c     DriverSample:DriverSample.obj
 0002:00000340       ??_C@_1EG@JECIEGAF@?$AAP?$AAr?$AAe?$AAs?$AAs?$AA?5?$AAE?$AAS?$AAC?$AA?5?$AAo?$AAr?$AA?5?$AAE?$AAN@ 0000000000029340     DriverSample:DriverSample.obj
 0002:00000390       ??_C@_1EG@JHIKCKMJ@?$AAY?$AAo?$AAu?$AA?5?$AAa?$AAr?$AAe?$AA?5?$AAg?$AAo?$AAi?$AAn?$AAg?$AA?5?$AAt@ 0000000000029390     DriverSample:DriverSample.obj
 0002:000003d8       ??_C@_0BI@MLPNGPPC@EfiData?5?$CB?$DN?5?$CI?$CIvoid?5?$CK?$CJ?50?$CJ@ 00000000000293d8     DriverSample:DriverSample.obj
 0002:000003f0       ??_C@_0CA@FMKGPAPI@EndOpCodeHandle?5?$CB?$DN?5?$CI?$CIvoid?5?$CK?$CJ?50?$CJ@ 00000000000293f0     DriverSample:DriverSample.obj
 0002:00000410       ??_C@_0CE@KJODLANI@OptionsOpCodeHandle?5?$CB?$DN?5?$CI?$CIvoid?5?$CK@ 0000000000029410     DriverSample:DriverSample.obj
 0002:00000438       ??_C@_0BO@DCPGBEOP@Configuration?5?$CB?$DN?5?$CI?$CIvoid?5?$CK?$CJ?50?$CJ@ 0000000000029438     DriverSample:DriverSample.obj
 0002:00000458       ??_C@_1DA@IPLBPDEF@?$AAK?$AAE?$AAY?$AAW?$AAO?$AAR?$AAD?$AA?$DN?$AAi?$AAS?$AAC?$AAS?$AAI?$AAB?$AAo@ 0000000000029458     DriverSample:DriverSample.obj
 0002:00000488       ??_C@_1CI@DFIPKBFI@?$AAN?$AAA?$AAM?$AAE?$AAS?$AAP?$AAA?$AAC?$AAE?$AA?$DN?$AAx?$AA?9?$AAU?$AAE?$AAF@ 0000000000029488     DriverSample:DriverSample.obj
 0002:000004b0       ??_C@_1DI@OGKNCJLH@?$AAP?$AAr?$AAe?$AAs?$AAs?$AA?5?$AAE?$AAN?$AAT?$AAE?$AAR?$AA?5?$AAt?$AAo?$AA?5@ 00000000000294b0     DriverSample:DriverSample.obj
 0002:000004f0       ??_C@_1EM@JDFCOCDE@?$AAT?$AAh?$AAi?$AAs?$AA?5?$AAs?$AAy?$AAs?$AAt?$AAe?$AAm?$AA?5?$AAn?$AAo?$AAt@ 00000000000294f0     DriverSample:DriverSample.obj
 0002:00000540       ??_C@_0BH@FMMHHFDB@TmpStr?5?$CB?$DN?5?$CI?$CIvoid?5?$CK?$CJ?50?$CJ@ 0000000000029540     DriverSample:DriverSample.obj
 0002:00000560       ??_C@_1EE@BFJEOIHK@?$AAS?$AAe?$AAt?$AA?5?$AAk?$AAe?$AAy?$AAw?$AAo?$AAr?$AAd?$AA?5?$AAt?$AAo?$AA?5@ 0000000000029560     DriverSample:DriverSample.obj
 0002:000005b0       ??_C@_1EM@BIDGGMAE@?$AAE?$AAf?$AAi?$AAV?$AAa?$AAr?$AAs?$AAt?$AAo?$AAr?$AAe?$AA?5?$AAv?$AAa?$AAl@ 00000000000295b0     DriverSample:DriverSample.obj
 0002:00000600       ??_C@_1BA@LNLKGCKP@?$AA7?$AA0?$AA0?$AA?5?$AAM?$AAh?$AAz@ 0000000000029600     DriverSample:DriverSample.obj
 0002:00000610       ??_C@_0CB@OGENAPPC@ConfigRequestHdr?5?$CB?$DN?5?$CI?$CIvoid?5?$CK?$CJ?50@ 0000000000029610     DriverSample:DriverSample.obj
 0002:00000638       ??_C@_0BP@INBMEHJF@NameRequestHdr?5?$CB?$DN?5?$CI?$CIvoid?5?$CK?$CJ?50?$CJ@ 0000000000029638     DriverSample:DriverSample.obj
 0002:00000658       ??_C@_0BK@HACKOMPP@NewString?5?$CB?$DN?5?$CI?$CIvoid?5?$CK?$CJ?50?$CJ@ 0000000000029658     DriverSample:DriverSample.obj
 0002:00000678       ??_C@_0BN@ONKIIIBD@mPrivateData?5?$CB?$DN?5?$CI?$CIvoid?5?$CK?$CJ?50?$CJ@ 0000000000029678     DriverSample:DriverSample.obj
 0002:00000698       ??_C@_0BF@CBLMFKOC@Node?5?$CB?$DN?5?$CI?$CIvoid?5?$CK?$CJ?50?$CJ@ 0000000000029698     UefiDevicePathLib:DevicePathUtilities.obj
 0002:000006b0       ??_C@_0EM@ILCAIIGE@D?3?2develop?2EDK2?2edk2?2MdePkg?2Lib@ 00000000000296b0     UefiDevicePathLib:DevicePathUtilities.obj
 0002:00000700       ??_C@_1BA@NGCDBIG@?$AAP?$AAr?$AAi?$AAm?$AAa?$AAr?$AAy@ 0000000000029700     UefiDevicePathLib:DevicePathFromText.obj
 0002:00000710       ??_C@_1BE@BGLPHBHD@?$AAS?$AAe?$AAc?$AAo?$AAn?$AAd?$AAa?$AAr?$AAy@ 0000000000029710     UefiDevicePathLib:DevicePathFromText.obj
 0002:00000728       ??_C@_1O@MHJLHGPK@?$AAM?$AAa?$AAs?$AAt?$AAe?$AAr@ 0000000000029728     UefiDevicePathLib:DevicePathFromText.obj
 0002:00000738       ??_C@_1M@MJNGBMFK@?$AAS?$AAl?$AAa?$AAv?$AAe@ 0000000000029738     UefiDevicePathLib:DevicePathFromText.obj
 0002:00000748       ??_C@_1BA@NAMMFHHL@?$AAX?$AAo?$AAn?$AAX?$AAo?$AAf?$AAf@ 0000000000029748     UefiDevicePathLib:DevicePathFromText.obj
 0002:00000758       ??_C@_1BC@MAICEHGI@?$AAH?$AAa?$AAr?$AAd?$AAw?$AAa?$AAr?$AAe@ 0000000000029758     UefiDevicePathLib:DevicePathFromText.obj
 0002:00000770       ??_C@_19BPNGBNAI@?$AAS?$AAA?$AAT?$AAA@ 0000000000029770     UefiDevicePathLib:DevicePathFromText.obj
 0002:00000780       ??_C@_17FMMIKNDG@?$AAS?$AAA?$AAS@ 0000000000029780     UefiDevicePathLib:DevicePathFromText.obj
 0002:00000788       ??_C@_1BC@KMFBFJEN@?$AAE?$AAx?$AAt?$AAe?$AAr?$AAn?$AAa?$AAl@ 0000000000029788     UefiDevicePathLib:DevicePathFromText.obj
 0002:000007a0       ??_C@_1BC@FBOHHDN@?$AAI?$AAn?$AAt?$AAe?$AAr?$AAn?$AAa?$AAl@ 00000000000297a0     UefiDevicePathLib:DevicePathFromText.obj
 0002:000007b8       ??_C@_1BC@EEIMPKHO@?$AAE?$AAx?$AAp?$AAa?$AAn?$AAd?$AAe?$AAd@ 00000000000297b8     UefiDevicePathLib:DevicePathFromText.obj
 0002:000007d0       ??_C@_1O@MDCABJAO@?$AAD?$AAi?$AAr?$AAe?$AAc?$AAt@ 00000000000297d0     UefiDevicePathLib:DevicePathFromText.obj
 0002:000007e0       ??_C@_17NINPJKOM@?$AAU?$AAD?$AAP@ 00000000000297e0     UefiDevicePathLib:DevicePathFromText.obj
 0002:000007e8       ??_C@_17JHAKKMK@?$AAT?$AAC?$AAP@ 00000000000297e8     UefiDevicePathLib:DevicePathFromText.obj
 0002:000007f0       ??_C@_1O@ECDFCEKO@?$AAS?$AAt?$AAa?$AAt?$AAi?$AAc@ 00000000000297f0     UefiDevicePathLib:DevicePathFromText.obj
 0002:00000800       ??_C@_1O@HNAACJMJ@?$AAC?$AAR?$AAC?$AA3?$AA2?$AAC@ 0000000000029800     UefiDevicePathLib:DevicePathFromText.obj
 0002:00000810       ??_C@_19KLMLHLJG@?$AAN?$AAo?$AAn?$AAe@ 0000000000029810     UefiDevicePathLib:DevicePathFromText.obj
 0002:00000820       ??_C@_1BC@PDNIOEEC@?$AAC?$AAH?$AAA?$AAP?$AA_?$AAU?$AAN?$AAI@ 0000000000029820     UefiDevicePathLib:DevicePathFromText.obj
 0002:00000838       ??_C@_17LNBJLOE@?$AAM?$AAB?$AAR@ 0000000000029838     UefiDevicePathLib:DevicePathFromText.obj
 0002:00000840       ??_C@_17PBGEHLGA@?$AAG?$AAP?$AAT@ 0000000000029840     UefiDevicePathLib:DevicePathFromText.obj
 0002:00000848       ??_C@_1O@CLMODHEM@?$AAF?$AAl?$AAo?$AAp?$AAp?$AAy@ 0000000000029848     UefiDevicePathLib:DevicePathFromText.obj
 0002:00000858       ??_C@_15LJEABJDH@?$AAH?$AAD@ 0000000000029858     UefiDevicePathLib:DevicePathFromText.obj
 0002:00000860       ??_C@_1M@NEPFDHKI@?$AAC?$AAD?$AAR?$AAO?$AAM@ 0000000000029860     UefiDevicePathLib:DevicePathFromText.obj
 0002:00000870       ??_C@_1O@IJBLAFEH@?$AAP?$AAC?$AAM?$AAC?$AAI?$AAA@ 0000000000029870     UefiDevicePathLib:DevicePathFromText.obj
 0002:00000880       ??_C@_17DMBMDHNL@?$AAU?$AAS?$AAB@ 0000000000029880     UefiDevicePathLib:DevicePathFromText.obj
 0002:00000888       ??_C@_1BA@IFBJBPAK@?$AAN?$AAe?$AAt?$AAw?$AAo?$AAr?$AAk@ 0000000000029888     UefiDevicePathLib:DevicePathFromText.obj
 0002:00000898       ??_C@_1BK@PDLLBLKH@?$AAH?$AAa?$AAr?$AAd?$AAw?$AAa?$AAr?$AAe?$AAP?$AAa?$AAt?$AAh@ 0000000000029898     UefiDevicePathLib:DevicePathFromText.obj
 0002:000008b8       ??_C@_1BC@EJFCJMMM@?$AAA?$AAc?$AAp?$AAi?$AAP?$AAa?$AAt?$AAh@ 00000000000298b8     UefiDevicePathLib:DevicePathFromText.obj
 0002:000008d0       ??_C@_17DACEHHP@?$AAM?$AAs?$AAg@ 00000000000298d0     UefiDevicePathLib:DevicePathFromText.obj
 0002:000008d8       ??_C@_1BC@NAJEJDIH@?$AAU?$AAs?$AAb?$AAA?$AAu?$AAd?$AAi?$AAo@ 00000000000298d8     UefiDevicePathLib:DevicePathFromText.obj
 0002:000008f0       ??_C@_1BM@EBMHFGAN@?$AAU?$AAs?$AAb?$AAC?$AAD?$AAC?$AAC?$AAo?$AAn?$AAt?$AAr?$AAo?$AAl@ 00000000000298f0     UefiDevicePathLib:DevicePathFromText.obj
 0002:00000910       ??_C@_1O@MNHDOJBH@?$AAU?$AAs?$AAb?$AAH?$AAI?$AAD@ 0000000000029910     UefiDevicePathLib:DevicePathFromText.obj
 0002:00000920       ??_C@_1BC@PPLGKLBF@?$AAU?$AAs?$AAb?$AAI?$AAm?$AAa?$AAg?$AAe@ 0000000000029920     UefiDevicePathLib:DevicePathFromText.obj
 0002:00000938       ??_C@_1BG@PFAKNBDK@?$AAU?$AAs?$AAb?$AAP?$AAr?$AAi?$AAn?$AAt?$AAe?$AAr@ 0000000000029938     UefiDevicePathLib:DevicePathFromText.obj
 0002:00000950       ??_C@_1BO@PDNPADEO@?$AAU?$AAs?$AAb?$AAM?$AAa?$AAs?$AAs?$AAS?$AAt?$AAo?$AAr?$AAa?$AAg?$AAe@ 0000000000029950     UefiDevicePathLib:DevicePathFromText.obj
 0002:00000970       ??_C@_1O@DLJCNOCD@?$AAU?$AAs?$AAb?$AAH?$AAu?$AAb@ 0000000000029970     UefiDevicePathLib:DevicePathFromText.obj
 0002:00000980       ??_C@_1BG@HNPFOCNE@?$AAU?$AAs?$AAb?$AAC?$AAD?$AAC?$AAD?$AAa?$AAt?$AAa@ 0000000000029980     UefiDevicePathLib:DevicePathFromText.obj
 0002:00000998       ??_C@_1BK@COBNKHKO@?$AAU?$AAs?$AAb?$AAS?$AAm?$AAa?$AAr?$AAt?$AAC?$AAa?$AAr?$AAd@ 0000000000029998     UefiDevicePathLib:DevicePathFromText.obj
 0002:000009b8       ??_C@_1BC@OCEEDGOJ@?$AAU?$AAs?$AAb?$AAV?$AAi?$AAd?$AAe?$AAo@ 00000000000299b8     UefiDevicePathLib:DevicePathFromText.obj
 0002:000009d0       ??_C@_1BM@LPAMJGAO@?$AAU?$AAs?$AAb?$AAD?$AAi?$AAa?$AAg?$AAn?$AAo?$AAs?$AAt?$AAi?$AAc@ 00000000000299d0     UefiDevicePathLib:DevicePathFromText.obj
 0002:000009f0       ??_C@_1BI@FHBIGIDC@?$AAU?$AAs?$AAb?$AAW?$AAi?$AAr?$AAe?$AAl?$AAe?$AAs?$AAs@ 00000000000299f0     UefiDevicePathLib:DevicePathFromText.obj
 0002:00000a08       ??_C@_1BE@MHMKEMCG@?$AAM?$AAe?$AAd?$AAi?$AAa?$AAP?$AAa?$AAt?$AAh@ 0000000000029a08     UefiDevicePathLib:DevicePathFromText.obj
 0002:00000a20       ??_C@_1M@OFOICAAP@?$AAM?$AAe?$AAd?$AAi?$AAa@ 0000000000029a20     UefiDevicePathLib:DevicePathFromText.obj
 0002:00000a30       ??_C@_1BA@EPIJMJOF@?$AAB?$AAb?$AAs?$AAP?$AAa?$AAt?$AAh@ 0000000000029a30     UefiDevicePathLib:DevicePathFromText.obj
 0002:00000a40       ??_C@_0BJ@NNFHKMPH@Str?9?$DOStr?5?$CB?$DN?5?$CI?$CIvoid?5?$CK?$CJ?50?$CJ@ 0000000000029a40     UefiDevicePathLib:DevicePathToText.obj
 0002:00000a60       ??_C@_0EJ@KKLMEDML@D?3?2develop?2EDK2?2edk2?2MdePkg?2Lib@ 0000000000029a60     UefiDevicePathLib:DevicePathToText.obj
 0002:00000ab0       ??_C@_1BO@OAGLMPIF@?$AAP?$AAc?$AAi?$AA?$CI?$AA0?$AAx?$AA?$CF?$AAx?$AA?0?$AA0?$AAx?$AA?$CF?$AAx?$AA?$CJ@ 0000000000029ab0     UefiDevicePathLib:DevicePathToText.obj
 0002:00000ad0       ??_C@_1BK@KCEBDNMK@?$AAP?$AAc?$AAC?$AAa?$AAr?$AAd?$AA?$CI?$AA0?$AAx?$AA?$CF?$AAx?$AA?$CJ@ 0000000000029ad0     UefiDevicePathLib:DevicePathToText.obj
 0002:00000af0       ??_C@_1DO@IFCJNKPC@?$AAM?$AAe?$AAm?$AAo?$AAr?$AAy?$AAM?$AAa?$AAp?$AAp?$AAe?$AAd?$AA?$CI?$AA0?$AAx@ 0000000000029af0     UefiDevicePathLib:DevicePathToText.obj
 0002:00000b30       ??_C@_15FLNOEOHI@?$AAH?$AAw@ 0000000000029b30     UefiDevicePathLib:DevicePathToText.obj
 0002:00000b38       ??_C@_1BI@PHHNEBMB@?$AAV?$AAe?$AAn?$AAP?$AAc?$AAA?$AAn?$AAs?$AAi?$AA?$CI?$AA?$CJ@ 0000000000029b38     UefiDevicePathLib:DevicePathToText.obj
 0002:00000b50       ??_C@_1BG@IAIKNGNN@?$AAV?$AAe?$AAn?$AAV?$AAt?$AA1?$AA0?$AA0?$AA?$CI?$AA?$CJ@ 0000000000029b50     UefiDevicePathLib:DevicePathToText.obj
 0002:00000b68       ??_C@_1BO@COEKAAEN@?$AAV?$AAe?$AAn?$AAV?$AAt?$AA1?$AA0?$AA0?$AAP?$AAl?$AAu?$AAs?$AA?$CI?$AA?$CJ@ 0000000000029b68     UefiDevicePathLib:DevicePathToText.obj
 0002:00000b88       ??_C@_1BE@IDDFGEGE@?$AAV?$AAe?$AAn?$AAU?$AAt?$AAf?$AA8?$AA?$CI?$AA?$CJ@ 0000000000029b88     UefiDevicePathLib:DevicePathToText.obj
 0002:00000ba0       ??_C@_1CC@FKEHNDLA@?$AAU?$AAa?$AAr?$AAt?$AAF?$AAl?$AAo?$AAw?$AAC?$AAt?$AAr?$AAl?$AA?$CI?$AA?$CF?$AAs@ 0000000000029ba0     UefiDevicePathLib:DevicePathToText.obj
 0002:00000bc8       ??_C@_1CM@MBOKCKGI@?$AAS?$AAA?$AAS?$AA?$CI?$AA0?$AAx?$AA?$CF?$AAl?$AAx?$AA?0?$AA0?$AAx?$AA?$CF?$AAl?$AAx@ 0000000000029bc8     UefiDevicePathLib:DevicePathToText.obj
 0002:00000bf8       ??_C@_1CE@FDCOMKL@?$AAN?$AAo?$AAT?$AAo?$AAp?$AAo?$AAl?$AAo?$AAg?$AAy?$AA?0?$AA0?$AA?0?$AA0?$AA?0@ 0000000000029bf8     UefiDevicePathLib:DevicePathToText.obj
 0002:00000c20       ??_C@_1BE@MLBJKAMN@?$AA?$CF?$AAs?$AA?0?$AA?$CF?$AAs?$AA?0?$AA?$CF?$AAs?$AA?0@ 0000000000029c20     UefiDevicePathLib:DevicePathToText.obj
 0002:00000c34       ??_C@_15KAKDEJHH@?$AA0?$AA?0@ 0000000000029c34     UefiDevicePathLib:DevicePathToText.obj
 0002:00000c40       ??_C@_1M@MJJODJOA@?$AA0?$AAx?$AA?$CF?$AAx?$AA?0@ 0000000000029c40     UefiDevicePathLib:DevicePathToText.obj
 0002:00000c50       ??_C@_1BI@EOONELPP@?$AA0?$AAx?$AA?$CF?$AAx?$AA?0?$AA0?$AA?0?$AA0?$AA?0?$AA0?$AA?0@ 0000000000029c50     UefiDevicePathLib:DevicePathToText.obj
 0002:00000c68       ??_C@_1M@POEAMJNC@?$AA0?$AAx?$AA?$CF?$AAx?$AA?$CJ@ 0000000000029c68     UefiDevicePathLib:DevicePathToText.obj
 0002:00000c78       ??_C@_1BI@IHPCIEPJ@?$AAD?$AAe?$AAb?$AAu?$AAg?$AAP?$AAo?$AAr?$AAt?$AA?$CI?$AA?$CJ@ 0000000000029c78     UefiDevicePathLib:DevicePathToText.obj
 0002:00000c90       ??_C@_13HGPDMIBE@?$AA?$DP@ 0000000000029c90     UefiDevicePathLib:DevicePathToText.obj
 0002:00000c98       ??_C@_1BC@EAAHJKNI@?$AAV?$AAe?$AAn?$AA?$CF?$AAs?$AA?$CI?$AA?$CF?$AAg@ 0000000000029c98     UefiDevicePathLib:DevicePathToText.obj
 0002:00000cac       ??_C@_13DEFPDAGF@?$AA?0@   0000000000029cac     UefiDevicePathLib:DevicePathToText.obj
 0002:00000cb0       ??_C@_19NHPFCCLF@?$AA?$CF?$AA0?$AA2?$AAx@ 0000000000029cb0     UefiDevicePathLib:DevicePathToText.obj
 0002:00000cbc       ??_C@_13DIBMAFH@?$AA?$CJ@  0000000000029cbc     UefiDevicePathLib:DevicePathToText.obj
 0002:00000cc0       ??_C@_1BG@PDEHEHNB@?$AAC?$AAt?$AAr?$AAl?$AA?$CI?$AA0?$AAx?$AA?$CF?$AAx?$AA?$CJ@ 0000000000029cc0     UefiDevicePathLib:DevicePathToText.obj
 0002:00000cd8       ??_C@_1CA@OCDNKJMI@?$AAB?$AAM?$AAC?$AA?$CI?$AA0?$AAx?$AA?$CF?$AAx?$AA?0?$AA0?$AAx?$AA?$CF?$AAl?$AAx?$AA?$CJ@ 0000000000029cd8     UefiDevicePathLib:DevicePathToText.obj
 0002:00000cf8       ??_C@_1BM@LLBDFMIK@?$AAP?$AAc?$AAi?$AAR?$AAo?$AAo?$AAt?$AA?$CI?$AA0?$AAx?$AA?$CF?$AAx?$AA?$CJ@ 0000000000029cf8     UefiDevicePathLib:DevicePathToText.obj
 0002:00000d18       ??_C@_1BO@IHBMGOPI@?$AAP?$AAc?$AAi?$AAe?$AAR?$AAo?$AAo?$AAt?$AA?$CI?$AA0?$AAx?$AA?$CF?$AAx?$AA?$CJ@ 0000000000029d18     UefiDevicePathLib:DevicePathToText.obj
 0002:00000d38       ??_C@_1BK@NGLNBACO@?$AAF?$AAl?$AAo?$AAp?$AAp?$AAy?$AA?$CI?$AA0?$AAx?$AA?$CF?$AAx?$AA?$CJ@ 0000000000029d38     UefiDevicePathLib:DevicePathToText.obj
 0002:00000d58       ??_C@_1BO@OEKEOEOK@?$AAK?$AAe?$AAy?$AAb?$AAo?$AAa?$AAr?$AAd?$AA?$CI?$AA0?$AAx?$AA?$CF?$AAx?$AA?$CJ@ 0000000000029d58     UefiDevicePathLib:DevicePathToText.obj
 0002:00000d78       ??_C@_1BK@PMIGPGKH@?$AAS?$AAe?$AAr?$AAi?$AAa?$AAl?$AA?$CI?$AA0?$AAx?$AA?$CF?$AAx?$AA?$CJ@ 0000000000029d78     UefiDevicePathLib:DevicePathToText.obj
 0002:00000d98       ??_C@_1CG@CPMOJELH@?$AAP?$AAa?$AAr?$AAa?$AAl?$AAl?$AAe?$AAl?$AAP?$AAo?$AAr?$AAt?$AA?$CI?$AA0?$AAx@ 0000000000029d98     UefiDevicePathLib:DevicePathToText.obj
 0002:00000dc0       ??_C@_1CG@JCMCADBM@?$AAA?$AAc?$AAp?$AAi?$AA?$CI?$AAP?$AAN?$AAP?$AA?$CF?$AA0?$AA4?$AAx?$AA?0?$AA0?$AAx@ 0000000000029dc0     UefiDevicePathLib:DevicePathToText.obj
 0002:00000de8       ??_C@_1CE@CLIAMHCD@?$AAA?$AAc?$AAp?$AAi?$AA?$CI?$AA0?$AAx?$AA?$CF?$AA0?$AA8?$AAx?$AA?0?$AA0?$AAx?$AA?$CF@ 0000000000029de8     UefiDevicePathLib:DevicePathToText.obj
 0002:00000e10       ??_C@_1BI@IBECIOLF@?$AAP?$AAc?$AAi?$AAR?$AAo?$AAo?$AAt?$AA?$CI?$AA?$CF?$AAa?$AA?$CJ@ 0000000000029e10     UefiDevicePathLib:DevicePathToText.obj
 0002:00000e28       ??_C@_1BK@HOGBDMPI@?$AAP?$AAc?$AAi?$AAe?$AAR?$AAo?$AAo?$AAt?$AA?$CI?$AA?$CF?$AAa?$AA?$CJ@ 0000000000029e28     UefiDevicePathLib:DevicePathToText.obj
 0002:00000e48       ??_C@_1BG@BGLICHDL@?$AA?$CF?$AAc?$AA?$CF?$AAc?$AA?$CF?$AAc?$AA?$CF?$AA0?$AA4?$AAX@ 0000000000029e48     UefiDevicePathLib:DevicePathToText.obj
 0002:00000e60       ??_C@_1CC@CMCFGMM@?$AAA?$AAc?$AAp?$AAi?$AAE?$AAx?$AAp?$AA?$CI?$AA?$CF?$AAs?$AA?0?$AA0?$AA?0?$AA?$CF?$AAa@ 0000000000029e60     UefiDevicePathLib:DevicePathToText.obj
 0002:00000e88       ??_C@_1CE@CGEKHGFF@?$AAA?$AAc?$AAp?$AAi?$AAE?$AAx?$AAp?$AA?$CI?$AA?$CF?$AAs?$AA?0?$AA?$CF?$AAs?$AA?0?$AA?$CF@ 0000000000029e88     UefiDevicePathLib:DevicePathToText.obj
 0002:00000eb0       ??_C@_1BG@EEDCOCH@?$AAA?$AAc?$AAp?$AAi?$AAE?$AAx?$AA?$CI?$AA?$CF?$AAa?$AA?0@ 0000000000029eb0     UefiDevicePathLib:DevicePathToText.obj
 0002:00000ec8       ??_C@_1BG@EKFNINLH@?$AAA?$AAc?$AAp?$AAi?$AAE?$AAx?$AA?$CI?$AA?$CF?$AAs?$AA?0@ 0000000000029ec8     UefiDevicePathLib:DevicePathToText.obj
 0002:00000ee0       ??_C@_17CAHIANN@?$AA?$CF?$AAa?$AA?0@ 0000000000029ee0     UefiDevicePathLib:DevicePathToText.obj
 0002:00000ee8       ??_C@_17EMBJCDEN@?$AA?$CF?$AAs?$AA?0@ 0000000000029ee8     UefiDevicePathLib:DevicePathToText.obj
 0002:00000ef0       ??_C@_17DFNJHAOP@?$AA?$CF?$AAa?$AA?$CJ@ 0000000000029ef0     UefiDevicePathLib:DevicePathToText.obj
 0002:00000ef8       ??_C@_1DI@HGKBPPFE@?$AAA?$AAc?$AAp?$AAi?$AAE?$AAx?$AA?$CI?$AA?$CF?$AAs?$AA?0?$AA?$CF?$AAs?$AA?0?$AA0?$AAx@ 0000000000029ef8     UefiDevicePathLib:DevicePathToText.obj
 0002:00000f30       ??_C@_1BK@IMGBACLG@?$AAA?$AAc?$AAp?$AAi?$AAA?$AAd?$AAr?$AA?$CI?$AA0?$AAx?$AA?$CF?$AAx@ 0000000000029f30     UefiDevicePathLib:DevicePathToText.obj
 0002:00000f50       ??_C@_1M@HHLNLLAC@?$AA?0?$AA0?$AAx?$AA?$CF?$AAx@ 0000000000029f50     UefiDevicePathLib:DevicePathToText.obj
 0002:00000f60       ??_C@_1BE@HBALDGNG@?$AAA?$AAt?$AAa?$AA?$CI?$AA0?$AAx?$AA?$CF?$AAx?$AA?$CJ@ 0000000000029f60     UefiDevicePathLib:DevicePathToText.obj
 0002:00000f78       ??_C@_1CA@EFDNFHKP@?$AAA?$AAt?$AAa?$AA?$CI?$AA?$CF?$AAs?$AA?0?$AA?$CF?$AAs?$AA?0?$AA0?$AAx?$AA?$CF?$AAx?$AA?$CJ@ 0000000000029f78     UefiDevicePathLib:DevicePathToText.obj
 0002:00000f98       ??_C@_1CA@JGIMMJKB@?$AAS?$AAc?$AAs?$AAi?$AA?$CI?$AA0?$AAx?$AA?$CF?$AAx?$AA?0?$AA0?$AAx?$AA?$CF?$AAx?$AA?$CJ@ 0000000000029f98     UefiDevicePathLib:DevicePathToText.obj
 0002:00000fb8       ??_C@_1CG@OFFLOOAD@?$AAF?$AAi?$AAb?$AAr?$AAe?$AA?$CI?$AA0?$AAx?$AA?$CF?$AAl?$AAx?$AA?0?$AA0?$AAx?$AA?$CF@ 0000000000029fb8     UefiDevicePathLib:DevicePathToText.obj
 0002:00000fe0       ??_C@_1BG@EHEKANON@?$AAF?$AAi?$AAb?$AAr?$AAe?$AAE?$AAx?$AA?$CI?$AA0?$AAx@ 0000000000029fe0     UefiDevicePathLib:DevicePathToText.obj
 0002:00000ff8       ??_C@_17JOPFNIFB@?$AA?0?$AA0?$AAx@ 0000000000029ff8     UefiDevicePathLib:DevicePathToText.obj
 0002:00001000       ??_C@_1BC@CKFHLIJB@?$AAS?$AAa?$AAs?$AAE?$AAx?$AA?$CI?$AA0?$AAx@ 000000000002a000     UefiDevicePathLib:DevicePathToText.obj
 0002:00001018       ??_C@_1O@IEGBGPLN@?$AA?0?$AA0?$AAx?$AA?$CF?$AAx?$AA?0@ 000000000002a018     UefiDevicePathLib:DevicePathToText.obj
 0002:00001028       ??_C@_1CC@FKOFEPIC@?$AAN?$AAo?$AAT?$AAo?$AAp?$AAo?$AAl?$AAo?$AAg?$AAy?$AA?0?$AA0?$AA?0?$AA0?$AA?0@ 000000000002a028     UefiDevicePathLib:DevicePathToText.obj
 0002:0000104c       ??_C@_13COJANIEC@?$AA0@    000000000002a04c     UefiDevicePathLib:DevicePathToText.obj
 0002:00001050       ??_C@_19PCNJIDGC@?$AA0?$AAx?$AA?$CF?$AAx@ 000000000002a050     UefiDevicePathLib:DevicePathToText.obj
 0002:00001060       ??_C@_1BG@JCDPLMKI@?$AA0?$AAx?$AA?$CF?$AAx?$AA?0?$AA0?$AA?0?$AA0?$AA?0?$AA0@ 000000000002a060     UefiDevicePathLib:DevicePathToText.obj
 0002:00001080       ??_C@_1GG@KPIKGINP@?$AAN?$AAV?$AAM?$AAe?$AA?$CI?$AA0?$AAx?$AA?$CF?$AAx?$AA?0?$AA?$CF?$AA0?$AA2?$AAx?$AA?9@ 000000000002a080     UefiDevicePathLib:DevicePathToText.obj
 0002:000010e8       ??_C@_1BO@HJLBIHHO@?$AAU?$AAF?$AAS?$AA?$CI?$AA0?$AAx?$AA?$CF?$AAx?$AA?0?$AA0?$AAx?$AA?$CF?$AAx?$AA?$CJ@ 000000000002a0e8     UefiDevicePathLib:DevicePathToText.obj
 0002:00001108       ??_C@_1BC@JIFEONHJ@?$AAS?$AAD?$AA?$CI?$AA0?$AAx?$AA?$CF?$AAx?$AA?$CJ@ 000000000002a108     UefiDevicePathLib:DevicePathToText.obj
 0002:00001120       ??_C@_1BG@BHOAMFEP@?$AAe?$AAM?$AAM?$AAC?$AA?$CI?$AA0?$AAx?$AA?$CF?$AAx?$AA?$CJ@ 000000000002a120     UefiDevicePathLib:DevicePathToText.obj
 0002:00001138       ??_C@_1BM@OFMOJDLM@?$AAI?$AA1?$AA3?$AA9?$AA4?$AA?$CI?$AA?$CF?$AA0?$AA1?$AA6?$AAl?$AAx?$AA?$CJ@ 000000000002a138     UefiDevicePathLib:DevicePathToText.obj
 0002:00001158       ??_C@_1BO@CIMDKCCI@?$AAU?$AAS?$AAB?$AA?$CI?$AA0?$AAx?$AA?$CF?$AAx?$AA?0?$AA0?$AAx?$AA?$CF?$AAx?$AA?$CJ@ 000000000002a158     UefiDevicePathLib:DevicePathToText.obj
 0002:00001178       ??_C@_0BH@GADOMDOK@NewStr?5?$CB?$DN?5?$CI?$CIvoid?5?$CK?$CJ?50?$CJ@ 000000000002a178     UefiDevicePathLib:DevicePathToText.obj
 0002:00001190       ??_C@_1DK@IPDOPIPA@?$AAU?$AAs?$AAb?$AAW?$AAw?$AAi?$AAd?$AA?$CI?$AA0?$AAx?$AA?$CF?$AAx?$AA?0?$AA0?$AAx@ 000000000002a190     UefiDevicePathLib:DevicePathToText.obj
 0002:000011d0       ??_C@_1BG@NJNCNCKM@?$AAU?$AAn?$AAi?$AAt?$AA?$CI?$AA0?$AAx?$AA?$CF?$AAx?$AA?$CJ@ 000000000002a1d0     UefiDevicePathLib:DevicePathToText.obj
 0002:000011e8       ??_C@_1CM@JDEAFCK@?$AA?$CI?$AA0?$AAx?$AA?$CF?$AAx?$AA?0?$AA0?$AAx?$AA?$CF?$AAx?$AA?0?$AA0?$AAx?$AA?$CF?$AAx@ 000000000002a1e8     UefiDevicePathLib:DevicePathToText.obj
 0002:00001220       ??_C@_1FA@DIDNHLOK@?$AAU?$AAs?$AAb?$AAD?$AAe?$AAv?$AAi?$AAc?$AAe?$AAF?$AAi?$AAr?$AAm?$AAw?$AAa@ 000000000002a220     UefiDevicePathLib:DevicePathToText.obj
 0002:00001270       ??_C@_1DM@JLMEALMP@?$AAU?$AAs?$AAb?$AAI?$AAr?$AAd?$AAa?$AAB?$AAr?$AAi?$AAd?$AAg?$AAe?$AA?$CI?$AA0@ 000000000002a270     UefiDevicePathLib:DevicePathToText.obj
 0002:000012b0       ??_C@_1EM@PFIODAIB@?$AAU?$AAs?$AAb?$AAT?$AAe?$AAs?$AAt?$AAA?$AAn?$AAd?$AAM?$AAe?$AAa?$AAs?$AAu@ 000000000002a2b0     UefiDevicePathLib:DevicePathToText.obj
 0002:00001300       ??_C@_1EG@NMOJJABI@?$AAU?$AAs?$AAb?$AAC?$AAl?$AAa?$AAs?$AAs?$AA?$CI?$AA0?$AAx?$AA?$CF?$AAx?$AA?0?$AA0@ 000000000002a300     UefiDevicePathLib:DevicePathToText.obj
 0002:00001348       ??_C@_1CK@MHLLPHIN@?$AAS?$AAa?$AAt?$AAa?$AA?$CI?$AA0?$AAx?$AA?$CF?$AAx?$AA?0?$AA0?$AAx?$AA?$CF?$AAx?$AA?0@ 000000000002a348     UefiDevicePathLib:DevicePathToText.obj
 0002:00001378       ??_C@_1BE@GPJMKBFH@?$AAI?$AA2?$AAO?$AA?$CI?$AA0?$AAx?$AA?$CF?$AAx?$AA?$CJ@ 000000000002a378     UefiDevicePathLib:DevicePathToText.obj
 0002:00001390       ??_C@_19HOEMCGPJ@?$AAM?$AAA?$AAC?$AA?$CI@ 000000000002a390     UefiDevicePathLib:DevicePathToText.obj
 0002:000013a0       ??_C@_1O@LDLPJPIP@?$AA?0?$AA0?$AAx?$AA?$CF?$AAx?$AA?$CJ@ 000000000002a3a0     UefiDevicePathLib:DevicePathToText.obj
 0002:000013b0       ??_C@_1BI@FCMLLAGN@?$AA?$CF?$AAd?$AA?4?$AA?$CF?$AAd?$AA?4?$AA?$CF?$AAd?$AA?4?$AA?$CF?$AAd@ 000000000002a3b0     UefiDevicePathLib:DevicePathToText.obj
 0002:000013d0       ??_C@_1JA@HKGNNMMG@?$AA?$CF?$AA0?$AA2?$AAx?$AA?$CF?$AA0?$AA2?$AAx?$AA?3?$AA?$CF?$AA0?$AA2?$AAx?$AA?$CF?$AA0@ 000000000002a3d0     UefiDevicePathLib:DevicePathToText.obj
 0002:00001460       ??_C@_1M@KGGIME@?$AAI?$AAP?$AAv?$AA4?$AA?$CI@ 000000000002a460     UefiDevicePathLib:DevicePathToText.obj
 0002:00001470       ??_C@_19DDJNJOGL@?$AAD?$AAH?$AAC?$AAP@ 000000000002a470     UefiDevicePathLib:DevicePathToText.obj
 0002:00001480       ??_C@_19JPNAHHAM@?$AA?0?$AA?$CF?$AAs?$AA?0@ 000000000002a480     UefiDevicePathLib:DevicePathToText.obj
 0002:00001490       ??_C@_1M@ENGOMJMP@?$AAI?$AAP?$AAv?$AA6?$AA?$CI@ 000000000002a490     UefiDevicePathLib:DevicePathToText.obj
 0002:000014a0       ??_C@_1BC@CMHMGCCH@?$AA?0?$AAS?$AAt?$AAa?$AAt?$AAi?$AAc?$AA?0@ 000000000002a4a0     UefiDevicePathLib:DevicePathToText.obj
 0002:000014b8       ??_C@_1DC@LOFPJEEL@?$AA?0?$AAS?$AAt?$AAa?$AAt?$AAe?$AAl?$AAe?$AAs?$AAs?$AAA?$AAu?$AAt?$AAo?$AAC@ 000000000002a4b8     UefiDevicePathLib:DevicePathToText.obj
 0002:000014f0       ??_C@_1DA@HMGEOIF@?$AA?0?$AAS?$AAt?$AAa?$AAt?$AAe?$AAf?$AAu?$AAl?$AAA?$AAu?$AAt?$AAo?$AAC?$AAo@ 000000000002a4f0     UefiDevicePathLib:DevicePathToText.obj
 0002:00001520       ??_C@_1EM@IPHLFBGI@?$AAI?$AAn?$AAf?$AAi?$AAn?$AAi?$AAb?$AAa?$AAn?$AAd?$AA?$CI?$AA0?$AAx?$AA?$CF?$AAx@ 000000000002a520     UefiDevicePathLib:DevicePathToText.obj
 0002:00001570       ??_C@_1BM@EHGODEHA@?$AAU?$AAa?$AAr?$AAt?$AA?$CI?$AAD?$AAE?$AAF?$AAA?$AAU?$AAL?$AAT?$AA?0@ 000000000002a570     UefiDevicePathLib:DevicePathToText.obj
 0002:00001590       ??_C@_1BE@OEIOOGGH@?$AAU?$AAa?$AAr?$AAt?$AA?$CI?$AA?$CF?$AAl?$AAd?$AA?0@ 000000000002a590     UefiDevicePathLib:DevicePathToText.obj
 0002:000015a8       ??_C@_1BC@DDKPDLCJ@?$AAD?$AAE?$AAF?$AAA?$AAU?$AAL?$AAT?$AA?0@ 000000000002a5a8     UefiDevicePathLib:DevicePathToText.obj
 0002:000015c0       ??_C@_17FCMKBBGO@?$AA?$CF?$AAd?$AA?0@ 000000000002a5c0     UefiDevicePathLib:DevicePathToText.obj
 0002:000015c8       ??_C@_17EPMPCBNG@?$AA?$CF?$AAc?$AA?0@ 000000000002a5c8     UefiDevicePathLib:DevicePathToText.obj
 0002:000015d0       ??_C@_15HMOPGJC@?$AAD?$AA?$CJ@ 000000000002a5d0     UefiDevicePathLib:DevicePathToText.obj
 0002:000015d8       ??_C@_15FMCBGKOA@?$AA1?$AA?$CJ@ 000000000002a5d8     UefiDevicePathLib:DevicePathToText.obj
 0002:000015e0       ??_C@_19PODFHIEB@?$AA1?$AA?4?$AA5?$AA?$CJ@ 000000000002a5e0     UefiDevicePathLib:DevicePathToText.obj
 0002:000015ec       ??_C@_15NKLFBIEO@?$AA2?$AA?$CJ@ 000000000002a5ec     UefiDevicePathLib:DevicePathToText.obj
 0002:000015f4       ??_C@_15HEHGDBEE@?$AAx?$AA?$CJ@ 000000000002a5f4     UefiDevicePathLib:DevicePathToText.obj
 0002:00001600       ??_C@_1CC@OKJDLPLB@?$AAi?$AAS?$AAC?$AAS?$AAI?$AA?$CI?$AA?$CF?$AAa?$AA?0?$AA0?$AAx?$AA?$CF?$AAx?$AA?0?$AA0@ 000000000002a600     UefiDevicePathLib:DevicePathToText.obj
 0002:00001628       ??_C@_1BA@FMEKDPAI@?$AAC?$AAH?$AAA?$AAP?$AA_?$AAB?$AAI@ 000000000002a628     UefiDevicePathLib:DevicePathToText.obj
 0002:00001638       ??_C@_1BC@EFEBCBGB@?$AAr?$AAe?$AAs?$AAe?$AAr?$AAv?$AAe?$AAd@ 000000000002a638     UefiDevicePathLib:DevicePathToText.obj
 0002:00001650       ??_C@_17HLMHNDHP@?$AA?$CF?$AAs?$AA?$CJ@ 000000000002a650     UefiDevicePathLib:DevicePathToText.obj
 0002:00001658       ??_C@_1BC@OPCHKNKH@?$AAV?$AAl?$AAa?$AAn?$AA?$CI?$AA?$CF?$AAd?$AA?$CJ@ 000000000002a658     UefiDevicePathLib:DevicePathToText.obj
 0002:00001670       ??_C@_1EI@EPMFLBAJ@?$AAB?$AAl?$AAu?$AAe?$AAt?$AAo?$AAo?$AAt?$AAh?$AA?$CI?$AA?$CF?$AA0?$AA2?$AAx?$AA?$CF@ 000000000002a670     UefiDevicePathLib:DevicePathToText.obj
 0002:000016b8       ??_C@_1BE@DKODNJMI@?$AAW?$AAi?$AA?9?$AAF?$AAi?$AA?$CI?$AA?$CF?$AAa?$AA?$CJ@ 000000000002a6b8     UefiDevicePathLib:DevicePathToText.obj
 0002:000016d0       ??_C@_1FK@LABBEHKJ@?$AAB?$AAl?$AAu?$AAe?$AAt?$AAo?$AAo?$AAt?$AAh?$AAL?$AAE?$AA?$CI?$AA?$CF?$AA0?$AA2@ 000000000002a6d0     UefiDevicePathLib:DevicePathToText.obj
 0002:00001730       ??_C@_19KGHFHKGE@?$AAD?$AAn?$AAs?$AA?$CI@ 000000000002a730     UefiDevicePathLib:DevicePathToText.obj
 0002:00001740       ??_C@_0BH@EDBFFFOA@UriStr?5?$CB?$DN?5?$CI?$CIvoid?5?$CK?$CJ?50?$CJ@ 000000000002a740     UefiDevicePathLib:DevicePathToText.obj
 0002:00001758       ??_C@_1BA@OMDAJDPE@?$AAU?$AAr?$AAi?$AA?$CI?$AA?$CF?$AAa?$AA?$CJ@ 000000000002a758     UefiDevicePathLib:DevicePathToText.obj
 0002:00001768       ??_C@_1CA@HNPFGNEH@?$AAH?$AAD?$AA?$CI?$AA?$CF?$AAd?$AA?0?$AA?$CF?$AAs?$AA?0?$AA0?$AAx?$AA?$CF?$AA0?$AA8?$AAx@ 000000000002a768     UefiDevicePathLib:DevicePathToText.obj
 0002:00001788       ??_C@_1BI@MINPIKNN@?$AAH?$AAD?$AA?$CI?$AA?$CF?$AAd?$AA?0?$AA?$CF?$AAs?$AA?0?$AA?$CF?$AAg@ 000000000002a788     UefiDevicePathLib:DevicePathToText.obj
 0002:000017a0       ??_C@_1BG@INGFHNLC@?$AAH?$AAD?$AA?$CI?$AA?$CF?$AAd?$AA?0?$AA?$CF?$AAd?$AA?0?$AA0@ 000000000002a7a0     UefiDevicePathLib:DevicePathToText.obj
 0002:000017b8       ??_C@_1BM@NOEIAAGN@?$AA?0?$AA0?$AAx?$AA?$CF?$AAl?$AAx?$AA?0?$AA0?$AAx?$AA?$CF?$AAl?$AAx?$AA?$CJ@ 000000000002a7b8     UefiDevicePathLib:DevicePathToText.obj
 0002:000017d8       ??_C@_1BI@EEHCFNDN@?$AAC?$AAD?$AAR?$AAO?$AAM?$AA?$CI?$AA0?$AAx?$AA?$CF?$AAx?$AA?$CJ@ 000000000002a7d8     UefiDevicePathLib:DevicePathToText.obj
 0002:000017f0       ??_C@_1DA@JMLBJEDN@?$AAC?$AAD?$AAR?$AAO?$AAM?$AA?$CI?$AA0?$AAx?$AA?$CF?$AAx?$AA?0?$AA0?$AAx?$AA?$CF?$AAl@ 000000000002a7f0     UefiDevicePathLib:DevicePathToText.obj
 0002:00001820       ??_C@_15GANGMFKL@?$AA?$CF?$AAs@ 000000000002a820     UefiDevicePathLib:DevicePathToText.obj
 0002:00001828       ??_C@_1BE@CJGJAKDA@?$AAM?$AAe?$AAd?$AAi?$AAa?$AA?$CI?$AA?$CF?$AAg?$AA?$CJ@ 000000000002a828     UefiDevicePathLib:DevicePathToText.obj
 0002:00001840       ??_C@_1O@HJJPOOCL@?$AAF?$AAv?$AA?$CI?$AA?$CF?$AAg?$AA?$CJ@ 000000000002a840     UefiDevicePathLib:DevicePathToText.obj
 0002:00001850       ??_C@_1BG@MHENELFF@?$AAF?$AAv?$AAF?$AAi?$AAl?$AAe?$AA?$CI?$AA?$CF?$AAg?$AA?$CJ@ 000000000002a850     UefiDevicePathLib:DevicePathToText.obj
 0002:00001868       ??_C@_1CI@FAOKAOM@?$AAO?$AAf?$AAf?$AAs?$AAe?$AAt?$AA?$CI?$AA0?$AAx?$AA?$CF?$AAl?$AAx?$AA?0?$AA0?$AAx@ 000000000002a868     UefiDevicePathLib:DevicePathToText.obj
 0002:00001890       ??_C@_1DI@GJAGNPCG@?$AAV?$AAi?$AAr?$AAt?$AAu?$AAa?$AAl?$AAD?$AAi?$AAs?$AAk?$AA?$CI?$AA0?$AAx?$AA?$CF@ 000000000002a890     UefiDevicePathLib:DevicePathToText.obj
 0002:000018c8       ??_C@_1DE@FBEBFJJD@?$AAV?$AAi?$AAr?$AAt?$AAu?$AAa?$AAl?$AAC?$AAD?$AA?$CI?$AA0?$AAx?$AA?$CF?$AAl?$AAx@ 000000000002a8c8     UefiDevicePathLib:DevicePathToText.obj
 0002:00001900       ??_C@_1EM@PFGFJDCD@?$AAP?$AAe?$AAr?$AAs?$AAi?$AAs?$AAt?$AAe?$AAn?$AAt?$AAV?$AAi?$AAr?$AAt?$AAu@ 000000000002a900     UefiDevicePathLib:DevicePathToText.obj
 0002:00001950       ??_C@_1EI@IJLGIAIE@?$AAP?$AAe?$AAr?$AAs?$AAi?$AAs?$AAt?$AAe?$AAn?$AAt?$AAV?$AAi?$AAr?$AAt?$AAu@ 000000000002a950     UefiDevicePathLib:DevicePathToText.obj
 0002:00001998       ??_C@_1DG@IFGHOPEL@?$AAR?$AAa?$AAm?$AAD?$AAi?$AAs?$AAk?$AA?$CI?$AA0?$AAx?$AA?$CF?$AAl?$AAx?$AA?0?$AA0@ 000000000002a998     UefiDevicePathLib:DevicePathToText.obj
 0002:000019d0       ??_C@_1BE@EICHFCPK@?$AAB?$AAB?$AAS?$AA?$CI?$AA?$CF?$AAs?$AA?0?$AA?$CF?$AAa@ 000000000002a9d0     UefiDevicePathLib:DevicePathToText.obj
 0002:000019e8       ??_C@_1BI@EAEHELAJ@?$AAB?$AAB?$AAS?$AA?$CI?$AA0?$AAx?$AA?$CF?$AAx?$AA?0?$AA?$CF?$AAa@ 000000000002a9e8     UefiDevicePathLib:DevicePathToText.obj
 0002:00001a00       ??_C@_1BG@BNMBFAIA@?$AAP?$AAa?$AAt?$AAh?$AA?$CI?$AA?$CF?$AAd?$AA?0?$AA?$CF?$AAd@ 000000000002aa00     UefiDevicePathLib:DevicePathToText.obj
 0002:00001a18       ??_C@_1M@NAHACGNB@?$AA?$CF?$AAs?$AA?$CI?$AA?$CF?$AAd@ 000000000002aa18     UefiDevicePathLib:DevicePathToText.obj
 0002:00001a24       ??_C@_13CGOKJPIL@?$AA?1@   000000000002aa24     UefiDevicePathLib:DevicePathToText.obj
 0002:00001a30       mUefiDevicePathLibToTextTableGeneric 000000000002aa30     UefiDevicePathLib:DevicePathToText.obj
 0002:00001a90       mUefiDevicePathLibToTextTable 000000000002aa90     UefiDevicePathLib:DevicePathToText.obj
 0002:00001db0       ??_C@_0CI@BGLNHBLM@?$CI?$CI?$CIUINTN?$CJ?5?$CIStartOfBuffer?$CJ?$CJ?5?$CG?50x@ 000000000002adb0     BasePrintLib:PrintLib.obj
 0002:00001dd8       ??_C@_0DM@PGBJNMOK@D?3?2develop?2EDK2?2edk2?2MdePkg?2Lib@ 000000000002add8     BasePrintLib:PrintLib.obj
 0002:00001e18       ??_C@_0CH@KJLBGOBB@?$CI?$CI?$CIUINTN?$CJ?5?$CIFormatString?$CJ?$CJ?5?$CG?50x0@ 000000000002ae18     BasePrintLib:PrintLib.obj
 0002:00001e40       ??_C@_0CB@LDBAOPMG@?$CI?$CI?$CIUINTN?$CJ?5?$CIBuffer?$CJ?$CJ?5?$CG?50x01?$CJ?5?$DN?$DN?5@ 000000000002ae40     BasePrintLib:PrintLib.obj
 0002:00001e68       ??_C@_0BH@IACGKAP@Buffer?5?$CB?$DN?5?$CI?$CIvoid?5?$CK?$CJ?50?$CJ@ 000000000002ae68     BasePrintLib:PrintLibInternal.obj
 0002:00001e80       ??_C@_0EE@MECDHINL@D?3?2develop?2EDK2?2edk2?2MdePkg?2Lib@ 000000000002ae80     BasePrintLib:PrintLibInternal.obj
 0002:00001ec8       ??_C@_0BJ@CNKJJNE@?$CIBuffer?5?$CB?$DN?5?$CI?$CIvoid?5?$CK?$CJ?50?$CJ?$CJ@ 000000000002aec8     BasePrintLib:PrintLibInternal.obj
 0002:00001ef0       ??_C@_0EB@HDGIDCIO@?$CIBufferSize?5?$DM?$DN?5?$CI_gPcd_FixedAtBu@ 000000000002aef0     BasePrintLib:PrintLibInternal.obj
 0002:00001f40       ??_C@_0FJ@HAEMOBLP@?$CIBufferSize?5?$DM?$DN?5?$CI_gPcd_FixedAtBu@ 000000000002af40     BasePrintLib:PrintLibInternal.obj
 0002:00001fa0       ??_C@_0CO@OJNGHNJG@?$CI?$CIFlags?5?$CG?5?$HO?$CI0x01?5?$HM?50x08?5?$HM?50x20?5@ 000000000002afa0     BasePrintLib:PrintLibInternal.obj
 0002:00001fd0       ??_C@_0DB@HIDPIAGP@?$CI?$CI?$CIFlags?5?$CG?50x08?$CJ?5?$DN?$DN?50?$CJ?5?$HM?$HM?5?$CI?$CIFla@ 000000000002afd0     BasePrintLib:PrintLibInternal.obj
 0002:00002008       ??_C@_0N@PNKFBKME@?$CIWidth?5?$DM?538?$CJ@ 000000000002b008     BasePrintLib:PrintLibInternal.obj
 0002:00002018       ??_C@_0CI@HPJOGFNE@?$CIBufferSize?5?$DO?$DN?5?$CIWidth?5?$CL?51?$CJ?5?$CK?5In@ 000000000002b018     BasePrintLib:PrintLibInternal.obj
 0002:00002040       ??_C@_0BJ@PPAKKDJG@?$CIFormat?5?$CB?$DN?5?$CI?$CIvoid?5?$CK?$CJ?50?$CJ?$CJ@ 000000000002b040     BasePrintLib:PrintLibInternal.obj
 0002:00002060       ??_C@_0ED@LPDDCECB@?$CIBufferSize?5?$DM?$DN?5?$CI_gPcd_FixedAtBu@ 000000000002b060     BasePrintLib:PrintLibInternal.obj
 0002:000020b0       ??_C@_0IM@BFJJFLGB@?$CIStrnLenS?5?$CI?$CICHAR16?5?$CK?$CJFormat?0?5?$CI_@ 000000000002b0b0     BasePrintLib:PrintLibInternal.obj
 0002:00002140       ??_C@_0ID@PLGJGION@?$CIAsciiStrnLenS?5?$CIFormat?0?5?$CI_gPcd_@ 000000000002b140     BasePrintLib:PrintLibInternal.obj
 0002:000021c8       ??_C@_0O@MLOLIMFM@?$DMnull?5string?$DO@ 000000000002b1c8     BasePrintLib:PrintLibInternal.obj
 0002:000021d8       ??_C@_0M@BJJDNPHK@?$DMnull?5guid?$DO@ 000000000002b1d8     BasePrintLib:PrintLibInternal.obj
 0002:000021e8       ??_C@_0DB@PMLHLBMO@?$CF08x?9?$CF04x?9?$CF04x?9?$CF02x?$CF02x?9?$CF02x?$CF02@ 000000000002b1e8     BasePrintLib:PrintLibInternal.obj
 0002:00002220       ??_C@_0M@LHGBCIKM@?$DMnull?5time?$DO@ 000000000002b220     BasePrintLib:PrintLibInternal.obj
 0002:00002230       ??_C@_0BK@FCPKCIDD@?$CF02d?1?$CF02d?1?$CF04d?5?5?$CF02d?3?$CF02d@ 000000000002b230     BasePrintLib:PrintLibInternal.obj
 0002:0000224c       ??_C@_04JIMNDDED@?$CF08X@  000000000002b24c     BasePrintLib:PrintLibInternal.obj
 0002:00002254       ??_C@_02PCIJFNDE@?$AN?6@   000000000002b254     BasePrintLib:PrintLibInternal.obj
 0002:00002258       ??_C@_01LIIJDEN@?$AN@      000000000002b258     BasePrintLib:PrintLibInternal.obj
 0002:00002260       mWarningString             000000000002b260     BasePrintLib:PrintLibInternal.obj
 0002:00002330       mErrorString               000000000002b330     BasePrintLib:PrintLibInternal.obj
 0002:00002610       mHexStr                    000000000002b610     BasePrintLib:PrintLibInternal.obj
 0002:00002620       ??_C@_0BH@LKMBFCBF@Format?5?$CB?$DN?5?$CI?$CIvoid?5?$CK?$CJ?50?$CJ@ 000000000002b620     PeiDxeDebugLibReportStatusCode:DebugLib.obj
 0002:00002640       ??_C@_0FE@BEFIIBEL@D?3?2develop?2EDK2?2edk2?2MdeModuleP@ 000000000002b640     PeiDxeDebugLibReportStatusCode:DebugLib.obj
 0002:00002698       ??_C@_0CP@EFCGCEBK@?$CICHAR8?5?$CK?$CJBaseListMarkerPointer?5@ 000000000002b698     PeiDxeDebugLibReportStatusCode:DebugLib.obj
 0002:000026c8       ??_C@_01OHGJGJJP@?$FL@     000000000002b6c8     PeiDxeDebugLibReportStatusCode:DebugLib.obj
 0002:000026cc       ??_C@_02PBFOLPKM@?$FN?5@   000000000002b6cc     PeiDxeDebugLibReportStatusCode:DebugLib.obj
 0002:000026d0       ??_C@_0ED@MKGCMJG@?$CILength?5?9?51?$CJ?5?$DM?$DN?5?$CI0xFFFFFFFFFFFF@ 000000000002b6d0     BaseMemoryLib:CopyMemWrapper.obj
 0002:00002720       ??_C@_0ED@JLFCAFGL@D?3?2develop?2EDK2?2edk2?2MdePkg?2Lib@ 000000000002b720     BaseMemoryLib:CopyMemWrapper.obj
 0002:00002768       ??_C@_0DO@MAOBOFEG@?$CILength?5?9?51?$CJ?5?$DM?$DN?5?$CI0xFFFFFFFFFFFF@ 000000000002b768     BaseMemoryLib:CopyMemWrapper.obj
 0002:000027b0       ??_C@_0ED@CPPAGEKM@D?3?2develop?2EDK2?2edk2?2MdePkg?2Lib@ 000000000002b7b0     BaseMemoryLib:ZeroMemWrapper.obj
 0002:000027f8       ??_C@_0DG@EEENIGGL@Length?5?$DM?$DN?5?$CI0xFFFFFFFFFFFFFFFFUL@ 000000000002b7f8     BaseMemoryLib:ZeroMemWrapper.obj
 0002:00002830       ??_C@_0DI@DAGDPLPG@?$CILength?5?9?51?$CJ?5?$DM?$DN?5?$CI0xFFFFFFFFFFFF@ 000000000002b830     BaseMemoryLib:SetMemWrapper.obj
 0002:00002870       ??_C@_0FC@FCCEPMJI@D?3?2develop?2EDK2?2edk2?2MdePkg?2Lib@ 000000000002b870     UefiMemoryAllocationLib:MemoryAllocationLib.obj
 0002:000028c8       ??_C@_0DO@GEEICOOO@AllocationSize?5?$DM?$DN?5?$CI0xFFFFFFFFFF@ 000000000002b8c8     UefiMemoryAllocationLib:MemoryAllocationLib.obj
 0002:00002908       ??_C@_0BH@MAAHKCPC@String?5?$CB?$DN?5?$CI?$CIvoid?5?$CK?$CJ?50?$CJ@ 000000000002b908     BaseLib:String.obj
 0002:00002920       ??_C@_0DF@EAHDDLM@D?3?2develop?2EDK2?2edk2?2MdePkg?2Lib@ 000000000002b920     BaseLib:String.obj
 0002:00002958       ??_C@_0CC@GFNLNIOC@?$CI?$CIUINTN?$CJString?5?$CG?50x00000001?$CJ?5?$DN?$DN@ 000000000002b958     BaseLib:String.obj
 0002:00002980       ??_C@_0DK@EOJCOAME@Length?5?$DM?5_gPcd_FixedAtBuild_Pcd@ 000000000002b980     BaseLib:String.obj
 0002:000029c0       ??_C@_0BL@JAAMOCAJ@StrSize?5?$CIFirstString?$CJ?5?$CB?$DN?50@ 000000000002b9c0     BaseLib:String.obj
 0002:000029e0       ??_C@_0BM@DALBOILC@StrSize?5?$CISecondString?$CJ?5?$CB?$DN?50@ 000000000002b9e0     BaseLib:String.obj
 0002:00002a00       ??_C@_0DL@LFIMEMJP@Length?5?$DM?$DN?5_gPcd_FixedAtBuild_Pc@ 000000000002ba00     BaseLib:String.obj
 0002:00002a40       ??_C@_0BG@KBNOLIGE@StrSize?5?$CIString?$CJ?5?$CB?$DN?50@ 000000000002ba40     BaseLib:String.obj
 0002:00002a58       ??_C@_0BM@NNBLOHJD@StrSize?5?$CISearchString?$CJ?5?$CB?$DN?50@ 000000000002ba58     BaseLib:String.obj
 0002:00002a78       ??_C@_0DI@MDIKFADO@Length?5?$DM?5_gPcd_FixedAtBuild_Pcd@ 000000000002ba78     BaseLib:String.obj
 0002:00002ab0       ??_C@_0BL@IKFBNFIL@AsciiStrSize?5?$CIFirstString?$CJ@ 000000000002bab0     BaseLib:String.obj
 0002:00002ad0       ??_C@_0BM@EDNOKLLE@AsciiStrSize?5?$CISecondString?$CJ@ 000000000002bad0     BaseLib:String.obj
 0002:00002af0       ??_C@_0DJ@JJHGIFMP@Length?5?$DM?$DN?5_gPcd_FixedAtBuild_Pc@ 000000000002baf0     BaseLib:String.obj
 0002:00002b30       ??_C@_0DJ@DNFJNBOO@D?3?2develop?2EDK2?2edk2?2MdePkg?2Lib@ 000000000002bb30     BaseLib:SafeString.obj
 0002:00002b70       ??_C@_0CH@LALFPBMC@?$CI?$CIUINTN?$CJDestination?5?$CG?50x0000000@ 000000000002bb70     BaseLib:SafeString.obj
 0002:00002b98       ??_C@_0CC@HEBCMBPF@?$CI?$CIUINTN?$CJSource?5?$CG?50x00000001?$CJ?5?$DN?$DN@ 000000000002bb98     BaseLib:SafeString.obj
 0002:00002bc0       ??_C@_0BO@ECNIOIHG@?$CIDestination?5?$CB?$DN?5?$CI?$CIvoid?5?$CK?$CJ?50?$CJ?$CJ@ 000000000002bbc0     BaseLib:SafeString.obj
 0002:00002be0       ??_C@_07KBGDFDAM@StrCpyS@  000000000002bbe0     BaseLib:SafeString.obj
 0002:00002bf0       ??_C@_0EA@PDPDJJNN@?$CFa?$CI?$CFd?$CJ?5?$CFa?3?5SAFE_STRING_CONSTRAI@ 000000000002bbf0     BaseLib:SafeString.obj
 0002:00002c30       ??_C@_0BJ@EAEEJIP@?$CISource?5?$CB?$DN?5?$CI?$CIvoid?5?$CK?$CJ?50?$CJ?$CJ@ 000000000002bc30     BaseLib:SafeString.obj
 0002:00002c50       ??_C@_0EA@BBALOHPI@?$CIDestMax?5?$DM?$DN?5?$CI_gPcd_FixedAtBuild@ 000000000002bc50     BaseLib:SafeString.obj
 0002:00002c90       ??_C@_0P@PMIMLIHM@?$CIDestMax?5?$CB?$DN?50?$CJ@ 000000000002bc90     BaseLib:SafeString.obj
 0002:00002ca0       ??_C@_0BG@EEGIIOKH@?$CIDestMax?5?$DO?5SourceLen?$CJ@ 000000000002bca0     BaseLib:SafeString.obj
 0002:00002cc0       ??_C@_0FH@PPBLBDBJ@InternalSafeStringNoStrOverlap?5@ 000000000002bcc0     BaseLib:SafeString.obj
 0002:00002d18       ??_C@_08INOAHJON@StrnCpyS@ 000000000002bd18     BaseLib:SafeString.obj
 0002:00002d28       ??_C@_0DP@PBOJGJC@?$CILength?5?$DM?$DN?5?$CI_gPcd_FixedAtBuild_@ 000000000002bd28     BaseLib:SafeString.obj
 0002:00002d68       ??_C@_07EBBOPAKF@StrCatS@  000000000002bd68     BaseLib:SafeString.obj
 0002:00002d70       ??_C@_0P@BHOOOJPD@?$CICopyLen?5?$CB?$DN?50?$CJ@ 000000000002bd70     BaseLib:SafeString.obj
 0002:00002d80       ??_C@_0BG@BPGICNPK@?$CICopyLen?5?$DO?5SourceLen?$CJ@ 000000000002bd80     BaseLib:SafeString.obj
 0002:00002d98       ??_C@_08GNJNNKEE@StrnCatS@ 000000000002bd98     BaseLib:SafeString.obj
 0002:00002da8       ??_C@_0BJ@MBBOBCLN@?$CIString?5?$CB?$DN?5?$CI?$CIvoid?5?$CK?$CJ?50?$CJ?$CJ@ 000000000002bda8     BaseLib:SafeString.obj
 0002:00002dc8       ??_C@_0BH@JPMEDPAI@?$CIData?5?$CB?$DN?5?$CI?$CIvoid?5?$CK?$CJ?50?$CJ?$CJ@ 000000000002bdc8     BaseLib:SafeString.obj
 0002:00002de0       ??_C@_0IC@CFBPEAPC@?$CIStrnLenS?5?$CIString?0?5?$CI_gPcd_Fixed@ 000000000002bde0     BaseLib:SafeString.obj
 0002:00002e68       ??_C@_0BA@PLPLKCD@StrHexToUint64S@ 000000000002be68     BaseLib:SafeString.obj
 0002:00002e78       ??_C@_0DO@LJFOOPII@?$CIDestMax?5?$DM?$DN?5?$CI_gPcd_FixedAtBuild@ 000000000002be78     BaseLib:SafeString.obj
 0002:00002ec0       ??_C@_0FL@CDANCHFO@InternalSafeStringNoAsciiStrOve@ 000000000002bec0     BaseLib:SafeString.obj
 0002:00002f20       ??_C@_0O@DIHNCLLG@AsciiStrnCpyS@ 000000000002bf20     BaseLib:SafeString.obj
 0002:00002f30       ??_C@_0DN@DLAADCJE@?$CILength?5?$DM?$DN?5?$CI_gPcd_FixedAtBuild_@ 000000000002bf30     BaseLib:SafeString.obj
 0002:00002f70       ??_C@_0DI@MBLLHEOH@D?3?2develop?2EDK2?2edk2?2MdePkg?2Lib@ 000000000002bf70     BaseLib:Unaligned.obj
 0002:00002fa8       ??_C@_0L@MEMPDLHB@Count?5?$DM?564@ 000000000002bfa8     BaseLib:LShiftU64.obj
 0002:00002fb8       ??_C@_0DI@FAGDBCDM@D?3?2develop?2EDK2?2edk2?2MdePkg?2Lib@ 000000000002bfb8     BaseLib:LShiftU64.obj
 0002:00002ff0       ??_C@_0N@KGHEHMDL@Divisor?5?$CB?$DN?50@ 000000000002bff0     BaseLib:DivU64x32Remainder.obj
 0002:00003000       ??_C@_0EB@NJAKFAEH@D?3?2develop?2EDK2?2edk2?2MdePkg?2Lib@ 000000000002c000     BaseLib:DivU64x32Remainder.obj
 0002:00003048       ??_C@_0DI@LFEKCMNO@D?3?2develop?2EDK2?2edk2?2MdePkg?2Lib@ 000000000002c048     BaseLib:RShiftU64.obj
 0002:00003080       ??_C@_0DH@FCEMGDBN@D?3?2develop?2EDK2?2edk2?2MdePkg?2Lib@ 000000000002c080     BaseLib:BitField.obj
 0002:000030b8       ??_C@_0BD@JDBPFJOM@StartBit?5?$DM?$DN?5EndBit@ 000000000002c0b8     BaseLib:BitField.obj
 0002:000030d0       ??_C@_0M@NJLBHEFK@EndBit?5?$DM?532@ 000000000002c0d0     BaseLib:BitField.obj
 0002:000030e0       ??_C@_0BN@COECPDCC@gImageHandle?5?$CB?$DN?5?$CI?$CIvoid?5?$CK?$CJ?50?$CJ@ 000000000002c0e0     UefiBootServicesTableLib:UefiBootServicesTableLib.obj
 0002:00003100       ??_C@_0FI@GPPFIFID@D?3?2develop?2EDK2?2edk2?2MdePkg?2Lib@ 000000000002c100     UefiBootServicesTableLib:UefiBootServicesTableLib.obj
 0002:00003158       ??_C@_0BE@DGNHAHIL@gST?5?$CB?$DN?5?$CI?$CIvoid?5?$CK?$CJ?50?$CJ@ 000000000002c158     UefiBootServicesTableLib:UefiBootServicesTableLib.obj
 0002:00003170       ??_C@_0BE@BDFJLGLN@gBS?5?$CB?$DN?5?$CI?$CIvoid?5?$CK?$CJ?50?$CJ@ 000000000002c170     UefiBootServicesTableLib:UefiBootServicesTableLib.obj
 0002:00003188       ??_C@_0BE@OBDFIHND@gRT?5?$CB?$DN?5?$CI?$CIvoid?5?$CK?$CJ?50?$CJ@ 000000000002c188     UefiRuntimeServicesTableLib:UefiRuntimeServicesTableLib.obj
 0002:000031a0       ??_C@_0FO@FKLKMJDF@D?3?2develop?2EDK2?2edk2?2MdePkg?2Lib@ 000000000002c1a0     UefiRuntimeServicesTableLib:UefiRuntimeServicesTableLib.obj
 0002:00003200       ??_C@_0FC@DLFLKFFJ@D?3?2develop?2EDK2?2edk2?2MdeModuleP@ 000000000002c200     UefiHiiServicesLib:UefiHiiServicesLib.obj
 0002:00003258       ??_C@_0DG@PLINABMB@D?3?2develop?2EDK2?2edk2?2MdePkg?2Lib@ 000000000002c258     UefiLib:UefiLib.obj
 0002:00003290       ??_C@_0EG@GOBFPEEP@Name?5?$CB?$DN?5?$CI?$CIvoid?5?$CK?$CJ?50?$CJ?5?$CG?$CG?5Guid?5?$CB?$DN@ 000000000002c290     UefiLib:UefiLib.obj
 0002:000032d8       ??_C@_0BH@FMEOEIBC@?$CKValue?5?$CB?$DN?5?$CI?$CIvoid?5?$CK?$CJ?50?$CJ@ 000000000002c2d8     UefiLib:UefiLib.obj
 0002:000032f0       ??_C@_0CD@OLFKAJF@SupportedLanguages?5?$CB?$DN?5?$CI?$CIvoid?5?$CK?$CJ@ 000000000002c2f0     UefiLib:UefiLib.obj
 0002:00003318       ??_C@_0BD@BHENKNKP@NumberOfLines?5?$CB?$DN?50@ 000000000002c318     UefiLib:Console.obj
 0002:00003330       ??_C@_0DG@IAFHGCJE@D?3?2develop?2EDK2?2edk2?2MdePkg?2Lib@ 000000000002c330     UefiLib:Console.obj
 0002:00003368       ??_C@_0P@ICDOOCHP@MaxLength?5?$CB?$DN?50@ 000000000002c368     UefiLib:Console.obj
 0002:00003378       ??_C@_0BF@DMEONNDO@Line?5?$CB?$DN?5?$CI?$CIvoid?5?$CK?$CJ?50?$CJ@ 000000000002c378     UefiLib:Console.obj
 0002:00003390       ??_C@_0BK@IHAIHFJE@TmpString?5?$CB?$DN?5?$CI?$CIvoid?5?$CK?$CJ?50?$CJ@ 000000000002c390     UefiLib:Console.obj
 0002:000033b0       ??_C@_17LGKOMLJ@?$AA?4?$AA?4?$AA?4@ 000000000002c3b0     UefiLib:Console.obj
 0002:000033b8       ??_C@_0BK@KLJHMMPJ@HiiHandle?5?$CB?$DN?5?$CI?$CIvoid?5?$CK?$CJ?50?$CJ@ 000000000002c3b8     UefiHiiLib:HiiString.obj
 0002:000033e0       ??_C@_0EB@KCHLIKEJ@D?3?2develop?2EDK2?2edk2?2MdeModuleP@ 000000000002c3e0     UefiHiiLib:HiiString.obj
 0002:00003424       ??_C@_06PLDEFKP@x?9UEFI@   000000000002c424     UefiHiiLib:HiiString.obj
 0002:00003430       ??_C@_0CA@OEKIMLLB@PackageListGuid?5?$CB?$DN?5?$CI?$CIvoid?5?$CK?$CJ?50?$CJ@ 000000000002c430     UefiHiiLib:HiiString.obj
 0002:00003450       ??_C@_0O@EMMLPDMJ@StringId?5?$CB?$DN?50@ 000000000002c450     UefiHiiLib:HiiString.obj
 0002:00003460       ??_C@_0DA@MAJHLAPK@?$CB?$CI?$CBTryBestLanguage?5?$CG?$CG?5Language?5@ 000000000002c460     UefiHiiLib:HiiString.obj
 0002:00003490       ??_C@_1BK@GGGENMOA@?$AAP?$AAl?$AAa?$AAt?$AAf?$AAo?$AAr?$AAm?$AAL?$AAa?$AAn?$AAg@ 000000000002c490     UefiHiiLib:HiiString.obj
 0002:000034aa       ??_C@_00CNPNBAHC@@         000000000002c4aa     UefiHiiLib:HiiString.obj
 0002:000034b0       ??_C@_0BF@PEDOPNMP@Guid?5?$CB?$DN?5?$CI?$CIvoid?5?$CK?$CJ?50?$CJ@ 000000000002c4b0     UefiHiiLib:HiiLib.obj
 0002:000034c8       ??_C@_0DO@KBNMBPDE@D?3?2develop?2EDK2?2edk2?2MdeModuleP@ 000000000002c4c8     UefiHiiLib:HiiLib.obj
 0002:00003508       ??_C@_0BH@OOIJJHNK@Handle?5?$CB?$DN?5?$CI?$CIvoid?5?$CK?$CJ?50?$CJ@ 000000000002c508     UefiHiiLib:HiiLib.obj
 0002:00003520       ??_C@_0DK@MCEDFOEJ@Status?5?$CB?$DN?5?$CI?$CIRETURN_STATUS?$CJ?$CI0x80@ 000000000002c520     UefiHiiLib:HiiLib.obj
 0002:00003560       ??_C@_0BP@JFMDNGDC@HiiPackageList?5?$CB?$DN?5?$CI?$CIvoid?5?$CK?$CJ?50?$CJ@ 000000000002c560     UefiHiiLib:HiiLib.obj
 0002:00003580       ??_C@_0BN@EHPNHAIF@ConfigString?5?$CB?$DN?5?$CI?$CIvoid?5?$CK?$CJ?50?$CJ@ 000000000002c580     UefiHiiLib:HiiLib.obj
 0002:000035a0       ??_C@_0BG@MJAHJKJ@Block?5?$CB?$DN?5?$CI?$CIvoid?5?$CK?$CJ?50?$CJ@ 000000000002c5a0     UefiHiiLib:HiiLib.obj
 0002:000035b8       ??_C@_1M@DPLGJLCD@?$AAG?$AAU?$AAI?$AAD?$AA?$DN@ 000000000002c5b8     UefiHiiLib:HiiLib.obj
 0002:000035c8       ??_C@_1O@FMIENBLJ@?$AA?$CG?$AAN?$AAA?$AAM?$AAE?$AA?$DN@ 000000000002c5c8     UefiHiiLib:HiiLib.obj
 0002:000035d8       ??_C@_1O@GGMHNGIF@?$AA?$CG?$AAP?$AAA?$AAT?$AAH?$AA?$DN@ 000000000002c5d8     UefiHiiLib:HiiLib.obj
 0002:000035f0       ??_C@_0FI@NDDLGLPI@ValueString?5?$CB?$DN?5?$CI?$CIvoid?5?$CK?$CJ?50?$CJ?5?$CG?$CG?5@ 000000000002c5f0     UefiHiiLib:HiiLib.obj
 0002:00003648       ??_C@_0BG@ECGLAKOM@?$CKValueString?5?$CB?$DN?5L?8?20?8@ 000000000002c648     UefiHiiLib:HiiLib.obj
 0002:00003660       ??_C@_0BK@OHHEMHCC@StringPtr?5?$CB?$DN?5?$CI?$CIvoid?5?$CK?$CJ?50?$CJ@ 000000000002c660     UefiHiiLib:HiiLib.obj
 0002:00003680       ??_C@_0BN@KBJONALB@QuestionName?5?$CB?$DN?5?$CI?$CIvoid?5?$CK?$CJ?50?$CJ@ 000000000002c680     UefiHiiLib:HiiLib.obj
 0002:000036a0       ??_C@_0BN@EDNMDGLC@IfrOneOfOption?9?$DOType?5?$DM?$DN?50x03@ 000000000002c6a0     UefiHiiLib:HiiLib.obj
 0002:000036c0       ??_C@_1BC@KLGPJAMP@?$AA?$CG?$AAO?$AAF?$AAF?$AAS?$AAE?$AAT?$AA?$DN@ 000000000002c6c0     UefiHiiLib:HiiLib.obj
 0002:000036d8       ??_C@_1M@PJAPFKED@?$AAP?$AAA?$AAT?$AAH?$AA?$DN@ 000000000002c6d8     UefiHiiLib:HiiLib.obj
 0002:000036e8       ??_C@_0BL@MKDFFADJ@TmpRequest?5?$CB?$DN?5?$CI?$CIvoid?5?$CK?$CJ?50?$CJ@ 000000000002c6e8     UefiHiiLib:HiiLib.obj
 0002:00003708       ??_C@_1BC@JFJKDJKC@?$AA?$CG?$AAA?$AAL?$AAT?$AAC?$AAF?$AAG?$AA?$DN@ 000000000002c708     UefiHiiLib:HiiLib.obj
 0002:00003720       ??_C@_1M@COKHDCDN@?$AA?$CG?$AAG?$AAU?$AAI?$AAD@ 000000000002c720     UefiHiiLib:HiiLib.obj
 0002:00003730       ??_C@_0BM@LENJOOBF@FirstString?5?$CB?$DN?5?$CI?$CIvoid?5?$CK?$CJ?50?$CJ@ 000000000002c730     UefiHiiLib:HiiLib.obj
 0002:00003750       ??_C@_0BN@CGMEJHHH@SecondString?5?$CB?$DN?5?$CI?$CIvoid?5?$CK?$CJ?50?$CJ@ 000000000002c750     UefiHiiLib:HiiLib.obj
 0002:00003770       ??_C@_0CC@BCKDEPBB@StartSearchString?5?$CB?$DN?5?$CI?$CIvoid?5?$CK?$CJ?5@ 000000000002c770     UefiHiiLib:HiiLib.obj
 0002:00003798       ??_C@_0CB@NPMPBLHL@StopSearchString?5?$CB?$DN?5?$CI?$CIvoid?5?$CK?$CJ?50@ 000000000002c798     UefiHiiLib:HiiLib.obj
 0002:000037c0       ??_C@_0BK@LFDBOAFJ@ConfigHdr?5?$CB?$DN?5?$CI?$CIvoid?5?$CK?$CJ?50?$CJ@ 000000000002c7c0     UefiHiiLib:HiiLib.obj
 0002:000037e0       ??_C@_1M@IDEFLMF@?$AA?$CF?$AAs?$AA?$CG?$AA?$CF?$AAs@ 000000000002c7e0     UefiHiiLib:HiiLib.obj
 0002:000037f0       ??_C@_19LJDFFCJJ@?$AA?$CF?$AAs?$AA?$CF?$AAs@ 000000000002c7f0     UefiHiiLib:HiiLib.obj
 0002:00003800       ??_C@_0BN@OKKMNGPH@OpCodeHandle?5?$CB?$DN?5?$CI?$CIvoid?5?$CK?$CJ?50?$CJ@ 000000000002c800     UefiHiiLib:HiiLib.obj
 0002:00003820       ??_C@_0BP@IOABAFLF@OpCodeTemplate?5?$CB?$DN?5?$CI?$CIvoid?5?$CK?$CJ?50?$CJ@ 000000000002c820     UefiHiiLib:HiiLib.obj
 0002:00003840       ??_C@_0CF@DPHCOLMP@?$CIOpCodeSize?5?$CL?5ExtensionSize?$CJ?5?$DM?$DN@ 000000000002c840     UefiHiiLib:HiiLib.obj
 0002:00003868       ??_C@_0BK@JGHNIOOD@RawBuffer?5?$CB?$DN?5?$CI?$CIvoid?5?$CK?$CJ?50?$CJ@ 000000000002c868     UefiHiiLib:HiiLib.obj
 0002:00003888       ??_C@_0CA@JCKPEJCB@RawOpCodeHandle?5?$CB?$DN?5?$CI?$CIvoid?5?$CK?$CJ?50?$CJ@ 000000000002c888     UefiHiiLib:HiiLib.obj
 0002:000038a8       ??_C@_0M@HDMCLEDO@Type?5?$DM?50x08@ 000000000002c8a8     UefiHiiLib:HiiLib.obj
 0002:000038b8       ??_C@_0BO@EOOMICLP@OpCodeSize?5?$DO?$DN?5sizeof?5?$CIOpCode?$CJ@ 000000000002c8b8     UefiHiiLib:HiiLib.obj
 0002:000038d8       ??_C@_0CP@JCOCHGHI@?$CIQuestionFlags?5?$CG?5?$CI?$HO?$CI0x01?5?$HM?50x04@ 000000000002c8d8     UefiHiiLib:HiiLib.obj
 0002:00003908       ??_C@_0DG@CGCLKNEF@?$CIQuestionFlags?5?$CG?5?$CI?$HO?$CI0x01?5?$HM?50x04@ 000000000002c908     UefiHiiLib:HiiLib.obj
 0002:00003940       ??_C@_0DN@DNMIONI@?$CIQuestionFlags?5?$CG?5?$CI?$HO?$CI0x01?5?$HM?50x04@ 000000000002c940     UefiHiiLib:HiiLib.obj
 0002:00003980       ??_C@_0DC@HAJODJNH@?$CIDateFlags?5?$CG?5?$CI?$HO?$CI0x01?5?$HM?50x02?5?$HM?50@ 000000000002c980     UefiHiiLib:HiiLib.obj
 0002:000039b8       ??_C@_0DC@GLKJHANB@?$CITimeFlags?5?$CG?5?$CI?$HO?$CI0x01?5?$HM?50x02?5?$HM?50@ 000000000002c9b8     UefiHiiLib:HiiLib.obj
 0002:000039f0       mConfigHdrTemplate         000000000002c9f0     UefiHiiLib:HiiLib.obj
 0002:00003a60       mHiiDefaultTypeToWidth     000000000002ca60     UefiHiiLib:HiiLib.obj
 0002:00003a68       mEndOfPakageList           000000000002ca68     UefiHiiLib:HiiLib.obj
 0002:00003a70       ??_C@_0ED@DACKPILM@D?3?2develop?2EDK2?2edk2?2MdeModuleP@ 000000000002ca70     UefiHiiLib:HiiLanguage.obj
[...]
 0005:00000008       $unwind$StrStr             0000000000038008     BaseLib:String.obj
 0005:00000008       $unwind$SPrintLength       0000000000038008     BasePrintLib:PrintLib.obj
 0005:00000008       $unwind$CatIPv4Address     0000000000038008     UefiDevicePathLib:DevicePathToText.obj
 0005:00000008       $unwind$_ModuleEntryPoint  0000000000038008     UefiDriverEntryPoint:DriverEntryPoint.obj
 0005:00000010       $unwind$HiiSetToDefaults   0000000000038010     UefiHiiLib:HiiLib.obj
 0005:00000010       $unwind$ProcessModuleEntryPointList 0000000000038010     DriverSample:AutoGen.obj
 0005:00000010       $unwind$LShiftU64          0000000000038010     BaseLib:LShiftU64.obj
 0005:00000010       $unwind$InsertTailList     0000000000038010     BaseLib:LinkedList.obj
 0005:00000010       $unwind$RShiftU64          0000000000038010     BaseLib:RShiftU64.obj
 0005:00000010       $unwind$WriteUnaligned64   0000000000038010     BaseLib:Unaligned.obj
 0005:00000010       $unwind$InternalMemZeroMem 0000000000038010     BaseMemoryLib:MemLibGeneric.obj
 0005:00000010       $unwind$CopyGuid           0000000000038010     BaseMemoryLib:MemLibGuid.obj
 0005:00000010       $unwind$ZeroMem            0000000000038010     BaseMemoryLib:ZeroMemWrapper.obj
 0005:00000010       $unwind$UefiBootServicesTableLibConstructor 0000000000038010     UefiBootServicesTableLib:UefiBootServicesTableLib.obj
 0005:00000010       $unwind$CatNetworkProtocol 0000000000038010     UefiDevicePathLib:DevicePathToText.obj
 0005:00000010       $unwind$AllocateCopyPool   0000000000038010     UefiMemoryAllocationLib:MemoryAllocationLib.obj
 0005:00000010       $unwind$UefiRuntimeServicesTableLibConstructor 0000000000038010     UefiRuntimeServicesTableLib:UefiRuntimeServicesTableLib.obj
 0005:00000018       $unwind$HiiValidateSettings 0000000000038018     UefiHiiLib:HiiLib.obj
 0005:00000018       $unwind$ProcessModuleUnloadList 0000000000038018     DriverSample:AutoGen.obj
 0005:00000018       $unwind$NotificationFunction 0000000000038018     DriverSample:DriverSample.obj
 0005:00000018       $unwind$InitializeListHead 0000000000038018     BaseLib:LinkedList.obj
 0005:00000018       $unwind$RemoveEntryList    0000000000038018     BaseLib:LinkedList.obj
 0005:00000018       $unwind$AsciiStrSize       0000000000038018     BaseLib:String.obj
 0005:00000018       $unwind$InternalHexCharToUintn 0000000000038018     BaseLib:String.obj
 0005:00000018       $unwind$StrSize            0000000000038018     BaseLib:String.obj
 0005:00000018       $unwind$ReadUnaligned16    0000000000038018     BaseLib:Unaligned.obj
 0005:00000018       $unwind$ReadUnaligned32    0000000000038018     BaseLib:Unaligned.obj
 0005:00000018       $unwind$ReadUnaligned64    0000000000038018     BaseLib:Unaligned.obj
 0005:00000018       $unwind$DevicePathNodeLength 0000000000038018     UefiDevicePathLib:DevicePathUtilities.obj
 0005:00000018       $unwind$DevicePathSubType  0000000000038018     UefiDevicePathLib:DevicePathUtilities.obj
 0005:00000018       $unwind$DevicePathType     0000000000038018     UefiDevicePathLib:DevicePathUtilities.obj
 0005:00000018       $unwind$NextDevicePathNode 0000000000038018     UefiDevicePathLib:DevicePathUtilities.obj
 0005:00000018       $unwind$GetDevicePathSize  0000000000038018     UefiDevicePathLib:UefiDevicePathLib.obj
 0005:00000018       $unwind$AllocatePool       0000000000038018     UefiMemoryAllocationLib:MemoryAllocationLib.obj
 0005:00000018       $unwind$AllocateZeroPool   0000000000038018     UefiMemoryAllocationLib:MemoryAllocationLib.obj
 0005:00000020       $unwind$SetArrayData       0000000000038020     DriverSample:DriverSample.obj
 0005:00000020       $unwind$InternalReallocatePool 0000000000038020     UefiMemoryAllocationLib:MemoryAllocationLib.obj
 0005:00000028       $unwind$InternalStartMonitor 0000000000038028     DriverSample:DriverSample.obj
 0005:00000028       $unwind$InternalStopMonitor 0000000000038028     DriverSample:DriverSample.obj
 0005:00000038       $unwind$GetValueOfNumber   0000000000038038     DriverSample:DriverSample.obj
 0005:00000038       $unwind$InternalMemCopyMem 0000000000038038     BaseMemoryLib:CopyMem.obj
 0005:00000040       $unwind$CreateAltCfgString 0000000000038040     DriverSample:DriverSample.obj
 0005:00000040       $unwind$AsciiStrnCpyS      0000000000038040     BaseLib:SafeString.obj
 0005:00000040       $unwind$StrnCpyS           0000000000038040     BaseLib:SafeString.obj
 0005:00000040       $unwind$DevPathToTextAtapi 0000000000038040     UefiDevicePathLib:DevicePathToText.obj
 0005:00000040       $unwind$DevPathToTextBluetooth 0000000000038040     UefiDevicePathLib:DevicePathToText.obj
 0005:00000040       $unwind$DevPathToTextInfiniBand 0000000000038040     UefiDevicePathLib:DevicePathToText.obj
 0005:00000040       $unwind$DevPathToTextUsbWWID 0000000000038040     UefiDevicePathLib:DevicePathToText.obj
 0005:00000040       $unwind$DevPathToTextiSCSI 0000000000038040     UefiDevicePathLib:DevicePathToText.obj
 0005:00000048       $unwind$AppendAltCfgString 0000000000038048     DriverSample:DriverSample.obj
 0005:00000050       $unwind$ExtractConfig      0000000000038050     DriverSample:DriverSample.obj
 0005:00000058       $unwind$RouteConfig        0000000000038058     DriverSample:DriverSample.obj
 0005:00000068       $unwind$DriverCallback     0000000000038068     DriverSample:DriverSample.obj
 0005:00000070       $unwind$DriverSampleInit   0000000000038070     DriverSample:DriverSample.obj
 0005:00000080       $unwind$DriverSampleUnload 0000000000038080     DriverSample:DriverSample.obj
 0005:00000088       $unwind$BitFieldRead32     0000000000038088     BaseLib:BitField.obj
 0005:00000088       $unwind$DivU64x32Remainder 0000000000038088     BaseLib:DivU64x32Remainder.obj
 0005:00000088       $unwind$ConvertDevicePathToText 0000000000038088     UefiDevicePathLib:UefiDevicePathLib.obj
 0005:00000090       $unwind$InternalHiiExtractGuidFromHiiHandle 0000000000038090     UefiHiiLib:HiiLib.obj
 0005:00000090       $unwind$IsNodeInList       0000000000038090     BaseLib:LinkedList.obj
 0005:00000090       $unwind$IsDevicePathValid  0000000000038090     UefiDevicePathLib:DevicePathUtilities.obj
 0005:00000098       $unwind$DebugPrint         0000000000038098     PeiDxeDebugLibReportStatusCode:DebugLib.obj
 0005:00000098       $unwind$InternalHiiCreateOpCode 0000000000038098     UefiHiiLib:HiiLib.obj
 0005:00000098       $unwind$InternalHiiCreateOpCodeExtended 0000000000038098     UefiHiiLib:HiiLib.obj
 0005:00000098       $unwind$InternalSafeStringNoAsciiStrOverlap 0000000000038098     BaseLib:SafeString.obj
 0005:00000098       $unwind$InternalSafeStringNoStrOverlap 0000000000038098     BaseLib:SafeString.obj
 0005:00000098       $unwind$UnicodeSPrint      0000000000038098     BasePrintLib:PrintLib.obj
 0005:00000098       $unwind$UnicodeVSPrint     0000000000038098     BasePrintLib:PrintLib.obj
 0005:00000098       $unwind$UnicodeValueToStringS 0000000000038098     BasePrintLib:PrintLib.obj
 0005:00000098       $unwind$DevPathRelativeOffsetRange 0000000000038098     UefiDevicePathLib:DevicePathToText.obj
 0005:00000098       $unwind$DevPathToText1394  0000000000038098     UefiDevicePathLib:DevicePathToText.obj
 0005:00000098       $unwind$DevPathToTextAcpi  0000000000038098     UefiDevicePathLib:DevicePathToText.obj
 0005:00000098       $unwind$DevPathToTextBmc   0000000000038098     UefiDevicePathLib:DevicePathToText.obj
 0005:00000098       $unwind$DevPathToTextController 0000000000038098     UefiDevicePathLib:DevicePathToText.obj
 0005:00000098       $unwind$DevPathToTextDns   0000000000038098     UefiDevicePathLib:DevicePathToText.obj
 0005:00000098       $unwind$DevPathToTextEmmc  0000000000038098     UefiDevicePathLib:DevicePathToText.obj
 0005:00000098       $unwind$DevPathToTextFibre 0000000000038098     UefiDevicePathLib:DevicePathToText.obj
 0005:00000098       $unwind$DevPathToTextFibreEx 0000000000038098     UefiDevicePathLib:DevicePathToText.obj
 0005:00000098       $unwind$DevPathToTextFilePath 0000000000038098     UefiDevicePathLib:DevicePathToText.obj
 0005:00000098       $unwind$DevPathToTextFv    0000000000038098     UefiDevicePathLib:DevicePathToText.obj
 0005:00000098       $unwind$DevPathToTextFvFile 0000000000038098     UefiDevicePathLib:DevicePathToText.obj
 0005:00000098       $unwind$DevPathToTextI2O   0000000000038098     UefiDevicePathLib:DevicePathToText.obj
 0005:00000098       $unwind$DevPathToTextIPv4  0000000000038098     UefiDevicePathLib:DevicePathToText.obj
 0005:00000098       $unwind$DevPathToTextIPv6  0000000000038098     UefiDevicePathLib:DevicePathToText.obj
 0005:00000098       $unwind$DevPathToTextLogicalUnit 0000000000038098     UefiDevicePathLib:DevicePathToText.obj
 0005:00000098       $unwind$DevPathToTextMediaProtocol 0000000000038098     UefiDevicePathLib:DevicePathToText.obj
 0005:00000098       $unwind$DevPathToTextPccard 0000000000038098     UefiDevicePathLib:DevicePathToText.obj
 0005:00000098       $unwind$DevPathToTextPci   0000000000038098     UefiDevicePathLib:DevicePathToText.obj
 0005:00000098       $unwind$DevPathToTextScsi  0000000000038098     UefiDevicePathLib:DevicePathToText.obj
 0005:00000098       $unwind$DevPathToTextSd    0000000000038098     UefiDevicePathLib:DevicePathToText.obj
 0005:00000098       $unwind$DevPathToTextUfs   0000000000038098     UefiDevicePathLib:DevicePathToText.obj
 0005:00000098       $unwind$DevPathToTextUsb   0000000000038098     UefiDevicePathLib:DevicePathToText.obj
 0005:00000098       $unwind$DevPathToTextVlan  0000000000038098     UefiDevicePathLib:DevicePathToText.obj
 0005:00000098       $unwind$UefiDevicePathLibCatPrint 0000000000038098     UefiDevicePathLib:DevicePathToText.obj
 0005:000000a0       $unwind$InternalHiiCompareSubString 00000000000380a0     UefiHiiLib:HiiLib.obj
 0005:000000a0       $unwind$BasePrintLibSPrint 00000000000380a0     BasePrintLib:PrintLibInternal.obj
 0005:000000a0       $unwind$DevPathToTextAcpiAdr 00000000000380a0     UefiDevicePathLib:DevicePathToText.obj
 0005:000000a0       $unwind$DevPathToTextBBS   00000000000380a0     UefiDevicePathLib:DevicePathToText.obj
 0005:000000a0       $unwind$DevPathToTextCDROM 00000000000380a0     UefiDevicePathLib:DevicePathToText.obj
 0005:000000a0       $unwind$DevPathToTextHardDrive 00000000000380a0     UefiDevicePathLib:DevicePathToText.obj
 0005:000000a0       $unwind$DevPathToTextMacAddr 00000000000380a0     UefiDevicePathLib:DevicePathToText.obj
 0005:000000a0       $unwind$DevPathToTextMemMap 00000000000380a0     UefiDevicePathLib:DevicePathToText.obj
 0005:000000a0       $unwind$DevPathToTextNodeGeneric 00000000000380a0     UefiDevicePathLib:DevicePathToText.obj
 0005:000000a0       $unwind$DevPathToTextSata  00000000000380a0     UefiDevicePathLib:DevicePathToText.obj
 0005:000000a0       $unwind$DevPathToTextUart  00000000000380a0     UefiDevicePathLib:DevicePathToText.obj
 0005:000000a0       $unwind$DevPathToTextUri   00000000000380a0     UefiDevicePathLib:DevicePathToText.obj
 0005:000000a0       $unwind$GetVariable2       00000000000380a0     UefiLib:UefiLib.obj
 0005:000000a8       $unwind$InternalHiiValidateCurrentSetting 00000000000380a8     UefiHiiLib:HiiLib.obj
 0005:000000a8       $unwind$HiiGetStringEx     00000000000380a8     UefiHiiLib:HiiString.obj
 0005:000000a8       $unwind$DevPathToTextVendor 00000000000380a8     UefiDevicePathLib:DevicePathToText.obj
 0005:000000b0       $unwind$DevPathToTextAcpiEx 00000000000380b0     UefiDevicePathLib:DevicePathToText.obj
 0005:000000c0       $unwind$HiiAddPackages     00000000000380c0     UefiHiiLib:HiiLib.obj
 0005:000000c0       $unwind$HiiGetBrowserData  00000000000380c0     UefiHiiLib:HiiLib.obj
 0005:000000c0       $unwind$HiiSetBrowserData  00000000000380c0     UefiHiiLib:HiiLib.obj
 0005:000000c0       $unwind$HiiSetString       00000000000380c0     UefiHiiLib:HiiString.obj
 0005:000000c0       $unwind$StrnCatS           00000000000380c0     BaseLib:SafeString.obj
 0005:000000c0       $unwind$DevPathToTextSasEx 00000000000380c0     UefiDevicePathLib:DevicePathToText.obj
 0005:000000c0       $unwind$DevPathToTextUsbClass 00000000000380c0     UefiDevicePathLib:DevicePathToText.obj
 0005:000000c0       $unwind$GetBestLanguage    00000000000380c0     UefiLib:UefiLib.obj
 0005:000000c8       $unwind$DevPathToTextNVMe  00000000000380c8     UefiDevicePathLib:DevicePathToText.obj
 0005:000000d4       $unwind$CatIPv6Address     00000000000380d4     UefiDevicePathLib:DevicePathToText.obj
 0005:000000ec       $unwind$HiiCreateGuidOpCode 00000000000380ec     UefiHiiLib:HiiLib.obj
 0005:000000ec       $unwind$DevPathToTextWiFi  00000000000380ec     UefiDevicePathLib:DevicePathToText.obj
 0005:000000fc       $unwind$DevPathToTextBluetoothLE 00000000000380fc     UefiDevicePathLib:DevicePathToText.obj
 0005:00000104       $unwind$DevPathToTextRamDisk 0000000000038104     UefiDevicePathLib:DevicePathToText.obj
 0005:0000010c       $unwind$DevPathToTextEndInstance 000000000003810c     UefiDevicePathLib:DevicePathToText.obj
 0005:00000114       $unwind$UefiDevicePathLibConvertDevicePathToText 0000000000038114     UefiDevicePathLib:DevicePathToText.obj
 0005:0000011c       $unwind$BasePrintLibFillBuffer 000000000003811c     BasePrintLib:PrintLibInternal.obj
 0005:00000124       $unwind$HiiCreateRawOpCodes 0000000000038124     UefiHiiLib:HiiLib.obj
 0005:00000124       $unwind$HiiIsConfigHdrMatch 0000000000038124     UefiHiiLib:HiiLib.obj
 0005:00000124       $unwind$BasePrintLibValueToString 0000000000038124     BasePrintLib:PrintLibInternal.obj
 0005:0000012c       $unwind$BasePrintLibConvertValueToStringS 000000000003812c     BasePrintLib:PrintLibInternal.obj
 0005:0000013c       $unwind$BasePrintLibSPrintMarker 000000000003813c     BasePrintLib:PrintLibInternal.obj
 0005:00000154       $unwind$DebugPrintMarker   0000000000038154     PeiDxeDebugLibReportStatusCode:DebugLib.obj
 0005:00000164       $unwind$DebugVPrint        0000000000038164     PeiDxeDebugLibReportStatusCode:DebugLib.obj
 0005:00000164       $unwind$HiiGetString       0000000000038164     UefiHiiLib:HiiString.obj
 0005:00000164       $unwind$AsciiStrnCmp       0000000000038164     BaseLib:String.obj
 0005:00000164       $unwind$StrnCmp            0000000000038164     BaseLib:String.obj
 0005:00000164       $unwind$CompareMem         0000000000038164     BaseMemoryLib:CompareMemWrapper.obj
 0005:00000164       $unwind$CopyMem            0000000000038164     BaseMemoryLib:CopyMemWrapper.obj
 0005:00000164       $unwind$GetEfiGlobalVariable2 0000000000038164     UefiLib:UefiLib.obj
 0005:00000164       $unwind$ReallocatePool     0000000000038164     UefiMemoryAllocationLib:MemoryAllocationLib.obj
 0005:0000016c       $unwind$DebugAssert        000000000003816c     PeiDxeDebugLibReportStatusCode:DebugLib.obj
 0005:0000017c       $unwind$ReportDebugCodeEnabled 000000000003817c     DxeReportStatusCodeLib:ReportStatusCodeLib.obj
 0005:0000017c       $unwind$ReportErrorCodeEnabled 000000000003817c     DxeReportStatusCodeLib:ReportStatusCodeLib.obj
 0005:0000017c       $unwind$ReportProgressCodeEnabled 000000000003817c     DxeReportStatusCodeLib:ReportStatusCodeLib.obj
 0005:0000017c       $unwind$DebugAssertEnabled 000000000003817c     PeiDxeDebugLibReportStatusCode:DebugLib.obj
 0005:0000017c       $unwind$DebugPrintEnabled  000000000003817c     PeiDxeDebugLibReportStatusCode:DebugLib.obj
 0005:00000184       $unwind$DebugPrintLevelEnabled 0000000000038184     PeiDxeDebugLibReportStatusCode:DebugLib.obj
 0005:00000184       $unwind$InternalIsDecimalDigitCharacter 0000000000038184     BaseLib:String.obj
 0005:0000018c       $unwind$CompareGuid        000000000003818c     BaseMemoryLib:MemLibGuid.obj
 0005:00000194       $unwind$GetValueFromRequest 0000000000038194     UefiHiiLib:HiiLib.obj
 0005:00000194       $unwind$InternalHiiBlockToConfig 0000000000038194     UefiHiiLib:HiiLib.obj
 0005:00000194       $unwind$InternalHiiBrowserCallback 0000000000038194     UefiHiiLib:HiiLib.obj
 0005:00000194       $unwind$InternalHiiGetValueOfNumber 0000000000038194     UefiHiiLib:HiiLib.obj
 0005:00000194       $unwind$StrCpyS            0000000000038194     BaseLib:SafeString.obj
 0005:00000194       $unwind$StrHexToUint64S    0000000000038194     BaseLib:SafeString.obj
 0005:00000194       $unwind$InternalMemSetMem  0000000000038194     BaseMemoryLib:SetMem.obj
 0005:0000019c       $unwind$InternalAllocatePool 000000000003819c     UefiMemoryAllocationLib:MemoryAllocationLib.obj
 0005:0000019c       $unwind$InternalAllocateZeroPool 000000000003819c     UefiMemoryAllocationLib:MemoryAllocationLib.obj
 0005:000001a4       $unwind$InternalAllocateCopyPool 00000000000381a4     UefiMemoryAllocationLib:MemoryAllocationLib.obj
 0005:000001ac       $unwind$StrCatS            00000000000381ac     BaseLib:SafeString.obj
 0005:000001b4       $unwind$AsciiStrnLenS      00000000000381b4     BaseLib:SafeString.obj
 0005:000001bc       $unwind$WriteUnaligned32   00000000000381bc     BaseLib:Unaligned.obj
 0005:000001c4       $unwind$InternalGetReportStatusCode 00000000000381c4     DxeReportStatusCodeLib:ReportStatusCodeLib.obj
 0005:000001c4       $unwind$HiiAllocateOpCodeHandle 00000000000381c4     UefiHiiLib:HiiLib.obj
 0005:000001c4       $unwind$CpuDeadLoop        00000000000381c4     BaseLib:CpuDeadLoop.obj
 0005:000001cc       $unwind$InternalBaseLibBitFieldReadUint 00000000000381cc     BaseLib:BitField.obj
 0005:000001d4       $unwind$InternalMathDivRemU64x32 00000000000381d4     BaseLib:Math64.obj
 0005:000001dc       $unwind$UefiLibGetStringWidth 00000000000381dc     UefiLib:Console.obj
 0005:000001e4       $unwind$CreatePopUp        00000000000381e4     UefiLib:Console.obj
 0005:000001f4       $unwind$HiiGetHiiHandles   00000000000381f4     UefiHiiLib:HiiLib.obj
 0005:00000204       $unwind$HiiConstructConfigHdr 0000000000038204     UefiHiiLib:HiiLib.obj
 0005:0000020c       $unwind$InternalHiiGetBufferFromString 000000000003820c     UefiHiiLib:HiiLib.obj
 0005:0000021c       $unwind$BlockArrayCheck    000000000003821c     UefiHiiLib:HiiLib.obj
 0005:00000224       $unwind$ValidateQuestionFromVfr 0000000000038224     UefiHiiLib:HiiLib.obj
 0005:00000234       $unwind$GetBlockDataInfo   0000000000038234     UefiHiiLib:HiiLib.obj
 0005:0000023c       $unwind$InternalHiiIfrValueAction 000000000003823c     UefiHiiLib:HiiLib.obj
 0005:00000244       $unwind$HiiCreateOneOfOptionOpCode 0000000000038244     UefiHiiLib:HiiLib.obj
 0005:00000254       $unwind$HiiCreateActionOpCode 0000000000038254     UefiHiiLib:HiiLib.obj
 0005:00000254       $unwind$HiiCreateGotoOpCode 0000000000038254     UefiHiiLib:HiiLib.obj
 0005:00000264       $unwind$HiiCreateOneOfOpCode 0000000000038264     UefiHiiLib:HiiLib.obj
 0005:00000274       $unwind$HiiCreateDateOpCode 0000000000038274     UefiHiiLib:HiiLib.obj
 0005:00000274       $unwind$HiiCreateOrderedListOpCode 0000000000038274     UefiHiiLib:HiiLib.obj
 0005:00000274       $unwind$HiiCreateTimeOpCode 0000000000038274     UefiHiiLib:HiiLib.obj
 0005:00000284       $unwind$HiiCreateTextOpCode 0000000000038284     UefiHiiLib:HiiLib.obj
 0005:0000028c       $unwind$InternalHiiUpdateFormPackageData 000000000003828c     UefiHiiLib:HiiLib.obj
 0005:00000294       $unwind$HiiUpdateForm      0000000000038294     UefiHiiLib:HiiLib.obj
 0005:0000029c       $unwind$HiiGetSupportedLanguages 000000000003829c     UefiHiiLib:HiiLanguage.obj
 0005:0000029c       $unwind$InternalBaseLibIsListValid 000000000003829c     BaseLib:LinkedList.obj
 0005:000002a4       $unwind$InternalReportStatusCode 00000000000382a4     DxeReportStatusCodeLib:ReportStatusCodeLib.obj
 0005:000002ac       $unwind$ReportStatusCodeEx 00000000000382ac     DxeReportStatusCodeLib:ReportStatusCodeLib.obj
 0005:000002bc       $unwind$SetMem16           00000000000382bc     BaseMemoryLib:SetMem16Wrapper.obj
