 ReportStatusCodeRouterPei

 Timestamp is 68f5fe9b (Mon Oct 20 17:19:23 2025)

 Preferred load address is 0000000000010000

 Start         Length     Name                   Class
 0001:00000000 00000014H .text                   CODE
 0001:00000014 00002a17H .text$mn                CODE
 0002:00000000 00000944H .rdata                  DATA
 0002:00000944 00000018H .rdata$voltmd           DATA
 0002:0000095c 00000184H .rdata$zzzdbg           DATA
 0003:00000000 000000b0H .data                   DATA
 0003:000000b0 00000010H .bss                    DATA
 0004:00000000 00000204H .pdata                  DATA
 0005:00000000 000000d0H .xdata                  DATA

  Address         Publics by Value              Rva+Base               Lib:Object

 0000:00000000       __x64_code_ranges_to_entry_points_count 0000000000000000     <absolute>
 0000:00000000       __guard_iat_table          0000000000000000     <absolute>
 0000:00000000       __guard_longjmp_table      0000000000000000     <absolute>
 0000:00000000       __guard_iat_count          0000000000000000     <absolute>
 0000:00000000       __x64_code_ranges_to_entry_points 0000000000000000     <absolute>
 0000:00000000       __guard_longjmp_count      0000000000000000     <absolute>
 0000:00000000       __hybrid_code_map_count    0000000000000000     <absolute>
 0000:00000000       __dynamic_value_reloc_table 0000000000000000     <absolute>
 0000:00000000       __guard_fids_count         0000000000000000     <absolute>
 0000:00000000       __arm64x_native_entrypoint 0000000000000000     <absolute>
 0000:00000000       __hybrid_auxiliary_iat     0000000000000000     <absolute>
 0000:00000000       __guard_eh_cont_table      0000000000000000     <absolute>
 0000:00000000       __arm64x_redirection_metadata 0000000000000000     <absolute>
 0000:00000000       __hybrid_auxiliary_iat_copy 0000000000000000     <absolute>
 0000:00000000       __enclave_config           0000000000000000     <absolute>
 0000:00000000       __arm64x_extra_rfe_table   0000000000000000     <absolute>
 0000:00000000       __arm64x_redirection_metadata_count 0000000000000000     <absolute>
 0000:00000000       __hybrid_code_map          0000000000000000     <absolute>
 0000:00000000       __AbsoluteZero             0000000000000000     <absolute>
 0000:00000000       __guard_check_icall_a64n_fptr 0000000000000000     <absolute>
 0000:00000000       __arm64x_extra_rfe_table_size 0000000000000000     <absolute>
 0000:00000000       __guard_eh_cont_count      0000000000000000     <absolute>
 0000:00000000       __guard_fids_table         0000000000000000     <absolute>
 0000:00000000       __guard_flags              0000000000000000     <absolute>
 0001:00000000       __report_rangecheckfailure 0000000000011000     StackCheckLibNull:StackCheckFunctionsMsvc.obj
 0001:00000001       __GSHandlerCheck           0000000000011001     StackCheckLibNull:StackCheckFunctionsMsvc.obj
 0001:00000002       __security_check_cookie    0000000000011002     StackCheckLibNull:StackCheckFunctionsMsvc.obj
 0001:00000010       CpuPause                   0000000000011010     BaseLib:CpuPause.obj
 0001:00000014       _ModuleEntryPoint          0000000000011014 f   PeimEntryPoint:PeimEntryPoint.obj
 0001:0000008c       ProcessLibraryConstructorList 000000000001108c f   ReportStatusCodeRouterPei:AutoGen.obj
 0001:00000098       ProcessModuleEntryPointList 0000000000011098 f   ReportStatusCodeRouterPei:AutoGen.obj
 0001:000000bc       CreateRscHandlerCallbackPacket 00000000000110bc f   ReportStatusCodeRouterPei:ReportStatusCodeRouterPei.obj
 0001:00000120       Register                   0000000000011120 f   ReportStatusCodeRouterPei:ReportStatusCodeRouterPei.obj
 0001:000002c0       Unregister                 00000000000112c0 f   ReportStatusCodeRouterPei:ReportStatusCodeRouterPei.obj
 0001:000003b0       ReportDispatcher           00000000000113b0 f   ReportStatusCodeRouterPei:ReportStatusCodeRouterPei.obj
 0001:000004b0       GenericStatusCodePeiEntry  00000000000114b0 f   ReportStatusCodeRouterPei:ReportStatusCodeRouterPei.obj
 0001:00000628       GetHobList                 0000000000011628 f   PeiHobLib:HobLib.obj
 0001:000006f4       GetNextHob                 00000000000116f4 f   PeiHobLib:HobLib.obj
 0001:00000788       GetNextGuidHob             0000000000011788 f   PeiHobLib:HobLib.obj
 0001:00000800       GetFirstGuidHob            0000000000011800 f   PeiHobLib:HobLib.obj
 0001:00000828       InternalPeiCreateHob       0000000000011828 f   PeiHobLib:HobLib.obj
 0001:000008a8       BuildGuidHob               00000000000118a8 f   PeiHobLib:HobLib.obj
 0001:0000096c       DebugPrint                 000000000001196c f   PeiDxeDebugLibReportStatusCode:DebugLib.obj
 0001:000009b0       DebugPrintMarker           00000000000119b0 f   PeiDxeDebugLibReportStatusCode:DebugLib.obj
 0001:00001158       DebugVPrint                0000000000012158 f   PeiDxeDebugLibReportStatusCode:DebugLib.obj
 0001:00001188       DebugAssert                0000000000012188 f   PeiDxeDebugLibReportStatusCode:DebugLib.obj
 0001:00001524       DebugAssertEnabled         0000000000012524 f   PeiDxeDebugLibReportStatusCode:DebugLib.obj
 0001:00001548       DebugPrintEnabled          0000000000012548 f   PeiDxeDebugLibReportStatusCode:DebugLib.obj
 0001:0000156c       DebugPrintLevelEnabled     000000000001256c f   PeiDxeDebugLibReportStatusCode:DebugLib.obj
 0001:000015a0       PeiServicesInstallPpi      00000000000125a0 f   PeiServicesLib:PeiServicesLib.obj
 0001:000015d0       PeiServicesReInstallPpi    00000000000125d0 f   PeiServicesLib:PeiServicesLib.obj
 0001:00001608       PeiServicesLocatePpi       0000000000012608 f   PeiServicesLib:PeiServicesLib.obj
 0001:00001658       PeiServicesGetHobList      0000000000012658 f   PeiServicesLib:PeiServicesLib.obj
 0001:00001688       PeiServicesCreateHob       0000000000012688 f   PeiServicesLib:PeiServicesLib.obj
 0001:000016cc       GetPeiServicesTablePointer 00000000000126cc f   EmulatorPkgPeiServicesTablePointerLib:PeiServicesTablePointer.obj
 0001:00001750       GetDebugPrintErrorLevel    0000000000012750 f   BaseDebugPrintErrorLevelLib:BaseDebugPrintErrorLevelLib.obj
 0001:00001758       InternalReportStatusCode   0000000000012758 f   PeiReportStatusCodeLib:ReportStatusCodeLib.obj
 0001:00001870       ReportStatusCodeEx         0000000000012870 f   PeiReportStatusCodeLib:ReportStatusCodeLib.obj
 0001:00001a58       ReportProgressCodeEnabled  0000000000012a58 f   PeiReportStatusCodeLib:ReportStatusCodeLib.obj
 0001:00001a7c       ReportErrorCodeEnabled     0000000000012a7c f   PeiReportStatusCodeLib:ReportStatusCodeLib.obj
 0001:00001aa0       ReportDebugCodeEnabled     0000000000012aa0 f   PeiReportStatusCodeLib:ReportStatusCodeLib.obj
 0001:00001ac4       AsciiStrLen                0000000000012ac4 f   BaseLib:String.obj
 0001:00001b7c       AsciiStrSize               0000000000012b7c f   BaseLib:String.obj
 0001:00001b98       InternalSafeStringIsOverlap 0000000000012b98 f   BaseLib:SafeString.obj
 0001:00001bfc       InternalSafeStringNoAsciiStrOverlap 0000000000012bfc f   BaseLib:SafeString.obj
 0001:00001c50       AsciiStrnLenS              0000000000012c50 f   BaseLib:SafeString.obj
 0001:00001cbc       AsciiStrnCpyS              0000000000012cbc f   BaseLib:SafeString.obj
 0001:000021ac       CpuBreakpoint              00000000000131ac f   BaseLib:CpuBreakpoint.obj
 0001:000021b0       CpuDeadLoop                00000000000131b0 f   BaseLib:CpuDeadLoop.obj
 0001:000021e0       CopyGuid                   00000000000131e0 f   BaseMemoryLib:MemLibGuid.obj
 0001:00002234       CompareGuid                0000000000013234 f   BaseMemoryLib:MemLibGuid.obj
 0001:000022bc       CopyMem                    00000000000132bc f   BaseMemoryLib:CopyMemWrapper.obj
 0001:00002394       InternalMemCopyMem         0000000000013394 f   BaseMemoryLib:CopyMem.obj
 0001:00002970       OemHookStatusCodeInitialize 0000000000013970 f   OemHookStatusCodeLibNull:OemHookStatusCodeLibNull.obj
 0001:00002974       OemHookStatusCodeReport    0000000000013974 f   OemHookStatusCodeLibNull:OemHookStatusCodeLibNull.obj
 0001:0000298c       ReadUnaligned64            000000000001398c f   BaseLib:Unaligned.obj
 0001:000029d4       WriteUnaligned64           00000000000139d4 f   BaseLib:Unaligned.obj
 0002:00000000       ??_C@_0CP@KCAHKNFK@?$CI?$CKPeiServices?$CJ?9?$DOHdr?4Revision?5?$DO?$DN@ 0000000000014000     PeimEntryPoint:PeimEntryPoint.obj
 0002:00000030       ??_C@_0EM@ODCMBAOE@D?3?2develop?2Self_develop?2edk2?2Md@ 0000000000014030     PeimEntryPoint:PeimEntryPoint.obj
 0002:0000007c       _gPeimRevision             000000000001407c     ReportStatusCodeRouterPei:AutoGen.obj
 0002:00000080       ??_C@_0BK@CHMHFLPL@ReportStatusCodeRouterPei@ 0000000000014080     ReportStatusCodeRouterPei:AutoGen.obj
 0002:0000009a       _gPcd_FixedAtBuild_PcdReportStatusCodePropertyMask 000000000001409a     ReportStatusCodeRouterPei:AutoGen.obj
 0002:0000009c       _gPcd_FixedAtBuild_PcdDebugPrintErrorLevel 000000000001409c     ReportStatusCodeRouterPei:AutoGen.obj
 0002:000000a0       _gPcd_FixedAtBuild_PcdPeiServicesTablePage 00000000000140a0     ReportStatusCodeRouterPei:AutoGen.obj
 0002:000000a8       _gPcd_FixedAtBuild_PcdFixedDebugPrintErrorLevel 00000000000140a8     ReportStatusCodeRouterPei:AutoGen.obj
 0002:000000ac       _gPcd_FixedAtBuild_PcdMaximumAsciiStringLength 00000000000140ac     ReportStatusCodeRouterPei:AutoGen.obj
 0002:000000b0       _gPcd_FixedAtBuild_PcdDebugPropertyMask 00000000000140b0     ReportStatusCodeRouterPei:AutoGen.obj
 0002:000000b8       ??_C@_0CA@PMLNFAND@NumberOfEntries?5?$CB?$DN?5?$CI?$CIvoid?5?$CK?$CJ?50?$CJ@ 00000000000140b8     ReportStatusCodeRouterPei:ReportStatusCodeRouterPei.obj
 0002:000000e0       ??_C@_0GL@MLGDDJHP@D?3?2develop?2Self_develop?2edk2?2Md@ 00000000000140e0     ReportStatusCodeRouterPei:ReportStatusCodeRouterPei.obj
 0002:00000150       ??_C@_0CB@DMEJJJHA@?6ASSERT_EFI_ERROR?5?$CIStatus?5?$DN?5?$CFr?$CJ@ 0000000000014150     ReportStatusCodeRouterPei:ReportStatusCodeRouterPei.obj
 0002:00000178       ??_C@_0DG@FLPEIDFK@?$CB?$CI?$CI?$CIRETURN_STATUS?$CJ?$CIStatus?$CJ?$CJ?5?$DO?$DN?5@ 0000000000014178     ReportStatusCodeRouterPei:ReportStatusCodeRouterPei.obj
 0002:000001b0       ??_C@_0DP@DIFIPJMD@D?3?2develop?2Self_develop?2edk2?2Md@ 00000000000141b0     PeiHobLib:HobLib.obj
 0002:000001f0       ??_C@_0BI@NCGMODPG@HobList?5?$CB?$DN?5?$CI?$CIvoid?5?$CK?$CJ?50?$CJ@ 00000000000141f0     PeiHobLib:HobLib.obj
 0002:00000208       ??_C@_0BJ@NOLLDKJB@HobStart?5?$CB?$DN?5?$CI?$CIvoid?5?$CK?$CJ?50?$CJ@ 0000000000014208     PeiHobLib:HobLib.obj
 0002:00000228       ??_C@_0BE@PICCCCHF@Hob?5?$CB?$DN?5?$CI?$CIvoid?5?$CK?$CJ?50?$CJ@ 0000000000014228     PeiHobLib:HobLib.obj
 0002:00000240       ??_C@_0BF@PEDOPNMP@Guid?5?$CB?$DN?5?$CI?$CIvoid?5?$CK?$CJ?50?$CJ@ 0000000000014240     PeiHobLib:HobLib.obj
 0002:00000258       ??_C@_0DE@JLBHCAID@DataLength?5?$DM?$DN?5?$CI0xFFF8?5?9?5sizeof?5@ 0000000000014258     PeiHobLib:HobLib.obj
 0002:00000290       ??_C@_0BH@LKMBFCBF@Format?5?$CB?$DN?5?$CI?$CIvoid?5?$CK?$CJ?50?$CJ@ 0000000000014290     PeiDxeDebugLibReportStatusCode:DebugLib.obj
 0002:000002b0       ??_C@_0FM@HDIIFGPN@D?3?2develop?2Self_develop?2edk2?2Md@ 00000000000142b0     PeiDxeDebugLibReportStatusCode:DebugLib.obj
 0002:00000310       ??_C@_0CP@EFCGCEBK@?$CICHAR8?5?$CK?$CJBaseListMarkerPointer?5@ 0000000000014310     PeiDxeDebugLibReportStatusCode:DebugLib.obj
 0002:00000340       ??_C@_01OHGJGJJP@?$FL@     0000000000014340     PeiDxeDebugLibReportStatusCode:DebugLib.obj
 0002:00000344       ??_C@_02PBFOLPKM@?$FN?5@   0000000000014344     PeiDxeDebugLibReportStatusCode:DebugLib.obj
 0002:00000348       ??_C@_0BH@IACGKAP@Buffer?5?$CB?$DN?5?$CI?$CIvoid?5?$CK?$CJ?50?$CJ@ 0000000000014348     PeiDxeDebugLibReportStatusCode:DebugLib.obj
 0002:00000360       ??_C@_0CI@MDPGFIOC@PeiServicesTablePointer?5?$CB?$DN?5?$CI?$CIvo@ 0000000000014360     EmulatorPkgPeiServicesTablePointerLib:PeiServicesTablePointer.obj
 0002:00000390       ??_C@_0GP@IFFCOGDB@D?3?2develop?2Self_develop?2edk2?2Em@ 0000000000014390     EmulatorPkgPeiServicesTablePointerLib:PeiServicesTablePointer.obj
 0002:00000400       ??_C@_0CJ@NHFDCOMG@?$CKPeiServicesTablePointer?5?$CB?$DN?5?$CI?$CIv@ 0000000000014400     EmulatorPkgPeiServicesTablePointerLib:PeiServicesTablePointer.obj
 0002:00000430       ??_C@_0FP@KNAFGKGF@D?3?2develop?2Self_develop?2edk2?2Md@ 0000000000014430     PeiReportStatusCodeLib:ReportStatusCodeLib.obj
 0002:00000490       ??_C@_0DN@HHIHPHHB@?$CB?$CI?$CIExtendedData?5?$DN?$DN?5?$CI?$CIvoid?5?$CK?$CJ?50?$CJ@ 0000000000014490     PeiReportStatusCodeLib:ReportStatusCodeLib.obj
 0002:000004d0       ??_C@_0DN@BBBIFINB@?$CB?$CI?$CIExtendedData?5?$CB?$DN?5?$CI?$CIvoid?5?$CK?$CJ?50?$CJ@ 00000000000144d0     PeiReportStatusCodeLib:ReportStatusCodeLib.obj
 0002:00000510       ??_C@_0DI@MIEIGAOH@Status?5code?5extended?5data?5is?5to@ 0000000000014510     PeiReportStatusCodeLib:ReportStatusCodeLib.obj
 0002:00000548       ??_C@_0BH@MAAHKCPC@String?5?$CB?$DN?5?$CI?$CIvoid?5?$CK?$CJ?50?$CJ@ 0000000000014548     BaseLib:String.obj
 0002:00000560       ??_C@_0DN@POJBHOAP@D?3?2develop?2Self_develop?2edk2?2Md@ 0000000000014560     BaseLib:String.obj
 0002:000005a0       ??_C@_0DI@MDIKFADO@Length?5?$DM?5_gPcd_FixedAtBuild_Pcd@ 00000000000145a0     BaseLib:String.obj
 0002:000005e0       ??_C@_0EB@DAKPBIJH@D?3?2develop?2Self_develop?2edk2?2Md@ 00000000000145e0     BaseLib:SafeString.obj
 0002:00000628       ??_C@_0BO@ECNIOIHG@?$CIDestination?5?$CB?$DN?5?$CI?$CIvoid?5?$CK?$CJ?50?$CJ?$CJ@ 0000000000014628     BaseLib:SafeString.obj
 0002:00000650       ??_C@_0EA@PDPDJJNN@?$CFa?$CI?$CFd?$CJ?5?$CFa?3?5SAFE_STRING_CONSTRAI@ 0000000000014650     BaseLib:SafeString.obj
 0002:00000690       ??_C@_0BJ@EAEEJIP@?$CISource?5?$CB?$DN?5?$CI?$CIvoid?5?$CK?$CJ?50?$CJ?$CJ@ 0000000000014690     BaseLib:SafeString.obj
 0002:000006b0       ??_C@_0P@PMIMLIHM@?$CIDestMax?5?$CB?$DN?50?$CJ@ 00000000000146b0     BaseLib:SafeString.obj
 0002:000006c0       ??_C@_0BG@EEGIIOKH@?$CIDestMax?5?$DO?5SourceLen?$CJ@ 00000000000146c0     BaseLib:SafeString.obj
 0002:000006d8       ??_C@_0DO@LJFOOPII@?$CIDestMax?5?$DM?$DN?5?$CI_gPcd_FixedAtBuild@ 00000000000146d8     BaseLib:SafeString.obj
 0002:00000720       ??_C@_0FL@CDANCHFO@InternalSafeStringNoAsciiStrOve@ 0000000000014720     BaseLib:SafeString.obj
 0002:00000780       ??_C@_0O@DIHNCLLG@AsciiStrnCpyS@ 0000000000014780     BaseLib:SafeString.obj
 0002:00000790       ??_C@_0DN@DLAADCJE@?$CILength?5?$DM?$DN?5?$CI_gPcd_FixedAtBuild_@ 0000000000014790     BaseLib:SafeString.obj
 0002:000007d0       ??_C@_0ED@MKGCMJG@?$CILength?5?9?51?$CJ?5?$DM?$DN?5?$CI0xFFFFFFFFFFFF@ 00000000000147d0     BaseMemoryLib:CopyMemWrapper.obj
 0002:00000820       ??_C@_0EL@NNLJGCCH@D?3?2develop?2Self_develop?2edk2?2Md@ 0000000000014820     BaseMemoryLib:CopyMemWrapper.obj
 0002:00000870       ??_C@_0DO@MAOBOFEG@?$CILength?5?9?51?$CJ?5?$DM?$DN?5?$CI0xFFFFFFFFFFFF@ 0000000000014870     BaseMemoryLib:CopyMemWrapper.obj
 0002:000008b0       ??_C@_0EA@FKBIDDGN@D?3?2develop?2Self_develop?2edk2?2Md@ 00000000000148b0     BaseLib:Unaligned.obj
 0002:00000944       __volatile_metadata        0000000000014944     <linker-defined>
 0003:00000000       gEfiStatusCodeSpecificDataGuid 0000000000015000     ReportStatusCodeRouterPei:AutoGen.obj
 0003:00000010       gEfiPeiRscHandlerPpiGuid   0000000000015010     ReportStatusCodeRouterPei:AutoGen.obj
 0003:00000020       gEfiPeiStatusCodePpiGuid   0000000000015020     ReportStatusCodeRouterPei:AutoGen.obj
 0003:00000030       gEfiCallerBaseName         0000000000015030     ReportStatusCodeRouterPei:AutoGen.obj
 0003:00000038       gEfiStatusCodeDataTypeDebugGuid 0000000000015038     ReportStatusCodeRouterPei:AutoGen.obj
 0003:00000048       gStatusCodeCallbackGuid    0000000000015048     ReportStatusCodeRouterPei:AutoGen.obj
 0003:00000058       gEfiCallerIdGuid           0000000000015058     ReportStatusCodeRouterPei:AutoGen.obj
 0003:00000068       mRscHandlerPpi             0000000000015068     ReportStatusCodeRouterPei:ReportStatusCodeRouterPei.obj
 0003:00000078       mStatusCodePpi             0000000000015078     ReportStatusCodeRouterPei:ReportStatusCodeRouterPei.obj
 0003:00000080       mRscHandlerPpiList         0000000000015080     ReportStatusCodeRouterPei:ReportStatusCodeRouterPei.obj
 0003:00000098       mStatusCodePpiList         0000000000015098     ReportStatusCodeRouterPei:ReportStatusCodeRouterPei.obj
 0003:000000b8       __security_cookie          00000000000150b8     StackCheckLibNull:StackCheckLibNullMsvc.obj

 entry point at        0001:00000014

 Static symbols

 0003:000000b0       mDeadLoopComparator        00000000000150b0     BaseLib:CpuDeadLoop.obj
 0005:00000000       $unwind$ProcessModuleEntryPointList 0000000000017000     ReportStatusCodeRouterPei:AutoGen.obj
 0005:00000000       $unwind$WriteUnaligned64   0000000000017000     BaseLib:Unaligned.obj
 0005:00000000       $unwind$CopyGuid           0000000000017000     BaseMemoryLib:MemLibGuid.obj
 0005:00000000       $unwind$_ModuleEntryPoint  0000000000017000     PeimEntryPoint:PeimEntryPoint.obj
 0005:00000008       $unwind$GetPeiServicesTablePointer 0000000000017008     EmulatorPkgPeiServicesTablePointerLib:PeiServicesTablePointer.obj
 0005:00000008       $unwind$CreateRscHandlerCallbackPacket 0000000000017008     ReportStatusCodeRouterPei:ReportStatusCodeRouterPei.obj
 0005:00000008       $unwind$CpuDeadLoop        0000000000017008     BaseLib:CpuDeadLoop.obj
 0005:00000008       $unwind$GetHobList         0000000000017008     PeiHobLib:HobLib.obj
 0005:00000010       $unwind$Register           0000000000017010     ReportStatusCodeRouterPei:ReportStatusCodeRouterPei.obj
 0005:00000018       $unwind$Unregister         0000000000017018     ReportStatusCodeRouterPei:ReportStatusCodeRouterPei.obj
 0005:00000020       $unwind$ReportDispatcher   0000000000017020     ReportStatusCodeRouterPei:ReportStatusCodeRouterPei.obj
 0005:00000028       $unwind$GenericStatusCodePeiEntry 0000000000017028     ReportStatusCodeRouterPei:ReportStatusCodeRouterPei.obj
 0005:00000030       $unwind$BuildGuidHob       0000000000017030     PeiHobLib:HobLib.obj
 0005:00000030       $unwind$GetNextGuidHob     0000000000017030     PeiHobLib:HobLib.obj
 0005:00000030       $unwind$GetNextHob         0000000000017030     PeiHobLib:HobLib.obj
 0005:00000030       $unwind$InternalPeiCreateHob 0000000000017030     PeiHobLib:HobLib.obj
 0005:00000030       $unwind$PeiServicesReInstallPpi 0000000000017030     PeiServicesLib:PeiServicesLib.obj
 0005:00000038       $unwind$AsciiStrLen        0000000000017038     BaseLib:String.obj
 0005:00000038       $unwind$GetFirstGuidHob    0000000000017038     PeiHobLib:HobLib.obj
 0005:00000038       $unwind$PeiServicesGetHobList 0000000000017038     PeiServicesLib:PeiServicesLib.obj
 0005:00000038       $unwind$PeiServicesInstallPpi 0000000000017038     PeiServicesLib:PeiServicesLib.obj
 0005:00000040       $unwind$DebugPrint         0000000000017040     PeiDxeDebugLibReportStatusCode:DebugLib.obj
 0005:00000040       $unwind$InternalSafeStringNoAsciiStrOverlap 0000000000017040     BaseLib:SafeString.obj
 0005:00000048       $unwind$DebugPrintMarker   0000000000017048     PeiDxeDebugLibReportStatusCode:DebugLib.obj
 0005:00000058       $unwind$DebugVPrint        0000000000017058     PeiDxeDebugLibReportStatusCode:DebugLib.obj
 0005:00000058       $unwind$CopyMem            0000000000017058     BaseMemoryLib:CopyMemWrapper.obj
 0005:00000060       $unwind$DebugAssert        0000000000017060     PeiDxeDebugLibReportStatusCode:DebugLib.obj
 0005:00000070       $unwind$DebugAssertEnabled 0000000000017070     PeiDxeDebugLibReportStatusCode:DebugLib.obj
 0005:00000070       $unwind$DebugPrintEnabled  0000000000017070     PeiDxeDebugLibReportStatusCode:DebugLib.obj
 0005:00000070       $unwind$ReportDebugCodeEnabled 0000000000017070     PeiReportStatusCodeLib:ReportStatusCodeLib.obj
 0005:00000070       $unwind$ReportErrorCodeEnabled 0000000000017070     PeiReportStatusCodeLib:ReportStatusCodeLib.obj
 0005:00000070       $unwind$ReportProgressCodeEnabled 0000000000017070     PeiReportStatusCodeLib:ReportStatusCodeLib.obj
 0005:00000078       $unwind$DebugPrintLevelEnabled 0000000000017078     PeiDxeDebugLibReportStatusCode:DebugLib.obj
 0005:00000080       $unwind$PeiServicesLocatePpi 0000000000017080     PeiServicesLib:PeiServicesLib.obj
 0005:00000088       $unwind$PeiServicesCreateHob 0000000000017088     PeiServicesLib:PeiServicesLib.obj
 0005:00000090       $unwind$InternalReportStatusCode 0000000000017090     PeiReportStatusCodeLib:ReportStatusCodeLib.obj
 0005:00000098       $unwind$ReportStatusCodeEx 0000000000017098     PeiReportStatusCodeLib:ReportStatusCodeLib.obj
 0005:000000a8       $unwind$AsciiStrSize       00000000000170a8     BaseLib:String.obj
 0005:000000a8       $unwind$ReadUnaligned64    00000000000170a8     BaseLib:Unaligned.obj
 0005:000000b0       $unwind$AsciiStrnLenS      00000000000170b0     BaseLib:SafeString.obj
 0005:000000b8       $unwind$AsciiStrnCpyS      00000000000170b8     BaseLib:SafeString.obj
 0005:000000c0       $unwind$CompareGuid        00000000000170c0     BaseMemoryLib:MemLibGuid.obj
 0005:000000c8       $unwind$InternalMemCopyMem 00000000000170c8     BaseMemoryLib:CopyMem.obj
