 SmbiosDxe.dll

 Timestamp is 68f5d07e (Mon Oct 20 14:02:38 2025)

 Preferred load address is 0000000000010000

 Start         Length     Name                   Class
 0001:00000000 00000ae4H .text                   CODE
 0001:00000ae4 00006903H .text$mn                CODE
 0002:00000000 000013a8H .rdata                  DATA
 0002:000013a8 00000018H .rdata$voltmd           DATA
 0002:000013c0 00000150H .rdata$zzzdbg           DATA
 0003:00000000 00000120H .data                   DATA
 0003:00000120 000000d0H .bss                    DATA
 0004:00000000 00000390H .pdata                  DATA
 0005:00000000 00000120H .xdata                  DATA

  Address         Publics by Value              Rva+Base               Lib:Object

 0000:00000000       __guard_longjmp_table      0000000000000000     <absolute>
 0000:00000000       __x64_code_ranges_to_entry_points 0000000000000000     <absolute>
 0000:00000000       __guard_fids_count         0000000000000000     <absolute>
 0000:00000000       __arm64x_redirection_metadata 0000000000000000     <absolute>
 0000:00000000       __arm64x_extra_rfe_table   0000000000000000     <absolute>
 0000:00000000       __guard_iat_table          0000000000000000     <absolute>
 0000:00000000       __hybrid_code_map          0000000000000000     <absolute>
 0000:00000000       __arm64x_extra_rfe_table_size 0000000000000000     <absolute>
 0000:00000000       __guard_iat_count          0000000000000000     <absolute>
 0000:00000000       __guard_longjmp_count      0000000000000000     <absolute>
 0000:00000000       __x64_code_ranges_to_entry_points_count 0000000000000000     <absolute>
 0000:00000000       __dynamic_value_reloc_table 0000000000000000     <absolute>
 0000:00000000       __hybrid_auxiliary_iat     0000000000000000     <absolute>
 0000:00000000       __hybrid_auxiliary_iat_copy 0000000000000000     <absolute>
 0000:00000000       __AbsoluteZero             0000000000000000     <absolute>
 0000:00000000       __guard_flags              0000000000000000     <absolute>
 0000:00000000       __guard_eh_cont_count      0000000000000000     <absolute>
 0000:00000000       __guard_check_icall_a64n_fptr 0000000000000000     <absolute>
 0000:00000000       __guard_fids_table         0000000000000000     <absolute>
 0000:00000000       __arm64x_redirection_metadata_count 0000000000000000     <absolute>
 0000:00000000       __enclave_config           0000000000000000     <absolute>
 0000:00000000       __guard_eh_cont_table      0000000000000000     <absolute>
 0000:00000000       __arm64x_native_entrypoint 0000000000000000     <absolute>
 0000:00000000       __hybrid_code_map_count    0000000000000000     <absolute>
 0001:00000000       AsmVmgExitSvsm             0000000000011000     BaseLib:VmgExitSvsm.obj
 0001:00000060       AsmVmgExit                 0000000000011060     BaseLib:VmgExit.obj
 0001:00000070       AsmXSetBv                  0000000000011070     BaseLib:XSetBv.obj
 0001:00000080       AsmXGetBv                  0000000000011080     BaseLib:XGetBv.obj
 0001:00000090       AsmRmpAdjust               0000000000011090     BaseLib:RmpAdjust.obj
 0001:000000a0       InternalX86RdRand16        00000000000110a0     BaseLib:RdRand.obj
 0001:000000b2       InternalX86RdRand32        00000000000110b2     BaseLib:RdRand.obj
 0001:000000c3       InternalX86RdRand64        00000000000110c3     BaseLib:RdRand.obj
 0001:000000e0       AsmPvalidate               00000000000110e0     BaseLib:Pvalidate.obj
 0001:00000100       InternalX86DisablePaging64 0000000000011100     BaseLib:DisablePaging64.obj
 0001:00000170       EnableDisableInterrupts    0000000000011170     BaseLib:EnableDisableInterrupts.obj
 0001:00000180       TdVmCall                   0000000000011180     BaseLib:TdVmcall.obj
 0001:00000200       TdCall                     0000000000011200     BaseLib:TdCall.obj
 0001:00000260       AsmReadEflags              0000000000011260     BaseLib:ReadEflags.obj
 0001:00000270       AsmReadCr0                 0000000000011270     BaseLib:ReadCr0.obj
 0001:00000280       AsmReadCr2                 0000000000011280     BaseLib:ReadCr2.obj
 0001:00000290       AsmReadCr3                 0000000000011290     BaseLib:ReadCr3.obj
 0001:000002a0       AsmReadCr4                 00000000000112a0     BaseLib:ReadCr4.obj
 0001:000002b0       AsmWriteCr0                00000000000112b0     BaseLib:WriteCr0.obj
 0001:000002c0       AsmWriteCr2                00000000000112c0     BaseLib:WriteCr2.obj
 0001:000002d0       AsmWriteCr3                00000000000112d0     BaseLib:WriteCr3.obj
 0001:000002e0       AsmWriteCr4                00000000000112e0     BaseLib:WriteCr4.obj
 0001:000002f0       AsmReadDr0                 00000000000112f0     BaseLib:ReadDr0.obj
 0001:00000300       AsmReadDr1                 0000000000011300     BaseLib:ReadDr1.obj
 0001:00000310       AsmReadDr2                 0000000000011310     BaseLib:ReadDr2.obj
 0001:00000320       AsmReadDr3                 0000000000011320     BaseLib:ReadDr3.obj
 0001:00000330       AsmReadDr4                 0000000000011330     BaseLib:ReadDr4.obj
 0001:00000340       AsmReadDr5                 0000000000011340     BaseLib:ReadDr5.obj
 0001:00000350       AsmReadDr6                 0000000000011350     BaseLib:ReadDr6.obj
 0001:00000360       AsmReadDr7                 0000000000011360     BaseLib:ReadDr7.obj
 0001:00000370       AsmWriteDr0                0000000000011370     BaseLib:WriteDr0.obj
 0001:00000380       AsmWriteDr1                0000000000011380     BaseLib:WriteDr1.obj
 0001:00000390       AsmWriteDr2                0000000000011390     BaseLib:WriteDr2.obj
 0001:000003a0       AsmWriteDr3                00000000000113a0     BaseLib:WriteDr3.obj
 0001:000003b0       AsmWriteDr4                00000000000113b0     BaseLib:WriteDr4.obj
 0001:000003c0       AsmWriteDr5                00000000000113c0     BaseLib:WriteDr5.obj
 0001:000003d0       AsmWriteDr6                00000000000113d0     BaseLib:WriteDr6.obj
 0001:000003e0       AsmWriteDr7                00000000000113e0     BaseLib:WriteDr7.obj
 0001:000003f0       AsmReadCs                  00000000000113f0     BaseLib:ReadCs.obj
 0001:00000400       AsmReadDs                  0000000000011400     BaseLib:ReadDs.obj
 0001:00000410       AsmReadEs                  0000000000011410     BaseLib:ReadEs.obj
 0001:00000420       AsmReadFs                  0000000000011420     BaseLib:ReadFs.obj
 0001:00000430       AsmReadGs                  0000000000011430     BaseLib:ReadGs.obj
 0001:00000440       AsmReadSs                  0000000000011440     BaseLib:ReadSs.obj
 0001:00000450       AsmReadTr                  0000000000011450     BaseLib:ReadTr.obj
 0001:00000460       InternalX86ReadGdtr        0000000000011460     BaseLib:ReadGdtr.obj
 0001:00000470       InternalX86WriteGdtr       0000000000011470     BaseLib:WriteGdtr.obj
 0001:00000480       InternalX86ReadIdtr        0000000000011480     BaseLib:ReadIdtr.obj
 0001:00000490       InternalX86WriteIdtr       0000000000011490     BaseLib:WriteIdtr.obj
 0001:000004a0       AsmReadLdtr                00000000000114a0     BaseLib:ReadLdtr.obj
 0001:000004b0       AsmWriteLdtr               00000000000114b0     BaseLib:WriteLdtr.obj
 0001:000004c0       InternalX86FxSave          00000000000114c0     BaseLib:FxSave.obj
 0001:000004d0       InternalX86FxRestore       00000000000114d0     BaseLib:FxRestore.obj
 0001:000004e0       AsmReadMm0                 00000000000114e0     BaseLib:ReadMm0.obj
 0001:000004f0       AsmReadMm1                 00000000000114f0     BaseLib:ReadMm1.obj
 0001:00000500       AsmReadMm2                 0000000000011500     BaseLib:ReadMm2.obj
 0001:00000510       AsmReadMm3                 0000000000011510     BaseLib:ReadMm3.obj
 0001:00000520       AsmReadMm4                 0000000000011520     BaseLib:ReadMm4.obj
 0001:00000530       AsmReadMm5                 0000000000011530     BaseLib:ReadMm5.obj
 0001:00000540       AsmReadMm6                 0000000000011540     BaseLib:ReadMm6.obj
 0001:00000550       AsmReadMm7                 0000000000011550     BaseLib:ReadMm7.obj
 0001:00000560       AsmWriteMm0                0000000000011560     BaseLib:WriteMm0.obj
 0001:00000570       AsmWriteMm1                0000000000011570     BaseLib:WriteMm1.obj
 0001:00000580       AsmWriteMm2                0000000000011580     BaseLib:WriteMm2.obj
 0001:00000590       AsmWriteMm3                0000000000011590     BaseLib:WriteMm3.obj
 0001:000005a0       AsmWriteMm4                00000000000115a0     BaseLib:WriteMm4.obj
 0001:000005b0       AsmWriteMm5                00000000000115b0     BaseLib:WriteMm5.obj
 0001:000005c0       AsmWriteMm6                00000000000115c0     BaseLib:WriteMm6.obj
 0001:000005d0       AsmWriteMm7                00000000000115d0     BaseLib:WriteMm7.obj
 0001:000005e0       AsmReadTsc                 00000000000115e0     BaseLib:ReadTsc.obj
 0001:000005f0       AsmReadPmc                 00000000000115f0     BaseLib:ReadPmc.obj
 0001:00000600       AsmMonitor                 0000000000011600     BaseLib:Monitor.obj
 0001:00000610       AsmMwait                   0000000000011610     BaseLib:Mwait.obj
 0001:00000620       AsmWbinvd                  0000000000011620     BaseLib:Wbinvd.obj
 0001:00000630       AsmInvd                    0000000000011630     BaseLib:Invd.obj
 0001:00000640       AsmFlushCacheLine          0000000000011640     BaseLib:FlushCacheLine.obj
 0001:00000650       EnableInterrupts           0000000000011650     BaseLib:EnableInterrupts.obj
 0001:00000660       DisableInterrupts          0000000000011660     BaseLib:DisableInterrupts.obj
 0001:00000670       CpuPause                   0000000000011670     BaseLib:CpuPause.obj
 0001:00000680       AsmLfence                  0000000000011680     BaseLib:Lfence.obj
 0001:00000690       AsmWriteTr                 0000000000011690     BaseLib:WriteTr.obj
 0001:000006a0       AsmDisableCache            00000000000116a0     BaseLib:DisableCache.obj
 0001:000006c0       AsmEnableCache             00000000000116c0     BaseLib:EnableCache.obj
 0001:000006e0       InternalSwitchStack        00000000000116e0     BaseLib:SwitchStack.obj
 0001:000006f0       SetJump                    00000000000116f0     BaseLib:SetJump.obj
 0001:000007c0       InternalLongJump           00000000000117c0     BaseLib:LongJump.obj
 0001:00000870       AsmCpuid                   0000000000011870     BaseLib:CpuId.obj
 0001:000008a0       AsmCpuidEx                 00000000000118a0     BaseLib:CpuIdEx.obj
 0001:000008d0       m16Start                   00000000000118d0     BaseLib:Thunk16.obj
 0001:00000a00       InternalAsmThunk16         0000000000011a00     BaseLib:Thunk16.obj
 0001:00000ae0       __report_rangecheckfailure 0000000000011ae0     StackCheckLibNull:StackCheckFunctionsMsvc.obj
 0001:00000ae1       __GSHandlerCheck           0000000000011ae1     StackCheckLibNull:StackCheckFunctionsMsvc.obj
 0001:00000ae2       __security_check_cookie    0000000000011ae2     StackCheckLibNull:StackCheckFunctionsMsvc.obj
 0001:00000ae4       ProcessLibraryConstructorList 0000000000011ae4 f   SmbiosDxe:AutoGen.obj
 0001:00000d30       ProcessLibraryDestructorList 0000000000011d30 f   SmbiosDxe:AutoGen.obj
 0001:00000d3c       ProcessModuleEntryPointList 0000000000011d3c f   SmbiosDxe:AutoGen.obj
 0001:00000d60       ProcessModuleUnloadList    0000000000011d60 f   SmbiosDxe:AutoGen.obj
 0001:00000d68       GetSmbiosStructureSize     0000000000011d68 f   SmbiosDxe:SmbiosDxe.obj
 0001:00000f34       CheckSmbiosHandleExistance 0000000000011f34 f   SmbiosDxe:SmbiosDxe.obj
 0001:0000100c       GetMaxSmbiosHandle         000000000001200c f   SmbiosDxe:SmbiosDxe.obj
 0001:00001050       GetAvailableSmbiosHandle   0000000000012050 f   SmbiosDxe:SmbiosDxe.obj
 0001:00001150       SmbiosAdd                  0000000000012150 f   SmbiosDxe:SmbiosDxe.obj
 0001:0000173c       SmbiosUpdateString         000000000001273c f   SmbiosDxe:SmbiosDxe.obj
 0001:00002038       SmbiosRemove               0000000000013038 f   SmbiosDxe:SmbiosDxe.obj
 0001:000023f8       SmbiosGetNext              00000000000133f8 f   SmbiosDxe:SmbiosDxe.obj
 0001:000026cc       GetNextSmbiosRecord        00000000000136cc f   SmbiosDxe:SmbiosDxe.obj
 0001:00002874       SmbiosCreateTable          0000000000013874 f   SmbiosDxe:SmbiosDxe.obj
 0001:00002f04       SmbiosCreate64BitTable     0000000000013f04 f   SmbiosDxe:SmbiosDxe.obj
 0001:00003440       SmbiosTableConstruction    0000000000014440 f   SmbiosDxe:SmbiosDxe.obj
 0001:00003930       RetrieveSmbiosFromHob      0000000000014930 f   SmbiosDxe:SmbiosDxe.obj
 0001:00003b08       SmbiosDriverEntryPoint     0000000000014b08 f   SmbiosDxe:SmbiosDxe.obj
 0001:00003bec       GetDebugPrintErrorLevel    0000000000014bec f   BaseDebugPrintErrorLevelLib:BaseDebugPrintErrorLevelLib.obj
 0001:00003bf4       InternalGetReportStatusCode 0000000000014bf4 f   DxeReportStatusCodeLib:ReportStatusCodeLib.obj
 0001:00003c64       InternalReportStatusCode   0000000000014c64 f   DxeReportStatusCodeLib:ReportStatusCodeLib.obj
 0001:00003d1c       ReportStatusCodeEx         0000000000014d1c f   DxeReportStatusCodeLib:ReportStatusCodeLib.obj
 0001:00003f98       ReportProgressCodeEnabled  0000000000014f98 f   DxeReportStatusCodeLib:ReportStatusCodeLib.obj
 0001:00003fbc       ReportErrorCodeEnabled     0000000000014fbc f   DxeReportStatusCodeLib:ReportStatusCodeLib.obj
 0001:00003fe0       ReportDebugCodeEnabled     0000000000014fe0 f   DxeReportStatusCodeLib:ReportStatusCodeLib.obj
 0001:00004004       DebugPrint                 0000000000015004 f   PeiDxeDebugLibReportStatusCode:DebugLib.obj
 0001:00004048       DebugPrintMarker           0000000000015048 f   PeiDxeDebugLibReportStatusCode:DebugLib.obj
 0001:000047f0       DebugVPrint                00000000000157f0 f   PeiDxeDebugLibReportStatusCode:DebugLib.obj
 0001:00004820       DebugAssert                0000000000015820 f   PeiDxeDebugLibReportStatusCode:DebugLib.obj
 0001:00004bbc       DebugAssertEnabled         0000000000015bbc f   PeiDxeDebugLibReportStatusCode:DebugLib.obj
 0001:00004be0       DebugPrintEnabled          0000000000015be0 f   PeiDxeDebugLibReportStatusCode:DebugLib.obj
 0001:00004c04       DebugPrintLevelEnabled     0000000000015c04 f   PeiDxeDebugLibReportStatusCode:DebugLib.obj
 0001:00004c38       ReadUnaligned64            0000000000015c38 f   BaseLib:Unaligned.obj
 0001:00004c80       WriteUnaligned64           0000000000015c80 f   BaseLib:Unaligned.obj
 0001:00004cd8       InternalMathLShiftU64      0000000000015cd8 f   BaseLib:Math64.obj
 0001:00004cf4       CpuBreakpoint              0000000000015cf4 f   BaseLib:CpuBreakpoint.obj
 0001:00004cf8       AsciiStrLen                0000000000015cf8 f   BaseLib:String.obj
 0001:00004db0       AsciiStrSize               0000000000015db0 f   BaseLib:String.obj
 0001:00004dcc       InternalSafeStringIsOverlap 0000000000015dcc f   BaseLib:SafeString.obj
 0001:00004e30       InternalSafeStringNoAsciiStrOverlap 0000000000015e30 f   BaseLib:SafeString.obj
 0001:00004e84       AsciiStrnLenS              0000000000015e84 f   BaseLib:SafeString.obj
 0001:00004ef0       AsciiStrCpyS               0000000000015ef0 f   BaseLib:SafeString.obj
 0001:000052e8       AsciiStrnCpyS              00000000000162e8 f   BaseLib:SafeString.obj
 0001:000057d8       InternalBaseLibIsListValid 00000000000167d8 f   BaseLib:LinkedList.obj
 0001:000058f4       IsNodeInList               00000000000168f4 f   BaseLib:LinkedList.obj
 0001:000059f4       InitializeListHead         00000000000169f4 f   BaseLib:LinkedList.obj
 0001:00005a54       InsertTailList             0000000000016a54 f   BaseLib:LinkedList.obj
 0001:00005b3c       IsListEmpty                0000000000016b3c f   BaseLib:LinkedList.obj
 0001:00005ba4       RemoveEntryList            0000000000016ba4 f   BaseLib:LinkedList.obj
 0001:00005c20       CpuDeadLoop                0000000000016c20 f   BaseLib:CpuDeadLoop.obj
 0001:00005c50       LShiftU64                  0000000000016c50 f   BaseLib:LShiftU64.obj
 0001:00005ca4       InternalAssertJumpBuffer   0000000000016ca4 f   BaseLib:SetJump.obj
 0001:00005d1c       CalculateSum8              0000000000016d1c f   BaseLib:CheckSum.obj
 0001:00005df0       CalculateCheckSum8         0000000000016df0 f   BaseLib:CheckSum.obj
 0001:00005e24       InternalMemCopyMem         0000000000016e24 f   BaseMemoryLib:CopyMem.obj
 0001:00006400       CopyGuid                   0000000000017400 f   BaseMemoryLib:MemLibGuid.obj
 0001:00006454       CompareGuid                0000000000017454 f   BaseMemoryLib:MemLibGuid.obj
 0001:000064dc       InternalMemZeroMem         00000000000174dc f   BaseMemoryLib:MemLibGeneric.obj
 0001:00006504       InternalMemCompareMem      0000000000017504 f   BaseMemoryLib:MemLibGeneric.obj
 0001:0000656c       CopyMem                    000000000001756c f   BaseMemoryLib:CopyMemWrapper.obj
 0001:00006644       CompareMem                 0000000000017644 f   BaseMemoryLib:CompareMemWrapper.obj
 0001:00006778       ZeroMem                    0000000000017778 f   BaseMemoryLib:ZeroMemWrapper.obj
 0001:00006820       InternalMemSetMem          0000000000017820 f   BaseMemoryLib:SetMem.obj
 0001:000069b4       FreePages                  00000000000179b4 f   UefiMemoryAllocationLib:MemoryAllocationLib.obj
 0001:00006a8c       InternalAllocatePool       0000000000017a8c f   UefiMemoryAllocationLib:MemoryAllocationLib.obj
 0001:00006adc       InternalAllocateZeroPool   0000000000017adc f   UefiMemoryAllocationLib:MemoryAllocationLib.obj
 0001:00006b24       AllocateZeroPool           0000000000017b24 f   UefiMemoryAllocationLib:MemoryAllocationLib.obj
 0001:00006b44       FreePool                   0000000000017b44 f   UefiMemoryAllocationLib:MemoryAllocationLib.obj
 0001:00006be0       UefiBootServicesTableLibConstructor 0000000000017be0 f   UefiBootServicesTableLib:UefiBootServicesTableLib.obj
 0001:00006cbc       UefiRuntimeServicesTableLibConstructor 0000000000017cbc f   UefiRuntimeServicesTableLib:UefiRuntimeServicesTableLib.obj
 0001:00006d18       UefiLibConstructor         0000000000017d18 f   UefiLib:UefiLib.obj
 0001:00006d28       EfiGetSystemConfigurationTable 0000000000017d28 f   UefiLib:UefiLib.obj
 0001:00006e34       EfiInitializeLock          0000000000017e34 f   UefiLib:UefiLib.obj
 0001:00006ed8       EfiAcquireLockOrFail       0000000000017ed8 f   UefiLib:UefiLib.obj
 0001:00006f90       EfiReleaseLock             0000000000017f90 f   UefiLib:UefiLib.obj
 0001:00007030       _DriverUnloadHandler       0000000000018030 f   UefiDriverEntryPoint:DriverEntryPoint.obj
 0001:00007074       _ModuleEntryPoint          0000000000018074 f   UefiDriverEntryPoint:DriverEntryPoint.obj
 0001:000071b4       GetHobList                 00000000000181b4 f   DxeHobLib:HobLib.obj
 0001:00007298       HobLibConstructor          0000000000018298 f   DxeHobLib:HobLib.obj
 0001:000072b4       GetNextHob                 00000000000182b4 f   DxeHobLib:HobLib.obj
 0001:00007348       GetNextGuidHob             0000000000018348 f   DxeHobLib:HobLib.obj
 0001:000073c0       GetFirstGuidHob            00000000000183c0 f   DxeHobLib:HobLib.obj
 0002:00000000       ??_C@_09HOFECMDB@SmbiosDxe@ 0000000000019000     SmbiosDxe:AutoGen.obj
 0002:00000010       ??_C@_0CB@DMEJJJHA@?6ASSERT_EFI_ERROR?5?$CIStatus?5?$DN?5?$CFr?$CJ@ 0000000000019010     SmbiosDxe:AutoGen.obj
 0002:00000038       ??_C@_0DG@FLPEIDFK@?$CB?$CI?$CI?$CIRETURN_STATUS?$CJ?$CIStatus?$CJ?$CJ?5?$DO?$DN?5@ 0000000000019038     SmbiosDxe:AutoGen.obj
 0002:00000070       ??_C@_0HD@MJNIMPOF@D?3?2develop?2EDK2?2edk2?2Build?2Emul@ 0000000000019070     SmbiosDxe:AutoGen.obj
 0002:000000e4       _gPcd_FixedAtBuild_PcdMaximumLinkedListLength 00000000000190e4     SmbiosDxe:AutoGen.obj
 0002:000000e4       _gPcd_FixedAtBuild_PcdMaximumAsciiStringLength 00000000000190e4     SmbiosDxe:AutoGen.obj
 0002:000000e8       _gPcd_FixedAtBuild_PcdReportStatusCodePropertyMask 00000000000190e8     SmbiosDxe:AutoGen.obj
 0002:000000ec       _gPcd_FixedAtBuild_PcdDebugPrintErrorLevel 00000000000190ec     SmbiosDxe:AutoGen.obj
 0002:000000f0       _gPcd_FixedAtBuild_PcdSmbiosEntryPointProvideMethod 00000000000190f0     SmbiosDxe:AutoGen.obj
 0002:000000f4       _gPcd_FixedAtBuild_PcdSmbiosDocRev 00000000000190f4     SmbiosDxe:AutoGen.obj
 0002:000000f4       _gPcd_FixedAtBuild_PcdVerifyNodeInList 00000000000190f4     SmbiosDxe:AutoGen.obj
 0002:000000f4       _gDriverUnloadImageCount   00000000000190f4     SmbiosDxe:AutoGen.obj
 0002:000000f8       _gPcd_FixedAtBuild_PcdFixedDebugPrintErrorLevel 00000000000190f8     SmbiosDxe:AutoGen.obj
 0002:000000fc       _gUefiDriverRevision       00000000000190fc     SmbiosDxe:AutoGen.obj
 0002:00000100       _gPcd_FixedAtBuild_PcdSmbiosVersion 0000000000019100     SmbiosDxe:AutoGen.obj
 0002:00000102       _gPcd_FixedAtBuild_PcdDebugPropertyMask 0000000000019102     SmbiosDxe:AutoGen.obj
 0002:00000104       _gPcd_FixedAtBuild_PcdControlFlowEnforcementPropertyMask 0000000000019104     SmbiosDxe:AutoGen.obj
 0002:00000108       ??_C@_0BF@NDBIKIKC@CR?5has?5Bad?5Signature@ 0000000000019108     SmbiosDxe:SmbiosDxe.obj
 0002:00000120       ??_C@_0EC@JDPBNNFC@D?3?2develop?2EDK2?2edk2?2MdeModuleP@ 0000000000019120     SmbiosDxe:SmbiosDxe.obj
 0002:00000170       ??_C@_0FE@OBJNKBMB@SmbiosAdd?3?5Total?5length?5exceeds@ 0000000000019170     SmbiosDxe:SmbiosDxe.obj
 0002:000001d0       ??_C@_0ED@ICNFNOMO@SmbiosAdd?3?5Smbios?5type?5?$CFd?5with?5@ 00000000000191d0     SmbiosDxe:SmbiosDxe.obj
 0002:00000220       ??_C@_0FE@IGIMMDHC@SmbiosAdd?3?5Total?5length?5exceeds@ 0000000000019220     SmbiosDxe:SmbiosDxe.obj
 0002:00000280       ??_C@_0ED@KGJDGPHO@SmbiosAdd?3?5Smbios?5type?5?$CFd?5with?5@ 0000000000019280     SmbiosDxe:SmbiosDxe.obj
 0002:000002d0       ??_C@_0EC@CICIGFJG@SmbiosUpdateString?3?5Total?5lengt@ 00000000000192d0     SmbiosDxe:SmbiosDxe.obj
 0002:00000318       ??_C@_0DL@ECCBDBGM@SmbiosUpdateString?3?5New?5smbios?5@ 0000000000019318     SmbiosDxe:SmbiosDxe.obj
 0002:00000360       ??_C@_0EC@CBCIHPGG@SmbiosUpdateString?3?5Total?5lengt@ 0000000000019360     SmbiosDxe:SmbiosDxe.obj
 0002:000003a8       ??_C@_0DL@GGGHIANM@SmbiosUpdateString?3?5New?5smbios?5@ 00000000000193a8     SmbiosDxe:SmbiosDxe.obj
 0002:000003e8       ??_C@_0CI@HLPAAGA@SmbiosRemove?3?5remove?5from?532?9bi@ 00000000000193e8     SmbiosDxe:SmbiosDxe.obj
 0002:00000410       ??_C@_0CI@CDPJLBNA@SmbiosRemove?3?5remove?5from?564?9bi@ 0000000000019410     SmbiosDxe:SmbiosDxe.obj
 0002:00000438       ??_C@_0DM@JOGMAGIK@SmbiosCreateTable?3?5Initialize?53@ 0000000000019438     SmbiosDxe:SmbiosDxe.obj
 0002:00000480       ??_C@_0ED@LJGMCIFG@SmbiosCreateTable?5?$CI?$CJ?5could?5not?5@ 0000000000019480     SmbiosDxe:SmbiosDxe.obj
 0002:000004c8       ??_C@_0BC@EHBJEKLC@SmbiosCreateTable@ 00000000000194c8     SmbiosDxe:SmbiosDxe.obj
 0002:000004e0       ??_C@_0CG@FCHPBJIJ@?$CFa?$CI?$CJ?5re?9allocate?5SMBIOS?532?9bit?5@ 00000000000194e0     SmbiosDxe:SmbiosDxe.obj
 0002:00000508       ??_C@_0DL@KKHLCDP@SmbiosCreateTable?$CI?$CJ?5could?5not?5a@ 0000000000019508     SmbiosDxe:SmbiosDxe.obj
 0002:00000548       ??_C@_0CH@KONLPCCG@EntryPointStructure?9?$DOTableAddre@ 0000000000019548     SmbiosDxe:SmbiosDxe.obj
 0002:00000570       ??_C@_0DM@MCOOLJDL@SmbiosCreateTable?3?5Initialize?56@ 0000000000019570     SmbiosDxe:SmbiosDxe.obj
 0002:000005b0       ??_C@_0EJ@OFCAMAEO@SmbiosCreate64BitTable?$CI?$CJ?5could?5@ 00000000000195b0     SmbiosDxe:SmbiosDxe.obj
 0002:00000600       ??_C@_0BH@JFHJFNGK@SmbiosCreate64BitTable@ 0000000000019600     SmbiosDxe:SmbiosDxe.obj
 0002:00000618       ??_C@_0CG@HGDJKIDJ@?$CFa?$CI?$CJ?5re?9allocate?5SMBIOS?564?9bit?5@ 0000000000019618     SmbiosDxe:SmbiosDxe.obj
 0002:00000640       ??_C@_0DM@HHHIKCKI@SmbiosCreateTable?$CI?$CJ?5could?5not?5a@ 0000000000019640     SmbiosDxe:SmbiosDxe.obj
 0002:00000680       ??_C@_0CP@OKMABBNJ@Smbios30EntryPointStructure?9?$DOTa@ 0000000000019680     SmbiosDxe:SmbiosDxe.obj
 0002:000006b0       ??_C@_04BPEHKPLM@_SM_@     00000000000196b0     SmbiosDxe:SmbiosDxe.obj
 0002:000006b8       ??_C@_05DFIAGNMD@_DMI_@    00000000000196b8     SmbiosDxe:SmbiosDxe.obj
 0002:000006c0       ??_C@_05LOCGMLNH@_SM3_@    00000000000196c0     SmbiosDxe:SmbiosDxe.obj
 0002:000006d0       ??_C@_0EK@LEKBJBBB@RetrieveSmbiosFromHob?3?5Failed?5t@ 00000000000196d0     SmbiosDxe:SmbiosDxe.obj
 0002:00000720       ??_C@_0BH@IACGKAP@Buffer?5?$CB?$DN?5?$CI?$CIvoid?5?$CK?$CJ?50?$CJ@ 0000000000019720     BasePrintLib:PrintLibInternal.obj
 0002:00000740       ??_C@_0FH@KLOBJBPP@D?3?2develop?2EDK2?2edk2?2MdeModuleP@ 0000000000019740     DxeReportStatusCodeLib:ReportStatusCodeLib.obj
 0002:00000798       ??_C@_0BH@LKMBFCBF@Format?5?$CB?$DN?5?$CI?$CIvoid?5?$CK?$CJ?50?$CJ@ 0000000000019798     DxeReportStatusCodeLib:ReportStatusCodeLib.obj
 0002:000007b0       ??_C@_0DN@HHIHPHHB@?$CB?$CI?$CIExtendedData?5?$DN?$DN?5?$CI?$CIvoid?5?$CK?$CJ?50?$CJ@ 00000000000197b0     DxeReportStatusCodeLib:ReportStatusCodeLib.obj
 0002:000007f0       ??_C@_0DN@BBBIFINB@?$CB?$CI?$CIExtendedData?5?$CB?$DN?5?$CI?$CIvoid?5?$CK?$CJ?50?$CJ@ 00000000000197f0     DxeReportStatusCodeLib:ReportStatusCodeLib.obj
 0002:00000830       ??_C@_0FE@BEFIIBEL@D?3?2develop?2EDK2?2edk2?2MdeModuleP@ 0000000000019830     PeiDxeDebugLibReportStatusCode:DebugLib.obj
 0002:00000888       ??_C@_0CP@EFCGCEBK@?$CICHAR8?5?$CK?$CJBaseListMarkerPointer?5@ 0000000000019888     PeiDxeDebugLibReportStatusCode:DebugLib.obj
 0002:000008b8       ??_C@_01OHGJGJJP@?$FL@     00000000000198b8     PeiDxeDebugLibReportStatusCode:DebugLib.obj
 0002:000008bc       ??_C@_02PBFOLPKM@?$FN?5@   00000000000198bc     PeiDxeDebugLibReportStatusCode:DebugLib.obj
 0002:000008c0       ??_C@_0DI@MBLLHEOH@D?3?2develop?2EDK2?2edk2?2MdePkg?2Lib@ 00000000000198c0     BaseLib:Unaligned.obj
 0002:000008f8       ??_C@_0BH@MAAHKCPC@String?5?$CB?$DN?5?$CI?$CIvoid?5?$CK?$CJ?50?$CJ@ 00000000000198f8     BaseLib:String.obj
 0002:00000910       ??_C@_0DF@EAHDDLM@D?3?2develop?2EDK2?2edk2?2MdePkg?2Lib@ 0000000000019910     BaseLib:String.obj
 0002:00000948       ??_C@_0DI@MDIKFADO@Length?5?$DM?5_gPcd_FixedAtBuild_Pcd@ 0000000000019948     BaseLib:String.obj
 0002:00000980       ??_C@_0DJ@DNFJNBOO@D?3?2develop?2EDK2?2edk2?2MdePkg?2Lib@ 0000000000019980     BaseLib:SafeString.obj
 0002:000009c0       ??_C@_0BO@ECNIOIHG@?$CIDestination?5?$CB?$DN?5?$CI?$CIvoid?5?$CK?$CJ?50?$CJ?$CJ@ 00000000000199c0     BaseLib:SafeString.obj
 0002:000009e0       ??_C@_0EA@PDPDJJNN@?$CFa?$CI?$CFd?$CJ?5?$CFa?3?5SAFE_STRING_CONSTRAI@ 00000000000199e0     BaseLib:SafeString.obj
 0002:00000a20       ??_C@_0BJ@EAEEJIP@?$CISource?5?$CB?$DN?5?$CI?$CIvoid?5?$CK?$CJ?50?$CJ?$CJ@ 0000000000019a20     BaseLib:SafeString.obj
 0002:00000a40       ??_C@_0P@PMIMLIHM@?$CIDestMax?5?$CB?$DN?50?$CJ@ 0000000000019a40     BaseLib:SafeString.obj
 0002:00000a50       ??_C@_0BG@EEGIIOKH@?$CIDestMax?5?$DO?5SourceLen?$CJ@ 0000000000019a50     BaseLib:SafeString.obj
 0002:00000a68       ??_C@_0N@OMPODJLB@AsciiStrCpyS@ 0000000000019a68     BaseLib:SafeString.obj
 0002:00000a78       ??_C@_0DO@LJFOOPII@?$CIDestMax?5?$DM?$DN?5?$CI_gPcd_FixedAtBuild@ 0000000000019a78     BaseLib:SafeString.obj
 0002:00000ac0       ??_C@_0FL@CDANCHFO@InternalSafeStringNoAsciiStrOve@ 0000000000019ac0     BaseLib:SafeString.obj
 0002:00000b20       ??_C@_0O@DIHNCLLG@AsciiStrnCpyS@ 0000000000019b20     BaseLib:SafeString.obj
 0002:00000b30       ??_C@_0DN@DLAADCJE@?$CILength?5?$DM?$DN?5?$CI_gPcd_FixedAtBuild_@ 0000000000019b30     BaseLib:SafeString.obj
 0002:00000b70       ??_C@_0BF@NJNGJMPC@List?5?$CB?$DN?5?$CI?$CIvoid?5?$CK?$CJ?50?$CJ@ 0000000000019b70     BaseLib:LinkedList.obj
 0002:00000b88       ??_C@_0DJ@PDIPIDH@D?3?2develop?2EDK2?2edk2?2MdePkg?2Lib@ 0000000000019b88     BaseLib:LinkedList.obj
 0002:00000bc8       ??_C@_0CC@KDLPLAED@List?9?$DOForwardLink?5?$CB?$DN?5?$CI?$CIvoid?5?$CK?$CJ?5@ 0000000000019bc8     BaseLib:LinkedList.obj
 0002:00000bf0       ??_C@_0BP@IJJCCMAK@List?9?$DOBackLink?5?$CB?$DN?5?$CI?$CIvoid?5?$CK?$CJ?50?$CJ@ 0000000000019bf0     BaseLib:LinkedList.obj
 0002:00000c10       ??_C@_0CI@BMHOPIIO@InternalBaseLibIsListValid?5?$CIFir@ 0000000000019c10     BaseLib:LinkedList.obj
 0002:00000c38       ??_C@_0BM@BAIHHOEP@SecondEntry?5?$CB?$DN?5?$CI?$CIvoid?5?$CK?$CJ?50?$CJ@ 0000000000019c38     BaseLib:LinkedList.obj
 0002:00000c58       ??_C@_0BJ@NJABNCDK@ListHead?5?$CB?$DN?5?$CI?$CIvoid?5?$CK?$CJ?50?$CJ@ 0000000000019c58     BaseLib:LinkedList.obj
 0002:00000c78       ??_C@_0DI@HOMAKAJD@?$CI?$CIBOOLEAN?$CJ?$CI0?$DN?$DN1?$CJ?$CJ?5?$DN?$DN?5IsNodeInLi@ 0000000000019c78     BaseLib:LinkedList.obj
 0002:00000cb0       ??_C@_0CG@LGIALJFK@InternalBaseLibIsListValid?5?$CILis@ 0000000000019cb0     BaseLib:LinkedList.obj
 0002:00000cd8       ??_C@_0BF@NMBJJECB@?$CBIsListEmpty?5?$CIEntry?$CJ@ 0000000000019cd8     BaseLib:LinkedList.obj
 0002:00000cf0       ??_C@_0L@MEMPDLHB@Count?5?$DM?564@ 0000000000019cf0     BaseLib:ARShiftU64.obj
 0002:00000d00       ??_C@_0DI@FAGDBCDM@D?3?2develop?2EDK2?2edk2?2MdePkg?2Lib@ 0000000000019d00     BaseLib:LShiftU64.obj
 0002:00000d38       ??_C@_0BL@CPGKAMND@JumpBuffer?5?$CB?$DN?5?$CI?$CIvoid?5?$CK?$CJ?50?$CJ@ 0000000000019d38     BaseLib:SetJump.obj
 0002:00000d58       ??_C@_0DG@HPLDDALP@D?3?2develop?2EDK2?2edk2?2MdePkg?2Lib@ 0000000000019d58     BaseLib:SetJump.obj
 0002:00000d90       ??_C@_0CD@OEHNCIHG@?$CI?$CIUINTN?$CJJumpBuffer?5?$CG?5?$CI8?5?9?51?$CJ?$CJ?5?$DN@ 0000000000019d90     BaseLib:SetJump.obj
 0002:00000db8       ??_C@_0DH@CDGJKCAD@D?3?2develop?2EDK2?2edk2?2MdePkg?2Lib@ 0000000000019db8     BaseLib:CheckSum.obj
 0002:00000df0       ??_C@_0DI@FAOGOFLE@Length?5?$DM?$DN?5?$CI0xFFFFFFFFFFFFFFFFUL@ 0000000000019df0     BaseLib:CheckSum.obj
 0002:00000e28       ??_C@_0DG@EEENIGGL@Length?5?$DM?$DN?5?$CI0xFFFFFFFFFFFFFFFFUL@ 0000000000019e28     BaseMemoryLib:MemLibGuid.obj
 0002:00000e60       ??_C@_0ED@MKGCMJG@?$CILength?5?9?51?$CJ?5?$DM?$DN?5?$CI0xFFFFFFFFFFFF@ 0000000000019e60     BaseMemoryLib:CopyMemWrapper.obj
 0002:00000eb0       ??_C@_0ED@JLFCAFGL@D?3?2develop?2EDK2?2edk2?2MdePkg?2Lib@ 0000000000019eb0     BaseMemoryLib:CopyMemWrapper.obj
 0002:00000ef8       ??_C@_0DO@MAOBOFEG@?$CILength?5?9?51?$CJ?5?$DM?$DN?5?$CI0xFFFFFFFFFFFF@ 0000000000019ef8     BaseMemoryLib:CopyMemWrapper.obj
 0002:00000f38       ??_C@_0CC@JOEHDGKB@DestinationBuffer?5?$CB?$DN?5?$CI?$CIvoid?5?$CK?$CJ?5@ 0000000000019f38     BaseMemoryLib:CompareMemWrapper.obj
 0002:00000f60       ??_C@_0EG@DEJIAPDF@D?3?2develop?2EDK2?2edk2?2MdePkg?2Lib@ 0000000000019f60     BaseMemoryLib:CompareMemWrapper.obj
 0002:00000fa8       ??_C@_0BN@MDMCNBCC@SourceBuffer?5?$CB?$DN?5?$CI?$CIvoid?5?$CK?$CJ?50?$CJ@ 0000000000019fa8     BaseMemoryLib:CompareMemWrapper.obj
 0002:00000fd0       ??_C@_0ED@CPPAGEKM@D?3?2develop?2EDK2?2edk2?2MdePkg?2Lib@ 0000000000019fd0     BaseMemoryLib:ZeroMemWrapper.obj
 0002:00001018       ??_C@_0L@LBCNCHJA@Pages?5?$CB?$DN?50@ 000000000001a018     UefiMemoryAllocationLib:MemoryAllocationLib.obj
 0002:00001030       ??_C@_0FC@FCCEPMJI@D?3?2develop?2EDK2?2edk2?2MdePkg?2Lib@ 000000000001a030     UefiMemoryAllocationLib:MemoryAllocationLib.obj
 0002:00001088       ??_C@_0BN@COECPDCC@gImageHandle?5?$CB?$DN?5?$CI?$CIvoid?5?$CK?$CJ?50?$CJ@ 000000000001a088     UefiBootServicesTableLib:UefiBootServicesTableLib.obj
 0002:000010b0       ??_C@_0FI@GPPFIFID@D?3?2develop?2EDK2?2edk2?2MdePkg?2Lib@ 000000000001a0b0     UefiBootServicesTableLib:UefiBootServicesTableLib.obj
 0002:00001108       ??_C@_0BE@DGNHAHIL@gST?5?$CB?$DN?5?$CI?$CIvoid?5?$CK?$CJ?50?$CJ@ 000000000001a108     UefiBootServicesTableLib:UefiBootServicesTableLib.obj
 0002:00001120       ??_C@_0BE@BDFJLGLN@gBS?5?$CB?$DN?5?$CI?$CIvoid?5?$CK?$CJ?50?$CJ@ 000000000001a120     UefiBootServicesTableLib:UefiBootServicesTableLib.obj
 0002:00001138       ??_C@_0BE@OBDFIHND@gRT?5?$CB?$DN?5?$CI?$CIvoid?5?$CK?$CJ?50?$CJ@ 000000000001a138     UefiRuntimeServicesTableLib:UefiRuntimeServicesTableLib.obj
 0002:00001150       ??_C@_0FO@FKLKMJDF@D?3?2develop?2EDK2?2edk2?2MdePkg?2Lib@ 000000000001a150     UefiRuntimeServicesTableLib:UefiRuntimeServicesTableLib.obj
 0002:000011b0       ??_C@_0BK@PPOBBAMB@TableGuid?5?$CB?$DN?5?$CI?$CIvoid?5?$CK?$CJ?50?$CJ@ 000000000001a1b0     UefiLib:UefiLib.obj
 0002:000011d0       ??_C@_0DG@PLINABMB@D?3?2develop?2EDK2?2edk2?2MdePkg?2Lib@ 000000000001a1d0     UefiLib:UefiLib.obj
 0002:00001208       ??_C@_0BG@JDKEGFNB@Table?5?$CB?$DN?5?$CI?$CIvoid?5?$CK?$CJ?50?$CJ@ 000000000001a208     UefiLib:UefiLib.obj
 0002:00001220       ??_C@_0BF@JGGLMCFN@Lock?5?$CB?$DN?5?$CI?$CIvoid?5?$CK?$CJ?50?$CJ@ 000000000001a220     UefiLib:UefiLib.obj
 0002:00001238       ??_C@_0P@EOAOOBNP@Priority?5?$DM?$DN?531@ 000000000001a238     UefiLib:UefiLib.obj
 0002:00001248       ??_C@_0CD@PGOFFOAH@Lock?9?$DOLock?5?$CB?$DN?5EfiLockUninitiali@ 000000000001a248     UefiLib:UefiLib.obj
 0002:00001270       ??_C@_0BO@FHNOFLFJ@Lock?9?$DOLock?5?$DN?$DN?5EfiLockAcquired@ 000000000001a270     UefiLib:UefiLib.obj
 0002:00001290       ??_C@_0EM@JLGHJKPJ@D?3?2develop?2EDK2?2edk2?2MdePkg?2Lib@ 000000000001a290     UefiDriverEntryPoint:DriverEntryPoint.obj
 0002:000012e0       ??_C@_0DH@ENOHAOEJ@D?3?2develop?2EDK2?2edk2?2MdePkg?2Lib@ 000000000001a2e0     DxeHobLib:HobLib.obj
 0002:00001318       ??_C@_0BJ@OBFMLLDO@mHobList?5?$CB?$DN?5?$CI?$CIvoid?5?$CK?$CJ?50?$CJ@ 000000000001a318     DxeHobLib:HobLib.obj
 0002:00001338       ??_C@_0BJ@NOLLDKJB@HobStart?5?$CB?$DN?5?$CI?$CIvoid?5?$CK?$CJ?50?$CJ@ 000000000001a338     DxeHobLib:HobLib.obj
 0002:000013a8       __volatile_metadata        000000000001a3a8     <linker-defined>
 0003:00000000       m16Size                    000000000001b000     BaseLib:Thunk16.obj
 0003:00000002       mThunk16Attr               000000000001b002     BaseLib:Thunk16.obj
 0003:00000004       m16Gdt                     000000000001b004     BaseLib:Thunk16.obj
 0003:00000006       m16GdtrBase                000000000001b006     BaseLib:Thunk16.obj
 0003:00000008       mTransition                000000000001b008     BaseLib:Thunk16.obj
 0003:00000010       gEfiStatusCodeSpecificDataGuid 000000000001b010     SmbiosDxe:AutoGen.obj
 0003:00000020       gEfiStatusCodeRuntimeProtocolGuid 000000000001b020     SmbiosDxe:AutoGen.obj
 0003:00000030       gUniversalPayloadSmbios3TableGuid 000000000001b030     SmbiosDxe:AutoGen.obj
 0003:00000040       gEfiLoadedImageProtocolGuid 000000000001b040     SmbiosDxe:AutoGen.obj
 0003:00000050       gEfiSmbiosProtocolGuid     000000000001b050     SmbiosDxe:AutoGen.obj
 0003:00000060       gEfiCallerBaseName         000000000001b060     SmbiosDxe:AutoGen.obj
 0003:00000068       gEfiStatusCodeDataTypeDebugGuid 000000000001b068     SmbiosDxe:AutoGen.obj
 0003:00000078       gEfiSmbios3TableGuid       000000000001b078     SmbiosDxe:AutoGen.obj
 0003:00000088       gEfiSmbiosTableGuid        000000000001b088     SmbiosDxe:AutoGen.obj
 0003:00000098       gEfiHobListGuid            000000000001b098     SmbiosDxe:AutoGen.obj
 0003:000000a8       gUniversalPayloadSmbiosTableGuid 000000000001b0a8     SmbiosDxe:AutoGen.obj
 0003:000000b8       gEfiCallerIdGuid           000000000001b0b8     SmbiosDxe:AutoGen.obj
 0003:000000c8       Smbios30EntryPointStructureData 000000000001b0c8     SmbiosDxe:SmbiosDxe.obj
 0003:000000e0       mIsSmbiosTableValid        000000000001b0e0     SmbiosDxe:SmbiosDxe.obj
 0003:00000100       EntryPointStructureData    000000000001b100     SmbiosDxe:SmbiosDxe.obj
 0003:00000120       __security_cookie          000000000001b120     StackCheckLibNull:StackCheckLibNullMsvc.obj
 0003:00000128       Smbios30EntryPointStructure 000000000001b128     SmbiosDxe:SmbiosDxe.obj
 0003:00000130       mPre64BitAllocatedPages    000000000001b130     SmbiosDxe:SmbiosDxe.obj
 0003:00000138       EntryPointStructure        000000000001b138     SmbiosDxe:SmbiosDxe.obj
 0003:00000140       mPreAllocatedPages         000000000001b140     SmbiosDxe:SmbiosDxe.obj
 0003:00000148       mReportStatusCodeLibStatusCodeProtocol 000000000001b148     DxeReportStatusCodeLib:ReportStatusCodeLib.obj
 0003:00000158       gST                        000000000001b158     UefiBootServicesTableLib:UefiBootServicesTableLib.obj
 0003:00000160       gImageHandle               000000000001b160     UefiBootServicesTableLib:UefiBootServicesTableLib.obj
 0003:00000168       gBS                        000000000001b168     UefiBootServicesTableLib:UefiBootServicesTableLib.obj
 0003:00000170       gRT                        000000000001b170     UefiRuntimeServicesTableLib:UefiRuntimeServicesTableLib.obj
 0003:00000178       mHobList                   000000000001b178     DxeHobLib:HobLib.obj
 0003:00000180       mPrivateData               000000000001b180     <common>

 entry point at        0001:00007074

 Static symbols

 0001:000000a9       rn16_ok                    00000000000110a9     BaseLib:RdRand.obj
 0001:000000bb       rn32_ok                    00000000000110bb     BaseLib:RdRand.obj
 0001:000000cd       rn64_ok                    00000000000110cd     BaseLib:RdRand.obj
 0001:000000fa       PvalidateExit              00000000000110fa     BaseLib:Pvalidate.obj
 0001:0000013a       InternalX86DisablePaging64.0 000000000001113a     BaseLib:DisablePaging64.obj
 0001:00000161       mTransitionEnd             0000000000011161     BaseLib:DisablePaging64.obj
 0001:000001d9       TdVmCall.no_return_data    00000000000111d9     BaseLib:TdVmcall.obj
 0001:0000024b       TdCall.exit                000000000001124b     BaseLib:TdCall.obj
 0001:00000733       CetDone                    0000000000011733     BaseLib:SetJump.obj
 0001:000007f0       CetDone                    00000000000117f0     BaseLib:LongJump.obj
 0001:0000087f       AsmCpuid.0                 000000000001187f     BaseLib:CpuId.obj
 0001:00000884       AsmCpuid.1                 0000000000011884     BaseLib:CpuId.obj
 0001:0000088b       AsmCpuid.2                 000000000001188b     BaseLib:CpuId.obj
 0001:00000894       AsmCpuid.3                 0000000000011894     BaseLib:CpuId.obj
 0001:000008b5       AsmCpuidEx.0               00000000000118b5     BaseLib:CpuIdEx.obj
 0001:000008bc       AsmCpuidEx.1               00000000000118bc     BaseLib:CpuIdEx.obj
 0001:000008c3       AsmCpuidEx.2               00000000000118c3     BaseLib:CpuIdEx.obj
 0001:000008cc       AsmCpuidEx.3               00000000000118cc     BaseLib:CpuIdEx.obj
 0001:000008d0       SavedGdt                   00000000000118d0     BaseLib:Thunk16.obj
 0001:000008da       _BackFromUserCode          00000000000118da     BaseLib:Thunk16.obj
 0001:000008e2       _BackFromUserCode.Base     00000000000118e2     BaseLib:Thunk16.obj
 0001:000008f6       _BackFromUserCode.ThunkAttrEnd 00000000000118f6     BaseLib:Thunk16.obj
 0001:00000903       _BackFromUserCode.1        0000000000011903     BaseLib:Thunk16.obj
 0001:0000090e       _BackFromUserCode.2        000000000001190e     BaseLib:Thunk16.obj
 0001:00000944       _BackFromUserCode.SavedCr4End 0000000000011944     BaseLib:Thunk16.obj
 0001:00000960       _BackFromUserCode.SavedCr0End 0000000000011960     BaseLib:Thunk16.obj
 0001:0000096b       _BackFromUserCode.X64JmpEnd 000000000001196b     BaseLib:Thunk16.obj
 0001:00000976       _BackFromUserCode.SavedSpEnd 0000000000011976     BaseLib:Thunk16.obj
 0001:00000978       _EntryPoint                0000000000011978     BaseLib:Thunk16.obj
 0001:0000097e       _16Gdtr                    000000000001197e     BaseLib:Thunk16.obj
 0001:00000980       _16GdtrBase                0000000000011980     BaseLib:Thunk16.obj
 0001:00000988       _16Idtr                    0000000000011988     BaseLib:Thunk16.obj
 0001:0000098e       _ToUserCode                000000000001198e     BaseLib:Thunk16.obj
 0001:000009b6       _ToUserCode.Base           00000000000119b6     BaseLib:Thunk16.obj
 0001:000009c5       _ToUserCode.RealMode       00000000000119c5     BaseLib:Thunk16.obj
 0001:000009e0       _NullSeg                   00000000000119e0     BaseLib:Thunk16.obj
 0001:000009e8       _16Code                    00000000000119e8     BaseLib:Thunk16.obj
 0001:000009f0       _16Data                    00000000000119f0     BaseLib:Thunk16.obj
 0001:000009f8       _32Data                    00000000000119f8     BaseLib:Thunk16.obj
 0001:00000ab4       InternalAsmThunk16.RetFromRealMode 0000000000011ab4     BaseLib:Thunk16.obj
 0001:000034d8       IsValidSmbios20Table       00000000000144d8 f   SmbiosDxe:SmbiosDxe.obj
 0001:00003620       IsValidSmbios30Table       0000000000014620 f   SmbiosDxe:SmbiosDxe.obj
 0001:000036fc       ParseAndAddExistingSmbiosTable 00000000000146fc f   SmbiosDxe:SmbiosDxe.obj
 0003:00000150       mDeadLoopComparator        000000000001b150     BaseLib:CpuDeadLoop.obj
 0005:00000000       $unwind$ProcessLibraryConstructorList 000000000001d000     SmbiosDxe:AutoGen.obj
 0005:00000000       $unwind$SmbiosDriverEntryPoint 000000000001d000     SmbiosDxe:SmbiosDxe.obj
 0005:00000000       $unwind$CalculateCheckSum8 000000000001d000     BaseLib:CheckSum.obj
 0005:00000000       $unwind$CalculateSum8      000000000001d000     BaseLib:CheckSum.obj
 0005:00000000       $unwind$GetNextGuidHob     000000000001d000     DxeHobLib:HobLib.obj
 0005:00000000       $unwind$GetNextHob         000000000001d000     DxeHobLib:HobLib.obj
 0005:00000000       $unwind$_ModuleEntryPoint  000000000001d000     UefiDriverEntryPoint:DriverEntryPoint.obj
 0005:00000000       $unwind$EfiGetSystemConfigurationTable 000000000001d000     UefiLib:UefiLib.obj
 0005:00000000       $unwind$FreePages          000000000001d000     UefiMemoryAllocationLib:MemoryAllocationLib.obj
 0005:00000008       $unwind$ProcessModuleEntryPointList 000000000001d008     SmbiosDxe:AutoGen.obj
 0005:00000008       $unwind$LShiftU64          000000000001d008     BaseLib:LShiftU64.obj
 0005:00000008       $unwind$InsertTailList     000000000001d008     BaseLib:LinkedList.obj
 0005:00000008       $unwind$WriteUnaligned64   000000000001d008     BaseLib:Unaligned.obj
 0005:00000008       $unwind$InternalMemZeroMem 000000000001d008     BaseMemoryLib:MemLibGeneric.obj
 0005:00000008       $unwind$CopyGuid           000000000001d008     BaseMemoryLib:MemLibGuid.obj
 0005:00000008       $unwind$ZeroMem            000000000001d008     BaseMemoryLib:ZeroMemWrapper.obj
 0005:00000008       $unwind$HobLibConstructor  000000000001d008     DxeHobLib:HobLib.obj
 0005:00000008       $unwind$UefiBootServicesTableLibConstructor 000000000001d008     UefiBootServicesTableLib:UefiBootServicesTableLib.obj
 0005:00000008       $unwind$EfiInitializeLock  000000000001d008     UefiLib:UefiLib.obj
 0005:00000008       $unwind$UefiRuntimeServicesTableLibConstructor 000000000001d008     UefiRuntimeServicesTableLib:UefiRuntimeServicesTableLib.obj
 0005:00000010       $unwind$GetSmbiosStructureSize 000000000001d010     SmbiosDxe:SmbiosDxe.obj
 0005:00000018       $unwind$CheckSmbiosHandleExistance 000000000001d018     SmbiosDxe:SmbiosDxe.obj
 0005:00000018       $unwind$IsNodeInList       000000000001d018     BaseLib:LinkedList.obj
 0005:00000020       $unwind$GetAvailableSmbiosHandle 000000000001d020     SmbiosDxe:SmbiosDxe.obj
 0005:00000020       $unwind$CompareGuid        000000000001d020     BaseMemoryLib:MemLibGuid.obj
 0005:00000028       $unwind$SmbiosAdd          000000000001d028     SmbiosDxe:SmbiosDxe.obj
 0005:00000030       $unwind$SmbiosUpdateString 000000000001d030     SmbiosDxe:SmbiosDxe.obj
 0005:00000038       $unwind$SmbiosRemove       000000000001d038     SmbiosDxe:SmbiosDxe.obj
 0005:00000040       $unwind$SmbiosGetNext      000000000001d040     SmbiosDxe:SmbiosDxe.obj
 0005:00000048       $unwind$GetNextSmbiosRecord 000000000001d048     SmbiosDxe:SmbiosDxe.obj
 0005:00000048       $unwind$InternalMemCopyMem 000000000001d048     BaseMemoryLib:CopyMem.obj
 0005:00000050       $unwind$SmbiosCreateTable  000000000001d050     SmbiosDxe:SmbiosDxe.obj
 0005:00000060       $unwind$SmbiosCreate64BitTable 000000000001d060     SmbiosDxe:SmbiosDxe.obj
 0005:00000070       $unwind$SmbiosTableConstruction 000000000001d070     SmbiosDxe:SmbiosDxe.obj
 0005:00000078       $unwind$DebugPrint         000000000001d078     PeiDxeDebugLibReportStatusCode:DebugLib.obj
 0005:00000078       $unwind$IsValidSmbios20Table 000000000001d078     SmbiosDxe:SmbiosDxe.obj
 0005:00000078       $unwind$IsValidSmbios30Table 000000000001d078     SmbiosDxe:SmbiosDxe.obj
 0005:00000078       $unwind$InternalSafeStringNoAsciiStrOverlap 000000000001d078     BaseLib:SafeString.obj
 0005:00000080       $unwind$ParseAndAddExistingSmbiosTable 000000000001d080     SmbiosDxe:SmbiosDxe.obj
 0005:00000088       $unwind$RetrieveSmbiosFromHob 000000000001d088     SmbiosDxe:SmbiosDxe.obj
 0005:00000090       $unwind$InternalGetReportStatusCode 000000000001d090     DxeReportStatusCodeLib:ReportStatusCodeLib.obj
 0005:00000090       $unwind$CpuDeadLoop        000000000001d090     BaseLib:CpuDeadLoop.obj
 0005:00000090       $unwind$GetHobList         000000000001d090     DxeHobLib:HobLib.obj
 0005:00000098       $unwind$InternalReportStatusCode 000000000001d098     DxeReportStatusCodeLib:ReportStatusCodeLib.obj
 0005:000000a0       $unwind$ReportStatusCodeEx 000000000001d0a0     DxeReportStatusCodeLib:ReportStatusCodeLib.obj
 0005:000000b0       $unwind$ReportDebugCodeEnabled 000000000001d0b0     DxeReportStatusCodeLib:ReportStatusCodeLib.obj
 0005:000000b0       $unwind$ReportErrorCodeEnabled 000000000001d0b0     DxeReportStatusCodeLib:ReportStatusCodeLib.obj
 0005:000000b0       $unwind$ReportProgressCodeEnabled 000000000001d0b0     DxeReportStatusCodeLib:ReportStatusCodeLib.obj
 0005:000000b0       $unwind$DebugAssertEnabled 000000000001d0b0     PeiDxeDebugLibReportStatusCode:DebugLib.obj
 0005:000000b0       $unwind$DebugPrintEnabled  000000000001d0b0     PeiDxeDebugLibReportStatusCode:DebugLib.obj
 0005:000000b8       $unwind$DebugPrintMarker   000000000001d0b8     PeiDxeDebugLibReportStatusCode:DebugLib.obj
 0005:000000c8       $unwind$DebugVPrint        000000000001d0c8     PeiDxeDebugLibReportStatusCode:DebugLib.obj
 0005:000000c8       $unwind$CompareMem         000000000001d0c8     BaseMemoryLib:CompareMemWrapper.obj
 0005:000000c8       $unwind$CopyMem            000000000001d0c8     BaseMemoryLib:CopyMemWrapper.obj
 0005:000000d0       $unwind$DebugAssert        000000000001d0d0     PeiDxeDebugLibReportStatusCode:DebugLib.obj
 0005:000000e0       $unwind$DebugPrintLevelEnabled 000000000001d0e0     PeiDxeDebugLibReportStatusCode:DebugLib.obj
 0005:000000e8       $unwind$InitializeListHead 000000000001d0e8     BaseLib:LinkedList.obj
 0005:000000e8       $unwind$RemoveEntryList    000000000001d0e8     BaseLib:LinkedList.obj
 0005:000000e8       $unwind$InternalAssertJumpBuffer 000000000001d0e8     BaseLib:SetJump.obj
 0005:000000e8       $unwind$AsciiStrSize       000000000001d0e8     BaseLib:String.obj
 0005:000000e8       $unwind$ReadUnaligned64    000000000001d0e8     BaseLib:Unaligned.obj
 0005:000000e8       $unwind$EfiAcquireLockOrFail 000000000001d0e8     UefiLib:UefiLib.obj
 0005:000000e8       $unwind$AllocateZeroPool   000000000001d0e8     UefiMemoryAllocationLib:MemoryAllocationLib.obj
 0005:000000f0       $unwind$IsListEmpty        000000000001d0f0     BaseLib:LinkedList.obj
 0005:000000f0       $unwind$AsciiStrLen        000000000001d0f0     BaseLib:String.obj
 0005:000000f0       $unwind$GetFirstGuidHob    000000000001d0f0     DxeHobLib:HobLib.obj
 0005:000000f0       $unwind$_DriverUnloadHandler 000000000001d0f0     UefiDriverEntryPoint:DriverEntryPoint.obj
 0005:000000f0       $unwind$EfiReleaseLock     000000000001d0f0     UefiLib:UefiLib.obj
 0005:000000f0       $unwind$FreePool           000000000001d0f0     UefiMemoryAllocationLib:MemoryAllocationLib.obj
 0005:000000f8       $unwind$AsciiStrnLenS      000000000001d0f8     BaseLib:SafeString.obj
 0005:00000100       $unwind$AsciiStrCpyS       000000000001d100     BaseLib:SafeString.obj
 0005:00000100       $unwind$InternalMemSetMem  000000000001d100     BaseMemoryLib:SetMem.obj
 0005:00000108       $unwind$AsciiStrnCpyS      000000000001d108     BaseLib:SafeString.obj
 0005:00000110       $unwind$InternalBaseLibIsListValid 000000000001d110     BaseLib:LinkedList.obj
 0005:00000118       $unwind$InternalAllocatePool 000000000001d118     UefiMemoryAllocationLib:MemoryAllocationLib.obj
 0005:00000118       $unwind$InternalAllocateZeroPool 000000000001d118     UefiMemoryAllocationLib:MemoryAllocationLib.obj
