 PcdPeim

 Timestamp is 68f5d080 (Mon Oct 20 14:02:40 2025)

 Preferred load address is 0000000000010000

 Start         Length     Name                   Class
 0001:00000000 00000014H .text                   CODE
 0001:00000014 00006b9dH .text$mn                CODE
 0002:00000000 00000f14H .rdata                  DATA
 0002:00000f14 00000018H .rdata$voltmd           DATA
 0002:00000f2c 00000144H .rdata$zzzdbg           DATA
 0003:00000000 00000300H .data                   DATA
 0003:00000300 00000010H .bss                    DATA
 0004:00000000 00000528H .pdata                  DATA
 0005:00000000 00000130H .xdata                  DATA

  Address         Publics by Value              Rva+Base               Lib:Object

 0000:00000000       __guard_iat_table          0000000000000000     <absolute>
 0000:00000000       __arm64x_redirection_metadata 0000000000000000     <absolute>
 0000:00000000       __guard_longjmp_count      0000000000000000     <absolute>
 0000:00000000       __dynamic_value_reloc_table 0000000000000000     <absolute>
 0000:00000000       __x64_code_ranges_to_entry_points_count 0000000000000000     <absolute>
 0000:00000000       __hybrid_auxiliary_iat     0000000000000000     <absolute>
 0000:00000000       __hybrid_code_map_count    0000000000000000     <absolute>
 0000:00000000       __hybrid_auxiliary_iat_copy 0000000000000000     <absolute>
 0000:00000000       __AbsoluteZero             0000000000000000     <absolute>
 0000:00000000       __guard_longjmp_table      0000000000000000     <absolute>
 0000:00000000       __arm64x_native_entrypoint 0000000000000000     <absolute>
 0000:00000000       __guard_eh_cont_table      0000000000000000     <absolute>
 0000:00000000       __x64_code_ranges_to_entry_points 0000000000000000     <absolute>
 0000:00000000       __guard_check_icall_a64n_fptr 0000000000000000     <absolute>
 0000:00000000       __enclave_config           0000000000000000     <absolute>
 0000:00000000       __guard_fids_count         0000000000000000     <absolute>
 0000:00000000       __arm64x_redirection_metadata_count 0000000000000000     <absolute>
 0000:00000000       __arm64x_extra_rfe_table   0000000000000000     <absolute>
 0000:00000000       __guard_fids_table         0000000000000000     <absolute>
 0000:00000000       __guard_eh_cont_count      0000000000000000     <absolute>
 0000:00000000       __hybrid_code_map          0000000000000000     <absolute>
 0000:00000000       __guard_flags              0000000000000000     <absolute>
 0000:00000000       __arm64x_extra_rfe_table_size 0000000000000000     <absolute>
 0000:00000000       __guard_iat_count          0000000000000000     <absolute>
 0001:00000000       CpuPause                   0000000000011000     BaseLib:CpuPause.obj
 0001:00000010       __report_rangecheckfailure 0000000000011010     StackCheckLibNull:StackCheckFunctionsMsvc.obj
 0001:00000011       __GSHandlerCheck           0000000000011011     StackCheckLibNull:StackCheckFunctionsMsvc.obj
 0001:00000012       __security_check_cookie    0000000000011012     StackCheckLibNull:StackCheckFunctionsMsvc.obj
 0001:00000014       _ModuleEntryPoint          0000000000011014 f   PeimEntryPoint:PeimEntryPoint.obj
 0001:0000008c       ProcessLibraryConstructorList 000000000001108c f   PcdPeim:AutoGen.obj
 0001:00000098       ProcessModuleEntryPointList 0000000000011098 f   PcdPeim:AutoGen.obj
 0001:000000bc       PcdSetNvStoreDefaultIdCallBack 00000000000110bc f   PcdPeim:Pcd.obj
 0001:00000448       EndOfPeiSignalPpiNotifyCallback 0000000000011448 f   PcdPeim:Pcd.obj
 0001:000006d4       PcdPeimInit                00000000000116d4 f   PcdPeim:Pcd.obj
 0001:00000ecc       PeiGetPcdInfoGetInfo       0000000000011ecc f   PcdPeim:Pcd.obj
 0001:00000ef0       PeiGetPcdInfoGetInfoEx     0000000000011ef0 f   PcdPeim:Pcd.obj
 0001:00000f1c       PeiGetPcdInfoGetSku        0000000000011f1c f   PcdPeim:Pcd.obj
 0001:00000f30       PeiPcdSetSku               0000000000011f30 f   PcdPeim:Pcd.obj
 0001:00001480       PeiPcdGetBool              0000000000012480 f   PcdPeim:Pcd.obj
 0001:00001480       PeiPcdGet8                 0000000000012480 f   PcdPeim:Pcd.obj
 0001:000014a0       PeiPcdGet16                00000000000124a0 f   PcdPeim:Pcd.obj
 0001:000014c8       PeiPcdGet32                00000000000124c8 f   PcdPeim:Pcd.obj
 0001:000014f0       PeiPcdGet64                00000000000124f0 f   PcdPeim:Pcd.obj
 0001:00001518       PeiPcdGetPtr               0000000000012518 f   PcdPeim:Pcd.obj
 0001:00001534       PeiPcdGetSize              0000000000012534 f   PcdPeim:Pcd.obj
 0001:000015f4       PeiPcdGetBoolEx            00000000000125f4 f   PcdPeim:Pcd.obj
 0001:000015f4       PeiPcdGet8Ex               00000000000125f4 f   PcdPeim:Pcd.obj
 0001:00001620       PeiPcdGet16Ex              0000000000012620 f   PcdPeim:Pcd.obj
 0001:00001650       PeiPcdGet32Ex              0000000000012650 f   PcdPeim:Pcd.obj
 0001:00001680       PeiPcdGet64Ex              0000000000012680 f   PcdPeim:Pcd.obj
 0001:000016b0       PeiPcdGetPtrEx             00000000000126b0 f   PcdPeim:Pcd.obj
 0001:000016d8       PeiPcdGetSizeEx            00000000000126d8 f   PcdPeim:Pcd.obj
 0001:00001704       PeiPcdSet8                 0000000000012704 f   PcdPeim:Pcd.obj
 0001:00001704       PeiPcdSetBool              0000000000012704 f   PcdPeim:Pcd.obj
 0001:0000172c       PeiPcdSet16                000000000001272c f   PcdPeim:Pcd.obj
 0001:00001754       PeiPcdSet32                0000000000012754 f   PcdPeim:Pcd.obj
 0001:0000177c       PeiPcdSet64                000000000001277c f   PcdPeim:Pcd.obj
 0001:000017a4       PeiPcdSetPtr               00000000000127a4 f   PcdPeim:Pcd.obj
 0001:000017d4       PeiPcdSet8Ex               00000000000127d4 f   PcdPeim:Pcd.obj
 0001:000017d4       PeiPcdSetBoolEx            00000000000127d4 f   PcdPeim:Pcd.obj
 0001:00001808       PeiPcdSet16Ex              0000000000012808 f   PcdPeim:Pcd.obj
 0001:0000183c       PeiPcdSet32Ex              000000000001283c f   PcdPeim:Pcd.obj
 0001:00001870       PeiPcdSet64Ex              0000000000012870 f   PcdPeim:Pcd.obj
 0001:000018a4       PeiPcdSetPtrEx             00000000000128a4 f   PcdPeim:Pcd.obj
 0001:000018e0       PeiRegisterCallBackOnSet   00000000000128e0 f   PcdPeim:Pcd.obj
 0001:0000193c       PcdUnRegisterCallBackOnSet 000000000001293c f   PcdPeim:Pcd.obj
 0001:00001998       PeiPcdGetNextToken         0000000000012998 f   PcdPeim:Pcd.obj
 0001:00001c60       PeiPcdGetNextTokenSpace    0000000000012c60 f   PcdPeim:Pcd.obj
 0001:00001f08       GetPtrTypeSize             0000000000012f08 f   PcdPeim:Pcd.obj
 0001:00001fe8       SetPtrTypeSize             0000000000012fe8 f   PcdPeim:Pcd.obj
 0001:00002124       GetLocalTokenNumber        0000000000013124 f   PcdPeim:Service.obj
 0001:00002168       GetPcdType                 0000000000013168 f   PcdPeim:Service.obj
 0001:00002220       GetPcdName                 0000000000013220 f   PcdPeim:Service.obj
 0001:0000239c       ExGetPcdInfo               000000000001339c f   PcdPeim:Service.obj
 0001:00002574       PeiGetPcdInfo              0000000000013574 f   PcdPeim:Service.obj
 0001:000026d8       PeiRegisterCallBackWorker  00000000000136d8 f   PcdPeim:Service.obj
 0001:000029f4       LocateExPcdBinary          00000000000139f4 f   PcdPeim:Service.obj
 0001:00002b28       BuildPcdDatabase           0000000000013b28 f   PcdPeim:Service.obj
 0001:00002c1c       GetHiiVariable             0000000000013c1c f   PcdPeim:Service.obj
 0001:00002e80       InvokeCallbackOnSet        0000000000013e80 f   PcdPeim:Service.obj
 0001:00002ff8       SetValueWorker             0000000000013ff8 f   PcdPeim:Service.obj
 0001:00003028       SetWorker                  0000000000014028 f   PcdPeim:Service.obj
 0001:00003464       ExSetValueWorker           0000000000014464 f   PcdPeim:Service.obj
 0001:000034a0       ExSetWorker                00000000000144a0 f   PcdPeim:Service.obj
 0001:0000353c       ExGetWorker                000000000001453c f   PcdPeim:Service.obj
 0001:00003570       GetWorker                  0000000000014570 f   PcdPeim:Service.obj
 0001:0000397c       GetExPcdTokenNumber        000000000001497c f   PcdPeim:Service.obj
 0001:00003a98       GetPcdDatabase             0000000000014a98 f   PcdPeim:Service.obj
 0001:00003af0       GetSizeTableIndex          0000000000014af0 f   PcdPeim:Service.obj
 0001:00003b90       AllocatePool               0000000000014b90 f   PeiMemoryAllocationLib:MemoryAllocationLib.obj
 0001:00003bd4       AllocateZeroPool           0000000000014bd4 f   PeiMemoryAllocationLib:MemoryAllocationLib.obj
 0001:00003c14       AllocateCopyPool           0000000000014c14 f   PeiMemoryAllocationLib:MemoryAllocationLib.obj
 0001:00003cd0       DebugPrint                 0000000000014cd0 f   PeiDxeDebugLibReportStatusCode:DebugLib.obj
 0001:00003d14       DebugPrintMarker           0000000000014d14 f   PeiDxeDebugLibReportStatusCode:DebugLib.obj
 0001:000044bc       DebugVPrint                00000000000154bc f   PeiDxeDebugLibReportStatusCode:DebugLib.obj
 0001:000044ec       DebugAssert                00000000000154ec f   PeiDxeDebugLibReportStatusCode:DebugLib.obj
 0001:00004888       DebugAssertEnabled         0000000000015888 f   PeiDxeDebugLibReportStatusCode:DebugLib.obj
 0001:000048ac       DebugPrintEnabled          00000000000158ac f   PeiDxeDebugLibReportStatusCode:DebugLib.obj
 0001:000048d0       DebugPrintLevelEnabled     00000000000158d0 f   PeiDxeDebugLibReportStatusCode:DebugLib.obj
 0001:00004904       ReadUnaligned16            0000000000015904 f   BaseLib:Unaligned.obj
 0001:0000494c       ReadUnaligned32            000000000001594c f   BaseLib:Unaligned.obj
 0001:00004994       ReadUnaligned64            0000000000015994 f   BaseLib:Unaligned.obj
 0001:000049dc       WriteUnaligned64           00000000000159dc f   BaseLib:Unaligned.obj
 0001:00004a34       AsciiStrLen                0000000000015a34 f   BaseLib:String.obj
 0001:00004aec       AsciiStrSize               0000000000015aec f   BaseLib:String.obj
 0001:00004b08       InternalSafeStringIsOverlap 0000000000015b08 f   BaseLib:SafeString.obj
 0001:00004b6c       InternalSafeStringNoAsciiStrOverlap 0000000000015b6c f   BaseLib:SafeString.obj
 0001:00004bc0       AsciiStrnLenS              0000000000015bc0 f   BaseLib:SafeString.obj
 0001:00004c2c       AsciiStrnCpyS              0000000000015c2c f   BaseLib:SafeString.obj
 0001:0000511c       AsciiStrCatS               000000000001611c f   BaseLib:SafeString.obj
 0001:000055f8       CpuBreakpoint              00000000000165f8 f   BaseLib:CpuBreakpoint.obj
 0001:000055fc       CpuDeadLoop                00000000000165fc f   BaseLib:CpuDeadLoop.obj
 0001:0000562c       LShiftU64                  000000000001662c f   BaseLib:LShiftU64.obj
 0001:00005680       InternalMathLShiftU64      0000000000016680 f   BaseLib:Math64.obj
 0001:0000569c       GetHobList                 000000000001669c f   PeiHobLib:HobLib.obj
 0001:00005768       GetNextHob                 0000000000016768 f   PeiHobLib:HobLib.obj
 0001:000057fc       GetNextGuidHob             00000000000167fc f   PeiHobLib:HobLib.obj
 0001:00005874       GetFirstGuidHob            0000000000016874 f   PeiHobLib:HobLib.obj
 0001:0000589c       InternalPeiCreateHob       000000000001689c f   PeiHobLib:HobLib.obj
 0001:0000591c       BuildGuidHob               000000000001691c f   PeiHobLib:HobLib.obj
 0001:000059e0       PeiServicesInstallPpi      00000000000169e0 f   PeiServicesLib:PeiServicesLib.obj
 0001:00005a10       PeiServicesReInstallPpi    0000000000016a10 f   PeiServicesLib:PeiServicesLib.obj
 0001:00005a48       PeiServicesLocatePpi       0000000000016a48 f   PeiServicesLib:PeiServicesLib.obj
 0001:00005a98       PeiServicesNotifyPpi       0000000000016a98 f   PeiServicesLib:PeiServicesLib.obj
 0001:00005ac8       PeiServicesGetBootMode     0000000000016ac8 f   PeiServicesLib:PeiServicesLib.obj
 0001:00005af8       PeiServicesGetHobList      0000000000016af8 f   PeiServicesLib:PeiServicesLib.obj
 0001:00005b28       PeiServicesCreateHob       0000000000016b28 f   PeiServicesLib:PeiServicesLib.obj
 0001:00005b6c       PeiServicesFfsFindNextVolume 0000000000016b6c f   PeiServicesLib:PeiServicesLib.obj
 0001:00005ba4       PeiServicesFfsFindSectionData 0000000000016ba4 f   PeiServicesLib:PeiServicesLib.obj
 0001:00005be4       PeiServicesAllocatePool    0000000000016be4 f   PeiServicesLib:PeiServicesLib.obj
 0001:00005c20       PeiServicesRegisterForShadow 0000000000016c20 f   PeiServicesLib:PeiServicesLib.obj
 0001:00005c44       PeiServicesFfsFindFileByName 0000000000016c44 f   PeiServicesLib:PeiServicesLib.obj
 0001:00005c7c       CopyMem                    0000000000016c7c f   BaseMemoryLib:CopyMemWrapper.obj
 0001:00005d54       CopyGuid                   0000000000016d54 f   BaseMemoryLib:MemLibGuid.obj
 0001:00005da8       CompareGuid                0000000000016da8 f   BaseMemoryLib:MemLibGuid.obj
 0001:00005e30       ScanGuid                   0000000000016e30 f   BaseMemoryLib:MemLibGuid.obj
 0001:00005f60       ZeroMem                    0000000000016f60 f   BaseMemoryLib:ZeroMemWrapper.obj
 0001:00006008       InternalMemCopyMem         0000000000017008 f   BaseMemoryLib:CopyMem.obj
 0001:000065e4       InternalMemZeroMem         00000000000175e4 f   BaseMemoryLib:MemLibGeneric.obj
 0001:0000660c       InternalMemSetMem          000000000001760c f   BaseMemoryLib:SetMem.obj
 0001:000067a0       GetPeiServicesTablePointer 00000000000177a0 f   EmulatorPkgPeiServicesTablePointerLib:PeiServicesTablePointer.obj
 0001:00006824       GetDebugPrintErrorLevel    0000000000017824 f   BaseDebugPrintErrorLevelLib:BaseDebugPrintErrorLevelLib.obj
 0001:0000682c       InternalReportStatusCode   000000000001782c f   PeiReportStatusCodeLib:ReportStatusCodeLib.obj
 0001:00006944       ReportStatusCodeEx         0000000000017944 f   PeiReportStatusCodeLib:ReportStatusCodeLib.obj
 0001:00006b2c       ReportProgressCodeEnabled  0000000000017b2c f   PeiReportStatusCodeLib:ReportStatusCodeLib.obj
 0001:00006b50       ReportErrorCodeEnabled     0000000000017b50 f   PeiReportStatusCodeLib:ReportStatusCodeLib.obj
 0001:00006b74       ReportDebugCodeEnabled     0000000000017b74 f   PeiReportStatusCodeLib:ReportStatusCodeLib.obj
 0001:00006b98       OemHookStatusCodeInitialize 0000000000017b98 f   OemHookStatusCodeLibNull:OemHookStatusCodeLibNull.obj
 0001:00006b9c       OemHookStatusCodeReport    0000000000017b9c f   OemHookStatusCodeLibNull:OemHookStatusCodeLibNull.obj
 0002:00000000       ??_C@_0CP@KCAHKNFK@?$CI?$CKPeiServices?$CJ?9?$DOHdr?4Revision?5?$DO?$DN@ 0000000000018000     PeimEntryPoint:PeimEntryPoint.obj
 0002:00000030       ??_C@_0EE@JMAAPGDI@D?3?2develop?2EDK2?2edk2?2MdePkg?2Lib@ 0000000000018030     PeimEntryPoint:PeimEntryPoint.obj
 0002:00000074       _gPeimRevision             0000000000018074     PcdPeim:AutoGen.obj
 0002:00000074       _gPcd_FixedAtBuild_PcdVpdBaseAddress 0000000000018074     PcdPeim:AutoGen.obj
 0002:00000078       ??_C@_07EFHOOFNL@PcdPeim@  0000000000018078     PcdPeim:AutoGen.obj
 0002:00000080       _gPcd_FixedAtBuild_PcdPeiFullPcdDatabaseEnable 0000000000018080     PcdPeim:AutoGen.obj
 0002:00000081       _gPcd_FixedAtBuild_PcdReportStatusCodePropertyMask 0000000000018081     PcdPeim:AutoGen.obj
 0002:00000084       _gPcd_FixedAtBuild_PcdMaxPeiPcdCallBackNumberPerPcdEntry 0000000000018084     PcdPeim:AutoGen.obj
 0002:00000088       _gPcd_FixedAtBuild_PcdDebugPrintErrorLevel 0000000000018088     PcdPeim:AutoGen.obj
 0002:00000090       _gPcd_FixedAtBuild_PcdPeiServicesTablePage 0000000000018090     PcdPeim:AutoGen.obj
 0002:00000098       _gPcd_FixedAtBuild_PcdFixedDebugPrintErrorLevel 0000000000018098     PcdPeim:AutoGen.obj
 0002:0000009c       _gPcd_FixedAtBuild_PcdMaximumAsciiStringLength 000000000001809c     PcdPeim:AutoGen.obj
 0002:000000a0       _gPcd_FixedAtBuild_PcdDebugPropertyMask 00000000000180a0     PcdPeim:AutoGen.obj
 0002:000000a8       ??_C@_0CA@DKNLNDEI@VarStoreHobData?5?$CB?$DN?5?$CI?$CIvoid?5?$CK?$CJ?50?$CJ@ 00000000000180a8     PcdPeim:Pcd.obj
 0002:000000c8       ??_C@_0DK@DOKCLJEC@D?3?2develop?2EDK2?2edk2?2MdeModuleP@ 00000000000180c8     PcdPeim:Pcd.obj
 0002:00000108       ??_C@_0CB@DMEJJJHA@?6ASSERT_EFI_ERROR?5?$CIStatus?5?$DN?5?$CFr?$CJ@ 0000000000018108     PcdPeim:Pcd.obj
 0002:00000130       ??_C@_0DG@FLPEIDFK@?$CB?$CI?$CI?$CIRETURN_STATUS?$CJ?$CIStatus?$CJ?$CJ?5?$DO?$DN?5@ 0000000000018130     PcdPeim:Pcd.obj
 0002:00000168       ??_C@_0CE@BGKMJFAH@PcdPei?5?9?5SkuId?50x?$CFlx?5is?5to?5be?5s@ 0000000000018168     PcdPeim:Pcd.obj
 0002:00000190       ??_C@_0CP@CGLNBAIG@PcdPei?5?9?5SkuId?5is?5same?5to?5curre@ 0000000000018190     PcdPeim:Pcd.obj
 0002:000001c0       ??_C@_0DA@IJDFHNFK@PcdPei?5?9?5The?5SKU?5Id?5could?5be?5ch@ 00000000000181c0     PcdPeim:Pcd.obj
 0002:000001f0       ??_C@_0FF@EAOIINIH@PcdPei?5?9?5The?5SKU?5Id?5was?5set?5to?5@ 00000000000181f0     PcdPeim:Pcd.obj
 0002:00000248       ??_C@_0BC@FEDIJHFF@?$CI?$CIBOOLEAN?$CJ?$CI0?$DN?$DN1?$CJ?$CJ@ 0000000000018248     PcdPeim:Pcd.obj
 0002:00000260       ??_C@_0CJ@CLJGJPIM@PcdPei?5?9?5SkuId?5is?5found?5in?5SkuI@ 0000000000018260     PcdPeim:Pcd.obj
 0002:00000290       ??_C@_0CH@NAAOOEJP@PcdPei?5?9?5Set?5current?5SKU?5Id?5to?5@ 0000000000018290     PcdPeim:Pcd.obj
 0002:000002c0       ??_C@_0EG@MPNMKPHF@PcdPei?5?9?5Invalid?5input?5SkuId?0?5t@ 00000000000182c0     PcdPeim:Pcd.obj
 0002:00000308       ??_C@_0CI@BMBNMDKB@TokenNumber?5?$CL?51?5?$DM?5?$CILocalTokenCo@ 0000000000018308     PcdPeim:Pcd.obj
 0002:00000330       ??_C@_0BF@PEDOPNMP@Guid?5?$CB?$DN?5?$CI?$CIvoid?5?$CK?$CJ?50?$CJ@ 0000000000018330     PcdPeim:Pcd.obj
 0002:00000350       ??_C@_0HA@NINFNLNG@?$CILocalTokenNumber?5?$CG?5?$CI?$CI0x0U?5?$DM?$DM?52@ 0000000000018350     PcdPeim:Pcd.obj
 0002:000003c0       ??_C@_0DO@JLPDLBFI@D?3?2develop?2EDK2?2edk2?2MdeModuleP@ 00000000000183c0     PcdPeim:Service.obj
 0002:00000400       ??_C@_0BF@OGAHIMFI@Name?5?$CB?$DN?5?$CI?$CIvoid?5?$CK?$CJ?50?$CJ@ 0000000000018400     PcdPeim:Service.obj
 0002:00000418       ??_C@_0BI@JPMFKADA@PcdInfo?5?$CB?$DN?5?$CI?$CIvoid?5?$CK?$CJ?50?$CJ@ 0000000000018418     PcdPeim:Service.obj
 0002:00000430       ??_C@_0CK@EDPCKBGO@TokenNumber?5?$CL?51?5?$DM?5?$CIPeiNexTokenN@ 0000000000018430     PcdPeim:Service.obj
 0002:00000460       ??_C@_0CK@EDFCJHK@?$CITokenNumber?5?$CL?51?$CJ?5?$DM?5?$CILocalToken@ 0000000000018460     PcdPeim:Service.obj
 0002:00000490       ??_C@_0CH@PBGGMHHH@?$CILocalTokenNumber?5?$CG?5?$CI0x8U?5?$DM?$DM?528@ 0000000000018490     PcdPeim:Service.obj
 0002:000004b8       ??_C@_0CH@FGEEBELP@?$CILocalTokenNumber?5?$CG?5?$CI0x4U?5?$DM?$DM?528@ 00000000000184b8     PcdPeim:Service.obj
 0002:000004e0       ??_C@_0BI@EDOKPJOP@GuidHob?5?$CB?$DN?5?$CI?$CIvoid?5?$CK?$CJ?50?$CJ@ 00000000000184e0     PcdPeim:Service.obj
 0002:000004f8       ??_C@_0BL@INAOLIJI@FileHandle?5?$CB?$DN?5?$CI?$CIvoid?5?$CK?$CJ?50?$CJ@ 00000000000184f8     PcdPeim:Service.obj
 0002:00000518       ??_C@_0BP@HMHBAFLP@PeiPcdDbBinary?5?$CB?$DN?5?$CI?$CIvoid?5?$CK?$CJ?50?$CJ@ 0000000000018518     PcdPeim:Service.obj
 0002:00000538       ??_C@_0DP@BOGBALDF@?$CIGetSize?5?$DN?$DN?5PeiPcdGetSize?5?$CIToke@ 0000000000018538     PcdPeim:Service.obj
 0002:00000578       ??_C@_0BE@JKIEJAMF@VpdBaseAddress?5?$CB?$DN?50@ 0000000000018578     PcdPeim:Service.obj
 0002:00000590       ??_C@_0BK@KMBLOHLH@MatchGuid?5?$CB?$DN?5?$CI?$CIvoid?5?$CK?$CJ?50?$CJ@ 0000000000018590     PcdPeim:Service.obj
 0002:000005b0       ??_C@_0FB@DKIEPKCC@D?3?2develop?2EDK2?2edk2?2MdePkg?2Lib@ 00000000000185b0     PeiMemoryAllocationLib:MemoryAllocationLib.obj
 0002:00000608       ??_C@_0BH@IACGKAP@Buffer?5?$CB?$DN?5?$CI?$CIvoid?5?$CK?$CJ?50?$CJ@ 0000000000018608     PeiMemoryAllocationLib:MemoryAllocationLib.obj
 0002:00000620       ??_C@_0DO@GEEICOOO@AllocationSize?5?$DM?$DN?5?$CI0xFFFFFFFFFF@ 0000000000018620     PeiMemoryAllocationLib:MemoryAllocationLib.obj
 0002:00000660       ??_C@_0BH@LKMBFCBF@Format?5?$CB?$DN?5?$CI?$CIvoid?5?$CK?$CJ?50?$CJ@ 0000000000018660     PeiDxeDebugLibReportStatusCode:DebugLib.obj
 0002:00000680       ??_C@_0FE@BEFIIBEL@D?3?2develop?2EDK2?2edk2?2MdeModuleP@ 0000000000018680     PeiDxeDebugLibReportStatusCode:DebugLib.obj
 0002:000006d8       ??_C@_0CP@EFCGCEBK@?$CICHAR8?5?$CK?$CJBaseListMarkerPointer?5@ 00000000000186d8     PeiDxeDebugLibReportStatusCode:DebugLib.obj
 0002:00000708       ??_C@_01OHGJGJJP@?$FL@     0000000000018708     PeiDxeDebugLibReportStatusCode:DebugLib.obj
 0002:0000070c       ??_C@_02PBFOLPKM@?$FN?5@   000000000001870c     PeiDxeDebugLibReportStatusCode:DebugLib.obj
 0002:00000710       ??_C@_0DI@MBLLHEOH@D?3?2develop?2EDK2?2edk2?2MdePkg?2Lib@ 0000000000018710     BaseLib:Unaligned.obj
 0002:00000748       ??_C@_0BH@MAAHKCPC@String?5?$CB?$DN?5?$CI?$CIvoid?5?$CK?$CJ?50?$CJ@ 0000000000018748     BaseLib:String.obj
 0002:00000760       ??_C@_0DF@EAHDDLM@D?3?2develop?2EDK2?2edk2?2MdePkg?2Lib@ 0000000000018760     BaseLib:String.obj
 0002:00000798       ??_C@_0DI@MDIKFADO@Length?5?$DM?5_gPcd_FixedAtBuild_Pcd@ 0000000000018798     BaseLib:String.obj
 0002:000007d0       ??_C@_0DJ@DNFJNBOO@D?3?2develop?2EDK2?2edk2?2MdePkg?2Lib@ 00000000000187d0     BaseLib:SafeString.obj
 0002:00000810       ??_C@_0BO@ECNIOIHG@?$CIDestination?5?$CB?$DN?5?$CI?$CIvoid?5?$CK?$CJ?50?$CJ?$CJ@ 0000000000018810     BaseLib:SafeString.obj
 0002:00000830       ??_C@_0EA@PDPDJJNN@?$CFa?$CI?$CFd?$CJ?5?$CFa?3?5SAFE_STRING_CONSTRAI@ 0000000000018830     BaseLib:SafeString.obj
 0002:00000870       ??_C@_0BJ@EAEEJIP@?$CISource?5?$CB?$DN?5?$CI?$CIvoid?5?$CK?$CJ?50?$CJ?$CJ@ 0000000000018870     BaseLib:SafeString.obj
 0002:00000890       ??_C@_0P@PMIMLIHM@?$CIDestMax?5?$CB?$DN?50?$CJ@ 0000000000018890     BaseLib:SafeString.obj
 0002:000008a0       ??_C@_0BG@EEGIIOKH@?$CIDestMax?5?$DO?5SourceLen?$CJ@ 00000000000188a0     BaseLib:SafeString.obj
 0002:000008b8       ??_C@_0P@BHOOOJPD@?$CICopyLen?5?$CB?$DN?50?$CJ@ 00000000000188b8     BaseLib:SafeString.obj
 0002:000008c8       ??_C@_0BG@BPGICNPK@?$CICopyLen?5?$DO?5SourceLen?$CJ@ 00000000000188c8     BaseLib:SafeString.obj
 0002:000008e0       ??_C@_0DO@LJFOOPII@?$CIDestMax?5?$DM?$DN?5?$CI_gPcd_FixedAtBuild@ 00000000000188e0     BaseLib:SafeString.obj
 0002:00000920       ??_C@_0FL@CDANCHFO@InternalSafeStringNoAsciiStrOve@ 0000000000018920     BaseLib:SafeString.obj
 0002:00000980       ??_C@_0O@DIHNCLLG@AsciiStrnCpyS@ 0000000000018980     BaseLib:SafeString.obj
 0002:00000990       ??_C@_0DN@DLAADCJE@?$CILength?5?$DM?$DN?5?$CI_gPcd_FixedAtBuild_@ 0000000000018990     BaseLib:SafeString.obj
 0002:000009d0       ??_C@_0N@MIDJKBI@AsciiStrCatS@ 00000000000189d0     BaseLib:SafeString.obj
 0002:000009e0       ??_C@_0L@MEMPDLHB@Count?5?$DM?564@ 00000000000189e0     BaseLib:LShiftU64.obj
 0002:000009f0       ??_C@_0DI@FAGDBCDM@D?3?2develop?2EDK2?2edk2?2MdePkg?2Lib@ 00000000000189f0     BaseLib:LShiftU64.obj
 0002:00000a28       ??_C@_0DH@PPNNMDAD@D?3?2develop?2EDK2?2edk2?2MdePkg?2Lib@ 0000000000018a28     PeiHobLib:HobLib.obj
 0002:00000a60       ??_C@_0BI@NCGMODPG@HobList?5?$CB?$DN?5?$CI?$CIvoid?5?$CK?$CJ?50?$CJ@ 0000000000018a60     PeiHobLib:HobLib.obj
 0002:00000a78       ??_C@_0BJ@NOLLDKJB@HobStart?5?$CB?$DN?5?$CI?$CIvoid?5?$CK?$CJ?50?$CJ@ 0000000000018a78     PeiHobLib:HobLib.obj
 0002:00000a98       ??_C@_0BE@PICCCCHF@Hob?5?$CB?$DN?5?$CI?$CIvoid?5?$CK?$CJ?50?$CJ@ 0000000000018a98     PeiHobLib:HobLib.obj
 0002:00000ab0       ??_C@_0DE@JLBHCAID@DataLength?5?$DM?$DN?5?$CI0xFFF8?5?9?5sizeof?5@ 0000000000018ab0     PeiHobLib:HobLib.obj
 0002:00000af0       ??_C@_0ED@MKGCMJG@?$CILength?5?9?51?$CJ?5?$DM?$DN?5?$CI0xFFFFFFFFFFFF@ 0000000000018af0     BaseMemoryLib:CopyMemWrapper.obj
 0002:00000b40       ??_C@_0ED@JLFCAFGL@D?3?2develop?2EDK2?2edk2?2MdePkg?2Lib@ 0000000000018b40     BaseMemoryLib:CopyMemWrapper.obj
 0002:00000b88       ??_C@_0DO@MAOBOFEG@?$CILength?5?9?51?$CJ?5?$DM?$DN?5?$CI0xFFFFFFFFFFFF@ 0000000000018b88     BaseMemoryLib:CopyMemWrapper.obj
 0002:00000bc8       ??_C@_0DC@LJGHDAJN@?$CI?$CIUINTN?$CJBuffer?5?$CG?5?$CIsizeof?5?$CIGuid?9@ 0000000000018bc8     BaseMemoryLib:MemLibGuid.obj
 0002:00000c00       ??_C@_0DP@GGABCOIE@D?3?2develop?2EDK2?2edk2?2MdePkg?2Lib@ 0000000000018c00     BaseMemoryLib:MemLibGuid.obj
 0002:00000c40       ??_C@_0DG@EEENIGGL@Length?5?$DM?$DN?5?$CI0xFFFFFFFFFFFFFFFFUL@ 0000000000018c40     BaseMemoryLib:MemLibGuid.obj
 0002:00000c78       ??_C@_0CI@FMMOALAD@?$CILength?5?$CG?5?$CIsizeof?5?$CI?$CKGuidPtr?$CJ?5?9?5@ 0000000000018c78     BaseMemoryLib:MemLibGuid.obj
 0002:00000ca0       ??_C@_0ED@CPPAGEKM@D?3?2develop?2EDK2?2edk2?2MdePkg?2Lib@ 0000000000018ca0     BaseMemoryLib:ZeroMemWrapper.obj
 0002:00000ce8       ??_C@_0CI@MDPGFIOC@PeiServicesTablePointer?5?$CB?$DN?5?$CI?$CIvo@ 0000000000018ce8     EmulatorPkgPeiServicesTablePointerLib:PeiServicesTablePointer.obj
 0002:00000d10       ??_C@_0GH@FIBBPKGC@D?3?2develop?2EDK2?2edk2?2EmulatorPk@ 0000000000018d10     EmulatorPkgPeiServicesTablePointerLib:PeiServicesTablePointer.obj
 0002:00000d78       ??_C@_0CJ@NHFDCOMG@?$CKPeiServicesTablePointer?5?$CB?$DN?5?$CI?$CIv@ 0000000000018d78     EmulatorPkgPeiServicesTablePointerLib:PeiServicesTablePointer.obj
 0002:00000db0       ??_C@_0FH@CEHMGJKM@D?3?2develop?2EDK2?2edk2?2MdeModuleP@ 0000000000018db0     PeiReportStatusCodeLib:ReportStatusCodeLib.obj
 0002:00000e08       ??_C@_0DN@HHIHPHHB@?$CB?$CI?$CIExtendedData?5?$DN?$DN?5?$CI?$CIvoid?5?$CK?$CJ?50?$CJ@ 0000000000018e08     PeiReportStatusCodeLib:ReportStatusCodeLib.obj
 0002:00000e48       ??_C@_0DN@BBBIFINB@?$CB?$CI?$CIExtendedData?5?$CB?$DN?5?$CI?$CIvoid?5?$CK?$CJ?50?$CJ@ 0000000000018e48     PeiReportStatusCodeLib:ReportStatusCodeLib.obj
 0002:00000e88       ??_C@_0DI@MIEIGAOH@Status?5code?5extended?5data?5is?5to@ 0000000000018e88     PeiReportStatusCodeLib:ReportStatusCodeLib.obj
 0002:00000f14       __volatile_metadata        0000000000018f14     <linker-defined>
 0003:00000000       gEfiStatusCodeSpecificDataGuid 000000000001a000     PcdPeim:AutoGen.obj
 0003:00000010       gEfiPeiPcdPpiGuid          000000000001a010     PcdPeim:AutoGen.obj
 0003:00000020       gEfiPeiReadOnlyVariable2PpiGuid 000000000001a020     PcdPeim:AutoGen.obj
 0003:00000030       gEfiGetPcdInfoPpiGuid      000000000001a030     PcdPeim:AutoGen.obj
 0003:00000040       gGetPcdInfoPpiGuid         000000000001a040     PcdPeim:AutoGen.obj
 0003:00000050       gEfiCallerBaseName         000000000001a050     PcdPeim:AutoGen.obj
 0003:00000058       gEfiStatusCodeDataTypeDebugGuid 000000000001a058     PcdPeim:AutoGen.obj
 0003:00000068       gEfiMdeModulePkgTokenSpaceGuid 000000000001a068     PcdPeim:AutoGen.obj
 0003:00000078       gEfiEndOfPeiSignalPpiGuid  000000000001a078     PcdPeim:AutoGen.obj
 0003:00000088       gPcdDataBaseHobGuid        000000000001a088     PcdPeim:AutoGen.obj
 0003:00000098       gPcdDataBaseSignatureGuid  000000000001a098     PcdPeim:AutoGen.obj
 0003:000000a8       gEfiCallerIdGuid           000000000001a0a8     PcdPeim:AutoGen.obj
 0003:000000b8       gPcdPpiGuid                000000000001a0b8     PcdPeim:AutoGen.obj
 0003:000000d0       mPcdPpiInstance            000000000001a0d0     PcdPeim:Pcd.obj
 0003:000001c8       mEfiGetPcdInfoInstance     000000000001a1c8     PcdPeim:Pcd.obj
 0003:000001e0       mEfiPcdPpiInstance         000000000001a1e0     PcdPeim:Pcd.obj
 0003:00000270       mPpiList2                  000000000001a270     PcdPeim:Pcd.obj
 0003:000002a0       mEndOfPeiSignalPpiNotifyList 000000000001a2a0     PcdPeim:Pcd.obj
 0003:000002b8       mPpiList                   000000000001a2b8     PcdPeim:Pcd.obj
 0003:000002e8       mGetPcdInfoInstance        000000000001a2e8     PcdPeim:Pcd.obj
 0003:00000308       __security_cookie          000000000001a308     StackCheckLibNull:StackCheckLibNullMsvc.obj

 entry point at        0001:00000014

 Static symbols

 0003:00000300       mDeadLoopComparator        000000000001a300     BaseLib:CpuDeadLoop.obj
 0005:00000000       $unwind$ProcessModuleEntryPointList 000000000001c000     PcdPeim:AutoGen.obj
 0005:00000000       $unwind$PeiGetPcdInfoGetInfo 000000000001c000     PcdPeim:Pcd.obj
 0005:00000000       $unwind$PeiPcdGet16Ex      000000000001c000     PcdPeim:Pcd.obj
 0005:00000000       $unwind$PeiPcdGet32Ex      000000000001c000     PcdPeim:Pcd.obj
 0005:00000000       $unwind$PeiPcdGet64Ex      000000000001c000     PcdPeim:Pcd.obj
 0005:00000000       $unwind$PeiPcdGet8Ex       000000000001c000     PcdPeim:Pcd.obj
 0005:00000000       $unwind$PeiPcdGetBoolEx    000000000001c000     PcdPeim:Pcd.obj
 0005:00000000       $unwind$PeiPcdGetPtrEx     000000000001c000     PcdPeim:Pcd.obj
 0005:00000000       $unwind$PeiPcdGetSizeEx    000000000001c000     PcdPeim:Pcd.obj
 0005:00000000       $unwind$PeiPcdSet16        000000000001c000     PcdPeim:Pcd.obj
 0005:00000000       $unwind$PeiPcdSet64        000000000001c000     PcdPeim:Pcd.obj
 0005:00000000       $unwind$GetSizeTableIndex  000000000001c000     PcdPeim:Service.obj
 0005:00000000       $unwind$LShiftU64          000000000001c000     BaseLib:LShiftU64.obj
 0005:00000000       $unwind$WriteUnaligned64   000000000001c000     BaseLib:Unaligned.obj
 0005:00000000       $unwind$InternalMemZeroMem 000000000001c000     BaseMemoryLib:MemLibGeneric.obj
 0005:00000000       $unwind$CopyGuid           000000000001c000     BaseMemoryLib:MemLibGuid.obj
 0005:00000000       $unwind$ZeroMem            000000000001c000     BaseMemoryLib:ZeroMemWrapper.obj
 0005:00000000       $unwind$_ModuleEntryPoint  000000000001c000     PeimEntryPoint:PeimEntryPoint.obj
 0005:00000008       $unwind$PcdSetNvStoreDefaultIdCallBack 000000000001c008     PcdPeim:Pcd.obj
 0005:00000008       $unwind$PeiRegisterCallBackWorker 000000000001c008     PcdPeim:Service.obj
 0005:00000010       $unwind$EndOfPeiSignalPpiNotifyCallback 000000000001c010     PcdPeim:Pcd.obj
 0005:00000010       $unwind$AsciiStrCatS       000000000001c010     BaseLib:SafeString.obj
 0005:00000018       $unwind$PcdPeimInit        000000000001c018     PcdPeim:Pcd.obj
 0005:00000018       $unwind$GetExPcdTokenNumber 000000000001c018     PcdPeim:Service.obj
 0005:00000018       $unwind$CompareGuid        000000000001c018     BaseMemoryLib:MemLibGuid.obj
 0005:00000020       $unwind$DebugVPrint        000000000001c020     PeiDxeDebugLibReportStatusCode:DebugLib.obj
 0005:00000020       $unwind$PcdUnRegisterCallBackOnSet 000000000001c020     PcdPeim:Pcd.obj
 0005:00000020       $unwind$PeiGetPcdInfoGetInfoEx 000000000001c020     PcdPeim:Pcd.obj
 0005:00000020       $unwind$PeiPcdSet32Ex      000000000001c020     PcdPeim:Pcd.obj
 0005:00000020       $unwind$PeiPcdSet64Ex      000000000001c020     PcdPeim:Pcd.obj
 0005:00000020       $unwind$PeiPcdSet8Ex       000000000001c020     PcdPeim:Pcd.obj
 0005:00000020       $unwind$PeiPcdSetBoolEx    000000000001c020     PcdPeim:Pcd.obj
 0005:00000020       $unwind$PeiPcdSetPtr       000000000001c020     PcdPeim:Pcd.obj
 0005:00000020       $unwind$PeiRegisterCallBackOnSet 000000000001c020     PcdPeim:Pcd.obj
 0005:00000020       $unwind$ExGetWorker        000000000001c020     PcdPeim:Service.obj
 0005:00000020       $unwind$SetValueWorker     000000000001c020     PcdPeim:Service.obj
 0005:00000020       $unwind$CopyMem            000000000001c020     BaseMemoryLib:CopyMemWrapper.obj
 0005:00000020       $unwind$PeiServicesFfsFindFileByName 000000000001c020     PeiServicesLib:PeiServicesLib.obj
 0005:00000028       $unwind$PeiGetPcdInfoGetSku 000000000001c028     PcdPeim:Pcd.obj
 0005:00000030       $unwind$PeiPcdSetSku       000000000001c030     PcdPeim:Pcd.obj
 0005:00000038       $unwind$PeiPcdGet16        000000000001c038     PcdPeim:Pcd.obj
 0005:00000038       $unwind$PeiPcdGet32        000000000001c038     PcdPeim:Pcd.obj
 0005:00000038       $unwind$PeiPcdGet64        000000000001c038     PcdPeim:Pcd.obj
 0005:00000038       $unwind$PeiPcdGet8         000000000001c038     PcdPeim:Pcd.obj
 0005:00000038       $unwind$PeiPcdGetBool      000000000001c038     PcdPeim:Pcd.obj
 0005:00000038       $unwind$PeiPcdGetPtr       000000000001c038     PcdPeim:Pcd.obj
 0005:00000038       $unwind$AsciiStrSize       000000000001c038     BaseLib:String.obj
 0005:00000038       $unwind$ReadUnaligned16    000000000001c038     BaseLib:Unaligned.obj
 0005:00000038       $unwind$ReadUnaligned32    000000000001c038     BaseLib:Unaligned.obj
 0005:00000038       $unwind$ReadUnaligned64    000000000001c038     BaseLib:Unaligned.obj
 0005:00000038       $unwind$PeiServicesRegisterForShadow 000000000001c038     PeiServicesLib:PeiServicesLib.obj
 0005:00000040       $unwind$PeiPcdGetSize      000000000001c040     PcdPeim:Pcd.obj
 0005:00000040       $unwind$BuildPcdDatabase   000000000001c040     PcdPeim:Service.obj
 0005:00000048       $unwind$PeiPcdSet32        000000000001c048     PcdPeim:Pcd.obj
 0005:00000048       $unwind$PeiPcdSet8         000000000001c048     PcdPeim:Pcd.obj
 0005:00000048       $unwind$PeiPcdSetBool      000000000001c048     PcdPeim:Pcd.obj
 0005:00000050       $unwind$PeiPcdSet16Ex      000000000001c050     PcdPeim:Pcd.obj
 0005:00000058       $unwind$DebugPrint         000000000001c058     PeiDxeDebugLibReportStatusCode:DebugLib.obj
 0005:00000058       $unwind$PeiPcdSetPtrEx     000000000001c058     PcdPeim:Pcd.obj
 0005:00000058       $unwind$ExSetValueWorker   000000000001c058     PcdPeim:Service.obj
 0005:00000058       $unwind$InternalSafeStringNoAsciiStrOverlap 000000000001c058     BaseLib:SafeString.obj
 0005:00000060       $unwind$PeiPcdGetNextToken 000000000001c060     PcdPeim:Pcd.obj
 0005:00000068       $unwind$PeiPcdGetNextTokenSpace 000000000001c068     PcdPeim:Pcd.obj
 0005:00000070       $unwind$GetPtrTypeSize     000000000001c070     PcdPeim:Pcd.obj
 0005:00000070       $unwind$SetPtrTypeSize     000000000001c070     PcdPeim:Pcd.obj
 0005:00000070       $unwind$PeiGetPcdInfo      000000000001c070     PcdPeim:Service.obj
 0005:00000078       $unwind$GetLocalTokenNumber 000000000001c078     PcdPeim:Service.obj
 0005:00000078       $unwind$AsciiStrnLenS      000000000001c078     BaseLib:SafeString.obj
 0005:00000080       $unwind$GetPcdType         000000000001c080     PcdPeim:Service.obj
 0005:00000088       $unwind$GetPcdName         000000000001c088     PcdPeim:Service.obj
 0005:00000090       $unwind$ExGetPcdInfo       000000000001c090     PcdPeim:Service.obj
 0005:00000090       $unwind$GetHiiVariable     000000000001c090     PcdPeim:Service.obj
 0005:00000090       $unwind$InvokeCallbackOnSet 000000000001c090     PcdPeim:Service.obj
 0005:00000090       $unwind$AsciiStrnCpyS      000000000001c090     BaseLib:SafeString.obj
 0005:00000098       $unwind$LocateExPcdBinary  000000000001c098     PcdPeim:Service.obj
 0005:00000098       $unwind$AsciiStrLen        000000000001c098     BaseLib:String.obj
 0005:00000098       $unwind$GetFirstGuidHob    000000000001c098     PeiHobLib:HobLib.obj
 0005:00000098       $unwind$AllocatePool       000000000001c098     PeiMemoryAllocationLib:MemoryAllocationLib.obj
 0005:00000098       $unwind$AllocateZeroPool   000000000001c098     PeiMemoryAllocationLib:MemoryAllocationLib.obj
 0005:00000098       $unwind$PeiServicesGetBootMode 000000000001c098     PeiServicesLib:PeiServicesLib.obj
 0005:00000098       $unwind$PeiServicesGetHobList 000000000001c098     PeiServicesLib:PeiServicesLib.obj
 0005:00000098       $unwind$PeiServicesInstallPpi 000000000001c098     PeiServicesLib:PeiServicesLib.obj
 0005:00000098       $unwind$PeiServicesNotifyPpi 000000000001c098     PeiServicesLib:PeiServicesLib.obj
 0005:000000a0       $unwind$SetWorker          000000000001c0a0     PcdPeim:Service.obj
 0005:000000a8       $unwind$ExSetWorker        000000000001c0a8     PcdPeim:Service.obj
 0005:000000a8       $unwind$PeiServicesLocatePpi 000000000001c0a8     PeiServicesLib:PeiServicesLib.obj
 0005:000000b0       $unwind$GetWorker          000000000001c0b0     PcdPeim:Service.obj
 0005:000000b8       $unwind$GetPeiServicesTablePointer 000000000001c0b8     EmulatorPkgPeiServicesTablePointerLib:PeiServicesTablePointer.obj
 0005:000000b8       $unwind$GetPcdDatabase     000000000001c0b8     PcdPeim:Service.obj
 0005:000000b8       $unwind$CpuDeadLoop        000000000001c0b8     BaseLib:CpuDeadLoop.obj
 0005:000000b8       $unwind$GetHobList         000000000001c0b8     PeiHobLib:HobLib.obj
 0005:000000c0       $unwind$BuildGuidHob       000000000001c0c0     PeiHobLib:HobLib.obj
 0005:000000c0       $unwind$GetNextGuidHob     000000000001c0c0     PeiHobLib:HobLib.obj
 0005:000000c0       $unwind$GetNextHob         000000000001c0c0     PeiHobLib:HobLib.obj
 0005:000000c0       $unwind$InternalPeiCreateHob 000000000001c0c0     PeiHobLib:HobLib.obj
 0005:000000c0       $unwind$AllocateCopyPool   000000000001c0c0     PeiMemoryAllocationLib:MemoryAllocationLib.obj
 0005:000000c0       $unwind$PeiServicesAllocatePool 000000000001c0c0     PeiServicesLib:PeiServicesLib.obj
 0005:000000c0       $unwind$PeiServicesFfsFindNextVolume 000000000001c0c0     PeiServicesLib:PeiServicesLib.obj
 0005:000000c0       $unwind$PeiServicesReInstallPpi 000000000001c0c0     PeiServicesLib:PeiServicesLib.obj
 0005:000000c8       $unwind$DebugPrintMarker   000000000001c0c8     PeiDxeDebugLibReportStatusCode:DebugLib.obj
 0005:000000d8       $unwind$DebugAssert        000000000001c0d8     PeiDxeDebugLibReportStatusCode:DebugLib.obj
 0005:000000e8       $unwind$DebugAssertEnabled 000000000001c0e8     PeiDxeDebugLibReportStatusCode:DebugLib.obj
 0005:000000e8       $unwind$DebugPrintEnabled  000000000001c0e8     PeiDxeDebugLibReportStatusCode:DebugLib.obj
 0005:000000e8       $unwind$ReportDebugCodeEnabled 000000000001c0e8     PeiReportStatusCodeLib:ReportStatusCodeLib.obj
 0005:000000e8       $unwind$ReportErrorCodeEnabled 000000000001c0e8     PeiReportStatusCodeLib:ReportStatusCodeLib.obj
 0005:000000e8       $unwind$ReportProgressCodeEnabled 000000000001c0e8     PeiReportStatusCodeLib:ReportStatusCodeLib.obj
 0005:000000f0       $unwind$DebugPrintLevelEnabled 000000000001c0f0     PeiDxeDebugLibReportStatusCode:DebugLib.obj
 0005:000000f8       $unwind$ScanGuid           000000000001c0f8     BaseMemoryLib:MemLibGuid.obj
 0005:000000f8       $unwind$PeiServicesCreateHob 000000000001c0f8     PeiServicesLib:PeiServicesLib.obj
 0005:00000100       $unwind$PeiServicesFfsFindSectionData 000000000001c100     PeiServicesLib:PeiServicesLib.obj
 0005:00000108       $unwind$InternalMemCopyMem 000000000001c108     BaseMemoryLib:CopyMem.obj
 0005:00000110       $unwind$InternalMemSetMem  000000000001c110     BaseMemoryLib:SetMem.obj
 0005:00000118       $unwind$InternalReportStatusCode 000000000001c118     PeiReportStatusCodeLib:ReportStatusCodeLib.obj
 0005:00000120       $unwind$ReportStatusCodeEx 000000000001c120     PeiReportStatusCodeLib:ReportStatusCodeLib.obj
