 ArpDxe

 Timestamp is 68f5fe9b (Mon Oct 20 17:19:23 2025)

 Preferred load address is 0000000000010000

 Start         Length     Name                   Class
 0001:00000000 00000014H .text                   CODE
 0001:00000014 00008c1fH .text$mn                CODE
 0002:00000000 000016d4H .rdata                  DATA
 0002:000016d4 00000018H .rdata$voltmd           DATA
 0002:000016ec 00000140H .rdata$zzzdbg           DATA
 0003:00000000 000001b0H .data                   DATA
 0003:000001b0 00000040H .bss                    DATA
 0004:00000000 00000540H .pdata                  DATA
 0005:00000000 00000160H .xdata                  DATA

  Address         Publics by Value              Rva+Base               Lib:Object

 0000:00000000       __guard_longjmp_table      0000000000000000     <absolute>
 0000:00000000       __x64_code_ranges_to_entry_points 0000000000000000     <absolute>
 0000:00000000       __guard_fids_count         0000000000000000     <absolute>
 0000:00000000       __arm64x_extra_rfe_table   0000000000000000     <absolute>
 0000:00000000       __arm64x_redirection_metadata 0000000000000000     <absolute>
 0000:00000000       __guard_iat_table          0000000000000000     <absolute>
 0000:00000000       __hybrid_code_map          0000000000000000     <absolute>
 0000:00000000       __arm64x_extra_rfe_table_size 0000000000000000     <absolute>
 0000:00000000       __guard_iat_count          0000000000000000     <absolute>
 0000:00000000       __guard_longjmp_count      0000000000000000     <absolute>
 0000:00000000       __x64_code_ranges_to_entry_points_count 0000000000000000     <absolute>
 0000:00000000       __dynamic_value_reloc_table 0000000000000000     <absolute>
 0000:00000000       __hybrid_auxiliary_iat     0000000000000000     <absolute>
 0000:00000000       __hybrid_auxiliary_iat_copy 0000000000000000     <absolute>
 0000:00000000       __AbsoluteZero             0000000000000000     <absolute>
 0000:00000000       __guard_flags              0000000000000000     <absolute>
 0000:00000000       __guard_eh_cont_count      0000000000000000     <absolute>
 0000:00000000       __guard_check_icall_a64n_fptr 0000000000000000     <absolute>
 0000:00000000       __guard_fids_table         0000000000000000     <absolute>
 0000:00000000       __arm64x_redirection_metadata_count 0000000000000000     <absolute>
 0000:00000000       __enclave_config           0000000000000000     <absolute>
 0000:00000000       __guard_eh_cont_table      0000000000000000     <absolute>
 0000:00000000       __arm64x_native_entrypoint 0000000000000000     <absolute>
 0000:00000000       __hybrid_code_map_count    0000000000000000     <absolute>
 0001:00000000       __report_rangecheckfailure 0000000000011000     StackCheckLibNull:StackCheckFunctionsMsvc.obj
 0001:00000001       __GSHandlerCheck           0000000000011001     StackCheckLibNull:StackCheckFunctionsMsvc.obj
 0001:00000002       __security_check_cookie    0000000000011002     StackCheckLibNull:StackCheckFunctionsMsvc.obj
 0001:00000010       CpuPause                   0000000000011010     BaseLib:CpuPause.obj
 0001:00000014       _DriverUnloadHandler       0000000000011014 f   UefiDriverEntryPoint:DriverEntryPoint.obj
 0001:00000058       _ModuleEntryPoint          0000000000011058 f   UefiDriverEntryPoint:DriverEntryPoint.obj
 0001:00000198       ProcessLibraryConstructorList 0000000000011198 f   ArpDxe:AutoGen.obj
 0001:000003e4       ProcessLibraryDestructorList 00000000000113e4 f   ArpDxe:AutoGen.obj
 0001:000003f0       ProcessModuleEntryPointList 00000000000113f0 f   ArpDxe:AutoGen.obj
 0001:00000414       ProcessModuleUnloadList    0000000000011414 f   ArpDxe:AutoGen.obj
 0001:0000042c       ArpCreateService           000000000001142c f   ArpDxe:ArpDriver.obj
 0001:00000788       ArpCleanService            0000000000011788 f   ArpDxe:ArpDriver.obj
 0001:000008d0       ArpDestroyChildEntryInHandleBuffer 00000000000118d0 f   ArpDxe:ArpDriver.obj
 0001:0000099c       ArpDriverBindingSupported  000000000001199c f   ArpDxe:ArpDriver.obj
 0001:00000a48       ArpDriverBindingStart      0000000000011a48 f   ArpDxe:ArpDriver.obj
 0001:00000b5c       ArpDriverBindingStop       0000000000011b5c f   ArpDxe:ArpDriver.obj
 0001:00000e20       ArpServiceBindingCreateChild 0000000000011e20 f   ArpDxe:ArpDriver.obj
 0001:00001120       ArpServiceBindingDestroyChild 0000000000012120 f   ArpDxe:ArpDriver.obj
 0001:00001434       ArpDriverEntryPoint        0000000000012434 f   ArpDxe:ArpDriver.obj
 0001:0000147c       ArpComponentNameGetDriverName 000000000001247c f   ArpDxe:ComponentName.obj
 0001:000014d8       ArpComponentNameGetControllerName 00000000000124d8 f   ArpDxe:ComponentName.obj
 0001:000015d8       ArpInitInstance            00000000000125d8 f   ArpDxe:ArpImpl.obj
 0001:0000168c       ArpOnFrameRcvdDpc          000000000001268c f   ArpDxe:ArpImpl.obj
 0001:00001cd0       ArpOnFrameRcvd             0000000000012cd0 f   ArpDxe:ArpImpl.obj
 0001:00001cfc       ArpOnFrameSentDpc          0000000000012cfc f   ArpDxe:ArpImpl.obj
 0001:00001e04       ArpOnFrameSent             0000000000012e04 f   ArpDxe:ArpImpl.obj
 0001:00001e30       ArpTimerHandler            0000000000012e30 f   ArpDxe:ArpImpl.obj
 0001:000021f4       ArpMatchAddress            00000000000131f4 f   ArpDxe:ArpImpl.obj
 0001:000022ac       ArpFindNextCacheEntryInTable 00000000000132ac f   ArpDxe:ArpImpl.obj
 0001:0000238c       ArpFindDeniedCacheEntry    000000000001338c f   ArpDxe:ArpImpl.obj
 0001:000024c0       ArpAllocCacheEntry         00000000000134c0 f   ArpDxe:ArpImpl.obj
 0001:000025f4       ArpAddressResolved         00000000000135f4 f   ArpDxe:ArpImpl.obj
 0001:00002720       ArpFillAddressInCacheEntry 0000000000013720 f   ArpDxe:ArpImpl.obj
 0001:00002824       ArpConfigureInstance       0000000000013824 f   ArpDxe:ArpImpl.obj
 0001:00002a8c       ArpSendFrame               0000000000013a8c f   ArpDxe:ArpImpl.obj
 0001:000030b8       ArpDeleteCacheEntryInTable 00000000000140b8 f   ArpDxe:ArpImpl.obj
 0001:00003264       ArpDeleteCacheEntry        0000000000014264 f   ArpDxe:ArpImpl.obj
 0001:00003344       ArpCancelRequest           0000000000014344 f   ArpDxe:ArpImpl.obj
 0001:000034a8       ArpFindCacheEntry          00000000000144a8 f   ArpDxe:ArpImpl.obj
 0001:0000395c       ArpConfigure               000000000001495c f   ArpDxe:ArpMain.obj
 0001:00003a7c       ArpAdd                     0000000000014a7c f   ArpDxe:ArpMain.obj
 0001:00003ef8       ArpFind                    0000000000014ef8 f   ArpDxe:ArpMain.obj
 0001:00004088       ArpDelete                  0000000000015088 f   ArpDxe:ArpMain.obj
 0001:000041b0       ArpFlush                   00000000000151b0 f   ArpDxe:ArpMain.obj
 0001:000042cc       ArpRequest                 00000000000152cc f   ArpDxe:ArpMain.obj
 0001:0000480c       ArpCancel                  000000000001580c f   ArpDxe:ArpMain.obj
 0001:00004958       InternalAllocatePool       0000000000015958 f   UefiMemoryAllocationLib:MemoryAllocationLib.obj
 0001:000049a8       AllocatePool               00000000000159a8 f   UefiMemoryAllocationLib:MemoryAllocationLib.obj
 0001:000049c8       InternalAllocateZeroPool   00000000000159c8 f   UefiMemoryAllocationLib:MemoryAllocationLib.obj
 0001:00004a10       AllocateZeroPool           0000000000015a10 f   UefiMemoryAllocationLib:MemoryAllocationLib.obj
 0001:00004a30       FreePool                   0000000000015a30 f   UefiMemoryAllocationLib:MemoryAllocationLib.obj
 0001:00004acc       CopyMem                    0000000000015acc f   BaseMemoryLib:CopyMemWrapper.obj
 0001:00004ba4       ZeroMem                    0000000000015ba4 f   BaseMemoryLib:ZeroMemWrapper.obj
 0001:00004c4c       CompareMem                 0000000000015c4c f   BaseMemoryLib:CompareMemWrapper.obj
 0001:00004d80       InternalMemCopyMem         0000000000015d80 f   BaseMemoryLib:CopyMem.obj
 0001:0000535c       InternalMemZeroMem         000000000001635c f   BaseMemoryLib:MemLibGeneric.obj
 0001:00005384       InternalMemCompareMem      0000000000016384 f   BaseMemoryLib:MemLibGeneric.obj
 0001:000053ec       InternalMemSetMem          00000000000163ec f   BaseMemoryLib:SetMem.obj
 0001:00005580       InternalBaseLibIsListValid 0000000000016580 f   BaseLib:LinkedList.obj
 0001:0000569c       IsNodeInList               000000000001669c f   BaseLib:LinkedList.obj
 0001:0000579c       InitializeListHead         000000000001679c f   BaseLib:LinkedList.obj
 0001:000057fc       InsertHeadList             00000000000167fc f   BaseLib:LinkedList.obj
 0001:000058e4       InsertTailList             00000000000168e4 f   BaseLib:LinkedList.obj
 0001:000059cc       GetFirstNode               00000000000169cc f   BaseLib:LinkedList.obj
 0001:00005a20       GetNextNode                0000000000016a20 f   BaseLib:LinkedList.obj
 0001:00005ad0       IsListEmpty                0000000000016ad0 f   BaseLib:LinkedList.obj
 0001:00005b38       IsNull                     0000000000016b38 f   BaseLib:LinkedList.obj
 0001:00005bfc       RemoveEntryList            0000000000016bfc f   BaseLib:LinkedList.obj
 0001:00005c78       SwapBytes16                0000000000016c78 f   BaseLib:SwapBytes16.obj
 0001:00005c90       SwapBytes32                0000000000016c90 f   BaseLib:SwapBytes32.obj
 0001:00005cd0       LShiftU64                  0000000000016cd0 f   BaseLib:LShiftU64.obj
 0001:00005d24       InternalMathLShiftU64      0000000000016d24 f   BaseLib:Math64.obj
 0001:00005d40       DebugPrint                 0000000000016d40 f   PeiDxeDebugLibReportStatusCode:DebugLib.obj
 0001:00005d84       DebugPrintMarker           0000000000016d84 f   PeiDxeDebugLibReportStatusCode:DebugLib.obj
 0001:0000652c       DebugVPrint                000000000001752c f   PeiDxeDebugLibReportStatusCode:DebugLib.obj
 0001:0000655c       DebugAssert                000000000001755c f   PeiDxeDebugLibReportStatusCode:DebugLib.obj
 0001:000068f8       DebugAssertEnabled         00000000000178f8 f   PeiDxeDebugLibReportStatusCode:DebugLib.obj
 0001:0000691c       DebugPrintEnabled          000000000001791c f   PeiDxeDebugLibReportStatusCode:DebugLib.obj
 0001:00006940       DebugCodeEnabled           0000000000017940 f   PeiDxeDebugLibReportStatusCode:DebugLib.obj
 0001:00006964       DebugPrintLevelEnabled     0000000000017964 f   PeiDxeDebugLibReportStatusCode:DebugLib.obj
 0001:00006998       UefiBootServicesTableLibConstructor 0000000000017998 f   UefiBootServicesTableLib:UefiBootServicesTableLib.obj
 0001:00006a74       UefiRuntimeServicesTableLibConstructor 0000000000017a74 f   UefiRuntimeServicesTableLib:UefiRuntimeServicesTableLib.obj
 0001:00006ad0       UefiLibConstructor         0000000000017ad0 f   UefiLib:UefiLib.obj
 0001:00006ae0       CompareIso639LanguageCode  0000000000017ae0 f   UefiLib:UefiLib.obj
 0001:00006b2c       EfiTestChildHandle         0000000000017b2c f   UefiLib:UefiLib.obj
 0001:00006c38       IsLanguageSupported        0000000000017c38 f   UefiLib:UefiLib.obj
 0001:00006d28       LookupUnicodeString2       0000000000017d28 f   UefiLib:UefiLib.obj
 0001:00006f38       EfiLibInstallDriverBindingComponentName2 0000000000017f38 f   UefiLib:UefiDriverModel.obj
 0001:0000718c       NetListRemoveHead          000000000001818c f   DxeNetLib:DxeNetLib.obj
 0001:00007248       NetDestroyLinkList         0000000000018248 f   DxeNetLib:DxeNetLib.obj
 0001:000073c4       NetMapInit                 00000000000183c4 f   DxeNetLib:DxeNetLib.obj
 0001:00007430       NetMapClean                0000000000018430 f   DxeNetLib:DxeNetLib.obj
 0001:000075e4       NetMapIsEmpty              00000000000185e4 f   DxeNetLib:DxeNetLib.obj
 0001:00007640       NetMapGetCount             0000000000018640 f   DxeNetLib:DxeNetLib.obj
 0001:0000768c       NetMapAllocItem            000000000001868c f   DxeNetLib:DxeNetLib.obj
 0001:00007760       NetMapInsertTail           0000000000018760 f   DxeNetLib:DxeNetLib.obj
 0001:0000781c       NetMapRemoveHead           000000000001881c f   DxeNetLib:DxeNetLib.obj
 0001:000078dc       NetLibDefaultUnload        00000000000188dc f   DxeNetLib:DxeNetLib.obj
 0001:00007afc       NetLibCreateServiceChild   0000000000018afc f   DxeNetLib:DxeNetLib.obj
 0001:00007bc0       NetLibDestroyServiceChild  0000000000018bc0 f   DxeNetLib:DxeNetLib.obj
 0001:00007c7c       NetLibGetNicHandle         0000000000018c7c f   DxeNetLib:DxeNetLib.obj
 0001:00007d6c       DpcLibConstructor          0000000000018d6c f   DxeDpcLib:DpcLib.obj
 0001:00007e20       QueueDpc                   0000000000018e20 f   DxeDpcLib:DpcLib.obj
 0001:00007e58       DispatchDpc                0000000000018e58 f   DxeDpcLib:DpcLib.obj
 0001:00007e74       GetDebugPrintErrorLevel    0000000000018e74 f   BaseDebugPrintErrorLevelLib:BaseDebugPrintErrorLevelLib.obj
 0001:00007e7c       InternalGetReportStatusCode 0000000000018e7c f   DxeReportStatusCodeLib:ReportStatusCodeLib.obj
 0001:00007eec       InternalReportStatusCode   0000000000018eec f   DxeReportStatusCodeLib:ReportStatusCodeLib.obj
 0001:00007fa4       ReportStatusCodeEx         0000000000018fa4 f   DxeReportStatusCodeLib:ReportStatusCodeLib.obj
 0001:00008220       ReportProgressCodeEnabled  0000000000019220 f   DxeReportStatusCodeLib:ReportStatusCodeLib.obj
 0001:00008244       ReportErrorCodeEnabled     0000000000019244 f   DxeReportStatusCodeLib:ReportStatusCodeLib.obj
 0001:00008268       ReportDebugCodeEnabled     0000000000019268 f   DxeReportStatusCodeLib:ReportStatusCodeLib.obj
 0001:0000828c       CopyGuid                   000000000001928c f   BaseMemoryLib:MemLibGuid.obj
 0001:000082e0       AsciiStrLen                00000000000192e0 f   BaseLib:String.obj
 0001:00008398       AsciiStrSize               0000000000019398 f   BaseLib:String.obj
 0001:000083b4       AsciiStrnCmp               00000000000193b4 f   BaseLib:String.obj
 0001:00008500       InternalSafeStringIsOverlap 0000000000019500 f   BaseLib:SafeString.obj
 0001:00008564       InternalSafeStringNoAsciiStrOverlap 0000000000019564 f   BaseLib:SafeString.obj
 0001:000085b8       AsciiStrnLenS              00000000000195b8 f   BaseLib:SafeString.obj
 0001:00008624       AsciiStrnCpyS              0000000000019624 f   BaseLib:SafeString.obj
 0001:00008b14       CpuBreakpoint              0000000000019b14 f   BaseLib:CpuBreakpoint.obj
 0001:00008b18       CpuDeadLoop                0000000000019b18 f   BaseLib:CpuDeadLoop.obj
 0001:00008b48       ReadUnaligned24            0000000000019b48 f   BaseLib:Unaligned.obj
 0001:00008b94       ReadUnaligned64            0000000000019b94 f   BaseLib:Unaligned.obj
 0001:00008bdc       WriteUnaligned64           0000000000019bdc f   BaseLib:Unaligned.obj
 0002:00000000       ??_C@_0CB@DMEJJJHA@?6ASSERT_EFI_ERROR?5?$CIStatus?5?$DN?5?$CFr?$CJ@ 000000000001a000     UefiDriverEntryPoint:DriverEntryPoint.obj
 0002:00000028       ??_C@_0DG@FLPEIDFK@?$CB?$CI?$CI?$CIRETURN_STATUS?$CJ?$CIStatus?$CJ?$CJ?5?$DO?$DN?5@ 000000000001a028     UefiDriverEntryPoint:DriverEntryPoint.obj
 0002:00000060       ??_C@_0FE@KBEJNINE@D?3?2develop?2Self_develop?2edk2?2Md@ 000000000001a060     UefiDriverEntryPoint:DriverEntryPoint.obj
 0002:000000b4       _gDriverUnloadImageCount   000000000001a0b4     ArpDxe:AutoGen.obj
 0002:000000b8       _gUefiDriverRevision       000000000001a0b8     ArpDxe:AutoGen.obj
 0002:000000bc       ??_C@_06GJMJHLCJ@ArpDxe@   000000000001a0bc     ArpDxe:AutoGen.obj
 0002:000000d0       ??_C@_0GJ@GIDOMMKA@D?3?2develop?2Self_develop?2edk2?2Bu@ 000000000001a0d0     ArpDxe:AutoGen.obj
 0002:0000013c       _gPcd_FixedAtBuild_PcdMaximumLinkedListLength 000000000001a13c     ArpDxe:AutoGen.obj
 0002:0000013c       _gPcd_FixedAtBuild_PcdMaximumAsciiStringLength 000000000001a13c     ArpDxe:AutoGen.obj
 0002:00000140       _gPcd_FixedAtBuild_PcdReportStatusCodePropertyMask 000000000001a140     ArpDxe:AutoGen.obj
 0002:00000144       _gPcd_FixedAtBuild_PcdDebugPrintErrorLevel 000000000001a144     ArpDxe:AutoGen.obj
 0002:00000148       _gPcd_FixedAtBuild_PcdFixedDebugPrintErrorLevel 000000000001a148     ArpDxe:AutoGen.obj
 0002:0000014c       _gPcd_FixedAtBuild_PcdVerifyNodeInList 000000000001a14c     ArpDxe:AutoGen.obj
 0002:0000014c       _gPcd_FixedAtBuild_PcdComponentNameDisable 000000000001a14c     ArpDxe:AutoGen.obj
 0002:0000014c       _gPcd_FixedAtBuild_PcdComponentName2Disable 000000000001a14c     ArpDxe:AutoGen.obj
 0002:0000014d       _gPcd_FixedAtBuild_PcdDebugPropertyMask 000000000001a14d     ArpDxe:AutoGen.obj
 0002:00000150       ??_C@_0BL@HOPCCABG@ArpService?5?$CB?$DN?5?$CI?$CIvoid?5?$CK?$CJ?50?$CJ@ 000000000001a150     ArpDxe:ArpDriver.obj
 0002:00000170       ??_C@_0DL@FLANHLDA@D?3?2develop?2Self_develop?2edk2?2Ne@ 000000000001a170     ArpDxe:ArpDriver.obj
 0002:000001b0       ??_C@_0HH@OEMAMHMF@?$CI?$CIArpService?$CJ?5?$CB?$DN?5?$CI?$CIvoid?5?$CK?$CJ?50?$CJ?$CJ?5@ 000000000001a1b0     ArpDxe:ArpDriver.obj
 0002:00000228       ??_C@_0BF@NDBIKIKC@CR?5has?5Bad?5Signature@ 000000000001a228     ArpDxe:ArpDriver.obj
 0002:00000240       ??_C@_0CO@NKFGGBOK@ArpDriverBindingStop?3?5Open?5ArpS@ 000000000001a240     ArpDxe:ArpDriver.obj
 0002:00000270       ??_C@_0CP@DPCPFIAK@IsListEmpty?5?$CI?$CGArpService?9?$DOPendi@ 000000000001a270     ArpDxe:ArpDriver.obj
 0002:000002a0       ??_C@_0CM@LCOLGKJA@IsListEmpty?5?$CI?$CGArpService?9?$DODenie@ 000000000001a2a0     ArpDxe:ArpDriver.obj
 0002:000002d0       ??_C@_0CO@JKFJMLEO@IsListEmpty?5?$CI?$CGArpService?9?$DOResol@ 000000000001a2d0     ArpDxe:ArpDriver.obj
 0002:00000300       ??_C@_0DL@LNGPHNHN@ArpSBCreateChild?3?5Failed?5to?5all@ 000000000001a300     ArpDxe:ArpDriver.obj
 0002:00000340       ??_C@_0DH@NDIOMJKL@ArpSBCreateChild?3?5failed?5to?5ins@ 000000000001a340     ArpDxe:ArpDriver.obj
 0002:00000378       ??_C@_0DO@EDBFBAPL@ArpSBDestroyChild?3?5Failed?5to?5un@ 000000000001a378     ArpDxe:ArpDriver.obj
 0002:000003b8       ??_C@_03LKLGDMJI@eng@      000000000001a3b8     ArpDxe:ComponentName.obj
 0002:000003bc       ??_C@_02LFNMGJAP@en@       000000000001a3bc     ArpDxe:ComponentName.obj
 0002:000003c0       ??_C@_06DALJLGPG@eng?$DLen@ 000000000001a3c0     ArpDxe:ComponentName.obj
 0002:000003c8       ??_C@_1DG@MAGPPHDD@?$AAA?$AAR?$AAP?$AA?5?$AAN?$AAe?$AAt?$AAw?$AAo?$AAr?$AAk?$AA?5?$AAS?$AAe?$AAr@ 000000000001a3c8     ArpDxe:ComponentName.obj
 0002:00000400       ??_C@_1BO@OPAEHCBJ@?$AAA?$AAR?$AAP?$AA?5?$AAC?$AAo?$AAn?$AAt?$AAr?$AAo?$AAl?$AAl?$AAe?$AAr@ 000000000001a400     ArpDxe:ComponentName.obj
 0002:00000420       ??_C@_0DJ@DBBKJLHM@D?3?2develop?2Self_develop?2edk2?2Ne@ 000000000001a420     ArpDxe:ArpImpl.obj
 0002:00000460       ??_C@_0HD@MLDEIEGA@?$CI?$CIInstance?$CJ?5?$CB?$DN?5?$CI?$CIvoid?5?$CK?$CJ?50?$CJ?$CJ?5?$CG?$CG@ 000000000001a460     ArpDxe:ArpImpl.obj
 0002:000004d8       ??_C@_0DG@ILNKFPFJ@ArpOnFrameRcvd?3?5ArpService?9?$DOMnp@ 000000000001a4d8     ArpDxe:ArpImpl.obj
 0002:00000510       ??_C@_0BI@DNICFLOF@Context?5?$CB?$DN?5?$CI?$CIvoid?5?$CK?$CJ?50?$CJ@ 000000000001a510     ArpDxe:ArpImpl.obj
 0002:00000528       ??_C@_0CG@ONMDNHIG@ArpOnFrameSent?3?5TxToken?9?$DOStatus@ 000000000001a528     ArpDxe:ArpImpl.obj
 0002:00000550       ??_C@_0CL@COMBBMPL@IsListEmpty?5?$CI?$CGCacheEntry?9?$DOUserR@ 000000000001a550     ArpDxe:ArpImpl.obj
 0002:00000580       ??_C@_0CM@DKBEPGDD@?$CBIsListEmpty?5?$CI?$CGCacheEntry?9?$DOUser@ 000000000001a580     ArpDxe:ArpImpl.obj
 0002:000005b0       ??_C@_0DJ@HELGJJND@AddressOne?5?$CB?$DN?5?$CI?$CIvoid?5?$CK?$CJ?50?$CJ?5?$CG?$CG?5A@ 000000000001a5b0     ArpDxe:ArpImpl.obj
 0002:000005f0       ??_C@_0EH@DIJFAGEB@?$CIProtocolAddress?5?$CB?$DN?5?$CI?$CIvoid?5?$CK?$CJ?50@ 000000000001a5f0     ArpDxe:ArpImpl.obj
 0002:00000640       ??_C@_0EA@GLPEJEOG@ArpConfigInstance?3?5AllocatePool@ 000000000001a640     ArpDxe:ArpImpl.obj
 0002:00000680       ??_C@_0DL@LJAAHLFO@?$CIInstance?5?$CB?$DN?5?$CI?$CIvoid?5?$CK?$CJ?50?$CJ?$CJ?5?$CG?$CG?5?$CI@ 000000000001a680     ArpDxe:ArpImpl.obj
 0002:000006c0       ??_C@_0DD@FAKEBFAE@ArpSendFrame?3?5Allocate?5memory?5f@ 000000000001a6c0     ArpDxe:ArpImpl.obj
 0002:000006f8       ??_C@_0DG@BIJDFACK@ArpSendFrame?3?5CreateEvent?5faile@ 000000000001a6f8     ArpDxe:ArpImpl.obj
 0002:00000730       ??_C@_0DC@GOOFJHEK@ArpSendFrame?3?5Allocate?5memory?5f@ 000000000001a730     ArpDxe:ArpImpl.obj
 0002:00000768       ??_C@_0DC@FCCOCOMJ@ArpSendFrame?3?5Allocate?5memory?5f@ 000000000001a768     ArpDxe:ArpImpl.obj
 0002:000007a0       ??_C@_0BH@CELONLOG@Packet?5?$CB?$DN?5?$CI?$CIvoid?5?$CK?$CJ?50?$CJ@ 000000000001a7a0     ArpDxe:ArpImpl.obj
 0002:000007b8       ??_C@_0BL@MDLNNGFA@Mnp?9?$DOTransmit?5failed?0?5?$CFr?4?6@ 000000000001a7b8     ArpDxe:ArpImpl.obj
 0002:000007d8       ??_C@_0CP@EACDFCMH@ArpFindCacheEntry?3?5Failed?5to?5al@ 000000000001a7d8     ArpDxe:ArpImpl.obj
 0002:00000808       ??_C@_0DJ@HFGOECGM@D?3?2develop?2Self_develop?2edk2?2Ne@ 000000000001a808     ArpDxe:ArpMain.obj
 0002:00000848       ??_C@_0DB@HHEDNJEI@ArpAdd?3?5Failed?5to?5allocate?5pool@ 000000000001a848     ArpDxe:ArpMain.obj
 0002:00000880       ??_C@_0DI@DMMJLIIM@ArpRequest?3?5Allocate?5memory?5for@ 000000000001a880     ArpDxe:ArpMain.obj
 0002:000008b8       ??_C@_0DE@KDEKIHAM@ArpRequest?3?5Allocate?5memory?5for@ 000000000001a8b8     ArpDxe:ArpMain.obj
 0002:000008f0       ??_C@_0FK@KCDEFJBC@D?3?2develop?2Self_develop?2edk2?2Md@ 000000000001a8f0     UefiMemoryAllocationLib:MemoryAllocationLib.obj
 0002:00000950       ??_C@_0BH@IACGKAP@Buffer?5?$CB?$DN?5?$CI?$CIvoid?5?$CK?$CJ?50?$CJ@ 000000000001a950     UefiMemoryAllocationLib:MemoryAllocationLib.obj
 0002:00000970       ??_C@_0ED@MKGCMJG@?$CILength?5?9?51?$CJ?5?$DM?$DN?5?$CI0xFFFFFFFFFFFF@ 000000000001a970     BaseMemoryLib:CopyMemWrapper.obj
 0002:000009c0       ??_C@_0EL@NNLJGCCH@D?3?2develop?2Self_develop?2edk2?2Md@ 000000000001a9c0     BaseMemoryLib:CopyMemWrapper.obj
 0002:00000a10       ??_C@_0DO@MAOBOFEG@?$CILength?5?9?51?$CJ?5?$DM?$DN?5?$CI0xFFFFFFFFFFFF@ 000000000001aa10     BaseMemoryLib:CopyMemWrapper.obj
 0002:00000a50       ??_C@_0EL@GJBLADOA@D?3?2develop?2Self_develop?2edk2?2Md@ 000000000001aa50     BaseMemoryLib:ZeroMemWrapper.obj
 0002:00000aa0       ??_C@_0DG@EEENIGGL@Length?5?$DM?$DN?5?$CI0xFFFFFFFFFFFFFFFFUL@ 000000000001aaa0     BaseMemoryLib:ZeroMemWrapper.obj
 0002:00000ad8       ??_C@_0CC@JOEHDGKB@DestinationBuffer?5?$CB?$DN?5?$CI?$CIvoid?5?$CK?$CJ?5@ 000000000001aad8     BaseMemoryLib:CompareMemWrapper.obj
 0002:00000b00       ??_C@_0EO@FAHMLNEH@D?3?2develop?2Self_develop?2edk2?2Md@ 000000000001ab00     BaseMemoryLib:CompareMemWrapper.obj
 0002:00000b50       ??_C@_0BN@MDMCNBCC@SourceBuffer?5?$CB?$DN?5?$CI?$CIvoid?5?$CK?$CJ?50?$CJ@ 000000000001ab50     BaseMemoryLib:CompareMemWrapper.obj
 0002:00000b70       ??_C@_0BF@NJNGJMPC@List?5?$CB?$DN?5?$CI?$CIvoid?5?$CK?$CJ?50?$CJ@ 000000000001ab70     BaseLib:LinkedList.obj
 0002:00000b90       ??_C@_0EB@CMODBEO@D?3?2develop?2Self_develop?2edk2?2Md@ 000000000001ab90     BaseLib:LinkedList.obj
 0002:00000bd8       ??_C@_0CC@KDLPLAED@List?9?$DOForwardLink?5?$CB?$DN?5?$CI?$CIvoid?5?$CK?$CJ?5@ 000000000001abd8     BaseLib:LinkedList.obj
 0002:00000c00       ??_C@_0BP@IJJCCMAK@List?9?$DOBackLink?5?$CB?$DN?5?$CI?$CIvoid?5?$CK?$CJ?50?$CJ@ 000000000001ac00     BaseLib:LinkedList.obj
 0002:00000c20       ??_C@_0CI@BMHOPIIO@InternalBaseLibIsListValid?5?$CIFir@ 000000000001ac20     BaseLib:LinkedList.obj
 0002:00000c48       ??_C@_0BM@BAIHHOEP@SecondEntry?5?$CB?$DN?5?$CI?$CIvoid?5?$CK?$CJ?50?$CJ@ 000000000001ac48     BaseLib:LinkedList.obj
 0002:00000c68       ??_C@_0BJ@NJABNCDK@ListHead?5?$CB?$DN?5?$CI?$CIvoid?5?$CK?$CJ?50?$CJ@ 000000000001ac68     BaseLib:LinkedList.obj
 0002:00000c88       ??_C@_0DI@HOMAKAJD@?$CI?$CIBOOLEAN?$CJ?$CI0?$DN?$DN1?$CJ?$CJ?5?$DN?$DN?5IsNodeInLi@ 000000000001ac88     BaseLib:LinkedList.obj
 0002:00000cc0       ??_C@_0CG@LGIALJFK@InternalBaseLibIsListValid?5?$CILis@ 000000000001acc0     BaseLib:LinkedList.obj
 0002:00000ce8       ??_C@_0CC@JLDICICM@InternalBaseLibIsListValid?5?$CILis@ 000000000001ace8     BaseLib:LinkedList.obj
 0002:00000d10       ??_C@_0DD@OAAIDOJD@?$CI?$CIBOOLEAN?$CJ?$CI1?$DN?$DN1?$CJ?$CJ?5?$DN?$DN?5IsNodeInLi@ 000000000001ad10     BaseLib:LinkedList.obj
 0002:00000d48       ??_C@_0BF@NMBJJECB@?$CBIsListEmpty?5?$CIEntry?$CJ@ 000000000001ad48     BaseLib:LinkedList.obj
 0002:00000d60       ??_C@_0L@MEMPDLHB@Count?5?$DM?564@ 000000000001ad60     BaseLib:LShiftU64.obj
 0002:00000d70       ??_C@_0EA@MLMAFFLG@D?3?2develop?2Self_develop?2edk2?2Md@ 000000000001ad70     BaseLib:LShiftU64.obj
 0002:00000db0       ??_C@_0BH@LKMBFCBF@Format?5?$CB?$DN?5?$CI?$CIvoid?5?$CK?$CJ?50?$CJ@ 000000000001adb0     PeiDxeDebugLibReportStatusCode:DebugLib.obj
 0002:00000dd0       ??_C@_0FM@HDIIFGPN@D?3?2develop?2Self_develop?2edk2?2Md@ 000000000001add0     PeiDxeDebugLibReportStatusCode:DebugLib.obj
 0002:00000e30       ??_C@_0CP@EFCGCEBK@?$CICHAR8?5?$CK?$CJBaseListMarkerPointer?5@ 000000000001ae30     PeiDxeDebugLibReportStatusCode:DebugLib.obj
 0002:00000e60       ??_C@_01OHGJGJJP@?$FL@     000000000001ae60     PeiDxeDebugLibReportStatusCode:DebugLib.obj
 0002:00000e64       ??_C@_02PBFOLPKM@?$FN?5@   000000000001ae64     PeiDxeDebugLibReportStatusCode:DebugLib.obj
 0002:00000e68       ??_C@_0BN@COECPDCC@gImageHandle?5?$CB?$DN?5?$CI?$CIvoid?5?$CK?$CJ?50?$CJ@ 000000000001ae68     UefiBootServicesTableLib:UefiBootServicesTableLib.obj
 0002:00000e90       ??_C@_0GA@INMEIGJE@D?3?2develop?2Self_develop?2edk2?2Md@ 000000000001ae90     UefiBootServicesTableLib:UefiBootServicesTableLib.obj
 0002:00000ef0       ??_C@_0BE@DGNHAHIL@gST?5?$CB?$DN?5?$CI?$CIvoid?5?$CK?$CJ?50?$CJ@ 000000000001aef0     UefiBootServicesTableLib:UefiBootServicesTableLib.obj
 0002:00000f08       ??_C@_0BE@BDFJLGLN@gBS?5?$CB?$DN?5?$CI?$CIvoid?5?$CK?$CJ?50?$CJ@ 000000000001af08     UefiBootServicesTableLib:UefiBootServicesTableLib.obj
 0002:00000f20       ??_C@_0BE@OBDFIHND@gRT?5?$CB?$DN?5?$CI?$CIvoid?5?$CK?$CJ?50?$CJ@ 000000000001af20     UefiRuntimeServicesTableLib:UefiRuntimeServicesTableLib.obj
 0002:00000f40       ??_C@_0GG@OBDIBKMM@D?3?2develop?2Self_develop?2edk2?2Md@ 000000000001af40     UefiRuntimeServicesTableLib:UefiRuntimeServicesTableLib.obj
 0002:00000fa8       ??_C@_0DO@KJBPHFLK@D?3?2develop?2Self_develop?2edk2?2Md@ 000000000001afa8     UefiLib:UefiLib.obj
 0002:00000fe8       ??_C@_0BN@HHGHCLME@ProtocolGuid?5?$CB?$DN?5?$CI?$CIvoid?5?$CK?$CJ?50?$CJ@ 000000000001afe8     UefiLib:UefiLib.obj
 0002:00001008       ??_C@_0BO@MHFMIIAE@DriverBinding?5?$CB?$DN?5?$CI?$CIvoid?5?$CK?$CJ?50?$CJ@ 000000000001b008     UefiLib:UefiDriverModel.obj
 0002:00001030       ??_C@_0EG@HGMADJAK@D?3?2develop?2Self_develop?2edk2?2Md@ 000000000001b030     UefiLib:UefiDriverModel.obj
 0002:00001080       ??_C@_0EG@DLIGODDF@D?3?2develop?2Self_develop?2edk2?2Ne@ 000000000001b080     DxeNetLib:DxeNetLib.obj
 0002:000010c8       ??_C@_0BF@FBEMMEEB@Head?5?$CB?$DN?5?$CI?$CIvoid?5?$CK?$CJ?50?$CJ@ 000000000001b0c8     DxeNetLib:DxeNetLib.obj
 0002:000010e0       ??_C@_0BE@GMKCNDGH@Map?5?$CB?$DN?5?$CI?$CIvoid?5?$CK?$CJ?50?$CJ@ 000000000001b0e0     DxeNetLib:DxeNetLib.obj
 0002:000010f8       ??_C@_0CO@MHIOADDG@?$CIMap?9?$DOCount?5?$DN?$DN?50?$CJ?5?$CG?$CG?5IsListEmpt@ 000000000001b0f8     DxeNetLib:DxeNetLib.obj
 0002:00001128       ??_C@_0BN@JFJNMPHO@IsListEmpty?5?$CI?$CGMap?9?$DORecycled?$CJ@ 000000000001b128     DxeNetLib:DxeNetLib.obj
 0002:00001148       ??_C@_0CL@KMKICODD@Map?5?$CB?$DN?5?$CI?$CIvoid?5?$CK?$CJ?50?$CJ?5?$CG?$CG?5Key?5?$CB?$DN?5?$CI@ 000000000001b148     DxeNetLib:DxeNetLib.obj
 0002:00001178       ??_C@_0CB@DNKJKBEA@Map?5?$CG?$CG?5?$CBIsListEmpty?5?$CI?$CGMap?9?$DOUsed@ 000000000001b178     DxeNetLib:DxeNetLib.obj
 0002:000011a0       ??_C@_0EG@FMMHPKDI@?$CIServiceBindingGuid?5?$CB?$DN?5?$CI?$CIvoid?5?$CK@ 000000000001b1a0     DxeNetLib:DxeNetLib.obj
 0002:000011e8       ??_C@_0CD@PCCGAHJM@ServiceBindingGuid?5?$CB?$DN?5?$CI?$CIvoid?5?$CK?$CJ@ 000000000001b1e8     DxeNetLib:DxeNetLib.obj
 0002:00001210       ??_C@_0ED@EHGOBKNG@D?3?2develop?2Self_develop?2edk2?2Ne@ 000000000001b210     DxeDpcLib:DpcLib.obj
 0002:00001260       ??_C@_0FP@CCJIJCDG@D?3?2develop?2Self_develop?2edk2?2Md@ 000000000001b260     DxeReportStatusCodeLib:ReportStatusCodeLib.obj
 0002:000012c0       ??_C@_0DN@HHIHPHHB@?$CB?$CI?$CIExtendedData?5?$DN?$DN?5?$CI?$CIvoid?5?$CK?$CJ?50?$CJ@ 000000000001b2c0     DxeReportStatusCodeLib:ReportStatusCodeLib.obj
 0002:00001300       ??_C@_0DN@BBBIFINB@?$CB?$CI?$CIExtendedData?5?$CB?$DN?5?$CI?$CIvoid?5?$CK?$CJ?50?$CJ@ 000000000001b300     DxeReportStatusCodeLib:ReportStatusCodeLib.obj
 0002:00001340       ??_C@_0BH@MAAHKCPC@String?5?$CB?$DN?5?$CI?$CIvoid?5?$CK?$CJ?50?$CJ@ 000000000001b340     BaseLib:String.obj
 0002:00001358       ??_C@_0DN@POJBHOAP@D?3?2develop?2Self_develop?2edk2?2Md@ 000000000001b358     BaseLib:String.obj
 0002:00001398       ??_C@_0DI@MDIKFADO@Length?5?$DM?5_gPcd_FixedAtBuild_Pcd@ 000000000001b398     BaseLib:String.obj
 0002:000013d0       ??_C@_0BL@IKFBNFIL@AsciiStrSize?5?$CIFirstString?$CJ@ 000000000001b3d0     BaseLib:String.obj
 0002:000013f0       ??_C@_0BM@EDNOKLLE@AsciiStrSize?5?$CISecondString?$CJ@ 000000000001b3f0     BaseLib:String.obj
 0002:00001410       ??_C@_0DJ@JJHGIFMP@Length?5?$DM?$DN?5_gPcd_FixedAtBuild_Pc@ 000000000001b410     BaseLib:String.obj
 0002:00001450       ??_C@_0EB@DAKPBIJH@D?3?2develop?2Self_develop?2edk2?2Md@ 000000000001b450     BaseLib:SafeString.obj
 0002:00001498       ??_C@_0BO@ECNIOIHG@?$CIDestination?5?$CB?$DN?5?$CI?$CIvoid?5?$CK?$CJ?50?$CJ?$CJ@ 000000000001b498     BaseLib:SafeString.obj
 0002:000014c0       ??_C@_0EA@PDPDJJNN@?$CFa?$CI?$CFd?$CJ?5?$CFa?3?5SAFE_STRING_CONSTRAI@ 000000000001b4c0     BaseLib:SafeString.obj
 0002:00001500       ??_C@_0BJ@EAEEJIP@?$CISource?5?$CB?$DN?5?$CI?$CIvoid?5?$CK?$CJ?50?$CJ?$CJ@ 000000000001b500     BaseLib:SafeString.obj
 0002:00001520       ??_C@_0P@PMIMLIHM@?$CIDestMax?5?$CB?$DN?50?$CJ@ 000000000001b520     BaseLib:SafeString.obj
 0002:00001530       ??_C@_0BG@EEGIIOKH@?$CIDestMax?5?$DO?5SourceLen?$CJ@ 000000000001b530     BaseLib:SafeString.obj
 0002:00001548       ??_C@_0DO@LJFOOPII@?$CIDestMax?5?$DM?$DN?5?$CI_gPcd_FixedAtBuild@ 000000000001b548     BaseLib:SafeString.obj
 0002:00001590       ??_C@_0FL@CDANCHFO@InternalSafeStringNoAsciiStrOve@ 000000000001b590     BaseLib:SafeString.obj
 0002:000015f0       ??_C@_0O@DIHNCLLG@AsciiStrnCpyS@ 000000000001b5f0     BaseLib:SafeString.obj
 0002:00001600       ??_C@_0DN@DLAADCJE@?$CILength?5?$DM?$DN?5?$CI_gPcd_FixedAtBuild_@ 000000000001b600     BaseLib:SafeString.obj
 0002:00001640       ??_C@_0EA@FKBIDDGN@D?3?2develop?2Self_develop?2edk2?2Md@ 000000000001b640     BaseLib:Unaligned.obj
 0002:000016d4       __volatile_metadata        000000000001b6d4     <linker-defined>
 0003:00000000       gEfiLoadedImageProtocolGuid 000000000001c000     ArpDxe:AutoGen.obj
 0003:00000010       gEfiStatusCodeSpecificDataGuid 000000000001c010     ArpDxe:AutoGen.obj
 0003:00000020       gEfiStatusCodeRuntimeProtocolGuid 000000000001c020     ArpDxe:AutoGen.obj
 0003:00000030       gEfiComponentName2ProtocolGuid 000000000001c030     ArpDxe:AutoGen.obj
 0003:00000040       gEfiCallerBaseName         000000000001c040     ArpDxe:AutoGen.obj
 0003:00000048       gEfiStatusCodeDataTypeDebugGuid 000000000001c048     ArpDxe:AutoGen.obj
 0003:00000058       gEfiManagedNetworkServiceBindingProtocolGuid 000000000001c058     ArpDxe:AutoGen.obj
 0003:00000068       gEfiDriverBindingProtocolGuid 000000000001c068     ArpDxe:AutoGen.obj
 0003:00000078       gEfiArpServiceBindingProtocolGuid 000000000001c078     ArpDxe:AutoGen.obj
 0003:00000088       gEfiComponentNameProtocolGuid 000000000001c088     ArpDxe:AutoGen.obj
 0003:00000098       gEfiDpcProtocolGuid        000000000001c098     ArpDxe:AutoGen.obj
 0003:000000a8       gEfiCallerIdGuid           000000000001c0a8     ArpDxe:AutoGen.obj
 0003:000000b8       gEfiManagedNetworkProtocolGuid 000000000001c0b8     ArpDxe:AutoGen.obj
 0003:000000c8       gEfiArpProtocolGuid        000000000001c0c8     ArpDxe:AutoGen.obj
 0003:000000d8       gArpDriverBinding          000000000001c0d8     ArpDxe:ArpDriver.obj
 0003:00000108       gArpComponentName2         000000000001c108     ArpDxe:ComponentName.obj
 0003:00000120       gArpComponentName          000000000001c120     ArpDxe:ComponentName.obj
 0003:00000138       mArpDriverNameTable        000000000001c138     ArpDxe:ComponentName.obj
 0003:00000158       mArpControllerNameTable    000000000001c158     ArpDxe:ComponentName.obj
 0003:00000178       mEfiArpProtocolTemplate    000000000001c178     ArpDxe:ArpImpl.obj
 0003:000001b0       gST                        000000000001c1b0     UefiBootServicesTableLib:UefiBootServicesTableLib.obj
 0003:000001b8       gBS                        000000000001c1b8     UefiBootServicesTableLib:UefiBootServicesTableLib.obj
 0003:000001c0       gImageHandle               000000000001c1c0     UefiBootServicesTableLib:UefiBootServicesTableLib.obj
 0003:000001c8       gRT                        000000000001c1c8     UefiRuntimeServicesTableLib:UefiRuntimeServicesTableLib.obj
 0003:000001d0       mReportStatusCodeLibStatusCodeProtocol 000000000001c1d0     DxeReportStatusCodeLib:ReportStatusCodeLib.obj
 0003:000001e0       __security_cookie          000000000001c1e0     StackCheckLibNull:StackCheckLibNullMsvc.obj
 0003:000001e8       mDpc                       000000000001c1e8     <common>

 entry point at        0001:00000058

 Static symbols

 0003:000001d8       mDeadLoopComparator        000000000001c1d8     BaseLib:CpuDeadLoop.obj
 0005:00000000       $unwind$IsListEmpty        000000000001e000     BaseLib:LinkedList.obj
 0005:00000000       $unwind$AsciiStrLen        000000000001e000     BaseLib:String.obj
 0005:00000000       $unwind$_DriverUnloadHandler 000000000001e000     UefiDriverEntryPoint:DriverEntryPoint.obj
 0005:00000000       $unwind$FreePool           000000000001e000     UefiMemoryAllocationLib:MemoryAllocationLib.obj
 0005:00000000       $unwind$ArpOnFrameSentDpc  000000000001e000     ArpDxe:ArpImpl.obj
 0005:00000000       $unwind$NetListRemoveHead  000000000001e000     DxeNetLib:DxeNetLib.obj
 0005:00000000       $unwind$NetMapIsEmpty      000000000001e000     DxeNetLib:DxeNetLib.obj
 0005:00000008       $unwind$IsNull             000000000001e008     BaseLib:LinkedList.obj
 0005:00000008       $unwind$_ModuleEntryPoint  000000000001e008     UefiDriverEntryPoint:DriverEntryPoint.obj
 0005:00000008       $unwind$CompareIso639LanguageCode 000000000001e008     UefiLib:UefiLib.obj
 0005:00000008       $unwind$IsLanguageSupported 000000000001e008     UefiLib:UefiLib.obj
 0005:00000008       $unwind$ArpDriverEntryPoint 000000000001e008     ArpDxe:ArpDriver.obj
 0005:00000008       $unwind$ProcessLibraryConstructorList 000000000001e008     ArpDxe:AutoGen.obj
 0005:00000008       $unwind$DpcLibConstructor  000000000001e008     DxeDpcLib:DpcLib.obj
 0005:00000008       $unwind$NetMapRemoveHead   000000000001e008     DxeNetLib:DxeNetLib.obj
 0005:00000010       $unwind$LShiftU64          000000000001e010     BaseLib:LShiftU64.obj
 0005:00000010       $unwind$GetNextNode        000000000001e010     BaseLib:LinkedList.obj
 0005:00000010       $unwind$InsertHeadList     000000000001e010     BaseLib:LinkedList.obj
 0005:00000010       $unwind$InsertTailList     000000000001e010     BaseLib:LinkedList.obj
 0005:00000010       $unwind$WriteUnaligned64   000000000001e010     BaseLib:Unaligned.obj
 0005:00000010       $unwind$InternalMemZeroMem 000000000001e010     BaseMemoryLib:MemLibGeneric.obj
 0005:00000010       $unwind$CopyGuid           000000000001e010     BaseMemoryLib:MemLibGuid.obj
 0005:00000010       $unwind$ZeroMem            000000000001e010     BaseMemoryLib:ZeroMemWrapper.obj
 0005:00000010       $unwind$UefiBootServicesTableLibConstructor 000000000001e010     UefiBootServicesTableLib:UefiBootServicesTableLib.obj
 0005:00000010       $unwind$UefiRuntimeServicesTableLibConstructor 000000000001e010     UefiRuntimeServicesTableLib:UefiRuntimeServicesTableLib.obj
 0005:00000010       $unwind$ArpInitInstance    000000000001e010     ArpDxe:ArpImpl.obj
 0005:00000010       $unwind$ArpMatchAddress    000000000001e010     ArpDxe:ArpImpl.obj
 0005:00000010       $unwind$ArpOnFrameRcvd     000000000001e010     ArpDxe:ArpImpl.obj
 0005:00000010       $unwind$ArpOnFrameSent     000000000001e010     ArpDxe:ArpImpl.obj
 0005:00000010       $unwind$ProcessModuleEntryPointList 000000000001e010     ArpDxe:AutoGen.obj
 0005:00000018       $unwind$GetFirstNode       000000000001e018     BaseLib:LinkedList.obj
 0005:00000018       $unwind$InitializeListHead 000000000001e018     BaseLib:LinkedList.obj
 0005:00000018       $unwind$RemoveEntryList    000000000001e018     BaseLib:LinkedList.obj
 0005:00000018       $unwind$AsciiStrSize       000000000001e018     BaseLib:String.obj
 0005:00000018       $unwind$ReadUnaligned24    000000000001e018     BaseLib:Unaligned.obj
 0005:00000018       $unwind$ReadUnaligned64    000000000001e018     BaseLib:Unaligned.obj
 0005:00000018       $unwind$AllocatePool       000000000001e018     UefiMemoryAllocationLib:MemoryAllocationLib.obj
 0005:00000018       $unwind$AllocateZeroPool   000000000001e018     UefiMemoryAllocationLib:MemoryAllocationLib.obj
 0005:00000018       $unwind$ArpCleanService    000000000001e018     ArpDxe:ArpDriver.obj
 0005:00000018       $unwind$ProcessModuleUnloadList 000000000001e018     ArpDxe:AutoGen.obj
 0005:00000018       $unwind$NetMapGetCount     000000000001e018     DxeNetLib:DxeNetLib.obj
 0005:00000018       $unwind$NetMapInit         000000000001e018     DxeNetLib:DxeNetLib.obj
 0005:00000020       $unwind$InternalMemSetMem  000000000001e020     BaseMemoryLib:SetMem.obj
 0005:00000020       $unwind$ArpCreateService   000000000001e020     ArpDxe:ArpDriver.obj
 0005:00000020       $unwind$ArpCancelRequest   000000000001e020     ArpDxe:ArpImpl.obj
 0005:00000020       $unwind$ArpCancel          000000000001e020     ArpDxe:ArpMain.obj
 0005:00000028       $unwind$IsNodeInList       000000000001e028     BaseLib:LinkedList.obj
 0005:00000028       $unwind$ArpDestroyChildEntryInHandleBuffer 000000000001e028     ArpDxe:ArpDriver.obj
 0005:00000028       $unwind$ArpConfigureInstance 000000000001e028     ArpDxe:ArpImpl.obj
 0005:00000030       $unwind$EfiTestChildHandle 000000000001e030     UefiLib:UefiLib.obj
 0005:00000030       $unwind$ArpDriverBindingStart 000000000001e030     ArpDxe:ArpDriver.obj
 0005:00000030       $unwind$ArpDriverBindingSupported 000000000001e030     ArpDxe:ArpDriver.obj
 0005:00000030       $unwind$ArpAddressResolved 000000000001e030     ArpDxe:ArpImpl.obj
 0005:00000030       $unwind$ArpFillAddressInCacheEntry 000000000001e030     ArpDxe:ArpImpl.obj
 0005:00000030       $unwind$ArpFindDeniedCacheEntry 000000000001e030     ArpDxe:ArpImpl.obj
 0005:00000030       $unwind$ArpComponentNameGetDriverName 000000000001e030     ArpDxe:ComponentName.obj
 0005:00000038       $unwind$ArpDriverBindingStop 000000000001e038     ArpDxe:ArpDriver.obj
 0005:00000040       $unwind$ArpServiceBindingCreateChild 000000000001e040     ArpDxe:ArpDriver.obj
 0005:00000048       $unwind$ArpServiceBindingDestroyChild 000000000001e048     ArpDxe:ArpDriver.obj
 0005:00000050       $unwind$AsciiStrnCpyS      000000000001e050     BaseLib:SafeString.obj
 0005:00000050       $unwind$EfiLibInstallDriverBindingComponentName2 000000000001e050     UefiLib:UefiDriverModel.obj
 0005:00000050       $unwind$ArpComponentNameGetControllerName 000000000001e050     ArpDxe:ComponentName.obj
 0005:00000050       $unwind$NetDestroyLinkList 000000000001e050     DxeNetLib:DxeNetLib.obj
 0005:00000058       $unwind$ArpOnFrameRcvdDpc  000000000001e058     ArpDxe:ArpImpl.obj
 0005:00000068       $unwind$ArpTimerHandler    000000000001e068     ArpDxe:ArpImpl.obj
 0005:00000068       $unwind$ArpConfigure       000000000001e068     ArpDxe:ArpMain.obj
 0005:00000068       $unwind$NetLibGetNicHandle 000000000001e068     DxeNetLib:DxeNetLib.obj
 0005:00000070       $unwind$DebugPrint         000000000001e070     PeiDxeDebugLibReportStatusCode:DebugLib.obj
 0005:00000070       $unwind$InternalSafeStringNoAsciiStrOverlap 000000000001e070     BaseLib:SafeString.obj
 0005:00000070       $unwind$ArpFindNextCacheEntryInTable 000000000001e070     ArpDxe:ArpImpl.obj
 0005:00000078       $unwind$InternalBaseLibIsListValid 000000000001e078     BaseLib:LinkedList.obj
 0005:00000078       $unwind$ArpAllocCacheEntry 000000000001e078     ArpDxe:ArpImpl.obj
 0005:00000078       $unwind$NetMapAllocItem    000000000001e078     DxeNetLib:DxeNetLib.obj
 0005:00000078       $unwind$NetMapClean        000000000001e078     DxeNetLib:DxeNetLib.obj
 0005:00000080       $unwind$ArpSendFrame       000000000001e080     ArpDxe:ArpImpl.obj
 0005:00000088       $unwind$LookupUnicodeString2 000000000001e088     UefiLib:UefiLib.obj
 0005:00000088       $unwind$ArpDeleteCacheEntryInTable 000000000001e088     ArpDxe:ArpImpl.obj
 0005:00000088       $unwind$NetLibCreateServiceChild 000000000001e088     DxeNetLib:DxeNetLib.obj
 0005:00000088       $unwind$NetLibDestroyServiceChild 000000000001e088     DxeNetLib:DxeNetLib.obj
 0005:00000090       $unwind$ArpDeleteCacheEntry 000000000001e090     ArpDxe:ArpImpl.obj
 0005:00000098       $unwind$ArpFindCacheEntry  000000000001e098     ArpDxe:ArpImpl.obj
 0005:00000098       $unwind$ArpAdd             000000000001e098     ArpDxe:ArpMain.obj
 0005:000000a8       $unwind$ArpFind            000000000001e0a8     ArpDxe:ArpMain.obj
 0005:000000b0       $unwind$ArpDelete          000000000001e0b0     ArpDxe:ArpMain.obj
 0005:000000b8       $unwind$ArpFlush           000000000001e0b8     ArpDxe:ArpMain.obj
 0005:000000c0       $unwind$ArpRequest         000000000001e0c0     ArpDxe:ArpMain.obj
 0005:000000d0       $unwind$InternalAllocatePool 000000000001e0d0     UefiMemoryAllocationLib:MemoryAllocationLib.obj
 0005:000000d0       $unwind$InternalAllocateZeroPool 000000000001e0d0     UefiMemoryAllocationLib:MemoryAllocationLib.obj
 0005:000000d8       $unwind$DebugVPrint        000000000001e0d8     PeiDxeDebugLibReportStatusCode:DebugLib.obj
 0005:000000d8       $unwind$AsciiStrnCmp       000000000001e0d8     BaseLib:String.obj
 0005:000000d8       $unwind$CompareMem         000000000001e0d8     BaseMemoryLib:CompareMemWrapper.obj
 0005:000000d8       $unwind$CopyMem            000000000001e0d8     BaseMemoryLib:CopyMemWrapper.obj
 0005:000000d8       $unwind$QueueDpc           000000000001e0d8     DxeDpcLib:DpcLib.obj
 0005:000000e0       $unwind$InternalMemCopyMem 000000000001e0e0     BaseMemoryLib:CopyMem.obj
 0005:000000e8       $unwind$SwapBytes32        000000000001e0e8     BaseLib:SwapBytes32.obj
 0005:000000f0       $unwind$DebugPrintMarker   000000000001e0f0     PeiDxeDebugLibReportStatusCode:DebugLib.obj
 0005:00000100       $unwind$DebugAssert        000000000001e100     PeiDxeDebugLibReportStatusCode:DebugLib.obj
 0005:00000110       $unwind$ReportDebugCodeEnabled 000000000001e110     DxeReportStatusCodeLib:ReportStatusCodeLib.obj
 0005:00000110       $unwind$ReportErrorCodeEnabled 000000000001e110     DxeReportStatusCodeLib:ReportStatusCodeLib.obj
 0005:00000110       $unwind$ReportProgressCodeEnabled 000000000001e110     DxeReportStatusCodeLib:ReportStatusCodeLib.obj
 0005:00000110       $unwind$DebugAssertEnabled 000000000001e110     PeiDxeDebugLibReportStatusCode:DebugLib.obj
 0005:00000110       $unwind$DebugCodeEnabled   000000000001e110     PeiDxeDebugLibReportStatusCode:DebugLib.obj
 0005:00000110       $unwind$DebugPrintEnabled  000000000001e110     PeiDxeDebugLibReportStatusCode:DebugLib.obj
 0005:00000118       $unwind$DebugPrintLevelEnabled 000000000001e118     PeiDxeDebugLibReportStatusCode:DebugLib.obj
 0005:00000120       $unwind$NetMapInsertTail   000000000001e120     DxeNetLib:DxeNetLib.obj
 0005:00000128       $unwind$NetLibDefaultUnload 000000000001e128     DxeNetLib:DxeNetLib.obj
 0005:00000130       $unwind$DispatchDpc        000000000001e130     DxeDpcLib:DpcLib.obj
 0005:00000138       $unwind$InternalGetReportStatusCode 000000000001e138     DxeReportStatusCodeLib:ReportStatusCodeLib.obj
 0005:00000138       $unwind$CpuDeadLoop        000000000001e138     BaseLib:CpuDeadLoop.obj
 0005:00000140       $unwind$InternalReportStatusCode 000000000001e140     DxeReportStatusCodeLib:ReportStatusCodeLib.obj
 0005:00000148       $unwind$ReportStatusCodeEx 000000000001e148     DxeReportStatusCodeLib:ReportStatusCodeLib.obj
 0005:00000158       $unwind$AsciiStrnLenS      000000000001e158     BaseLib:SafeString.obj
