 HiiDatabase

 Timestamp is 68f5fea0 (Mon Oct 20 17:19:28 2025)

 Preferred load address is 0000000000010000

 Start         Length     Name                   Class
 0001:00000000 00000014H .text                   CODE
 0001:00000014 00031fb8H .text$mn                CODE
 0002:00000000 00004024H .rdata                  DATA
 0002:00004024 00000018H .rdata$voltmd           DATA
 0002:0000403c 00000160H .rdata$zzzdbg           DATA
 0003:00000000 000003e0H .data                   DATA
 0003:000003e0 00000088H .bss                    DATA
 0004:00000000 00000e10H .pdata                  DATA
 0005:00000000 00000310H .xdata                  DATA

  Address         Publics by Value              Rva+Base               Lib:Object

 0000:00000000       __guard_iat_table          0000000000000000     <absolute>
 0000:00000000       __guard_iat_count          0000000000000000     <absolute>
 0000:00000000       __guard_longjmp_count      0000000000000000     <absolute>
 0000:00000000       __dynamic_value_reloc_table 0000000000000000     <absolute>
 0000:00000000       __x64_code_ranges_to_entry_points_count 0000000000000000     <absolute>
 0000:00000000       __hybrid_auxiliary_iat     0000000000000000     <absolute>
 0000:00000000       __hybrid_auxiliary_iat_copy 0000000000000000     <absolute>
 0000:00000000       __guard_longjmp_table      0000000000000000     <absolute>
 0000:00000000       __AbsoluteZero             0000000000000000     <absolute>
 0000:00000000       __arm64x_redirection_metadata 0000000000000000     <absolute>
 0000:00000000       __x64_code_ranges_to_entry_points 0000000000000000     <absolute>
 0000:00000000       __guard_fids_count         0000000000000000     <absolute>
 0000:00000000       __guard_check_icall_a64n_fptr 0000000000000000     <absolute>
 0000:00000000       __arm64x_extra_rfe_table   0000000000000000     <absolute>
 0000:00000000       __guard_fids_table         0000000000000000     <absolute>
 0000:00000000       __hybrid_code_map          0000000000000000     <absolute>
 0000:00000000       __arm64x_extra_rfe_table_size 0000000000000000     <absolute>
 0000:00000000       __arm64x_redirection_metadata_count 0000000000000000     <absolute>
 0000:00000000       __enclave_config           0000000000000000     <absolute>
 0000:00000000       __guard_flags              0000000000000000     <absolute>
 0000:00000000       __guard_eh_cont_count      0000000000000000     <absolute>
 0000:00000000       __guard_eh_cont_table      0000000000000000     <absolute>
 0000:00000000       __arm64x_native_entrypoint 0000000000000000     <absolute>
 0000:00000000       __hybrid_code_map_count    0000000000000000     <absolute>
 0001:00000000       CpuPause                   0000000000011000     BaseLib:CpuPause.obj
 0001:00000010       __report_rangecheckfailure 0000000000011010     StackCheckLibNull:StackCheckFunctionsMsvc.obj
 0001:00000011       __GSHandlerCheck           0000000000011011     StackCheckLibNull:StackCheckFunctionsMsvc.obj
 0001:00000012       __security_check_cookie    0000000000011012     StackCheckLibNull:StackCheckFunctionsMsvc.obj
 0001:00000014       _DriverUnloadHandler       0000000000011014 f   UefiDriverEntryPoint:DriverEntryPoint.obj
 0001:00000058       _ModuleEntryPoint          0000000000011058 f   UefiDriverEntryPoint:DriverEntryPoint.obj
 0001:00000198       ProcessLibraryConstructorList 0000000000011198 f   HiiDatabase:AutoGen.obj
 0001:00000358       ProcessLibraryDestructorList 0000000000011358 f   HiiDatabase:AutoGen.obj
 0001:00000358       KeyboardLayoutChangeNullEvent 0000000000011358 f   HiiDatabase:HiiDatabaseEntry.obj
 0001:00000358       EfiEventEmptyFunction      0000000000011358 f   UefiLib:UefiLib.obj
 0001:00000364       ProcessModuleEntryPointList 0000000000011364 f   HiiDatabase:AutoGen.obj
 0001:00000388       ProcessModuleUnloadList    0000000000011388 f   HiiDatabase:AutoGen.obj
 0001:00000390       OnReadyToBoot              0000000000011390 f   HiiDatabase:HiiDatabaseEntry.obj
 0001:000003d4       InitializeHiiDatabase      00000000000113d4 f   HiiDatabase:HiiDatabaseEntry.obj
 0001:00000b00       CalculateConfigStringLen   0000000000011b00 f   HiiDatabase:ConfigRouting.obj
 0001:00000bcc       GetDevicePath              0000000000011bcc f   HiiDatabase:ConfigRouting.obj
 0001:00000e88       HiiToLower                 0000000000011e88 f   HiiDatabase:ConfigRouting.obj
 0001:00000f54       GenerateSubStr             0000000000011f54 f   HiiDatabase:ConfigRouting.obj
 0001:000013f0       OutputConfigBody           00000000000123f0 f   HiiDatabase:ConfigRouting.obj
 0001:00001534       AppendToMultiString        0000000000012534 f   HiiDatabase:ConfigRouting.obj
 0001:0000165c       GetValueOfNumber           000000000001265c f   HiiDatabase:ConfigRouting.obj
 0001:00001904       FindSameBlockElement       0000000000012904 f   HiiDatabase:ConfigRouting.obj
 0001:00001a4c       CompareBlockElementDefault 0000000000012a4c f   HiiDatabase:ConfigRouting.obj
 0001:00001e78       CompareNameElementDefault  0000000000012e78 f   HiiDatabase:ConfigRouting.obj
 0001:00002310       CompareAndMergeDefaultString 0000000000013310 f   HiiDatabase:ConfigRouting.obj
 0001:0000268c       MergeDefaultString         000000000001368c f   HiiDatabase:ConfigRouting.obj
 0001:00002ae8       InsertDefaultValue         0000000000013ae8 f   HiiDatabase:ConfigRouting.obj
 0001:00002c34       InsertBlockData            0000000000013c34 f   HiiDatabase:ConfigRouting.obj
 0001:00002da4       GetSupportedLanguages      0000000000013da4 f   HiiDatabase:ConfigRouting.obj
 0001:00002e84       InternalHiiSetString       0000000000013e84 f   HiiDatabase:ConfigRouting.obj
 0001:00003094       InternalGetString          0000000000014094 f   HiiDatabase:ConfigRouting.obj
 0001:00003300       BlockArrayCheck            0000000000014300 f   HiiDatabase:ConfigRouting.obj
 0001:00003438       GetFormPackageData         0000000000014438 f   HiiDatabase:ConfigRouting.obj
 0001:000035b0       GetVarStoreType            00000000000145b0 f   HiiDatabase:ConfigRouting.obj
 0001:000039e0       GetElementsFromRequest     00000000000149e0 f   HiiDatabase:ConfigRouting.obj
 0001:00003a68       IsThisVarstore             0000000000014a68 f   HiiDatabase:ConfigRouting.obj
 0001:00003c20       IsThisPackageList          0000000000014c20 f   HiiDatabase:ConfigRouting.obj
 0001:00003f4c       IsThisOpcodeRequired       0000000000014f4c f   HiiDatabase:ConfigRouting.obj
 0001:00004238       ParseIfrData               0000000000015238 f   HiiDatabase:ConfigRouting.obj
 0001:00005eb4       GetBlockElement            0000000000016eb4 f   HiiDatabase:ConfigRouting.obj
 0001:00006378       GetNameElement             0000000000017378 f   HiiDatabase:ConfigRouting.obj
 0001:00006570       GenerateConfigRequest      0000000000017570 f   HiiDatabase:ConfigRouting.obj
 0001:000067ac       GenerateHdr                00000000000177ac f   HiiDatabase:ConfigRouting.obj
 0001:00006a24       UpdateDefaultValue         0000000000017a24 f   HiiDatabase:ConfigRouting.obj
 0001:00006b20       MergeBlockDefaultValue     0000000000017b20 f   HiiDatabase:ConfigRouting.obj
 0001:00006da0       UpdateBlockDataArray       0000000000017da0 f   HiiDatabase:ConfigRouting.obj
 0001:00006e9c       GenerateAltConfigResp      0000000000017e9c f   HiiDatabase:ConfigRouting.obj
 0001:00007528       GetFullStringFromHiiFormPackages 0000000000018528 f   HiiDatabase:ConfigRouting.obj
 0001:00007c88       GetConfigRespFromEfiVarStore 0000000000018c88 f   HiiDatabase:ConfigRouting.obj
 0001:00007e7c       RouteConfigRespForEfiVarStore 0000000000018e7c f   HiiDatabase:ConfigRouting.obj
 0001:0000810c       OffsetWidthValidate        000000000001910c f   HiiDatabase:ConfigRouting.obj
 0001:0000822c       NameValueValidate          000000000001922c f   HiiDatabase:ConfigRouting.obj
 0001:0000829c       ConfigRequestValidate      000000000001929c f   HiiDatabase:ConfigRouting.obj
 0001:00008450       HiiConfigRoutingExtractConfig 0000000000019450 f   HiiDatabase:ConfigRouting.obj
 0001:00009134       HiiConfigRoutingExportConfig 000000000001a134 f   HiiDatabase:ConfigRouting.obj
 0001:000098cc       HiiConfigRoutingRouteConfig 000000000001a8cc f   HiiDatabase:ConfigRouting.obj
 0001:00009eec       HiiBlockToConfig           000000000001aeec f   HiiDatabase:ConfigRouting.obj
 0001:0000a938       HiiConfigToBlock           000000000001b938 f   HiiDatabase:ConfigRouting.obj
 0001:0000b068       HiiGetAltCfg               000000000001c068 f   HiiDatabase:ConfigRouting.obj
 0001:0000b674       ReferFontInfoLocally       000000000001c674 f   HiiDatabase:String.obj
 0001:0000b858       ConvertToUnicodeText       000000000001c858 f   HiiDatabase:String.obj
 0001:0000b94c       GetUnicodeStringTextOrSize 000000000001c94c f   HiiDatabase:String.obj
 0001:0000ba34       GetStringFontInfo          000000000001ca34 f   HiiDatabase:String.obj
 0001:0000bc40       FindStringBlock            000000000001cc40 f   HiiDatabase:String.obj
 0001:0000cad4       GetStringWorker            000000000001dad4 f   HiiDatabase:String.obj
 0001:0000cd30       InsertLackStringBlock      000000000001dd30 f   HiiDatabase:String.obj
 0001:0000d0f8       SetStringWorker            000000000001e0f8 f   HiiDatabase:String.obj
 0001:0000dae8       HiiNewString               000000000001eae8 f   HiiDatabase:String.obj
 0001:0000ec2c       HiiGetString               000000000001fc2c f   HiiDatabase:String.obj
 0001:0000f0b8       HiiSetString               00000000000200b8 f   HiiDatabase:String.obj
 0001:0000f490       HiiGetLanguages            0000000000020490 f   HiiDatabase:String.obj
 0001:0000f854       HiiGetSecondaryLanguages   0000000000020854 f   HiiDatabase:String.obj
 0001:0000fc28       AsciiHiiToLower            0000000000020c28 f   HiiDatabase:String.obj
 0001:0000fcb4       HiiCompareLanguage         0000000000020cb4 f   HiiDatabase:String.obj
 0001:0000fe6c       NewCell                    0000000000020e6c f   HiiDatabase:Font.obj
 0001:0000ff50       GetCell                    0000000000020f50 f   HiiDatabase:Font.obj
 0001:0001008c       GetGlyphBuffer             000000000002108c f   HiiDatabase:Font.obj
 0001:0001060c       NarrowGlyphToBlt           000000000002160c f   HiiDatabase:Font.obj
 0001:000107a4       GlyphToBlt                 00000000000217a4 f   HiiDatabase:Font.obj
 0001:00010be0       GlyphToImage               0000000000021be0 f   HiiDatabase:Font.obj
 0001:00010ed8       WriteOutputParam           0000000000021ed8 f   HiiDatabase:Font.obj
 0001:00010f98       FindGlyphBlock             0000000000021f98 f   HiiDatabase:Font.obj
 0001:00011980       SaveFontName               0000000000022980 f   HiiDatabase:Font.obj
 0001:00011a40       GetSystemFont              0000000000022a40 f   HiiDatabase:Font.obj
 0001:00011bd0       IsSystemFontInfo           0000000000022bd0 f   HiiDatabase:Font.obj
 0001:00011e70       IsFontInfoExisted          0000000000022e70 f   HiiDatabase:Font.obj
 0001:00012954       IsLineBreak                0000000000023954 f   HiiDatabase:Font.obj
 0001:00012af4       HiiStringToImage           0000000000023af4 f   HiiDatabase:Font.obj
 0001:00014920       HiiStringIdToImage         0000000000025920 f   HiiDatabase:Font.obj
 0001:00014f9c       HiiGetGlyph                0000000000025f9c f   HiiDatabase:Font.obj
 0001:000155c0       HiiGetFontInfo             00000000000265c0 f   HiiDatabase:Font.obj
 0001:00015ba0       HiiNewImageEx              0000000000026ba0 f   HiiDatabase:ImageEx.obj
 0001:00015c58       HiiGetImageEx              0000000000026c58 f   HiiDatabase:ImageEx.obj
 0001:00015d18       HiiSetImageEx              0000000000026d18 f   HiiDatabase:ImageEx.obj
 0001:00015dd4       HiiDrawImageEx             0000000000026dd4 f   HiiDatabase:ImageEx.obj
 0001:00015ea4       HiiDrawImageIdEx           0000000000026ea4 f   HiiDatabase:ImageEx.obj
 0001:00015f6c       LocateHiiImageDecoder      0000000000026f6c f   HiiDatabase:ImageEx.obj
 0001:0001612c       HiiGetImageInfo            000000000002712c f   HiiDatabase:ImageEx.obj
 0001:00016520       GetImageIdOrAddress        0000000000027520 f   HiiDatabase:Image.obj
 0001:00016a24       CopyGopToRgbPixel          0000000000027a24 f   HiiDatabase:Image.obj
 0001:00016acc       CopyRgbToGopPixel          0000000000027acc f   HiiDatabase:Image.obj
 0001:00016b74       Output1bitPixel            0000000000027b74 f   HiiDatabase:Image.obj
 0001:00016f7c       Output4bitPixel            0000000000027f7c f   HiiDatabase:Image.obj
 0001:000172a8       Output8bitPixel            00000000000282a8 f   HiiDatabase:Image.obj
 0001:00017504       Output24bitPixel           0000000000028504 f   HiiDatabase:Image.obj
 0001:000175e4       ImageToBlt                 00000000000285e4 f   HiiDatabase:Image.obj
 0001:000177f8       LocatePackageList          00000000000287f8 f   HiiDatabase:Image.obj
 0001:000178e8       HiiNewImage                00000000000288e8 f   HiiDatabase:Image.obj
 0001:00017df4       IGetImage                  0000000000028df4 f   HiiDatabase:Image.obj
 0001:00018414       HiiGetImage                0000000000029414 f   HiiDatabase:Image.obj
 0001:000184d4       HiiSetImage                00000000000294d4 f   HiiDatabase:Image.obj
 0001:00018b24       HiiDrawImage               0000000000029b24 f   HiiDatabase:Image.obj
 0001:000192f8       HiiDrawImageId             000000000002a2f8 f   HiiDatabase:Image.obj
 0001:000193c0       ExtractDevicePath          000000000002a3c0 f   HiiDatabase:ConfigKeywordHandler.obj
 0001:00019714       ExtractNameSpace           000000000002a714 f   HiiDatabase:ConfigKeywordHandler.obj
 0001:000198b4       ExtractKeyword             000000000002a8b4 f   HiiDatabase:ConfigKeywordHandler.obj
 0001:00019a30       ExtractValue               000000000002aa30 f   HiiDatabase:ConfigKeywordHandler.obj
 0001:00019b84       ExtractFilter              000000000002ab84 f   HiiDatabase:ConfigKeywordHandler.obj
 0001:00019f84       ExtractReadOnlyFromOpCode  000000000002af84 f   HiiDatabase:ConfigKeywordHandler.obj
 0001:00019ff8       ValidateFilter             000000000002aff8 f   HiiDatabase:ConfigKeywordHandler.obj
 0001:0001a318       GetRecordFromDevicePath    000000000002b318 f   HiiDatabase:ConfigKeywordHandler.obj
 0001:0001a464       GetUnicodeStringTextAndSize 000000000002b464 f   HiiDatabase:ConfigKeywordHandler.obj
 0001:0001a550       GetStringIdFromString      000000000002b550 f   HiiDatabase:ConfigKeywordHandler.obj
 0001:0001aff4       GetNextStringId            000000000002bff4 f   HiiDatabase:ConfigKeywordHandler.obj
 0001:0001ba70       GetStringIdFromRecord      000000000002ca70 f   HiiDatabase:ConfigKeywordHandler.obj
 0001:0001bca4       IsStatementOpCode          000000000002cca4 f   HiiDatabase:ConfigKeywordHandler.obj
 0001:0001bd40       IsStorageOpCode            000000000002cd40 f   HiiDatabase:ConfigKeywordHandler.obj
 0001:0001bd6c       FindQuestionFromStringId   000000000002cd6c f   HiiDatabase:ConfigKeywordHandler.obj
 0001:0001be4c       FindStorageFromVarId       000000000002ce4c f   HiiDatabase:ConfigKeywordHandler.obj
 0001:0001bf80       GetWidth                   000000000002cf80 f   HiiDatabase:ConfigKeywordHandler.obj
 0001:0001c218       InternalLowerConfigString  000000000002d218 f   HiiDatabase:ConfigKeywordHandler.obj
 0001:0001c2e8       ConstructConfigHdr         000000000002d2e8 f   HiiDatabase:ConfigKeywordHandler.obj
 0001:0001c858       ConstructRequestElement    000000000002d858 f   HiiDatabase:ConfigKeywordHandler.obj
 0001:0001c93c       GetNameFromId              000000000002d93c f   HiiDatabase:ConfigKeywordHandler.obj
 0001:0001cb60       ExtractConfigRequest       000000000002db60 f   HiiDatabase:ConfigKeywordHandler.obj
 0001:0001cef4       ExtractConfigResp          000000000002def4 f   HiiDatabase:ConfigKeywordHandler.obj
 0001:0001d388       ExtractValueFromDriver     000000000002e388 f   HiiDatabase:ConfigKeywordHandler.obj
 0001:0001d4e0       GetStringIdFromDatabase    000000000002e4e0 f   HiiDatabase:ConfigKeywordHandler.obj
 0001:0001d860       GenerateKeywordResp        000000000002e860 f   HiiDatabase:ConfigKeywordHandler.obj
 0001:0001db08       MergeToMultiKeywordResp    000000000002eb08 f   HiiDatabase:ConfigKeywordHandler.obj
 0001:0001dc10       EnumerateAllKeywords       000000000002ec10 f   HiiDatabase:ConfigKeywordHandler.obj
 0001:0001e178       EfiConfigKeywordHandlerSetData 000000000002f178 f   HiiDatabase:ConfigKeywordHandler.obj
 0001:0001e814       EfiConfigKeywordHandlerGetData 000000000002f814 f   HiiDatabase:ConfigKeywordHandler.obj
 0001:0001edfc       GenerateHiiDatabaseRecord  000000000002fdfc f   HiiDatabase:Database.obj
 0001:0001eff8       IsHiiHandleValid           000000000002fff8 f   HiiDatabase:Database.obj
 0001:0001f030       InvokeRegisteredFunction   0000000000030030 f   HiiDatabase:Database.obj
 0001:0001f6d8       InsertGuidPackage          00000000000306d8 f   HiiDatabase:Database.obj
 0001:0001f804       ExportGuidPackages         0000000000030804 f   HiiDatabase:Database.obj
 0001:0001fa9c       RemoveGuidPackages         0000000000030a9c f   HiiDatabase:Database.obj
 0001:0001fc0c       IsEfiVarStoreQuestion      0000000000030c0c f   HiiDatabase:Database.obj
 0001:0001fc70       AuthFindVariableData       0000000000030c70 f   HiiDatabase:Database.obj
 0001:0001fd60       FindVariableData           0000000000030d60 f   HiiDatabase:Database.obj
 0001:0001fe50       FindQuestionDefaultSetting 0000000000030e50 f   HiiDatabase:Database.obj
 0001:000206e4       UpdateDefaultSettingInFormPackage 00000000000316e4 f   HiiDatabase:Database.obj
 0001:0002133c       InsertFormPackage          000000000003233c f   HiiDatabase:Database.obj
 0001:000214a4       ExportFormPackages         00000000000324a4 f   HiiDatabase:Database.obj
 0001:00021778       RemoveFormPackages         0000000000032778 f   HiiDatabase:Database.obj
 0001:000218e4       InsertStringPackage        00000000000328e4 f   HiiDatabase:Database.obj
 0001:00021d10       AdjustStringPackage        0000000000032d10 f   HiiDatabase:Database.obj
 0001:00022028       ExportStringPackages       0000000000033028 f   HiiDatabase:Database.obj
 0001:00022320       RemoveStringPackages       0000000000033320 f   HiiDatabase:Database.obj
 0001:0002255c       InsertFontPackage          000000000003355c f   HiiDatabase:Database.obj
 0001:0002295c       ExportFontPackages         000000000003395c f   HiiDatabase:Database.obj
 0001:00022c54       RemoveFontPackages         0000000000033c54 f   HiiDatabase:Database.obj
 0001:00022fac       InsertImagePackage         0000000000033fac f   HiiDatabase:Database.obj
 0001:00023280       ExportImagePackages        0000000000034280 f   HiiDatabase:Database.obj
 0001:00023518       RemoveImagePackages        0000000000034518 f   HiiDatabase:Database.obj
 0001:000235ec       InsertSimpleFontPackage    00000000000345ec f   HiiDatabase:Database.obj
 0001:0002374c       ExportSimpleFontPackages   000000000003474c f   HiiDatabase:Database.obj
 0001:000239e4       RemoveSimpleFontPackages   00000000000349e4 f   HiiDatabase:Database.obj
 0001:00023b44       InsertDevicePathPackage    0000000000034b44 f   HiiDatabase:Database.obj
 0001:00023c68       ExportDevicePathPackage    0000000000034c68 f   HiiDatabase:Database.obj
 0001:00023e18       RemoveDevicePathPackage    0000000000034e18 f   HiiDatabase:Database.obj
 0001:00023edc       AddDevicePathPackage       0000000000034edc f   HiiDatabase:Database.obj
 0001:00023fd4       InsertKeyboardLayoutPackage 0000000000034fd4 f   HiiDatabase:Database.obj
 0001:00024134       ExportKeyboardLayoutPackages 0000000000035134 f   HiiDatabase:Database.obj
 0001:000243d8       RemoveKeyboardLayoutPackages 00000000000353d8 f   HiiDatabase:Database.obj
 0001:00024548       AddPackages                0000000000035548 f   HiiDatabase:Database.obj
 0001:00024b84       ExportPackageList          0000000000035b84 f   HiiDatabase:Database.obj
 0001:000250d8       HiiGetConfigRespInfo       00000000000360d8 f   HiiDatabase:Database.obj
 0001:00025310       HiiGetDatabaseInfo         0000000000036310 f   HiiDatabase:Database.obj
 0001:00025548       HiiNewPackageList          0000000000036548 f   HiiDatabase:Database.obj
 0001:00025920       HiiRemovePackageList       0000000000036920 f   HiiDatabase:Database.obj
 0001:00025e40       HiiUpdatePackageList       0000000000036e40 f   HiiDatabase:Database.obj
 0001:000262a8       HiiListPackageLists        00000000000372a8 f   HiiDatabase:Database.obj
 0001:00026798       HiiExportPackageLists      0000000000037798 f   HiiDatabase:Database.obj
 0001:00026bc0       HiiRegisterPackageNotify   0000000000037bc0 f   HiiDatabase:Database.obj
 0001:00026df4       HiiUnregisterPackageNotify 0000000000037df4 f   HiiDatabase:Database.obj
 0001:000270b8       HiiFindKeyboardLayouts     00000000000380b8 f   HiiDatabase:Database.obj
 0001:000274a0       HiiGetKeyboardLayout       00000000000384a0 f   HiiDatabase:Database.obj
 0001:000278cc       HiiSetKeyboardLayout       00000000000388cc f   HiiDatabase:Database.obj
 0001:00027bac       HiiGetPackageListHandle    0000000000038bac f   HiiDatabase:Database.obj
 0001:00027d6c       UnicodeVSPrint             0000000000038d6c f   BasePrintLib:PrintLib.obj
 0001:00027e2c       UnicodeSPrint              0000000000038e2c f   BasePrintLib:PrintLib.obj
 0001:00027e80       UnicodeValueToStringS      0000000000038e80 f   BasePrintLib:PrintLib.obj
 0001:00027f04       BasePrintLibFillBuffer     0000000000038f04 f   BasePrintLib:PrintLibInternal.obj
 0001:00027f90       BasePrintLibValueToString  0000000000038f90 f   BasePrintLib:PrintLibInternal.obj
 0001:00027ff8       BasePrintLibConvertValueToStringS 0000000000038ff8 f   BasePrintLib:PrintLibInternal.obj
 0001:0002874c       BasePrintLibSPrintMarker   000000000003974c f   BasePrintLib:PrintLibInternal.obj
 0001:0002a868       BasePrintLibSPrint         000000000003b868 f   BasePrintLib:PrintLibInternal.obj
 0001:0002a8d0       GetPiPcdProtocol           000000000003b8d0 f   DxePcdLib:DxePcdLib.obj
 0001:0002a9c0       GetPiPcdInfoProtocolPointer 000000000003b9c0 f   DxePcdLib:DxePcdLib.obj
 0001:0002aab0       LibPcdGetExPtr             000000000003bab0 f   DxePcdLib:DxePcdLib.obj
 0001:0002ab08       LibPcdGetExSize            000000000003bb08 f   DxePcdLib:DxePcdLib.obj
 0001:0002ab60       LibPcdGetSku               000000000003bb60 f   DxePcdLib:DxePcdLib.obj
 0001:0002ab74       DebugPrint                 000000000003bb74 f   PeiDxeDebugLibReportStatusCode:DebugLib.obj
 0001:0002abb8       DebugPrintMarker           000000000003bbb8 f   PeiDxeDebugLibReportStatusCode:DebugLib.obj
 0001:0002b360       DebugVPrint                000000000003c360 f   PeiDxeDebugLibReportStatusCode:DebugLib.obj
 0001:0002b390       DebugAssert                000000000003c390 f   PeiDxeDebugLibReportStatusCode:DebugLib.obj
 0001:0002b72c       DebugAssertEnabled         000000000003c72c f   PeiDxeDebugLibReportStatusCode:DebugLib.obj
 0001:0002b750       DebugPrintEnabled          000000000003c750 f   PeiDxeDebugLibReportStatusCode:DebugLib.obj
 0001:0002b774       DebugPrintLevelEnabled     000000000003c774 f   PeiDxeDebugLibReportStatusCode:DebugLib.obj
 0001:0002b7a8       CopyGuid                   000000000003c7a8 f   BaseMemoryLib:MemLibGuid.obj
 0001:0002b7fc       CompareGuid                000000000003c7fc f   BaseMemoryLib:MemLibGuid.obj
 0001:0002b884       CopyMem                    000000000003c884 f   BaseMemoryLib:CopyMemWrapper.obj
 0001:0002b95c       ZeroMem                    000000000003c95c f   BaseMemoryLib:ZeroMemWrapper.obj
 0001:0002ba04       CompareMem                 000000000003ca04 f   BaseMemoryLib:CompareMemWrapper.obj
 0001:0002bb38       SetMem32                   000000000003cb38 f   BaseMemoryLib:SetMem32Wrapper.obj
 0001:0002bc68       InternalMemCopyMem         000000000003cc68 f   BaseMemoryLib:CopyMem.obj
 0001:0002c244       InternalMemSetMem32        000000000003d244 f   BaseMemoryLib:MemLibGeneric.obj
 0001:0002c284       InternalMemZeroMem         000000000003d284 f   BaseMemoryLib:MemLibGeneric.obj
 0001:0002c2ac       InternalMemCompareMem      000000000003d2ac f   BaseMemoryLib:MemLibGeneric.obj
 0001:0002c314       InternalMemSetMem          000000000003d314 f   BaseMemoryLib:SetMem.obj
 0001:0002c4a8       InternalBaseLibIsListValid 000000000003d4a8 f   BaseLib:LinkedList.obj
 0001:0002c5c4       IsNodeInList               000000000003d5c4 f   BaseLib:LinkedList.obj
 0001:0002c6c4       InitializeListHead         000000000003d6c4 f   BaseLib:LinkedList.obj
 0001:0002c724       InsertTailList             000000000003d724 f   BaseLib:LinkedList.obj
 0001:0002c80c       GetFirstNode               000000000003d80c f   BaseLib:LinkedList.obj
 0001:0002c860       GetNextNode                000000000003d860 f   BaseLib:LinkedList.obj
 0001:0002c910       IsListEmpty                000000000003d910 f   BaseLib:LinkedList.obj
 0001:0002c978       IsNull                     000000000003d978 f   BaseLib:LinkedList.obj
 0001:0002ca3c       RemoveEntryList            000000000003da3c f   BaseLib:LinkedList.obj
 0001:0002cab8       InternalSafeStringIsOverlap 000000000003dab8 f   BaseLib:SafeString.obj
 0001:0002cb1c       InternalSafeStringNoStrOverlap 000000000003db1c f   BaseLib:SafeString.obj
 0001:0002cb7c       InternalSafeStringNoAsciiStrOverlap 000000000003db7c f   BaseLib:SafeString.obj
 0001:0002cbd0       StrnLenS                   000000000003dbd0 f   BaseLib:SafeString.obj
 0001:0002cc74       StrCpyS                    000000000003dc74 f   BaseLib:SafeString.obj
 0001:0002d0e4       StrnCpyS                   000000000003e0e4 f   BaseLib:SafeString.obj
 0001:0002d648       StrCatS                    000000000003e648 f   BaseLib:SafeString.obj
 0001:0002db98       StrnCatS                   000000000003eb98 f   BaseLib:SafeString.obj
 0001:0002e1f4       StrHexToUint64S            000000000003f1f4 f   BaseLib:SafeString.obj
 0001:0002e5c4       AsciiStrnLenS              000000000003f5c4 f   BaseLib:SafeString.obj
 0001:0002e630       AsciiStrCpyS               000000000003f630 f   BaseLib:SafeString.obj
 0001:0002ea28       AsciiStrnCpyS              000000000003fa28 f   BaseLib:SafeString.obj
 0001:0002ef18       UnicodeStrToAsciiStrS      000000000003ff18 f   BaseLib:SafeString.obj
 0001:0002f428       AsciiStrToUnicodeStrS      0000000000040428 f   BaseLib:SafeString.obj
 0001:0002f904       StrLen                     0000000000040904 f   BaseLib:String.obj
 0001:0002f9f8       StrSize                    00000000000409f8 f   BaseLib:String.obj
 0001:0002fa18       StrCmp                     0000000000040a18 f   BaseLib:String.obj
 0001:0002faf0       StrnCmp                    0000000000040af0 f   BaseLib:String.obj
 0001:0002fc3c       StrStr                     0000000000040c3c f   BaseLib:String.obj
 0001:0002fd74       InternalIsDecimalDigitCharacter 0000000000040d74 f   BaseLib:String.obj
 0001:0002fda4       CharToUpper                0000000000040da4 f   BaseLib:String.obj
 0001:0002fdd0       InternalHexCharToUintn     0000000000040dd0 f   BaseLib:String.obj
 0001:0002fe10       InternalIsHexaDecimalDigitCharacter 0000000000040e10 f   BaseLib:String.obj
 0001:0002fe68       StrHexToUint64             0000000000040e68 f   BaseLib:String.obj
 0001:0002feac       AsciiStrLen                0000000000040eac f   BaseLib:String.obj
 0001:0002ff64       AsciiStrSize               0000000000040f64 f   BaseLib:String.obj
 0001:0002ff80       AsciiStrCmp                0000000000040f80 f   BaseLib:String.obj
 0001:00030058       AsciiStrnCmp               0000000000041058 f   BaseLib:String.obj
 0001:000301a4       AsciiStrStr                00000000000411a4 f   BaseLib:String.obj
 0001:000302d8       InternalBaseLibBitFieldReadUint 00000000000412d8 f   BaseLib:BitField.obj
 0001:00030320       InternalBaseLibBitFieldOrUint 0000000000041320 f   BaseLib:BitField.obj
 0001:000303d8       InternalBaseLibBitFieldAndUint 00000000000413d8 f   BaseLib:BitField.obj
 0001:00030494       BitFieldRead32             0000000000041494 f   BaseLib:BitField.obj
 0001:00030528       BitFieldWrite32            0000000000041528 f   BaseLib:BitField.obj
 0001:000305cc       BitFieldOr32               00000000000415cc f   BaseLib:BitField.obj
 0001:0003066c       BitFieldAnd32              000000000004166c f   BaseLib:BitField.obj
 0001:0003070c       BitFieldAndThenOr32        000000000004170c f   BaseLib:BitField.obj
 0001:000307c0       BitFieldRead64             00000000000417c0 f   BaseLib:BitField.obj
 0001:0003086c       LShiftU64                  000000000004186c f   BaseLib:LShiftU64.obj
 0001:000308c0       ReadUnaligned16            00000000000418c0 f   BaseLib:Unaligned.obj
 0001:00030908       WriteUnaligned16           0000000000041908 f   BaseLib:Unaligned.obj
 0001:00030960       ReadUnaligned32            0000000000041960 f   BaseLib:Unaligned.obj
 0001:000309a8       ReadUnaligned64            00000000000419a8 f   BaseLib:Unaligned.obj
 0001:000309f0       WriteUnaligned64           00000000000419f0 f   BaseLib:Unaligned.obj
 0001:00030a48       DivU64x32Remainder         0000000000041a48 f   BaseLib:DivU64x32Remainder.obj
 0001:00030aa4       CpuBreakpoint              0000000000041aa4 f   BaseLib:CpuBreakpoint.obj
 0001:00030aa8       CpuDeadLoop                0000000000041aa8 f   BaseLib:CpuDeadLoop.obj
 0001:00030ad8       RShiftU64                  0000000000041ad8 f   BaseLib:RShiftU64.obj
 0001:00030b2c       InternalMathLShiftU64      0000000000041b2c f   BaseLib:Math64.obj
 0001:00030b48       InternalMathRShiftU64      0000000000041b48 f   BaseLib:Math64.obj
 0001:00030b64       InternalMathDivRemU64x32   0000000000041b64 f   BaseLib:Math64.obj
 0001:00030bbc       IsDevicePathValid          0000000000041bbc f   UefiDevicePathLib:DevicePathUtilities.obj
 0001:00030d28       DevicePathType             0000000000041d28 f   UefiDevicePathLib:DevicePathUtilities.obj
 0001:00030d70       DevicePathSubType          0000000000041d70 f   UefiDevicePathLib:DevicePathUtilities.obj
 0001:00030db8       DevicePathNodeLength       0000000000041db8 f   UefiDevicePathLib:DevicePathUtilities.obj
 0001:00030e18       NextDevicePathNode         0000000000041e18 f   UefiDevicePathLib:DevicePathUtilities.obj
 0001:00030e70       IsDevicePathEndType        0000000000041e70 f   UefiDevicePathLib:DevicePathUtilities.obj
 0001:00030ed4       IsDevicePathEnd            0000000000041ed4 f   UefiDevicePathLib:DevicePathUtilities.obj
 0001:00030f4c       UefiDevicePathLibGetDevicePathSize 0000000000041f4c f   UefiDevicePathLib:DevicePathUtilities.obj
 0001:00030fd4       DevicePathFromHandle       0000000000041fd4 f   UefiDevicePathLib:DevicePathUtilitiesDxeSmm.obj
 0001:00031024       GetDevicePathSize          0000000000042024 f   UefiDevicePathLib:UefiDevicePathLib.obj
 0001:0003103c       InternalAllocatePool       000000000004203c f   UefiMemoryAllocationLib:MemoryAllocationLib.obj
 0001:0003108c       AllocatePool               000000000004208c f   UefiMemoryAllocationLib:MemoryAllocationLib.obj
 0001:000310ac       InternalAllocateZeroPool   00000000000420ac f   UefiMemoryAllocationLib:MemoryAllocationLib.obj
 0001:000310f4       AllocateZeroPool           00000000000420f4 f   UefiMemoryAllocationLib:MemoryAllocationLib.obj
 0001:00031114       AllocateRuntimeZeroPool    0000000000042114 f   UefiMemoryAllocationLib:MemoryAllocationLib.obj
 0001:00031134       InternalAllocateCopyPool   0000000000042134 f   UefiMemoryAllocationLib:MemoryAllocationLib.obj
 0001:000311f8       AllocateCopyPool           00000000000421f8 f   UefiMemoryAllocationLib:MemoryAllocationLib.obj
 0001:00031220       InternalReallocatePool     0000000000042220 f   UefiMemoryAllocationLib:MemoryAllocationLib.obj
 0001:000312a4       ReallocatePool             00000000000422a4 f   UefiMemoryAllocationLib:MemoryAllocationLib.obj
 0001:000312d8       FreePool                   00000000000422d8 f   UefiMemoryAllocationLib:MemoryAllocationLib.obj
 0001:00031374       UefiBootServicesTableLibConstructor 0000000000042374 f   UefiBootServicesTableLib:UefiBootServicesTableLib.obj
 0001:00031450       UefiRuntimeServicesTableLibConstructor 0000000000042450 f   UefiRuntimeServicesTableLib:UefiRuntimeServicesTableLib.obj
 0001:000314ac       UefiLibConstructor         00000000000424ac f   UefiLib:UefiLib.obj
 0001:000314bc       EfiAcquireLock             00000000000424bc f   UefiLib:UefiLib.obj
 0001:00031558       EfiReleaseLock             0000000000042558 f   UefiLib:UefiLib.obj
 0001:000315f8       GetVariable2               00000000000425f8 f   UefiLib:UefiLib.obj
 0001:0003179c       GetEfiGlobalVariable2      000000000004279c f   UefiLib:UefiLib.obj
 0001:000317d0       GetBestLanguage            00000000000427d0 f   UefiLib:UefiLib.obj
 0001:00031a78       EfiCreateEventReadyToBootEx 0000000000042a78 f   UefiLib:UefiNotTiano.obj
 0001:00031bb4       GetDebugPrintErrorLevel    0000000000042bb4 f   BaseDebugPrintErrorLevelLib:BaseDebugPrintErrorLevelLib.obj
 0001:00031bbc       InternalGetReportStatusCode 0000000000042bbc f   DxeReportStatusCodeLib:ReportStatusCodeLib.obj
 0001:00031c2c       InternalReportStatusCode   0000000000042c2c f   DxeReportStatusCodeLib:ReportStatusCodeLib.obj
 0001:00031ce4       ReportStatusCodeEx         0000000000042ce4 f   DxeReportStatusCodeLib:ReportStatusCodeLib.obj
 0001:00031f60       ReportProgressCodeEnabled  0000000000042f60 f   DxeReportStatusCodeLib:ReportStatusCodeLib.obj
 0001:00031f84       ReportErrorCodeEnabled     0000000000042f84 f   DxeReportStatusCodeLib:ReportStatusCodeLib.obj
 0001:00031fa8       ReportDebugCodeEnabled     0000000000042fa8 f   DxeReportStatusCodeLib:ReportStatusCodeLib.obj
 0002:00000000       ??_C@_0CB@DMEJJJHA@?6ASSERT_EFI_ERROR?5?$CIStatus?5?$DN?5?$CFr?$CJ@ 0000000000043000     UefiDriverEntryPoint:DriverEntryPoint.obj
 0002:00000028       ??_C@_0DG@FLPEIDFK@?$CB?$CI?$CI?$CIRETURN_STATUS?$CJ?$CIStatus?$CJ?$CJ?5?$DO?$DN?5@ 0000000000043028     UefiDriverEntryPoint:DriverEntryPoint.obj
 0002:00000060       ??_C@_0FE@KBEJNINE@D?3?2develop?2Self_develop?2edk2?2Md@ 0000000000043060     UefiDriverEntryPoint:DriverEntryPoint.obj
 0002:000000b4       _gPcd_FixedAtBuild_PcdVerifyNodeInList 00000000000430b4     HiiDatabase:AutoGen.obj
 0002:000000b4       _gDriverUnloadImageCount   00000000000430b4     HiiDatabase:AutoGen.obj
 0002:000000b8       _gPcd_FixedAtBuild_PcdMaximumDevicePathNodeCount 00000000000430b8     HiiDatabase:AutoGen.obj
 0002:000000b8       _gUefiDriverRevision       00000000000430b8     HiiDatabase:AutoGen.obj
 0002:000000c0       ??_C@_0M@NOMLFINA@HiiDatabase@ 00000000000430c0     HiiDatabase:AutoGen.obj
 0002:000000d0       ??_C@_0IF@FCDELNAE@D?3?2develop?2Self_develop?2edk2?2Bu@ 00000000000430d0     HiiDatabase:AutoGen.obj
 0002:00000158       _gPcd_FixedAtBuild_PcdMaximumAsciiStringLength 0000000000043158     HiiDatabase:AutoGen.obj
 0002:00000158       _gPcd_FixedAtBuild_PcdMaximumUnicodeStringLength 0000000000043158     HiiDatabase:AutoGen.obj
 0002:00000158       _gPcd_FixedAtBuild_PcdMaximumLinkedListLength 0000000000043158     HiiDatabase:AutoGen.obj
 0002:0000015c       _gPcd_FixedAtBuild_PcdReportStatusCodePropertyMask 000000000004315c     HiiDatabase:AutoGen.obj
 0002:00000160       _gPcd_FixedAtBuild_PcdUefiVariableDefaultPlatformLang 0000000000043160     HiiDatabase:AutoGen.obj
 0002:00000166       _gPcd_FixedAtBuild_PcdHiiOsRuntimeSupport 0000000000043166     HiiDatabase:AutoGen.obj
 0002:00000166       _gPcd_FixedAtBuild_PcdSupportHiiImageProtocol 0000000000043166     HiiDatabase:AutoGen.obj
 0002:00000168       _gPcd_FixedAtBuild_PcdDebugPrintErrorLevel 0000000000043168     HiiDatabase:AutoGen.obj
 0002:0000016c       _gPcd_FixedAtBuild_PcdFixedDebugPrintErrorLevel 000000000004316c     HiiDatabase:AutoGen.obj
 0002:00000170       _gPcd_FixedAtBuild_PcdDebugPropertyMask 0000000000043170     HiiDatabase:AutoGen.obj
 0002:00000178       ??_C@_0CN@IMIMGIOF@?$CGgEfiHiiDatabaseProtocolGuid?5?$CB?$DN@ 0000000000043178     HiiDatabase:HiiDatabaseEntry.obj
 0002:000001b0       ??_C@_0FG@NHCCBOKP@D?3?2develop?2Self_develop?2edk2?2Md@ 00000000000431b0     HiiDatabase:HiiDatabaseEntry.obj
 0002:00000208       ??_C@_0DL@LBEMLKGK@?$CGgEfiHiiDatabaseProtocolGuid?5al@ 0000000000043208     HiiDatabase:HiiDatabaseEntry.obj
 0002:00000248       ??_C@_0DP@MJHJOJAP@?$CGgEfiHiiDatabaseProtocolGuid?5al@ 0000000000043248     HiiDatabase:HiiDatabaseEntry.obj
 0002:00000288       ??_C@_0CJ@EEOJNBOH@?$CGgEfiHiiFontProtocolGuid?5?$CB?$DN?5?$CI?$CIv@ 0000000000043288     HiiDatabase:HiiDatabaseEntry.obj
 0002:000002b8       ??_C@_0DH@NLDPGKDK@?$CGgEfiHiiFontProtocolGuid?5alread@ 00000000000432b8     HiiDatabase:HiiDatabaseEntry.obj
 0002:000002f0       ??_C@_0DL@CGIIHBOO@?$CGgEfiHiiFontProtocolGuid?5alread@ 00000000000432f0     HiiDatabase:HiiDatabaseEntry.obj
 0002:00000330       ??_C@_0CK@CBEHEFIN@?$CGgEfiHiiImageProtocolGuid?5?$CB?$DN?5?$CI?$CI@ 0000000000043330     HiiDatabase:HiiDatabaseEntry.obj
 0002:00000360       ??_C@_0DI@OBEFILKP@?$CGgEfiHiiImageProtocolGuid?5alrea@ 0000000000043360     HiiDatabase:HiiDatabaseEntry.obj
 0002:00000398       ??_C@_0DM@BHOKJCCB@?$CGgEfiHiiImageProtocolGuid?5alrea@ 0000000000043398     HiiDatabase:HiiDatabaseEntry.obj
 0002:000003d8       ??_C@_0CL@EMGPMLLE@?$CGgEfiHiiStringProtocolGuid?5?$CB?$DN?5?$CI@ 00000000000433d8     HiiDatabase:HiiDatabaseEntry.obj
 0002:00000408       ??_C@_0DJ@DLDEGPMF@?$CGgEfiHiiStringProtocolGuid?5alre@ 0000000000043408     HiiDatabase:HiiDatabaseEntry.obj
 0002:00000448       ??_C@_0DN@LNLIIOEH@?$CGgEfiHiiStringProtocolGuid?5alre@ 0000000000043448     HiiDatabase:HiiDatabaseEntry.obj
 0002:00000488       ??_C@_0DC@DDHDOHGG@?$CGgEfiHiiConfigRoutingProtocolGu@ 0000000000043488     HiiDatabase:HiiDatabaseEntry.obj
 0002:000004c0       ??_C@_0EA@DDCOHLFB@?$CGgEfiHiiConfigRoutingProtocolGu@ 00000000000434c0     HiiDatabase:HiiDatabaseEntry.obj
 0002:00000500       ??_C@_0EE@CKEDIBPB@?$CGgEfiHiiConfigRoutingProtocolGu@ 0000000000043500     HiiDatabase:HiiDatabaseEntry.obj
 0002:00000548       ??_C@_0DG@PMHMCJLB@?$CGgEfiConfigKeywordHandlerProtoc@ 0000000000043548     HiiDatabase:HiiDatabaseEntry.obj
 0002:00000580       ??_C@_0EE@FFFPAKCF@?$CGgEfiConfigKeywordHandlerProtoc@ 0000000000043580     HiiDatabase:HiiDatabaseEntry.obj
 0002:000005d0       ??_C@_0EI@JNIDIIH@?$CGgEfiConfigKeywordHandlerProtoc@ 00000000000435d0     HiiDatabase:HiiDatabaseEntry.obj
 0002:00000618       ??_C@_0BH@MAAHKCPC@String?5?$CB?$DN?5?$CI?$CIvoid?5?$CK?$CJ?50?$CJ@ 0000000000043618     HiiDatabase:ConfigRouting.obj
 0002:00000630       ??_C@_0FD@JGJNFLHA@D?3?2develop?2Self_develop?2edk2?2Md@ 0000000000043630     HiiDatabase:ConfigRouting.obj
 0002:00000688       ??_C@_1M@DPLGJLCD@?$AAG?$AAU?$AAI?$AAD?$AA?$DN@ 0000000000043688     HiiDatabase:ConfigRouting.obj
 0002:00000698       ??_C@_0DD@LHLPKNIP@StrnCmp?5?$CIString?0?5L?$CCGUID?$DN?$CC?0?5StrL@ 0000000000043698     HiiDatabase:ConfigRouting.obj
 0002:000006d0       ??_C@_1O@KAHOBHOF@?$AA?$CG?$AAG?$AAU?$AAI?$AAD?$AA?$DN@ 00000000000436d0     HiiDatabase:ConfigRouting.obj
 0002:000006e0       ??_C@_1M@PJAPFKED@?$AAP?$AAA?$AAT?$AAH?$AA?$DN@ 00000000000436e0     HiiDatabase:ConfigRouting.obj
 0002:000006f0       ??_C@_0BN@EHPNHAIF@ConfigString?5?$CB?$DN?5?$CI?$CIvoid?5?$CK?$CJ?50?$CJ@ 00000000000436f0     HiiDatabase:ConfigRouting.obj
 0002:00000710       ??_C@_0DB@CFICOEMJ@String?5?$CB?$DN?5?$CI?$CIvoid?5?$CK?$CJ?50?$CJ?5?$CG?$CG?5SubSt@ 0000000000043710     HiiDatabase:ConfigRouting.obj
 0002:00000748       ??_C@_0BI@LBGLHCOA@?$CKSubStr?5?$CB?$DN?5?$CI?$CIvoid?5?$CK?$CJ?50?$CJ@ 0000000000043748     HiiDatabase:ConfigRouting.obj
 0002:00000760       ??_C@_0BE@LNIAOOBG@Str?5?$CB?$DN?5?$CI?$CIvoid?5?$CK?$CJ?50?$CJ@ 0000000000043760     HiiDatabase:ConfigRouting.obj
 0002:00000778       ??_C@_0DC@PCMLEOGG@?$CIBufferLen?5?$CK?52?5?$CL?51?$CJ?5?$DO?$DN?5?$CIStrLen?5@ 0000000000043778     HiiDatabase:ConfigRouting.obj
 0002:000007ac       ??_C@_13FLOCNAAB@?$AA?$CG@ 00000000000437ac     HiiDatabase:ConfigRouting.obj
 0002:000007b0       ??_C@_1BC@JFJKDJKC@?$AA?$CG?$AAA?$AAL?$AAT?$AAC?$AAF?$AAG?$AA?$DN@ 00000000000437b0     HiiDatabase:ConfigRouting.obj
 0002:000007c8       ??_C@_0BN@DILICBAI@?$CKMultiString?5?$CB?$DN?5?$CI?$CIvoid?5?$CK?$CJ?50?$CJ@ 00000000000437c8     HiiDatabase:ConfigRouting.obj
 0002:000007e8       ??_C@_0BL@KFJHHHLD@TempBuffer?5?$CB?$DN?5?$CI?$CIvoid?5?$CK?$CJ?50?$CJ@ 00000000000437e8     HiiDatabase:ConfigRouting.obj
 0002:00000808       ??_C@_0CA@JFAPBMEN@AltConfigHdrPtr?5?$CB?$DN?5?$CI?$CIvoid?5?$CK?$CJ?50?$CJ@ 0000000000043808     HiiDatabase:ConfigRouting.obj
 0002:00000828       ??_C@_1BC@KLGPJAMP@?$AA?$CG?$AAO?$AAF?$AAF?$AAS?$AAE?$AAT?$AA?$DN@ 0000000000043828     HiiDatabase:ConfigRouting.obj
 0002:00000840       ??_C@_0BK@OHHEMHCC@StringPtr?5?$CB?$DN?5?$CI?$CIvoid?5?$CK?$CJ?50?$CJ@ 0000000000043840     HiiDatabase:ConfigRouting.obj
 0002:00000860       ??_C@_0BM@GNPJMFNE@NvConfigPtr?5?$CB?$DN?5?$CI?$CIvoid?5?$CK?$CJ?50?$CJ@ 0000000000043860     HiiDatabase:ConfigRouting.obj
 0002:0000087c       ??_C@_13NMPKAAJP@?$AA?$DN@ 000000000004387c     HiiDatabase:ConfigRouting.obj
 0002:00000880       ??_C@_0CB@GHIBCAIE@NvConfigValuePtr?5?$CB?$DN?5?$CI?$CIvoid?5?$CK?$CJ?50@ 0000000000043880     HiiDatabase:ConfigRouting.obj
 0002:000008a8       ??_C@_1M@COKHDCDN@?$AA?$CG?$AAG?$AAU?$AAI?$AAD@ 00000000000438a8     HiiDatabase:ConfigRouting.obj
 0002:000008b8       ??_C@_1O@FMIENBLJ@?$AA?$CG?$AAN?$AAA?$AAM?$AAE?$AA?$DN@ 00000000000438b8     HiiDatabase:ConfigRouting.obj
 0002:000008c8       ??_C@_1O@GGMHNGIF@?$AA?$CG?$AAP?$AAA?$AAT?$AAH?$AA?$DN@ 00000000000438c8     HiiDatabase:ConfigRouting.obj
 0002:000008d8       ??_C@_0CC@KFDCKDOA@DefaultValueArray?5?$CB?$DN?5?$CI?$CIvoid?5?$CK?$CJ?5@ 00000000000438d8     HiiDatabase:ConfigRouting.obj
 0002:00000900       ??_C@_0BK@KLJHMMPJ@HiiHandle?5?$CB?$DN?5?$CI?$CIvoid?5?$CK?$CJ?50?$CJ@ 0000000000043900     HiiDatabase:ConfigRouting.obj
 0002:0000091c       ??_C@_06PLDEFKP@x?9UEFI@   000000000004391c     HiiDatabase:ConfigRouting.obj
 0002:00000928       ??_C@_0O@EMMLPDMJ@StringId?5?$CB?$DN?50@ 0000000000043928     HiiDatabase:ConfigRouting.obj
 0002:00000936       ??_C@_00CNPNBAHC@@         0000000000043936     HiiDatabase:ConfigRouting.obj
 0002:00000938       ??_C@_1BK@GGGENMOA@?$AAP?$AAl?$AAa?$AAt?$AAf?$AAo?$AAr?$AAm?$AAL?$AAa?$AAn?$AAg@ 0000000000043938     HiiDatabase:ConfigRouting.obj
 0002:00000958       ??_C@_0BF@OGAHIMFI@Name?5?$CB?$DN?5?$CI?$CIvoid?5?$CK?$CJ?50?$CJ@ 0000000000043958     HiiDatabase:ConfigRouting.obj
 0002:00000970       ??_C@_1M@MDEMFNHP@?$AAN?$AAA?$AAM?$AAE?$AA?$DN@ 0000000000043970     HiiDatabase:ConfigRouting.obj
 0002:00000980       ??_C@_0BL@MKDFFADJ@TmpRequest?5?$CB?$DN?5?$CI?$CIvoid?5?$CK?$CJ?50?$CJ@ 0000000000043980     HiiDatabase:ConfigRouting.obj
 0002:000009a0       ??_C@_1O@DICEHLNO@?$AAN?$AAA?$AAM?$AAE?$AA?$DN?$AA?$CG@ 00000000000439a0     HiiDatabase:ConfigRouting.obj
 0002:000009b0       ??_C@_0BK@IKGKLHMJ@BlockData?5?$CB?$DN?5?$CI?$CIvoid?5?$CK?$CJ?50?$CJ@ 00000000000439b0     HiiDatabase:ConfigRouting.obj
 0002:000009d0       ??_C@_1BA@BPJBLIJE@?$AA?$CG?$AAW?$AAI?$AAD?$AAT?$AAH?$AA?$DN@ 00000000000439d0     HiiDatabase:ConfigRouting.obj
 0002:000009e0       ??_C@_1BA@OHHBHMKI@?$AA?$CG?$AAV?$AAA?$AAL?$AAU?$AAE?$AA?$DN@ 00000000000439e0     HiiDatabase:ConfigRouting.obj
 0002:000009f0       ??_C@_17ILCPNALA@?$AA?$CG?$AA?$CF?$AAs@ 00000000000439f0     HiiDatabase:ConfigRouting.obj
 0002:000009f8       ??_C@_1DA@JIFMPMJE@?$AA?$CG?$AAO?$AAF?$AAF?$AAS?$AAE?$AAT?$AA?$DN?$AA?$CF?$AA0?$AA4?$AAX?$AA?$CG?$AAW?$AAI@ 00000000000439f8     HiiDatabase:ConfigRouting.obj
 0002:00000a28       ??_C@_1CA@GGACGAGD@?$AA?$CG?$AA?$CF?$AAs?$AA?$CG?$AAA?$AAL?$AAT?$AAC?$AAF?$AAG?$AA?$DN?$AA?$CF?$AA0?$AA4?$AAX@ 0000000000043a28     HiiDatabase:ConfigRouting.obj
 0002:00000a48       ??_C@_19GAFHNHDP@?$AA?$CG?$AA?$CF?$AAs?$AA?$DN@ 0000000000043a48     HiiDatabase:ConfigRouting.obj
 0002:00000a58       ??_C@_1DO@NCNJHDGD@?$AA?$CG?$AAO?$AAF?$AAF?$AAS?$AAE?$AAT?$AA?$DN?$AA?$CF?$AA0?$AA4?$AAX?$AA?$CG?$AAW?$AAI@ 0000000000043a58     HiiDatabase:ConfigRouting.obj
 0002:00000a98       ??_C@_0BK@EPANLNGJ@TmpBuffer?5?$CB?$DN?5?$CI?$CIvoid?5?$CK?$CJ?50?$CJ@ 0000000000043a98     HiiDatabase:ConfigRouting.obj
 0002:00000ab8       ??_C@_0BJ@HKDHKLNC@VarStore?5?$CB?$DN?5?$CI?$CIvoid?5?$CK?$CJ?50?$CJ@ 0000000000043ab8     HiiDatabase:ConfigRouting.obj
 0002:00000ad8       ??_C@_0BN@NEAOLGCP@The?5variable?5does?5not?5exist?$CB@ 0000000000043ad8     HiiDatabase:ConfigRouting.obj
 0002:00000af8       ??_C@_0BF@NDBIKIKC@CR?5has?5Bad?5Signature@ 0000000000043af8     HiiDatabase:ConfigRouting.obj
 0002:00000b10       ??_C@_0BP@CHLHGMI@AccessProgress?5?$CB?$DN?5?$CI?$CIvoid?5?$CK?$CJ?50?$CJ@ 0000000000043b10     HiiDatabase:ConfigRouting.obj
 0002:00000b30       ??_C@_0BF@GFADBPJJ@?$CKAccessProgress?5?$DN?$DN?50@ 0000000000043b30     HiiDatabase:ConfigRouting.obj
 0002:00000b48       ??_C@_0BI@GONLCNCH@Private?5?$CB?$DN?5?$CI?$CIvoid?5?$CK?$CJ?50?$CJ@ 0000000000043b48     HiiDatabase:ConfigRouting.obj
 0002:00000b60       ??_C@_1BA@HDPFBAGC@?$AAO?$AAF?$AAF?$AAS?$AAE?$AAT?$AA?$DN@ 0000000000043b60     HiiDatabase:ConfigRouting.obj
 0002:00000b70       ??_C@_1O@JONPFMKD@?$AAV?$AAA?$AAL?$AAU?$AAE?$AA?$DN@ 0000000000043b70     HiiDatabase:ConfigRouting.obj
 0002:00000b80       ??_C@_1BA@ENAALJAP@?$AAA?$AAL?$AAT?$AAC?$AAF?$AAG?$AA?$DN@ 0000000000043b80     HiiDatabase:ConfigRouting.obj
 0002:00000b90       ??_C@_0HM@JBFKAAEF@Private?5?$CB?$DN?5?$CI?$CIvoid?5?$CK?$CJ?50?$CJ?5?$CG?$CG?5Stri@ 0000000000043b90     HiiDatabase:String.obj
 0002:00000c10       ??_C@_0EM@PFKMFDDP@D?3?2develop?2Self_develop?2edk2?2Md@ 0000000000043c10     HiiDatabase:String.obj
 0002:00000c60       ??_C@_0BK@LPAGOJEE@LocalFont?5?$CB?$DN?5?$CI?$CIvoid?5?$CK?$CJ?50?$CJ@ 0000000000043c60     HiiDatabase:String.obj
 0002:00000c80       ??_C@_0DI@BFKAJOKH@StringSrc?5?$CB?$DN?5?$CI?$CIvoid?5?$CK?$CJ?50?$CJ?5?$CG?$CG?5Bu@ 0000000000043c80     HiiDatabase:String.obj
 0002:00000cc0       ??_C@_0EA@MHHLLLEI@StringFontInfo?5?$CB?$DN?5?$CI?$CIvoid?5?$CK?$CJ?50?$CJ?5@ 0000000000043cc0     HiiDatabase:String.obj
 0002:00000d00       ??_C@_0BO@DGNLHLCI@StringPackage?5?$CB?$DN?5?$CI?$CIvoid?5?$CK?$CJ?50?$CJ@ 0000000000043d00     HiiDatabase:String.obj
 0002:00000d20       ??_C@_0FC@FJMCODKF@StringPackage?9?$DOSignature?5?$DN?$DN?5?$CI?$CI?$CI@ 0000000000043d20     HiiDatabase:String.obj
 0002:00000d80       ??_C@_0GB@GDNHNHKN@BlockType?5?$CB?$DN?5?$CI?$CIvoid?5?$CK?$CJ?50?$CJ?5?$CG?$CG?5St@ 0000000000043d80     HiiDatabase:String.obj
 0002:00000df0       ??_C@_0GH@GJCDMCGP@Private?5?$CB?$DN?5?$CI?$CIvoid?5?$CK?$CJ?50?$CJ?5?$CG?$CG?5Priv@ 0000000000043df0     HiiDatabase:String.obj
 0002:00000e58       ??_C@_0BM@KAGBBICE@StringId?5?$CB?$DN?5CurrentStringId@ 0000000000043e58     HiiDatabase:String.obj
 0002:00000e78       ??_C@_0CJ@IFNGKCKJ@?$CKBlockType?5?$DN?$DN?50x22?5?$HM?$HM?5?$CKBlockTyp@ 0000000000043e78     HiiDatabase:String.obj
 0002:00000eb0       ??_C@_0FD@NPKBDFKJ@Private?5?$CB?$DN?5?$CI?$CIvoid?5?$CK?$CJ?50?$CJ?5?$CG?$CG?5Stri@ 0000000000043eb0     HiiDatabase:String.obj
 0002:00000f10       ??_C@_0EM@GDEIOGJC@Private?9?$DOSignature?5?$DN?$DN?5?$CI?$CI?$CI?8H?8?$CJ?5?$HM@ 0000000000043f10     HiiDatabase:String.obj
 0002:00000f60       ??_C@_0BC@FEDIJHFF@?$CI?$CIBOOLEAN?$CJ?$CI0?$DN?$DN1?$CJ?$CJ@ 0000000000043f60     HiiDatabase:String.obj
 0002:00000f74       ??_C@_01ICJEACDI@?$DL@     0000000000043f74     HiiDatabase:String.obj
 0002:00000f78       ??_C@_0BF@DOBDPAPC@Lan1?5?$CB?$DN?5?$CI?$CIvoid?5?$CK?$CJ?50?$CJ@ 0000000000043f78     HiiDatabase:String.obj
 0002:00000f90       ??_C@_0BF@NEJFCNJA@Lan2?5?$CB?$DN?5?$CI?$CIvoid?5?$CK?$CJ?50?$CJ@ 0000000000043f90     HiiDatabase:String.obj
 0002:00000fa8       ??_C@_0DG@IHDLCIDM@Cell?5?$CB?$DN?5?$CI?$CIvoid?5?$CK?$CJ?50?$CJ?5?$CG?$CG?5GlyphIn@ 0000000000043fa8     HiiDatabase:Font.obj
 0002:00000fe0       ??_C@_0EK@LINMNCPK@D?3?2develop?2Self_develop?2edk2?2Md@ 0000000000043fe0     HiiDatabase:Font.obj
 0002:00001030       ??_C@_0FB@NKDAFHPL@GlyphBuffer?5?$CB?$DN?5?$CI?$CIvoid?5?$CK?$CJ?50?$CJ?5?$CG?$CG?5@ 0000000000044030     HiiDatabase:Font.obj
 0002:00001090       ??_C@_0EK@IJHDKPAG@Origin?5?$CB?$DN?5?$CI?$CIvoid?5?$CK?$CJ?50?$CJ?5?$CG?$CG?5?$CKOrig@ 0000000000044090     HiiDatabase:Font.obj
 0002:000010e0       ??_C@_0BM@BBEAFKJB@FontPackage?5?$CB?$DN?5?$CI?$CIvoid?5?$CK?$CJ?50?$CJ@ 00000000000440e0     HiiDatabase:Font.obj
 0002:00001100       ??_C@_0FA@GBHOFNKI@FontPackage?9?$DOSignature?5?$DN?$DN?5?$CI?$CI?$CI?8h@ 0000000000044100     HiiDatabase:Font.obj
 0002:00001150       ??_C@_0DF@LOENGHAO@FontName?5?$CB?$DN?5?$CI?$CIvoid?5?$CK?$CJ?50?$CJ?5?$CG?$CG?5Fon@ 0000000000044150     HiiDatabase:Font.obj
 0002:00001188       ??_C@_1BG@PCIHAGAA@?$AAs?$AAy?$AAs?$AAd?$AAe?$AAf?$AAa?$AAu?$AAl?$AAt@ 0000000000044188     HiiDatabase:Font.obj
 0002:000011a0       ??_C@_0BO@KOIHLCNC@?$CIPrivate?9?$DOAttribute?5?$DO?$DO?54?$CJ?5?$DM?58@ 00000000000441a0     HiiDatabase:Font.obj
 0002:000011c0       ??_C@_0DF@FEDHOBLL@?$CISystemDefault?5?$CB?$DN?5?$CI?$CIvoid?5?$CK?$CJ?50?$CJ?$CJ@ 00000000000441c0     HiiDatabase:Font.obj
 0002:000011f8       ??_C@_0BJ@FFPEFLGO@FontInfo?5?$CB?$DN?5?$CI?$CIvoid?5?$CK?$CJ?50?$CJ@ 00000000000441f8     HiiDatabase:Font.obj
 0002:00001218       ??_C@_0BJ@KMEIBEC@GlyphBuf?5?$CB?$DN?5?$CI?$CIvoid?5?$CK?$CJ?50?$CJ@ 0000000000044218     HiiDatabase:Font.obj
 0002:00001238       ??_C@_0BF@CPNKHBOH@Cell?5?$CB?$DN?5?$CI?$CIvoid?5?$CK?$CJ?50?$CJ@ 0000000000044238     HiiDatabase:Font.obj
 0002:00001250       ??_C@_0BL@PMPKEABA@Attributes?5?$CB?$DN?5?$CI?$CIvoid?5?$CK?$CJ?50?$CJ@ 0000000000044250     HiiDatabase:Font.obj
 0002:00001270       ??_C@_0BO@HMFAAOIE@SystemDefault?5?$CB?$DN?5?$CI?$CIvoid?5?$CK?$CJ?50?$CJ@ 0000000000044270     HiiDatabase:Font.obj
 0002:00001290       ??_C@_0BL@BBPNKGPN@StringInfo?5?$CB?$DN?5?$CI?$CIvoid?5?$CK?$CJ?50?$CJ@ 0000000000044290     HiiDatabase:Font.obj
 0002:000012b0       ??_C@_0BO@JAOLLJBB@StringInfoOut?5?$CB?$DN?5?$CI?$CIvoid?5?$CK?$CJ?50?$CJ@ 00000000000442b0     HiiDatabase:Font.obj
 0002:000012d0       ??_C@_0BN@PACIKCEF@StringInfoIn?5?$CB?$DN?5?$CI?$CIvoid?5?$CK?$CJ?50?$CJ@ 00000000000442d0     HiiDatabase:Font.obj
 0002:000012f0       ??_C@_0EN@CNEFNDNO@D?3?2develop?2Self_develop?2edk2?2Md@ 00000000000442f0     HiiDatabase:ImageEx.obj
 0002:00001340       ??_C@_0GG@PJLGEFDC@?$CI?$CIUINTN?$CJ?5?$CG?$CI?$CI?$CIEFI_HII_IIBT_JPEG_@ 0000000000044340     HiiDatabase:ImageEx.obj
 0002:000013b0       ??_C@_0HO@ELDLAIMJ@sizeof?5?$CI?$CI?$CIEFI_HII_IIBT_JPEG_BLO@ 00000000000443b0     HiiDatabase:ImageEx.obj
 0002:00001430       ??_C@_0GG@LLHJFEJF@?$CI?$CIUINTN?$CJ?5?$CG?$CI?$CI?$CIEFI_HII_IIBT_JPEG_@ 0000000000044430     HiiDatabase:ImageEx.obj
 0002:000014a0       ??_C@_0HO@BNMBGIPK@sizeof?5?$CI?$CI?$CIEFI_HII_IIBT_JPEG_BLO@ 00000000000444a0     HiiDatabase:ImageEx.obj
 0002:00001520       ??_C@_0DH@NFJDOGLB@ImageBlocks?5?$CB?$DN?5?$CI?$CIvoid?5?$CK?$CJ?50?$CJ?5?$CG?$CG?5@ 0000000000044520     HiiDatabase:Image.obj
 0002:00001560       ??_C@_0EL@LPPOGCBJ@D?3?2develop?2Self_develop?2edk2?2Md@ 0000000000044560     HiiDatabase:Image.obj
 0002:000015b0       ??_C@_0BL@HMPOLNFB@?$CKImageId?5?$CB?$DN?5ImageIdCurrent@ 00000000000445b0     HiiDatabase:Image.obj
 0002:000015d0       ??_C@_0O@FOALKCBJ@?$CKImageId?5?$CB?$DN?50@ 00000000000445d0     HiiDatabase:Image.obj
 0002:000015e0       ??_C@_0DG@CMCHKEMN@BitMapOut?5?$CB?$DN?5?$CI?$CIvoid?5?$CK?$CJ?50?$CJ?5?$CG?$CG?5Bi@ 00000000000445e0     HiiDatabase:Image.obj
 0002:00001620       ??_C@_0EN@ELLNHLCC@Image?5?$CB?$DN?5?$CI?$CIvoid?5?$CK?$CJ?50?$CJ?5?$CG?$CG?5Data?5?$CB@ 0000000000044620     HiiDatabase:Image.obj
 0002:00001670       ??_C@_0BI@KJHDIOKD@Palette?5?$CB?$DN?5?$CI?$CIvoid?5?$CK?$CJ?50?$CJ@ 0000000000044670     HiiDatabase:Image.obj
 0002:00001688       ??_C@_0CO@MJKHFAPP@Image?5?$CB?$DN?5?$CI?$CIvoid?5?$CK?$CJ?50?$CJ?5?$CG?$CG?5Data?5?$CB@ 0000000000044688     HiiDatabase:Image.obj
 0002:000016b8       ??_C@_0CG@IBCJOBGA@PaletteIndex?5?$DN?$DN?5Iibt1bit?4Palett@ 00000000000446b8     HiiDatabase:Image.obj
 0002:000016e0       ??_C@_0DN@PNNBIPEP@NextString?5?$CB?$DN?5?$CI?$CIvoid?5?$CK?$CJ?50?$CJ?5?$CG?$CG?5D@ 00000000000446e0     HiiDatabase:ConfigKeywordHandler.obj
 0002:00001720       ??_C@_0FK@GLAPMNJP@D?3?2develop?2Self_develop?2edk2?2Md@ 0000000000044720     HiiDatabase:ConfigKeywordHandler.obj
 0002:00001780       ??_C@_1BC@KEBNFPJO@?$AAK?$AAE?$AAY?$AAW?$AAO?$AAR?$AAD?$AA?$DN@ 0000000000044780     HiiDatabase:ConfigKeywordHandler.obj
 0002:00001798       ??_C@_0BK@LHDBFBNG@NameSpace?5?$CB?$DN?5?$CI?$CIvoid?5?$CK?$CJ?50?$CJ@ 0000000000044798     HiiDatabase:ConfigKeywordHandler.obj
 0002:000017b8       ??_C@_1BG@PHBLLIBG@?$AAN?$AAA?$AAM?$AAE?$AAS?$AAP?$AAA?$AAC?$AAE?$AA?$DN@ 00000000000447b8     HiiDatabase:ConfigKeywordHandler.obj
 0002:000017d0       ??_C@_0DK@OHOIFGHP@?$CIKeyword?5?$CB?$DN?5?$CI?$CIvoid?5?$CK?$CJ?50?$CJ?$CJ?5?$CG?$CG?5?$CIN@ 00000000000447d0     HiiDatabase:ConfigKeywordHandler.obj
 0002:00001810       ??_C@_0FE@GBOKANMP@?$CIValue?5?$CB?$DN?5?$CI?$CIvoid?5?$CK?$CJ?50?$CJ?$CJ?5?$CG?$CG?5?$CINex@ 0000000000044810     HiiDatabase:ConfigKeywordHandler.obj
 0002:00001868       ??_C@_0DO@PFGBFFJL@?$CIFilterFlags?5?$CB?$DN?5?$CI?$CIvoid?5?$CK?$CJ?50?$CJ?$CJ?5?$CG@ 0000000000044868     HiiDatabase:ConfigKeywordHandler.obj
 0002:000018a8       ??_C@_1BC@LDFBNAGD@?$AAR?$AAe?$AAa?$AAd?$AAO?$AAn?$AAl?$AAy@ 00000000000448a8     HiiDatabase:ConfigKeywordHandler.obj
 0002:000018c0       ??_C@_1BE@HADLJAO@?$AAR?$AAe?$AAa?$AAd?$AAW?$AAr?$AAi?$AAt?$AAe@ 00000000000448c0     HiiDatabase:ConfigKeywordHandler.obj
 0002:000018d8       ??_C@_1O@GBAIGIHF@?$AAB?$AAu?$AAf?$AAf?$AAe?$AAr@ 00000000000448d8     HiiDatabase:ConfigKeywordHandler.obj
 0002:000018e8       ??_C@_1BA@BKFKFLJD@?$AAN?$AAu?$AAm?$AAe?$AAr?$AAi?$AAc@ 00000000000448e8     HiiDatabase:ConfigKeywordHandler.obj
 0002:000018f8       ??_C@_1M@OGLKDJIA@?$AA?$CG?$AAP?$AAA?$AAT?$AAH@ 00000000000448f8     HiiDatabase:ConfigKeywordHandler.obj
 0002:00001908       ??_C@_1BC@CFPGDLKH@?$AA?$CG?$AAK?$AAE?$AAY?$AAW?$AAO?$AAR?$AAD@ 0000000000044908     HiiDatabase:ConfigKeywordHandler.obj
 0002:00001920       ??_C@_0BL@FCLLAFBK@OpCodeData?5?$CB?$DN?5?$CI?$CIvoid?5?$CK?$CJ?50?$CJ@ 0000000000044920     HiiDatabase:ConfigKeywordHandler.obj
 0002:00001940       ??_C@_0BL@JFODOCGB@DevicePath?5?$CB?$DN?5?$CI?$CIvoid?5?$CK?$CJ?50?$CJ@ 0000000000044940     HiiDatabase:ConfigKeywordHandler.obj
 0002:00001960       ??_C@_0FG@CNJOIDE@StringSrc?5?$CB?$DN?5?$CI?$CIvoid?5?$CK?$CJ?50?$CJ?5?$CG?$CG?5Bu@ 0000000000044960     HiiDatabase:ConfigKeywordHandler.obj
 0002:000019c0       ??_C@_0FK@IABCBAEM@StringPackage?5?$CB?$DN?5?$CI?$CIvoid?5?$CK?$CJ?50?$CJ?5?$CG@ 00000000000449c0     HiiDatabase:ConfigKeywordHandler.obj
 0002:00001a20       ??_C@_0FM@MOEDEKOL@DatabaseRecord?5?$CB?$DN?5?$CI?$CIvoid?5?$CK?$CJ?50?$CJ?5@ 0000000000044a20     HiiDatabase:ConfigKeywordHandler.obj
 0002:00001a80       ??_C@_0BM@BFDIJOFM@FormPackage?5?$CB?$DN?5?$CI?$CIvoid?5?$CK?$CJ?50?$CJ@ 0000000000044a80     HiiDatabase:ConfigKeywordHandler.obj
 0002:00001aa0       ??_C@_0DG@NNKHLNIL@?$CI?$CIEFI_IFR_OP_HEADER?5?$CK?$CJNextOpCod@ 0000000000044aa0     HiiDatabase:ConfigKeywordHandler.obj
 0002:00001ad8       ??_C@_15GANGMFKL@?$AA?$CF?$AAs@ 0000000000044ad8     HiiDatabase:ConfigKeywordHandler.obj
 0002:00001ae0       ??_C@_1CO@DPPGKPKG@?$AAO?$AAF?$AAF?$AAS?$AAE?$AAT?$AA?$DN?$AA?$CF?$AA0?$AA4?$AAX?$AA?$CG?$AAW?$AAI?$AAD@ 0000000000044ae0     HiiDatabase:ConfigKeywordHandler.obj
 0002:00001b10       ??_C@_05JJLPJMLG@en?9US@   0000000000044b10     HiiDatabase:ConfigKeywordHandler.obj
 0002:00001b18       ??_C@_0BN@HPBNKDMG@BestLanguage?5?$CB?$DN?5?$CI?$CIvoid?5?$CK?$CJ?50?$CJ@ 0000000000044b18     HiiDatabase:ConfigKeywordHandler.obj
 0002:00001b40       ??_C@_0FO@OMKBEEGB@DatabaseRecord?5?$CB?$DN?5?$CI?$CIvoid?5?$CK?$CJ?50?$CJ?5@ 0000000000044b40     HiiDatabase:ConfigKeywordHandler.obj
 0002:00001ba0       ??_C@_0BI@LBDBFON@Storage?5?$CB?$DN?5?$CI?$CIvoid?5?$CK?$CJ?50?$CJ@ 0000000000044ba0     HiiDatabase:ConfigKeywordHandler.obj
 0002:00001bb8       ??_C@_0BK@LFDBOAFJ@ConfigHdr?5?$CB?$DN?5?$CI?$CIvoid?5?$CK?$CJ?50?$CJ@ 0000000000044bb8     HiiDatabase:ConfigKeywordHandler.obj
 0002:00001be0       ??_C@_0ID@IKKDDEDB@?$CIDatabaseRecord?5?$CB?$DN?5?$CI?$CIvoid?5?$CK?$CJ?50?$CJ@ 0000000000044be0     HiiDatabase:ConfigKeywordHandler.obj
 0002:00001c68       ??_C@_0BI@EGABAPFI@Header?9?$DOVarStoreId?5?$CB?$DN?50@ 0000000000044c68     HiiDatabase:ConfigKeywordHandler.obj
 0002:00001c80       ??_C@_0BD@FANLLMHJ@Varstore?5Id?3?50x?$CFx?6@ 0000000000044c80     HiiDatabase:ConfigKeywordHandler.obj
 0002:00001ca0       ??_C@_0EC@IMNKLNNG@?$CIConfigRequest?5?$CB?$DN?5?$CI?$CIvoid?5?$CK?$CJ?50?$CJ?$CJ@ 0000000000044ca0     HiiDatabase:ConfigKeywordHandler.obj
 0002:00001cf0       ??_C@_0KH@OPAIADAK@?$CINameSpace?5?$CB?$DN?5?$CI?$CIvoid?5?$CK?$CJ?50?$CJ?$CJ?5?$CG?$CG?5@ 0000000000044cf0     HiiDatabase:ConfigKeywordHandler.obj
 0002:00001d98       ??_C@_0BL@EPOEPBPG@?$CKProgressErr?5?$DN?$DN?50x00000004@ 0000000000044d98     HiiDatabase:ConfigKeywordHandler.obj
 0002:00001dc0       ??_C@_0JM@BHIIIHDI@?$CINameSpace?5?$CB?$DN?5?$CI?$CIvoid?5?$CK?$CJ?50?$CJ?$CJ?5?$CG?$CG?5@ 0000000000044dc0     HiiDatabase:ConfigKeywordHandler.obj
 0002:00001e60       ??_C@_1BE@NJMCFJHO@?$AA?$CG?$AAR?$AAE?$AAA?$AAD?$AAO?$AAN?$AAL?$AAY@ 0000000000044e60     HiiDatabase:ConfigKeywordHandler.obj
 0002:00001e78       ??_C@_0BL@GNJCLPEO@TempString?5?$CB?$DN?5?$CI?$CIvoid?5?$CK?$CJ?50?$CJ@ 0000000000044e78     HiiDatabase:ConfigKeywordHandler.obj
 0002:00001e98       ??_C@_0BH@IACGKAP@Buffer?5?$CB?$DN?5?$CI?$CIvoid?5?$CK?$CJ?50?$CJ@ 0000000000044e98     HiiDatabase:Database.obj
 0002:00001eb0       ??_C@_0EO@MEBLKIEE@D?3?2develop?2Self_develop?2edk2?2Md@ 0000000000044eb0     HiiDatabase:Database.obj
 0002:00001f00       ??_C@_0BF@NILBJAAM@EfiVarStore?5is?5null?6@ 0000000000044f00     HiiDatabase:Database.obj
 0002:00001f18       ??_C@_0CA@PCMGHPMF@VariableStorage?5?$CB?$DN?5?$CI?$CIvoid?5?$CK?$CJ?50?$CJ@ 0000000000044f18     HiiDatabase:Database.obj
 0002:00001f40       ??_C@_0HO@ICAHMDKK@Package?9?$DOImagePkgHdr?4Header?4Len@ 0000000000044f40     HiiDatabase:Database.obj
 0002:00001fc0       ??_C@_0BP@FEPODHBK@DatabaseRecord?5?$CB?$DN?5?$CI?$CIvoid?5?$CK?$CJ?50?$CJ@ 0000000000044fc0     HiiDatabase:Database.obj
 0002:00001fe0       ??_C@_0FD@KKBJAAKD@Private?5?$CB?$DN?5?$CI?$CIvoid?5?$CK?$CJ?50?$CJ?5?$CG?$CG?5Pack@ 0000000000044fe0     HiiDatabase:Database.obj
 0002:00002038       ??_C@_0BK@BBKIEBOB@IsHiiHandleValid?5?$CIHandle?$CJ@ 0000000000045038     HiiDatabase:Database.obj
 0002:00002060       ??_C@_0HI@CJGCGGJK@?$FLHiiDatabase?$FN?3?5Memory?5allocatio@ 0000000000045060     HiiDatabase:Database.obj
 0002:000020e0       ??_C@_0EK@CIOIMHBH@?$FLHiiDatabase?$FN?3?5No?5enough?5memory@ 00000000000450e0     HiiDatabase:Database.obj
 0002:00002130       ??_C@_0DJ@CIDFFKAG@Status?5?$DN?$DN?5?$CI?$CIRETURN_STATUS?$CJ?$CI0x80@ 0000000000045130     HiiDatabase:Database.obj
 0002:00002170       ??_C@_0EJ@JBAODEFD@?$FLHiiDatabase?$FN?3?5No?5enough?5memory@ 0000000000045170     HiiDatabase:Database.obj
 0002:000021c0       ??_C@_0BM@JEBIDOHP@PackageList?5?$CB?$DN?5?$CI?$CIvoid?5?$CK?$CJ?50?$CJ@ 00000000000451c0     HiiDatabase:Database.obj
 0002:000021e0       ??_C@_0BN@GGKEKANL@Private?9?$DOHiiHandleCount?5?$DO?$DN?50@ 00000000000451e0     HiiDatabase:Database.obj
 0002:00002200       ??_C@_0BP@NFJAKEPG@KeyboardLayout?5?$CB?$DN?5?$CI?$CIvoid?5?$CK?$CJ?50?$CJ@ 0000000000045200     HiiDatabase:Database.obj
 0002:00002220       ??_C@_0CI@BGLNHBLM@?$CI?$CI?$CIUINTN?$CJ?5?$CIStartOfBuffer?$CJ?$CJ?5?$CG?50x@ 0000000000045220     BasePrintLib:PrintLib.obj
 0002:00002250       ??_C@_0EE@ODNPLEBG@D?3?2develop?2Self_develop?2edk2?2Md@ 0000000000045250     BasePrintLib:PrintLib.obj
 0002:00002298       ??_C@_0CH@KJLBGOBB@?$CI?$CI?$CIUINTN?$CJ?5?$CIFormatString?$CJ?$CJ?5?$CG?50x0@ 0000000000045298     BasePrintLib:PrintLib.obj
 0002:000022c0       ??_C@_0CB@LDBAOPMG@?$CI?$CI?$CIUINTN?$CJ?5?$CIBuffer?$CJ?$CJ?5?$CG?50x01?$CJ?5?$DN?$DN?5@ 00000000000452c0     BasePrintLib:PrintLib.obj
 0002:000022f0       ??_C@_0EM@LLAPJOAH@D?3?2develop?2Self_develop?2edk2?2Md@ 00000000000452f0     BasePrintLib:PrintLibInternal.obj
 0002:00002340       ??_C@_0BJ@CNKJJNE@?$CIBuffer?5?$CB?$DN?5?$CI?$CIvoid?5?$CK?$CJ?50?$CJ?$CJ@ 0000000000045340     BasePrintLib:PrintLibInternal.obj
 0002:00002360       ??_C@_0EB@HDGIDCIO@?$CIBufferSize?5?$DM?$DN?5?$CI_gPcd_FixedAtBu@ 0000000000045360     BasePrintLib:PrintLibInternal.obj
 0002:000023b0       ??_C@_0FJ@HAEMOBLP@?$CIBufferSize?5?$DM?$DN?5?$CI_gPcd_FixedAtBu@ 00000000000453b0     BasePrintLib:PrintLibInternal.obj
 0002:00002410       ??_C@_0CO@OJNGHNJG@?$CI?$CIFlags?5?$CG?5?$HO?$CI0x01?5?$HM?50x08?5?$HM?50x20?5@ 0000000000045410     BasePrintLib:PrintLibInternal.obj
 0002:00002440       ??_C@_0DB@HIDPIAGP@?$CI?$CI?$CIFlags?5?$CG?50x08?$CJ?5?$DN?$DN?50?$CJ?5?$HM?$HM?5?$CI?$CIFla@ 0000000000045440     BasePrintLib:PrintLibInternal.obj
 0002:00002478       ??_C@_0N@PNKFBKME@?$CIWidth?5?$DM?538?$CJ@ 0000000000045478     BasePrintLib:PrintLibInternal.obj
 0002:00002488       ??_C@_0CI@HPJOGFNE@?$CIBufferSize?5?$DO?$DN?5?$CIWidth?5?$CL?51?$CJ?5?$CK?5In@ 0000000000045488     BasePrintLib:PrintLibInternal.obj
 0002:000024b0       ??_C@_0BJ@PPAKKDJG@?$CIFormat?5?$CB?$DN?5?$CI?$CIvoid?5?$CK?$CJ?50?$CJ?$CJ@ 00000000000454b0     BasePrintLib:PrintLibInternal.obj
 0002:000024d0       ??_C@_0ED@LPDDCECB@?$CIBufferSize?5?$DM?$DN?5?$CI_gPcd_FixedAtBu@ 00000000000454d0     BasePrintLib:PrintLibInternal.obj
 0002:00002520       ??_C@_0IM@BFJJFLGB@?$CIStrnLenS?5?$CI?$CICHAR16?5?$CK?$CJFormat?0?5?$CI_@ 0000000000045520     BasePrintLib:PrintLibInternal.obj
 0002:000025b0       ??_C@_0ID@PLGJGION@?$CIAsciiStrnLenS?5?$CIFormat?0?5?$CI_gPcd_@ 00000000000455b0     BasePrintLib:PrintLibInternal.obj
 0002:00002638       ??_C@_0O@MLOLIMFM@?$DMnull?5string?$DO@ 0000000000045638     BasePrintLib:PrintLibInternal.obj
 0002:00002648       ??_C@_0M@BJJDNPHK@?$DMnull?5guid?$DO@ 0000000000045648     BasePrintLib:PrintLibInternal.obj
 0002:00002658       ??_C@_0DB@PMLHLBMO@?$CF08x?9?$CF04x?9?$CF04x?9?$CF02x?$CF02x?9?$CF02x?$CF02@ 0000000000045658     BasePrintLib:PrintLibInternal.obj
 0002:00002690       ??_C@_0M@LHGBCIKM@?$DMnull?5time?$DO@ 0000000000045690     BasePrintLib:PrintLibInternal.obj
 0002:000026a0       ??_C@_0BK@FCPKCIDD@?$CF02d?1?$CF02d?1?$CF04d?5?5?$CF02d?3?$CF02d@ 00000000000456a0     BasePrintLib:PrintLibInternal.obj
 0002:000026bc       ??_C@_04JIMNDDED@?$CF08X@  00000000000456bc     BasePrintLib:PrintLibInternal.obj
 0002:000026c4       ??_C@_02PCIJFNDE@?$AN?6@   00000000000456c4     BasePrintLib:PrintLibInternal.obj
 0002:000026c8       ??_C@_01LIIJDEN@?$AN@      00000000000456c8     BasePrintLib:PrintLibInternal.obj
 0002:000026d0       mWarningString             00000000000456d0     BasePrintLib:PrintLibInternal.obj
 0002:000027a0       mErrorString               00000000000457a0     BasePrintLib:PrintLibInternal.obj
 0002:00002a80       mHexStr                    0000000000045a80     BasePrintLib:PrintLibInternal.obj
 0002:00002a90       ??_C@_0EC@GNADPOFK@D?3?2develop?2Self_develop?2edk2?2Md@ 0000000000045a90     DxePcdLib:DxePcdLib.obj
 0002:00002ad8       ??_C@_0BH@DAPONKEH@mPiPcd?5?$CB?$DN?5?$CI?$CIvoid?5?$CK?$CJ?50?$CJ@ 0000000000045ad8     DxePcdLib:DxePcdLib.obj
 0002:00002af0       ??_C@_0BL@BJHAIJFF@mPiPcdInfo?5?$CB?$DN?5?$CI?$CIvoid?5?$CK?$CJ?50?$CJ@ 0000000000045af0     DxePcdLib:DxePcdLib.obj
 0002:00002b10       ??_C@_0BF@PEDOPNMP@Guid?5?$CB?$DN?5?$CI?$CIvoid?5?$CK?$CJ?50?$CJ@ 0000000000045b10     DxePcdLib:DxePcdLib.obj
 0002:00002b28       ??_C@_0BH@LKMBFCBF@Format?5?$CB?$DN?5?$CI?$CIvoid?5?$CK?$CJ?50?$CJ@ 0000000000045b28     PeiDxeDebugLibReportStatusCode:DebugLib.obj
 0002:00002b40       ??_C@_0FM@HDIIFGPN@D?3?2develop?2Self_develop?2edk2?2Md@ 0000000000045b40     PeiDxeDebugLibReportStatusCode:DebugLib.obj
 0002:00002ba0       ??_C@_0CP@EFCGCEBK@?$CICHAR8?5?$CK?$CJBaseListMarkerPointer?5@ 0000000000045ba0     PeiDxeDebugLibReportStatusCode:DebugLib.obj
 0002:00002bd0       ??_C@_01OHGJGJJP@?$FL@     0000000000045bd0     PeiDxeDebugLibReportStatusCode:DebugLib.obj
 0002:00002bd4       ??_C@_02PBFOLPKM@?$FN?5@   0000000000045bd4     PeiDxeDebugLibReportStatusCode:DebugLib.obj
 0002:00002bd8       ??_C@_0DG@EEENIGGL@Length?5?$DM?$DN?5?$CI0xFFFFFFFFFFFFFFFFUL@ 0000000000045bd8     BaseMemoryLib:MemLibGuid.obj
 0002:00002c10       ??_C@_0ED@MKGCMJG@?$CILength?5?9?51?$CJ?5?$DM?$DN?5?$CI0xFFFFFFFFFFFF@ 0000000000045c10     BaseMemoryLib:CopyMemWrapper.obj
 0002:00002c60       ??_C@_0EL@NNLJGCCH@D?3?2develop?2Self_develop?2edk2?2Md@ 0000000000045c60     BaseMemoryLib:CopyMemWrapper.obj
 0002:00002cb0       ??_C@_0DO@MAOBOFEG@?$CILength?5?9?51?$CJ?5?$DM?$DN?5?$CI0xFFFFFFFFFFFF@ 0000000000045cb0     BaseMemoryLib:CopyMemWrapper.obj
 0002:00002cf0       ??_C@_0EL@GJBLADOA@D?3?2develop?2Self_develop?2edk2?2Md@ 0000000000045cf0     BaseMemoryLib:ZeroMemWrapper.obj
 0002:00002d40       ??_C@_0CC@JOEHDGKB@DestinationBuffer?5?$CB?$DN?5?$CI?$CIvoid?5?$CK?$CJ?5@ 0000000000045d40     BaseMemoryLib:CompareMemWrapper.obj
 0002:00002d70       ??_C@_0EO@FAHMLNEH@D?3?2develop?2Self_develop?2edk2?2Md@ 0000000000045d70     BaseMemoryLib:CompareMemWrapper.obj
 0002:00002dc0       ??_C@_0BN@MDMCNBCC@SourceBuffer?5?$CB?$DN?5?$CI?$CIvoid?5?$CK?$CJ?50?$CJ@ 0000000000045dc0     BaseMemoryLib:CompareMemWrapper.obj
 0002:00002de0       ??_C@_0EM@MBPPMIFE@D?3?2develop?2Self_develop?2edk2?2Md@ 0000000000045de0     BaseMemoryLib:SetMem32Wrapper.obj
 0002:00002e30       ??_C@_0DI@DAGDPLPG@?$CILength?5?9?51?$CJ?5?$DM?$DN?5?$CI0xFFFFFFFFFFFF@ 0000000000045e30     BaseMemoryLib:SetMem32Wrapper.obj
 0002:00002e68       ??_C@_0CO@LECKNDNC@?$CI?$CI?$CIUINTN?$CJBuffer?$CJ?5?$CG?5?$CIsizeof?5?$CIVal@ 0000000000045e68     BaseMemoryLib:SetMem32Wrapper.obj
 0002:00002e98       ??_C@_0CF@LEICOABD@?$CILength?5?$CG?5?$CIsizeof?5?$CIValue?$CJ?5?9?51?$CJ?$CJ@ 0000000000045e98     BaseMemoryLib:SetMem32Wrapper.obj
 0002:00002ec0       ??_C@_0BF@NJNGJMPC@List?5?$CB?$DN?5?$CI?$CIvoid?5?$CK?$CJ?50?$CJ@ 0000000000045ec0     BaseLib:LinkedList.obj
 0002:00002ee0       ??_C@_0EB@CMODBEO@D?3?2develop?2Self_develop?2edk2?2Md@ 0000000000045ee0     BaseLib:LinkedList.obj
 0002:00002f28       ??_C@_0CC@KDLPLAED@List?9?$DOForwardLink?5?$CB?$DN?5?$CI?$CIvoid?5?$CK?$CJ?5@ 0000000000045f28     BaseLib:LinkedList.obj
 0002:00002f50       ??_C@_0BP@IJJCCMAK@List?9?$DOBackLink?5?$CB?$DN?5?$CI?$CIvoid?5?$CK?$CJ?50?$CJ@ 0000000000045f50     BaseLib:LinkedList.obj
 0002:00002f70       ??_C@_0CI@BMHOPIIO@InternalBaseLibIsListValid?5?$CIFir@ 0000000000045f70     BaseLib:LinkedList.obj
 0002:00002f98       ??_C@_0BM@BAIHHOEP@SecondEntry?5?$CB?$DN?5?$CI?$CIvoid?5?$CK?$CJ?50?$CJ@ 0000000000045f98     BaseLib:LinkedList.obj
 0002:00002fb8       ??_C@_0BJ@NJABNCDK@ListHead?5?$CB?$DN?5?$CI?$CIvoid?5?$CK?$CJ?50?$CJ@ 0000000000045fb8     BaseLib:LinkedList.obj
 0002:00002fd8       ??_C@_0DI@HOMAKAJD@?$CI?$CIBOOLEAN?$CJ?$CI0?$DN?$DN1?$CJ?$CJ?5?$DN?$DN?5IsNodeInLi@ 0000000000045fd8     BaseLib:LinkedList.obj
 0002:00003010       ??_C@_0CG@LGIALJFK@InternalBaseLibIsListValid?5?$CILis@ 0000000000046010     BaseLib:LinkedList.obj
 0002:00003038       ??_C@_0CC@JLDICICM@InternalBaseLibIsListValid?5?$CILis@ 0000000000046038     BaseLib:LinkedList.obj
 0002:00003060       ??_C@_0DD@OAAIDOJD@?$CI?$CIBOOLEAN?$CJ?$CI1?$DN?$DN1?$CJ?$CJ?5?$DN?$DN?5IsNodeInLi@ 0000000000046060     BaseLib:LinkedList.obj
 0002:00003098       ??_C@_0BF@NMBJJECB@?$CBIsListEmpty?5?$CIEntry?$CJ@ 0000000000046098     BaseLib:LinkedList.obj
 0002:000030b0       ??_C@_0CC@GFNLNIOC@?$CI?$CIUINTN?$CJString?5?$CG?50x00000001?$CJ?5?$DN?$DN@ 00000000000460b0     BaseLib:SafeString.obj
 0002:000030e0       ??_C@_0EB@DAKPBIJH@D?3?2develop?2Self_develop?2edk2?2Md@ 00000000000460e0     BaseLib:SafeString.obj
 0002:00003128       ??_C@_0CH@LALFPBMC@?$CI?$CIUINTN?$CJDestination?5?$CG?50x0000000@ 0000000000046128     BaseLib:SafeString.obj
 0002:00003150       ??_C@_0CC@HEBCMBPF@?$CI?$CIUINTN?$CJSource?5?$CG?50x00000001?$CJ?5?$DN?$DN@ 0000000000046150     BaseLib:SafeString.obj
 0002:00003178       ??_C@_0BO@ECNIOIHG@?$CIDestination?5?$CB?$DN?5?$CI?$CIvoid?5?$CK?$CJ?50?$CJ?$CJ@ 0000000000046178     BaseLib:SafeString.obj
 0002:00003198       ??_C@_07KBGDFDAM@StrCpyS@  0000000000046198     BaseLib:SafeString.obj
 0002:000031a0       ??_C@_0EA@PDPDJJNN@?$CFa?$CI?$CFd?$CJ?5?$CFa?3?5SAFE_STRING_CONSTRAI@ 00000000000461a0     BaseLib:SafeString.obj
 0002:000031e0       ??_C@_0BJ@EAEEJIP@?$CISource?5?$CB?$DN?5?$CI?$CIvoid?5?$CK?$CJ?50?$CJ?$CJ@ 00000000000461e0     BaseLib:SafeString.obj
 0002:00003200       ??_C@_0EA@BBALOHPI@?$CIDestMax?5?$DM?$DN?5?$CI_gPcd_FixedAtBuild@ 0000000000046200     BaseLib:SafeString.obj
 0002:00003240       ??_C@_0P@PMIMLIHM@?$CIDestMax?5?$CB?$DN?50?$CJ@ 0000000000046240     BaseLib:SafeString.obj
 0002:00003250       ??_C@_0BG@EEGIIOKH@?$CIDestMax?5?$DO?5SourceLen?$CJ@ 0000000000046250     BaseLib:SafeString.obj
 0002:00003270       ??_C@_0FH@PPBLBDBJ@InternalSafeStringNoStrOverlap?5@ 0000000000046270     BaseLib:SafeString.obj
 0002:000032c8       ??_C@_08INOAHJON@StrnCpyS@ 00000000000462c8     BaseLib:SafeString.obj
 0002:000032d8       ??_C@_0DP@PBOJGJC@?$CILength?5?$DM?$DN?5?$CI_gPcd_FixedAtBuild_@ 00000000000462d8     BaseLib:SafeString.obj
 0002:00003318       ??_C@_07EBBOPAKF@StrCatS@  0000000000046318     BaseLib:SafeString.obj
 0002:00003320       ??_C@_0P@BHOOOJPD@?$CICopyLen?5?$CB?$DN?50?$CJ@ 0000000000046320     BaseLib:SafeString.obj
 0002:00003330       ??_C@_0BG@BPGICNPK@?$CICopyLen?5?$DO?5SourceLen?$CJ@ 0000000000046330     BaseLib:SafeString.obj
 0002:00003348       ??_C@_08GNJNNKEE@StrnCatS@ 0000000000046348     BaseLib:SafeString.obj
 0002:00003358       ??_C@_0BJ@MBBOBCLN@?$CIString?5?$CB?$DN?5?$CI?$CIvoid?5?$CK?$CJ?50?$CJ?$CJ@ 0000000000046358     BaseLib:SafeString.obj
 0002:00003378       ??_C@_0BH@JPMEDPAI@?$CIData?5?$CB?$DN?5?$CI?$CIvoid?5?$CK?$CJ?50?$CJ?$CJ@ 0000000000046378     BaseLib:SafeString.obj
 0002:00003390       ??_C@_0IC@CFBPEAPC@?$CIStrnLenS?5?$CIString?0?5?$CI_gPcd_Fixed@ 0000000000046390     BaseLib:SafeString.obj
 0002:00003418       ??_C@_0BA@PLPLKCD@StrHexToUint64S@ 0000000000046418     BaseLib:SafeString.obj
 0002:00003428       ??_C@_0N@OMPODJLB@AsciiStrCpyS@ 0000000000046428     BaseLib:SafeString.obj
 0002:00003438       ??_C@_0DO@LJFOOPII@?$CIDestMax?5?$DM?$DN?5?$CI_gPcd_FixedAtBuild@ 0000000000046438     BaseLib:SafeString.obj
 0002:00003480       ??_C@_0FL@CDANCHFO@InternalSafeStringNoAsciiStrOve@ 0000000000046480     BaseLib:SafeString.obj
 0002:000034e0       ??_C@_0O@DIHNCLLG@AsciiStrnCpyS@ 00000000000464e0     BaseLib:SafeString.obj
 0002:000034f0       ??_C@_0DN@DLAADCJE@?$CILength?5?$DM?$DN?5?$CI_gPcd_FixedAtBuild_@ 00000000000464f0     BaseLib:SafeString.obj
 0002:00003530       ??_C@_0BG@ECBHNCII@UnicodeStrToAsciiStrS@ 0000000000046530     BaseLib:SafeString.obj
 0002:00003550       ??_C@_0GH@OGMKEJDK@?$CBInternalSafeStringIsOverlap?5?$CID@ 0000000000046550     BaseLib:SafeString.obj
 0002:000035b8       ??_C@_0BA@MFHLDCJH@?$CKSource?5?$DM?50x100@ 00000000000465b8     BaseLib:SafeString.obj
 0002:000035c8       ??_C@_0BG@MFINJFHO@AsciiStrToUnicodeStrS@ 00000000000465c8     BaseLib:SafeString.obj
 0002:000035e0       ??_C@_0GF@GCLJAOAI@?$CBInternalSafeStringIsOverlap?5?$CID@ 00000000000465e0     BaseLib:SafeString.obj
 0002:00003648       ??_C@_0DN@POJBHOAP@D?3?2develop?2Self_develop?2edk2?2Md@ 0000000000046648     BaseLib:String.obj
 0002:00003688       ??_C@_0DK@EOJCOAME@Length?5?$DM?5_gPcd_FixedAtBuild_Pcd@ 0000000000046688     BaseLib:String.obj
 0002:000036c8       ??_C@_0BL@JAAMOCAJ@StrSize?5?$CIFirstString?$CJ?5?$CB?$DN?50@ 00000000000466c8     BaseLib:String.obj
 0002:000036e8       ??_C@_0BM@DALBOILC@StrSize?5?$CISecondString?$CJ?5?$CB?$DN?50@ 00000000000466e8     BaseLib:String.obj
 0002:00003708       ??_C@_0DL@LFIMEMJP@Length?5?$DM?$DN?5_gPcd_FixedAtBuild_Pc@ 0000000000046708     BaseLib:String.obj
 0002:00003748       ??_C@_0BG@KBNOLIGE@StrSize?5?$CIString?$CJ?5?$CB?$DN?50@ 0000000000046748     BaseLib:String.obj
 0002:00003760       ??_C@_0BM@NNBLOHJD@StrSize?5?$CISearchString?$CJ?5?$CB?$DN?50@ 0000000000046760     BaseLib:String.obj
 0002:00003780       ??_C@_0DI@MDIKFADO@Length?5?$DM?5_gPcd_FixedAtBuild_Pcd@ 0000000000046780     BaseLib:String.obj
 0002:000037b8       ??_C@_0BL@IKFBNFIL@AsciiStrSize?5?$CIFirstString?$CJ@ 00000000000467b8     BaseLib:String.obj
 0002:000037d8       ??_C@_0BM@EDNOKLLE@AsciiStrSize?5?$CISecondString?$CJ@ 00000000000467d8     BaseLib:String.obj
 0002:000037f8       ??_C@_0DJ@JJHGIFMP@Length?5?$DM?$DN?5_gPcd_FixedAtBuild_Pc@ 00000000000467f8     BaseLib:String.obj
 0002:00003838       ??_C@_0BL@OFIBAIAL@AsciiStrSize?5?$CIString?$CJ?5?$CB?$DN?50@ 0000000000046838     BaseLib:String.obj
 0002:00003858       ??_C@_0CB@NAIDGIOA@AsciiStrSize?5?$CISearchString?$CJ?5?$CB?$DN?5@ 0000000000046858     BaseLib:String.obj
 0002:00003880       ??_C@_0EJ@KBPJPBK@?$CIOrData?5?$DO?$DO?5?$CIEndBit?5?9?5StartBit?$CJ?$CJ@ 0000000000046880     BaseLib:BitField.obj
 0002:000038d0       ??_C@_0DP@JFMJFJNN@D?3?2develop?2Self_develop?2edk2?2Md@ 00000000000468d0     BaseLib:BitField.obj
 0002:00003910       ??_C@_0EL@FAHAFDHP@?$CIAndData?5?$DO?$DO?5?$CIEndBit?5?9?5StartBit?$CJ@ 0000000000046910     BaseLib:BitField.obj
 0002:00003960       ??_C@_0BD@JDBPFJOM@StartBit?5?$DM?$DN?5EndBit@ 0000000000046960     BaseLib:BitField.obj
 0002:00003978       ??_C@_0M@NJLBHEFK@EndBit?5?$DM?532@ 0000000000046978     BaseLib:BitField.obj
 0002:00003988       ??_C@_0M@IJCABBDH@EndBit?5?$DM?564@ 0000000000046988     BaseLib:BitField.obj
 0002:00003998       ??_C@_0L@MEMPDLHB@Count?5?$DM?564@ 0000000000046998     BaseLib:LShiftU64.obj
 0002:000039b0       ??_C@_0EA@MLMAFFLG@D?3?2develop?2Self_develop?2edk2?2Md@ 00000000000469b0     BaseLib:LShiftU64.obj
 0002:000039f0       ??_C@_0EA@FKBIDDGN@D?3?2develop?2Self_develop?2edk2?2Md@ 00000000000469f0     BaseLib:Unaligned.obj
 0002:00003a30       ??_C@_0N@KGHEHMDL@Divisor?5?$CB?$DN?50@ 0000000000046a30     BaseLib:DivU64x32Remainder.obj
 0002:00003a40       ??_C@_0EJ@IMLDOBB@D?3?2develop?2Self_develop?2edk2?2Md@ 0000000000046a40     BaseLib:DivU64x32Remainder.obj
 0002:00003a90       ??_C@_0EA@COOJGLFE@D?3?2develop?2Self_develop?2edk2?2Md@ 0000000000046a90     BaseLib:RShiftU64.obj
 0002:00003ad0       ??_C@_0BF@CBLMFKOC@Node?5?$CB?$DN?5?$CI?$CIvoid?5?$CK?$CJ?50?$CJ@ 0000000000046ad0     UefiDevicePathLib:DevicePathUtilities.obj
 0002:00003af0       ??_C@_0FE@LBAOMKEJ@D?3?2develop?2Self_develop?2edk2?2Md@ 0000000000046af0     UefiDevicePathLib:DevicePathUtilities.obj
 0002:00003b50       ??_C@_0FK@KCDEFJBC@D?3?2develop?2Self_develop?2edk2?2Md@ 0000000000046b50     UefiMemoryAllocationLib:MemoryAllocationLib.obj
 0002:00003bb0       ??_C@_0DO@GEEICOOO@AllocationSize?5?$DM?$DN?5?$CI0xFFFFFFFFFF@ 0000000000046bb0     UefiMemoryAllocationLib:MemoryAllocationLib.obj
 0002:00003bf0       ??_C@_0BN@COECPDCC@gImageHandle?5?$CB?$DN?5?$CI?$CIvoid?5?$CK?$CJ?50?$CJ@ 0000000000046bf0     UefiBootServicesTableLib:UefiBootServicesTableLib.obj
 0002:00003c10       ??_C@_0GA@INMEIGJE@D?3?2develop?2Self_develop?2edk2?2Md@ 0000000000046c10     UefiBootServicesTableLib:UefiBootServicesTableLib.obj
 0002:00003c70       ??_C@_0BE@DGNHAHIL@gST?5?$CB?$DN?5?$CI?$CIvoid?5?$CK?$CJ?50?$CJ@ 0000000000046c70     UefiBootServicesTableLib:UefiBootServicesTableLib.obj
 0002:00003c88       ??_C@_0BE@BDFJLGLN@gBS?5?$CB?$DN?5?$CI?$CIvoid?5?$CK?$CJ?50?$CJ@ 0000000000046c88     UefiBootServicesTableLib:UefiBootServicesTableLib.obj
 0002:00003ca0       ??_C@_0BE@OBDFIHND@gRT?5?$CB?$DN?5?$CI?$CIvoid?5?$CK?$CJ?50?$CJ@ 0000000000046ca0     UefiRuntimeServicesTableLib:UefiRuntimeServicesTableLib.obj
 0002:00003cc0       ??_C@_0GG@OBDIBKMM@D?3?2develop?2Self_develop?2edk2?2Md@ 0000000000046cc0     UefiRuntimeServicesTableLib:UefiRuntimeServicesTableLib.obj
 0002:00003d28       ??_C@_0DO@KJBPHFLK@D?3?2develop?2Self_develop?2edk2?2Md@ 0000000000046d28     UefiLib:UefiLib.obj
 0002:00003d68       ??_C@_0BF@JGGLMCFN@Lock?5?$CB?$DN?5?$CI?$CIvoid?5?$CK?$CJ?50?$CJ@ 0000000000046d68     UefiLib:UefiLib.obj
 0002:00003d80       ??_C@_0BO@IJOPPPFL@Lock?9?$DOLock?5?$DN?$DN?5EfiLockReleased@ 0000000000046d80     UefiLib:UefiLib.obj
 0002:00003da0       ??_C@_0BO@FHNOFLFJ@Lock?9?$DOLock?5?$DN?$DN?5EfiLockAcquired@ 0000000000046da0     UefiLib:UefiLib.obj
 0002:00003dc0       ??_C@_0EG@GOBFPEEP@Name?5?$CB?$DN?5?$CI?$CIvoid?5?$CK?$CJ?50?$CJ?5?$CG?$CG?5Guid?5?$CB?$DN@ 0000000000046dc0     UefiLib:UefiLib.obj
 0002:00003e08       ??_C@_0BH@FMEOEIBC@?$CKValue?5?$CB?$DN?5?$CI?$CIvoid?5?$CK?$CJ?50?$CJ@ 0000000000046e08     UefiLib:UefiLib.obj
 0002:00003e20       ??_C@_0CD@OLFKAJF@SupportedLanguages?5?$CB?$DN?5?$CI?$CIvoid?5?$CK?$CJ@ 0000000000046e20     UefiLib:UefiLib.obj
 0002:00003e50       ??_C@_0ED@IHINCCJF@D?3?2develop?2Self_develop?2edk2?2Md@ 0000000000046e50     UefiLib:UefiNotTiano.obj
 0002:00003e98       ??_C@_0CB@LNNMJOKK@ReadyToBootEvent?5?$CB?$DN?5?$CI?$CIvoid?5?$CK?$CJ?50@ 0000000000046e98     UefiLib:UefiNotTiano.obj
 0002:00003ec0       ??_C@_0CH@LOBIJKLE@EFI1?41?5can?8t?5support?5ReadyToBoo@ 0000000000046ec0     UefiLib:UefiNotTiano.obj
 0002:00003ef0       ??_C@_0FP@CCJIJCDG@D?3?2develop?2Self_develop?2edk2?2Md@ 0000000000046ef0     DxeReportStatusCodeLib:ReportStatusCodeLib.obj
 0002:00003f50       ??_C@_0DN@HHIHPHHB@?$CB?$CI?$CIExtendedData?5?$DN?$DN?5?$CI?$CIvoid?5?$CK?$CJ?50?$CJ@ 0000000000046f50     DxeReportStatusCodeLib:ReportStatusCodeLib.obj
 0002:00003f90       ??_C@_0DN@BBBIFINB@?$CB?$CI?$CIExtendedData?5?$CB?$DN?5?$CI?$CIvoid?5?$CK?$CJ?50?$CJ@ 0000000000046f90     DxeReportStatusCodeLib:ReportStatusCodeLib.obj
 0002:00004024       __volatile_metadata        0000000000047024     <linker-defined>
 0003:00000000       gEfiLoadedImageProtocolGuid 0000000000048000     HiiDatabase:AutoGen.obj
 0003:00000010       gEfiStatusCodeSpecificDataGuid 0000000000048010     HiiDatabase:AutoGen.obj
 0003:00000020       gEfiGlobalVariableGuid     0000000000048020     HiiDatabase:AutoGen.obj
 0003:00000030       gEfiStatusCodeRuntimeProtocolGuid 0000000000048030     HiiDatabase:AutoGen.obj
 0003:00000040       gEfiEventReadyToBootGuid   0000000000048040     HiiDatabase:AutoGen.obj
 0003:00000050       gEfiHiiImageDecoderNamePngGuid 0000000000048050     HiiDatabase:AutoGen.obj
 0003:00000060       gEfiConfigKeywordHandlerProtocolGuid 0000000000048060     HiiDatabase:AutoGen.obj
 0003:00000070       gEfiHiiImageExProtocolGuid 0000000000048070     HiiDatabase:AutoGen.obj
 0003:00000080       gEfiGetPcdInfoProtocolGuid 0000000000048080     HiiDatabase:AutoGen.obj
 0003:00000090       gEfiDevicePathProtocolGuid 0000000000048090     HiiDatabase:AutoGen.obj
 0003:000000a0       gEfiCallerBaseName         00000000000480a0     HiiDatabase:AutoGen.obj
 0003:000000a8       gEfiHiiConfigRoutingProtocolGuid 00000000000480a8     HiiDatabase:AutoGen.obj
 0003:000000b8       gEfiPcdProtocolGuid        00000000000480b8     HiiDatabase:AutoGen.obj
 0003:000000c8       gEfiStatusCodeDataTypeDebugGuid 00000000000480c8     HiiDatabase:AutoGen.obj
 0003:000000d8       gEfiHiiImageProtocolGuid   00000000000480d8     HiiDatabase:AutoGen.obj
 0003:000000e8       gEfiAuthenticatedVariableGuid 00000000000480e8     HiiDatabase:AutoGen.obj
 0003:000000f8       gEfiHiiDatabaseProtocolGuid 00000000000480f8     HiiDatabase:AutoGen.obj
 0003:00000108       gEfiHiiStringProtocolGuid  0000000000048108     HiiDatabase:AutoGen.obj
[...]
 0005:00000068       $unwind$InternalHiiSetString 000000000004a068     HiiDatabase:ConfigRouting.obj
 0005:00000068       $unwind$IsThisOpcodeRequired 000000000004a068     HiiDatabase:ConfigRouting.obj
 0005:00000068       $unwind$RouteConfigRespForEfiVarStore 000000000004a068     HiiDatabase:ConfigRouting.obj
 0005:00000068       $unwind$ExportFontPackages 000000000004a068     HiiDatabase:Database.obj
 0005:00000068       $unwind$ExportFormPackages 000000000004a068     HiiDatabase:Database.obj
 0005:00000068       $unwind$ExportPackageList  000000000004a068     HiiDatabase:Database.obj
 0005:00000068       $unwind$ExportSimpleFontPackages 000000000004a068     HiiDatabase:Database.obj
 0005:00000068       $unwind$ExportStringPackages 000000000004a068     HiiDatabase:Database.obj
 0005:00000068       $unwind$HiiNewImage        000000000004a068     HiiDatabase:Image.obj
 0005:00000068       $unwind$StrnCatS           000000000004a068     BaseLib:SafeString.obj
 0005:00000068       $unwind$GetBestLanguage    000000000004a068     UefiLib:UefiLib.obj
 0005:00000070       $unwind$InternalGetString  000000000004a070     HiiDatabase:ConfigRouting.obj
 0005:00000070       $unwind$IsThisPackageList  000000000004a070     HiiDatabase:ConfigRouting.obj
 0005:00000078       $unwind$BlockArrayCheck    000000000004a078     HiiDatabase:ConfigRouting.obj
 0005:00000078       $unwind$HiiSetImageEx      000000000004a078     HiiDatabase:ImageEx.obj
 0005:00000080       $unwind$ExtractDevicePath  000000000004a080     HiiDatabase:ConfigKeywordHandler.obj
 0005:00000080       $unwind$GetFormPackageData 000000000004a080     HiiDatabase:ConfigRouting.obj
 0005:00000080       $unwind$IsThisVarstore     000000000004a080     HiiDatabase:ConfigRouting.obj
 0005:00000080       $unwind$HiiGetPackageListHandle 000000000004a080     HiiDatabase:Database.obj
 0005:00000080       $unwind$RemoveFormPackages 000000000004a080     HiiDatabase:Database.obj
 0005:00000080       $unwind$RemoveGuidPackages 000000000004a080     HiiDatabase:Database.obj
 0005:00000080       $unwind$RemoveKeyboardLayoutPackages 000000000004a080     HiiDatabase:Database.obj
 0005:00000080       $unwind$RemoveSimpleFontPackages 000000000004a080     HiiDatabase:Database.obj
 0005:00000080       $unwind$Output1bitPixel    000000000004a080     HiiDatabase:Image.obj
 0005:00000080       $unwind$StrCatS            000000000004a080     BaseLib:SafeString.obj
 0005:00000088       $unwind$ParseIfrData       000000000004a088     HiiDatabase:ConfigRouting.obj
 0005:00000098       $unwind$GetNameFromId      000000000004a098     HiiDatabase:ConfigKeywordHandler.obj
 0005:00000098       $unwind$GetBlockElement    000000000004a098     HiiDatabase:ConfigRouting.obj
 0005:00000098       $unwind$MergeBlockDefaultValue 000000000004a098     HiiDatabase:ConfigRouting.obj
 0005:000000a0       $unwind$ExtractValueFromDriver 000000000004a0a0     HiiDatabase:ConfigKeywordHandler.obj
 0005:000000a0       $unwind$GetNameElement     000000000004a0a0     HiiDatabase:ConfigRouting.obj
 0005:000000a0       $unwind$HiiSetKeyboardLayout 000000000004a0a0     HiiDatabase:Database.obj
 0005:000000a0       $unwind$GetImageIdOrAddress 000000000004a0a0     HiiDatabase:Image.obj
 0005:000000a0       $unwind$HiiCompareLanguage 000000000004a0a0     HiiDatabase:String.obj
 0005:000000a0       $unwind$CompareGuid        000000000004a0a0     BaseMemoryLib:MemLibGuid.obj
 0005:000000a8       $unwind$GetRecordFromDevicePath 000000000004a0a8     HiiDatabase:ConfigKeywordHandler.obj
 0005:000000a8       $unwind$UpdateDefaultValue 000000000004a0a8     HiiDatabase:ConfigRouting.obj
 0005:000000b0       $unwind$EfiConfigKeywordHandlerGetData 000000000004a0b0     HiiDatabase:ConfigKeywordHandler.obj
 0005:000000b0       $unwind$ExtractConfigResp  000000000004a0b0     HiiDatabase:ConfigKeywordHandler.obj
 0005:000000b0       $unwind$GenerateAltConfigResp 000000000004a0b0     HiiDatabase:ConfigRouting.obj
 0005:000000b0       $unwind$GetFullStringFromHiiFormPackages 000000000004a0b0     HiiDatabase:ConfigRouting.obj
 0005:000000b0       $unwind$IsFontInfoExisted  000000000004a0b0     HiiDatabase:Font.obj
 0005:000000b8       $unwind$HiiConfigRoutingExtractConfig 000000000004a0b8     HiiDatabase:ConfigRouting.obj
 0005:000000c0       $unwind$HiiConfigRoutingExportConfig 000000000004a0c0     HiiDatabase:ConfigRouting.obj
 0005:000000c8       $unwind$HiiConfigRoutingRouteConfig 000000000004a0c8     HiiDatabase:ConfigRouting.obj
 0005:000000d0       $unwind$HiiBlockToConfig   000000000004a0d0     HiiDatabase:ConfigRouting.obj
 0005:000000d8       $unwind$ExtractKeyword     000000000004a0d8     HiiDatabase:ConfigKeywordHandler.obj
 0005:000000d8       $unwind$ExtractNameSpace   000000000004a0d8     HiiDatabase:ConfigKeywordHandler.obj
 0005:000000d8       $unwind$ExtractValue       000000000004a0d8     HiiDatabase:ConfigKeywordHandler.obj
 0005:000000d8       $unwind$GetUnicodeStringTextAndSize 000000000004a0d8     HiiDatabase:ConfigKeywordHandler.obj
 0005:000000d8       $unwind$InsertDevicePathPackage 000000000004a0d8     HiiDatabase:Database.obj
 0005:000000d8       $unwind$NewCell            000000000004a0d8     HiiDatabase:Font.obj
 0005:000000d8       $unwind$CopyGopToRgbPixel  000000000004a0d8     HiiDatabase:Image.obj
 0005:000000d8       $unwind$CopyRgbToGopPixel  000000000004a0d8     HiiDatabase:Image.obj
 0005:000000d8       $unwind$ConvertToUnicodeText 000000000004a0d8     HiiDatabase:String.obj
 0005:000000d8       $unwind$GetUnicodeStringTextOrSize 000000000004a0d8     HiiDatabase:String.obj
 0005:000000d8       $unwind$BasePrintLibValueToString 000000000004a0d8     BasePrintLib:PrintLibInternal.obj
 0005:000000e0       $unwind$GetStringFontInfo  000000000004a0e0     HiiDatabase:String.obj
 0005:000000e8       $unwind$FindStringBlock    000000000004a0e8     HiiDatabase:String.obj
 0005:000000f0       $unwind$HiiGetImageInfo    000000000004a0f0     HiiDatabase:ImageEx.obj
 0005:000000f0       $unwind$GetStringWorker    000000000004a0f0     HiiDatabase:String.obj
 0005:000000f8       $unwind$HiiGetImage        000000000004a0f8     HiiDatabase:Image.obj
 0005:000000f8       $unwind$HiiGetImageEx      000000000004a0f8     HiiDatabase:ImageEx.obj
 0005:000000f8       $unwind$InsertLackStringBlock 000000000004a0f8     HiiDatabase:String.obj
 0005:00000100       $unwind$SetStringWorker    000000000004a100     HiiDatabase:String.obj
 0005:00000108       $unwind$HiiNewString       000000000004a108     HiiDatabase:String.obj
 0005:00000110       $unwind$HiiSetImage        000000000004a110     HiiDatabase:Image.obj
 0005:00000110       $unwind$HiiGetString       000000000004a110     HiiDatabase:String.obj
 0005:00000110       $unwind$HiiSetString       000000000004a110     HiiDatabase:String.obj
 0005:00000118       $unwind$HiiExportPackageLists 000000000004a118     HiiDatabase:Database.obj
 0005:00000118       $unwind$InsertStringPackage 000000000004a118     HiiDatabase:Database.obj
 0005:00000118       $unwind$InvokeRegisteredFunction 000000000004a118     HiiDatabase:Database.obj
 0005:00000118       $unwind$HiiGetLanguages    000000000004a118     HiiDatabase:String.obj
 0005:00000120       $unwind$AsciiHiiToLower    000000000004a120     HiiDatabase:String.obj
 0005:00000120       $unwind$GetFirstNode       000000000004a120     BaseLib:LinkedList.obj
 0005:00000120       $unwind$InitializeListHead 000000000004a120     BaseLib:LinkedList.obj
 0005:00000120       $unwind$RemoveEntryList    000000000004a120     BaseLib:LinkedList.obj
 0005:00000120       $unwind$AsciiStrSize       000000000004a120     BaseLib:String.obj
 0005:00000120       $unwind$InternalHexCharToUintn 000000000004a120     BaseLib:String.obj
 0005:00000120       $unwind$StrSize            000000000004a120     BaseLib:String.obj
 0005:00000120       $unwind$ReadUnaligned16    000000000004a120     BaseLib:Unaligned.obj
 0005:00000120       $unwind$ReadUnaligned32    000000000004a120     BaseLib:Unaligned.obj
 0005:00000120       $unwind$ReadUnaligned64    000000000004a120     BaseLib:Unaligned.obj
 0005:00000120       $unwind$DevicePathNodeLength 000000000004a120     UefiDevicePathLib:DevicePathUtilities.obj
 0005:00000120       $unwind$DevicePathSubType  000000000004a120     UefiDevicePathLib:DevicePathUtilities.obj
 0005:00000120       $unwind$DevicePathType     000000000004a120     UefiDevicePathLib:DevicePathUtilities.obj
 0005:00000120       $unwind$NextDevicePathNode 000000000004a120     UefiDevicePathLib:DevicePathUtilities.obj
 0005:00000120       $unwind$GetDevicePathSize  000000000004a120     UefiDevicePathLib:UefiDevicePathLib.obj
 0005:00000120       $unwind$EfiAcquireLock     000000000004a120     UefiLib:UefiLib.obj
 0005:00000120       $unwind$AllocatePool       000000000004a120     UefiMemoryAllocationLib:MemoryAllocationLib.obj
 0005:00000120       $unwind$AllocateRuntimeZeroPool 000000000004a120     UefiMemoryAllocationLib:MemoryAllocationLib.obj
 0005:00000120       $unwind$AllocateZeroPool   000000000004a120     UefiMemoryAllocationLib:MemoryAllocationLib.obj
 0005:00000128       $unwind$ExtractFilter      000000000004a128     HiiDatabase:ConfigKeywordHandler.obj
 0005:00000128       $unwind$RemoveImagePackages 000000000004a128     HiiDatabase:Database.obj
 0005:00000128       $unwind$GetCell            000000000004a128     HiiDatabase:Font.obj
 0005:00000128       $unwind$GetSystemFont      000000000004a128     HiiDatabase:Font.obj
 0005:00000130       $unwind$GetGlyphBuffer     000000000004a130     HiiDatabase:Font.obj
 0005:00000140       $unwind$DebugPrint         000000000004a140     PeiDxeDebugLibReportStatusCode:DebugLib.obj
 0005:00000140       $unwind$AuthFindVariableData 000000000004a140     HiiDatabase:Database.obj
 0005:00000140       $unwind$FindVariableData   000000000004a140     HiiDatabase:Database.obj
 0005:00000140       $unwind$InsertFormPackage  000000000004a140     HiiDatabase:Database.obj
 0005:00000140       $unwind$InsertGuidPackage  000000000004a140     HiiDatabase:Database.obj
 0005:00000140       $unwind$NarrowGlyphToBlt   000000000004a140     HiiDatabase:Font.obj
 0005:00000140       $unwind$InternalSafeStringNoAsciiStrOverlap 000000000004a140     BaseLib:SafeString.obj
 0005:00000140       $unwind$InternalSafeStringNoStrOverlap 000000000004a140     BaseLib:SafeString.obj
 0005:00000140       $unwind$UnicodeSPrint      000000000004a140     BasePrintLib:PrintLib.obj
 0005:00000140       $unwind$UnicodeVSPrint     000000000004a140     BasePrintLib:PrintLib.obj
 0005:00000140       $unwind$UnicodeValueToStringS 000000000004a140     BasePrintLib:PrintLib.obj
 0005:00000148       $unwind$ExportDevicePathPackage 000000000004a148     HiiDatabase:Database.obj
 0005:00000148       $unwind$ExportImagePackages 000000000004a148     HiiDatabase:Database.obj
 0005:00000148       $unwind$InsertImagePackage 000000000004a148     HiiDatabase:Database.obj
 0005:00000148       $unwind$GlyphToBlt         000000000004a148     HiiDatabase:Font.obj
 0005:00000148       $unwind$HiiDrawImageId     000000000004a148     HiiDatabase:Image.obj
 0005:00000148       $unwind$HiiDrawImageIdEx   000000000004a148     HiiDatabase:ImageEx.obj
 0005:00000148       $unwind$AsciiStrnCpyS      000000000004a148     BaseLib:SafeString.obj
 0005:00000148       $unwind$StrnCpyS           000000000004a148     BaseLib:SafeString.obj
 0005:00000150       $unwind$GetStringIdFromDatabase 000000000004a150     HiiDatabase:ConfigKeywordHandler.obj
 0005:00000150       $unwind$GetStringIdFromRecord 000000000004a150     HiiDatabase:ConfigKeywordHandler.obj
 0005:00000150       $unwind$ExportGuidPackages 000000000004a150     HiiDatabase:Database.obj
 0005:00000150       $unwind$ExportKeyboardLayoutPackages 000000000004a150     HiiDatabase:Database.obj
 0005:00000150       $unwind$InsertFontPackage  000000000004a150     HiiDatabase:Database.obj
 0005:00000150       $unwind$GlyphToImage       000000000004a150     HiiDatabase:Font.obj
 0005:00000150       $unwind$ImageToBlt         000000000004a150     HiiDatabase:Image.obj
 0005:00000158       $unwind$WriteOutputParam   000000000004a158     HiiDatabase:Font.obj
 0005:00000158       $unwind$InternalBaseLibBitFieldAndUint 000000000004a158     BaseLib:BitField.obj
 0005:00000158       $unwind$InternalBaseLibBitFieldOrUint 000000000004a158     BaseLib:BitField.obj
 0005:00000160       $unwind$FindGlyphBlock     000000000004a160     HiiDatabase:Font.obj
 0005:00000160       $unwind$HiiGetFontInfo     000000000004a160     HiiDatabase:Font.obj
 0005:00000170       $unwind$DebugPrintLevelEnabled 000000000004a170     PeiDxeDebugLibReportStatusCode:DebugLib.obj
 0005:00000170       $unwind$IsHiiHandleValid   000000000004a170     HiiDatabase:Database.obj
 0005:00000170       $unwind$IsLineBreak        000000000004a170     HiiDatabase:Font.obj
 0005:00000170       $unwind$InternalIsDecimalDigitCharacter 000000000004a170     BaseLib:String.obj
 0005:00000178       $unwind$HiiStringToImage   000000000004a178     HiiDatabase:Font.obj
 0005:00000180       $unwind$HiiStringIdToImage 000000000004a180     HiiDatabase:Font.obj
 0005:00000188       $unwind$HiiGetGlyph        000000000004a188     HiiDatabase:Font.obj
 0005:00000198       $unwind$HiiRegisterPackageNotify 000000000004a198     HiiDatabase:Database.obj
 0005:00000198       $unwind$HiiDrawImageEx     000000000004a198     HiiDatabase:ImageEx.obj
 0005:000001a0       $unwind$LocateHiiImageDecoder 000000000004a1a0     HiiDatabase:ImageEx.obj
 0005:000001a8       $unwind$Output4bitPixel    000000000004a1a8     HiiDatabase:Image.obj
 0005:000001b8       $unwind$Output8bitPixel    000000000004a1b8     HiiDatabase:Image.obj
 0005:000001c8       $unwind$IGetImage          000000000004a1c8     HiiDatabase:Image.obj
 0005:000001d8       $unwind$HiiDrawImage       000000000004a1d8     HiiDatabase:Image.obj
 0005:000001e0       $unwind$GetStringIdFromString 000000000004a1e0     HiiDatabase:ConfigKeywordHandler.obj
 0005:000001e0       $unwind$RemoveFontPackages 000000000004a1e0     HiiDatabase:Database.obj
 0005:000001e8       $unwind$ConstructRequestElement 000000000004a1e8     HiiDatabase:ConfigKeywordHandler.obj
 0005:000001f0       $unwind$EnumerateAllKeywords 000000000004a1f0     HiiDatabase:ConfigKeywordHandler.obj
 0005:000001f8       $unwind$EfiConfigKeywordHandlerSetData 000000000004a1f8     HiiDatabase:ConfigKeywordHandler.obj
 0005:000001f8       $unwind$FindQuestionDefaultSetting 000000000004a1f8     HiiDatabase:Database.obj
 0005:00000200       $unwind$IsEfiVarStoreQuestion 000000000004a200     HiiDatabase:Database.obj
 0005:00000200       $unwind$InternalBaseLibBitFieldReadUint 000000000004a200     BaseLib:BitField.obj
 0005:00000208       $unwind$UpdateDefaultSettingInFormPackage 000000000004a208     HiiDatabase:Database.obj
 0005:00000218       $unwind$AdjustStringPackage 000000000004a218     HiiDatabase:Database.obj
 0005:00000220       $unwind$RemoveDevicePathPackage 000000000004a220     HiiDatabase:Database.obj
 0005:00000220       $unwind$AsciiStrCpyS       000000000004a220     BaseLib:SafeString.obj
 0005:00000220       $unwind$AsciiStrToUnicodeStrS 000000000004a220     BaseLib:SafeString.obj
 0005:00000220       $unwind$StrCpyS            000000000004a220     BaseLib:SafeString.obj
 0005:00000220       $unwind$StrHexToUint64S    000000000004a220     BaseLib:SafeString.obj
 0005:00000220       $unwind$UnicodeStrToAsciiStrS 000000000004a220     BaseLib:SafeString.obj
 0005:00000220       $unwind$InternalMemSetMem  000000000004a220     BaseMemoryLib:SetMem.obj
 0005:00000228       $unwind$HiiGetConfigRespInfo 000000000004a228     HiiDatabase:Database.obj
 0005:00000230       $unwind$HiiNewPackageList  000000000004a230     HiiDatabase:Database.obj
 0005:00000240       $unwind$HiiListPackageLists 000000000004a240     HiiDatabase:Database.obj
 0005:00000248       $unwind$HiiFindKeyboardLayouts 000000000004a248     HiiDatabase:Database.obj
 0005:00000250       $unwind$BasePrintLibFillBuffer 000000000004a250     BasePrintLib:PrintLibInternal.obj
 0005:00000258       $unwind$BasePrintLibConvertValueToStringS 000000000004a258     BasePrintLib:PrintLibInternal.obj
 0005:00000268       $unwind$BasePrintLibSPrintMarker 000000000004a268     BasePrintLib:PrintLibInternal.obj
 0005:00000280       $unwind$InternalGetReportStatusCode 000000000004a280     DxeReportStatusCodeLib:ReportStatusCodeLib.obj
 0005:00000280       $unwind$CpuDeadLoop        000000000004a280     BaseLib:CpuDeadLoop.obj
 0005:00000280       $unwind$GetPiPcdInfoProtocolPointer 000000000004a280     DxePcdLib:DxePcdLib.obj
 0005:00000280       $unwind$GetPiPcdProtocol   000000000004a280     DxePcdLib:DxePcdLib.obj
 0005:00000288       $unwind$LibPcdGetSku       000000000004a288     DxePcdLib:DxePcdLib.obj
 0005:00000290       $unwind$DebugPrintMarker   000000000004a290     PeiDxeDebugLibReportStatusCode:DebugLib.obj
 0005:000002a0       $unwind$DebugVPrint        000000000004a2a0     PeiDxeDebugLibReportStatusCode:DebugLib.obj
 0005:000002a0       $unwind$BitFieldRead64     000000000004a2a0     BaseLib:BitField.obj
 0005:000002a0       $unwind$AsciiStrnCmp       000000000004a2a0     BaseLib:String.obj
 0005:000002a0       $unwind$StrnCmp            000000000004a2a0     BaseLib:String.obj
 0005:000002a0       $unwind$CompareMem         000000000004a2a0     BaseMemoryLib:CompareMemWrapper.obj
 0005:000002a0       $unwind$CopyMem            000000000004a2a0     BaseMemoryLib:CopyMemWrapper.obj
 0005:000002a0       $unwind$SetMem32           000000000004a2a0     BaseMemoryLib:SetMem32Wrapper.obj
 0005:000002a0       $unwind$GetEfiGlobalVariable2 000000000004a2a0     UefiLib:UefiLib.obj
 0005:000002a0       $unwind$ReallocatePool     000000000004a2a0     UefiMemoryAllocationLib:MemoryAllocationLib.obj
 0005:000002a8       $unwind$DebugAssert        000000000004a2a8     PeiDxeDebugLibReportStatusCode:DebugLib.obj
 0005:000002b8       $unwind$ReportDebugCodeEnabled 000000000004a2b8     DxeReportStatusCodeLib:ReportStatusCodeLib.obj
 0005:000002b8       $unwind$ReportErrorCodeEnabled 000000000004a2b8     DxeReportStatusCodeLib:ReportStatusCodeLib.obj
 0005:000002b8       $unwind$ReportProgressCodeEnabled 000000000004a2b8     DxeReportStatusCodeLib:ReportStatusCodeLib.obj
 0005:000002b8       $unwind$DebugAssertEnabled 000000000004a2b8     PeiDxeDebugLibReportStatusCode:DebugLib.obj
 0005:000002b8       $unwind$DebugPrintEnabled  000000000004a2b8     PeiDxeDebugLibReportStatusCode:DebugLib.obj
 0005:000002c0       $unwind$AsciiStrnLenS      000000000004a2c0     BaseLib:SafeString.obj
 0005:000002c8       $unwind$BitFieldRead32     000000000004a2c8     BaseLib:BitField.obj
 0005:000002c8       $unwind$DivU64x32Remainder 000000000004a2c8     BaseLib:DivU64x32Remainder.obj
 0005:000002d0       $unwind$BitFieldWrite32    000000000004a2d0     BaseLib:BitField.obj
 0005:000002d0       $unwind$InternalReallocatePool 000000000004a2d0     UefiMemoryAllocationLib:MemoryAllocationLib.obj
 0005:000002d8       $unwind$BitFieldAnd32      000000000004a2d8     BaseLib:BitField.obj
 0005:000002d8       $unwind$BitFieldAndThenOr32 000000000004a2d8     BaseLib:BitField.obj
 0005:000002d8       $unwind$BitFieldOr32       000000000004a2d8     BaseLib:BitField.obj
 0005:000002e0       $unwind$InternalMathDivRemU64x32 000000000004a2e0     BaseLib:Math64.obj
 0005:000002e8       $unwind$InternalAllocatePool 000000000004a2e8     UefiMemoryAllocationLib:MemoryAllocationLib.obj
 0005:000002e8       $unwind$InternalAllocateZeroPool 000000000004a2e8     UefiMemoryAllocationLib:MemoryAllocationLib.obj
 0005:000002f0       $unwind$InternalAllocateCopyPool 000000000004a2f0     UefiMemoryAllocationLib:MemoryAllocationLib.obj
 0005:000002f8       $unwind$InternalReportStatusCode 000000000004a2f8     DxeReportStatusCodeLib:ReportStatusCodeLib.obj
 0005:00000300       $unwind$ReportStatusCodeEx 000000000004a300     DxeReportStatusCodeLib:ReportStatusCodeLib.obj
