 UiApp

 Timestamp is 68f5d085 (Mon Oct 20 14:02:45 2025)

 Preferred load address is 0000000000010000

 Start         Length     Name                   Class
 0001:00000000 00000014H .text                   CODE
 0001:00000014 00031bd1H .text$mn                CODE
 0002:00000000 00006770H .rdata                  DATA
 0002:00006770 00000018H .rdata$voltmd           DATA
 0002:00006788 00000144H .rdata$zzzdbg           DATA
 0003:00000000 00007500H .data                   DATA
 0003:00007500 00000238H .bss                    DATA
 0004:00000000 00001764H .pdata                  DATA
 0005:00000000 0000050cH .xdata                  DATA

  Address         Publics by Value              Rva+Base               Lib:Object

 0000:00000000       __arm64x_redirection_metadata 0000000000000000     <absolute>
 0000:00000000       __guard_check_icall_a64n_fptr 0000000000000000     <absolute>
 0000:00000000       __guard_longjmp_table      0000000000000000     <absolute>
 0000:00000000       __guard_longjmp_count      0000000000000000     <absolute>
 0000:00000000       __x64_code_ranges_to_entry_points 0000000000000000     <absolute>
 0000:00000000       __guard_fids_table         0000000000000000     <absolute>
 0000:00000000       __guard_fids_count         0000000000000000     <absolute>
 0000:00000000       __arm64x_extra_rfe_table   0000000000000000     <absolute>
 0000:00000000       __AbsoluteZero             0000000000000000     <absolute>
 0000:00000000       __hybrid_auxiliary_iat_copy 0000000000000000     <absolute>
 0000:00000000       __hybrid_code_map          0000000000000000     <absolute>
 0000:00000000       __arm64x_extra_rfe_table_size 0000000000000000     <absolute>
 0000:00000000       __guard_iat_table          0000000000000000     <absolute>
 0000:00000000       __hybrid_auxiliary_iat     0000000000000000     <absolute>
 0000:00000000       __guard_iat_count          0000000000000000     <absolute>
 0000:00000000       __arm64x_redirection_metadata_count 0000000000000000     <absolute>
 0000:00000000       __enclave_config           0000000000000000     <absolute>
 0000:00000000       __x64_code_ranges_to_entry_points_count 0000000000000000     <absolute>
 0000:00000000       __guard_eh_cont_table      0000000000000000     <absolute>
 0000:00000000       __arm64x_native_entrypoint 0000000000000000     <absolute>
 0000:00000000       __guard_flags              0000000000000000     <absolute>
 0000:00000000       __guard_eh_cont_count      0000000000000000     <absolute>
 0000:00000000       __dynamic_value_reloc_table 0000000000000000     <absolute>
 0000:00000000       __hybrid_code_map_count    0000000000000000     <absolute>
 0001:00000000       CpuPause                   0000000000011000     BaseLib:CpuPause.obj
 0001:00000010       __report_rangecheckfailure 0000000000011010     StackCheckLibNull:StackCheckFunctionsMsvc.obj
 0001:00000011       __GSHandlerCheck           0000000000011011     StackCheckLibNull:StackCheckFunctionsMsvc.obj
 0001:00000012       __security_check_cookie    0000000000011012     StackCheckLibNull:StackCheckFunctionsMsvc.obj
 0001:00000014       _ModuleEntryPoint          0000000000011014 f   UefiApplicationEntryPoint:ApplicationEntryPoint.obj
 0001:00000084       ProcessLibraryConstructorList 0000000000011084 f   UiApp:AutoGen.obj
 0001:00000624       ProcessLibraryDestructorList 0000000000011624 f   UiApp:AutoGen.obj
 0001:00000870       ProcessModuleEntryPointList 0000000000011870 f   UiApp:AutoGen.obj
 0001:00000894       LibExtractConfig           0000000000011894 f   FileExplorerLib:FileExplorer.obj
 0001:00000894       BootManagerExtractConfig   0000000000011894 f   BootManagerUiLib:BootManager.obj
 0001:00000894       FakeExtractConfig          0000000000011894 f   UiApp:FrontPage.obj
 0001:00000894       DeviceManagerExtractConfig 0000000000011894 f   DeviceManagerUiLib:DeviceManager.obj
 0001:000008dc       DeviceManagerRouteConfig   00000000000118dc f   DeviceManagerUiLib:DeviceManager.obj
 0001:000008dc       BootManagerRouteConfig     00000000000118dc f   BootManagerUiLib:BootManager.obj
 0001:000008dc       LibRouteConfig             00000000000118dc f   FileExplorerLib:FileExplorer.obj
 0001:000008dc       FakeRouteConfig            00000000000118dc f   UiApp:FrontPage.obj
 0001:00000920       FrontPageCallback          0000000000011920 f   UiApp:FrontPage.obj
 0001:00000970       UpdateFrontPageForm        0000000000011970 f   UiApp:FrontPage.obj
 0001:00000aac       InitializeFrontPage        0000000000011aac f   UiApp:FrontPage.obj
 0001:00000c30       CallFrontPage              0000000000011c30 f   UiApp:FrontPage.obj
 0001:00000d34       FreeFrontPage              0000000000011d34 f   UiApp:FrontPage.obj
 0001:00000e28       ConvertProcessorToString   0000000000011e28 f   UiApp:FrontPage.obj
 0001:00000fc8       ConvertMemorySizeToString  0000000000011fc8 f   UiApp:FrontPage.obj
 0001:00001064       GetOptionalStringByIndex   0000000000012064 f   UiApp:FrontPage.obj
 0001:0000114c       UpdateFrontPageBannerStrings 000000000001214c f   UiApp:FrontPage.obj
 0001:000017d0       UiSetConsoleMode           00000000000127d0 f   UiApp:FrontPage.obj
 0001:000020a8       InitializeUserInterface    00000000000130a8 f   UiApp:FrontPage.obj
 0001:0000229c       UiEntry                    000000000001329c f   UiApp:FrontPage.obj
 0001:000023cc       EnableResetRequired        00000000000133cc f   UiApp:FrontPage.obj
 0001:000023d4       IsResetRequired            00000000000133d4 f   UiApp:FrontPage.obj
 0001:000023dc       SetupResetReminder         00000000000133dc f   UiApp:FrontPage.obj
 0001:000024f8       InitializeStringSupport    00000000000134f8 f   UiApp:String.obj
 0001:0000255c       UninitializeStringSupport  000000000001355c f   UiApp:String.obj
 0001:00002574       GetStringById              0000000000013574 f   UiApp:String.obj
 0001:00002598       ExportFonts                0000000000013598 f   UiApp:String.obj
 0001:000025c0       UiCustomizeFrontPage       00000000000135c0 f   UiApp:FrontPageCustomizedUi.obj
 0001:00002638       UiFrontPageCallbackHandler 0000000000013638 f   UiApp:FrontPageCustomizedUi.obj
 0001:000026ac       UiCustomizeFrontPageBanner 00000000000136ac f   UiApp:FrontPageCustomizedUi.obj
 0001:00002718       GetNextLanguage            0000000000013718 f   UiApp:FrontPageCustomizedUiSupport.obj
 0001:0000287c       LanguageChangeHandler      000000000001387c f   UiApp:FrontPageCustomizedUiSupport.obj
 0001:000029e4       UiSupportLibCallbackHandler 00000000000139e4 f   UiApp:FrontPageCustomizedUiSupport.obj
 0001:00002b48       UiCreateLanguageMenu       0000000000013b48 f   UiApp:FrontPageCustomizedUiSupport.obj
 0001:0000321c       UiCreateContinueMenu       000000000001421c f   UiApp:FrontPageCustomizedUiSupport.obj
 0001:00003254       UiCreateEmptyLine          0000000000014254 f   UiApp:FrontPageCustomizedUiSupport.obj
 0001:00003280       UiCreateResetMenu          0000000000014280 f   UiApp:FrontPageCustomizedUiSupport.obj
 0001:000032b8       ExtractDevicePathFromHiiHandle 00000000000142b8 f   UiApp:FrontPageCustomizedUiSupport.obj
 0001:00003350       RequiredDriver             0000000000014350 f   UiApp:FrontPageCustomizedUiSupport.obj
 0001:00003350       IsRequiredDriver           0000000000014350 f   BootMaintenanceManagerUiLib:BootMaintenanceManagerCustomizedUiSupport.obj
 0001:000034d8       UiListThirdPartyDrivers    00000000000144d8 f   UiApp:FrontPageCustomizedUiSupport.obj
 0001:000039ec       GetPcdProtocol             00000000000149ec f   DxePcdLib:DxePcdLib.obj
 0001:00003adc       LibPcdGet16                0000000000014adc f   DxePcdLib:DxePcdLib.obj
 0001:00003af8       LibPcdGetBool              0000000000014af8 f   DxePcdLib:DxePcdLib.obj
 0001:00003b14       LibPcdSet32S               0000000000014b14 f   DxePcdLib:DxePcdLib.obj
 0001:00003b3c       UnicodeVSPrint             0000000000014b3c f   BasePrintLib:PrintLib.obj
 0001:00003bfc       UnicodeSPrint              0000000000014bfc f   BasePrintLib:PrintLib.obj
 0001:00003c50       UnicodeValueToStringS      0000000000014c50 f   BasePrintLib:PrintLib.obj
 0001:00003cd4       SPrintLength               0000000000014cd4 f   BasePrintLib:PrintLib.obj
 0001:00003d48       BasePrintLibFillBuffer     0000000000014d48 f   BasePrintLib:PrintLibInternal.obj
 0001:00003dd4       BasePrintLibValueToString  0000000000014dd4 f   BasePrintLib:PrintLibInternal.obj
 0001:00003e3c       BasePrintLibConvertValueToStringS 0000000000014e3c f   BasePrintLib:PrintLibInternal.obj
 0001:00004590       BasePrintLibSPrintMarker   0000000000015590 f   BasePrintLib:PrintLibInternal.obj
 0001:000066ac       BasePrintLibSPrint         00000000000176ac f   BasePrintLib:PrintLibInternal.obj
 0001:00006714       DebugPrint                 0000000000017714 f   PeiDxeDebugLibReportStatusCode:DebugLib.obj
 0001:00006758       DebugPrintMarker           0000000000017758 f   PeiDxeDebugLibReportStatusCode:DebugLib.obj
 0001:00006f00       DebugVPrint                0000000000017f00 f   PeiDxeDebugLibReportStatusCode:DebugLib.obj
 0001:00006f30       DebugAssert                0000000000017f30 f   PeiDxeDebugLibReportStatusCode:DebugLib.obj
 0001:000072cc       DebugAssertEnabled         00000000000182cc f   PeiDxeDebugLibReportStatusCode:DebugLib.obj
 0001:000072f0       DebugPrintEnabled          00000000000182f0 f   PeiDxeDebugLibReportStatusCode:DebugLib.obj
 0001:00007314       DebugCodeEnabled           0000000000018314 f   PeiDxeDebugLibReportStatusCode:DebugLib.obj
 0001:00007338       DebugPrintLevelEnabled     0000000000018338 f   PeiDxeDebugLibReportStatusCode:DebugLib.obj
 0001:0000736c       CopyMem                    000000000001836c f   BaseMemoryLib:CopyMemWrapper.obj
 0001:00007444       CopyGuid                   0000000000018444 f   BaseMemoryLib:MemLibGuid.obj
 0001:00007498       CompareGuid                0000000000018498 f   BaseMemoryLib:MemLibGuid.obj
 0001:00007520       IsZeroGuid                 0000000000018520 f   BaseMemoryLib:MemLibGuid.obj
 0001:00007574       SetMem                     0000000000018574 f   BaseMemoryLib:SetMemWrapper.obj
 0001:000075f4       InternalMemCopyMem         00000000000185f4 f   BaseMemoryLib:CopyMem.obj
 0001:00007bd0       InternalMemSetMem          0000000000018bd0 f   BaseMemoryLib:SetMem.obj
 0001:00007d64       InternalAllocateAlignedPages 0000000000018d64 f   UefiMemoryAllocationLib:MemoryAllocationLib.obj
 0001:000080cc       AllocateAlignedReservedPages 00000000000190cc f   UefiMemoryAllocationLib:MemoryAllocationLib.obj
 0001:000080f0       FreeAlignedPages           00000000000190f0 f   UefiMemoryAllocationLib:MemoryAllocationLib.obj
 0001:000081c8       InternalAllocatePool       00000000000191c8 f   UefiMemoryAllocationLib:MemoryAllocationLib.obj
 0001:00008218       AllocatePool               0000000000019218 f   UefiMemoryAllocationLib:MemoryAllocationLib.obj
 0001:00008238       InternalAllocateZeroPool   0000000000019238 f   UefiMemoryAllocationLib:MemoryAllocationLib.obj
 0001:00008280       AllocateZeroPool           0000000000019280 f   UefiMemoryAllocationLib:MemoryAllocationLib.obj
 0001:000082a0       InternalAllocateCopyPool   00000000000192a0 f   UefiMemoryAllocationLib:MemoryAllocationLib.obj
 0001:00008364       AllocateCopyPool           0000000000019364 f   UefiMemoryAllocationLib:MemoryAllocationLib.obj
 0001:0000838c       InternalReallocatePool     000000000001938c f   UefiMemoryAllocationLib:MemoryAllocationLib.obj
 0001:00008410       ReallocatePool             0000000000019410 f   UefiMemoryAllocationLib:MemoryAllocationLib.obj
 0001:00008444       FreePool                   0000000000019444 f   UefiMemoryAllocationLib:MemoryAllocationLib.obj
 0001:000084e0       InternalGetReportStatusCode 00000000000194e0 f   DxeReportStatusCodeLib:ReportStatusCodeLib.obj
 0001:00008550       InternalReportStatusCode   0000000000019550 f   DxeReportStatusCodeLib:ReportStatusCodeLib.obj
 0001:00008608       ReportStatusCode           0000000000019608 f   DxeReportStatusCodeLib:ReportStatusCodeLib.obj
 0001:0000863c       ReportStatusCodeEx         000000000001963c f   DxeReportStatusCodeLib:ReportStatusCodeLib.obj
 0001:000088b8       ReportProgressCodeEnabled  00000000000198b8 f   DxeReportStatusCodeLib:ReportStatusCodeLib.obj
 0001:000088dc       ReportErrorCodeEnabled     00000000000198dc f   DxeReportStatusCodeLib:ReportStatusCodeLib.obj
 0001:00008900       ReportDebugCodeEnabled     0000000000019900 f   DxeReportStatusCodeLib:ReportStatusCodeLib.obj
 0001:00008924       InternalSafeStringIsOverlap 0000000000019924 f   BaseLib:SafeString.obj
 0001:00008988       InternalSafeStringNoStrOverlap 0000000000019988 f   BaseLib:SafeString.obj
 0001:000089e8       InternalSafeStringNoAsciiStrOverlap 00000000000199e8 f   BaseLib:SafeString.obj
 0001:00008a3c       StrnLenS                   0000000000019a3c f   BaseLib:SafeString.obj
 0001:00008ae0       StrnSizeS                  0000000000019ae0 f   BaseLib:SafeString.obj
 0001:00008b14       StrCpyS                    0000000000019b14 f   BaseLib:SafeString.obj
 0001:00008f84       StrnCpyS                   0000000000019f84 f   BaseLib:SafeString.obj
 0001:000094e8       StrCatS                    000000000001a4e8 f   BaseLib:SafeString.obj
 0001:00009a38       StrnCatS                   000000000001aa38 f   BaseLib:SafeString.obj
 0001:0000a094       AsciiStrnLenS              000000000001b094 f   BaseLib:SafeString.obj
 0001:0000a100       AsciiStrnCpyS              000000000001b100 f   BaseLib:SafeString.obj
 0001:0000a5f0       AsciiStrToUnicodeStrS      000000000001b5f0 f   BaseLib:SafeString.obj
 0001:0000aacc       StrLen                     000000000001bacc f   BaseLib:String.obj
 0001:0000abc0       StrSize                    000000000001bbc0 f   BaseLib:String.obj
 0001:0000abe0       StrCmp                     000000000001bbe0 f   BaseLib:String.obj
 0001:0000acb8       StrnCmp                    000000000001bcb8 f   BaseLib:String.obj
 0001:0000ae04       StrStr                     000000000001be04 f   BaseLib:String.obj
 0001:0000af3c       AsciiStrLen                000000000001bf3c f   BaseLib:String.obj
 0001:0000aff4       AsciiStrSize               000000000001bff4 f   BaseLib:String.obj
 0001:0000b010       AsciiStrCmp                000000000001c010 f   BaseLib:String.obj
 0001:0000b0e8       AsciiStrnCmp               000000000001c0e8 f   BaseLib:String.obj
 0001:0000b234       RShiftU64                  000000000001c234 f   BaseLib:RShiftU64.obj
 0001:0000b288       ReadUnaligned16            000000000001c288 f   BaseLib:Unaligned.obj
 0001:0000b2d0       WriteUnaligned16           000000000001c2d0 f   BaseLib:Unaligned.obj
 0001:0000b328       ReadUnaligned32            000000000001c328 f   BaseLib:Unaligned.obj
 0001:0000b370       WriteUnaligned32           000000000001c370 f   BaseLib:Unaligned.obj
 0001:0000b3c4       ReadUnaligned64            000000000001c3c4 f   BaseLib:Unaligned.obj
 0001:0000b40c       WriteUnaligned64           000000000001c40c f   BaseLib:Unaligned.obj
 0001:0000b464       DivU64x32Remainder         000000000001c464 f   BaseLib:DivU64x32Remainder.obj
 0001:0000b4c0       CpuBreakpoint              000000000001c4c0 f   BaseLib:CpuBreakpoint.obj
 0001:0000b4c4       CpuDeadLoop                000000000001c4c4 f   BaseLib:CpuDeadLoop.obj
 0001:0000b4f4       LShiftU64                  000000000001c4f4 f   BaseLib:LShiftU64.obj
 0001:0000b548       MultU64x32                 000000000001c548 f   BaseLib:MultU64x32.obj
 0001:0000b574       InternalMathLShiftU64      000000000001c574 f   BaseLib:Math64.obj
 0001:0000b590       InternalMathRShiftU64      000000000001c590 f   BaseLib:Math64.obj
 0001:0000b5ac       InternalMathMultU64x32     000000000001c5ac f   BaseLib:Math64.obj
 0001:0000b5c8       InternalMathDivRemU64x32   000000000001c5c8 f   BaseLib:Math64.obj
 0001:0000b620       GetDevicePathSize          000000000001c620 f   UefiDevicePathLib:UefiDevicePathLib.obj
 0001:0000b638       DuplicateDevicePath        000000000001c638 f   UefiDevicePathLib:UefiDevicePathLib.obj
 0001:0000b650       AppendDevicePath           000000000001c650 f   UefiDevicePathLib:UefiDevicePathLib.obj
 0001:0000b674       AppendDevicePathNode       000000000001c674 f   UefiDevicePathLib:UefiDevicePathLib.obj
 0001:0000b698       AppendDevicePathInstance   000000000001c698 f   UefiDevicePathLib:UefiDevicePathLib.obj
 0001:0000b6bc       GetNextDevicePathInstance  000000000001c6bc f   UefiDevicePathLib:UefiDevicePathLib.obj
 0001:0000b6e0       CreateDeviceNode           000000000001c6e0 f   UefiDevicePathLib:UefiDevicePathLib.obj
 0001:0000b70c       ConvertDevicePathToText    000000000001c70c f   UefiDevicePathLib:UefiDevicePathLib.obj
 0001:0000b738       DevicePathFromHandle       000000000001c738 f   UefiDevicePathLib:DevicePathUtilitiesDxeSmm.obj
 0001:0000b788       IsDevicePathValid          000000000001c788 f   UefiDevicePathLib:DevicePathUtilities.obj
 0001:0000b8f4       DevicePathType             000000000001c8f4 f   UefiDevicePathLib:DevicePathUtilities.obj
 0001:0000b93c       DevicePathSubType          000000000001c93c f   UefiDevicePathLib:DevicePathUtilities.obj
 0001:0000b984       DevicePathNodeLength       000000000001c984 f   UefiDevicePathLib:DevicePathUtilities.obj
 0001:0000b9e4       NextDevicePathNode         000000000001c9e4 f   UefiDevicePathLib:DevicePathUtilities.obj
 0001:0000ba3c       IsDevicePathEndType        000000000001ca3c f   UefiDevicePathLib:DevicePathUtilities.obj
 0001:0000baa0       IsDevicePathEnd            000000000001caa0 f   UefiDevicePathLib:DevicePathUtilities.obj
 0001:0000bb18       SetDevicePathNodeLength    000000000001cb18 f   UefiDevicePathLib:DevicePathUtilities.obj
 0001:0000bbbc       SetDevicePathEndNode       000000000001cbbc f   UefiDevicePathLib:DevicePathUtilities.obj
 0001:0000bc14       UefiDevicePathLibGetDevicePathSize 000000000001cc14 f   UefiDevicePathLib:DevicePathUtilities.obj
 0001:0000bc9c       UefiDevicePathLibDuplicateDevicePath 000000000001cc9c f   UefiDevicePathLib:DevicePathUtilities.obj
 0001:0000bcd4       UefiDevicePathLibAppendDevicePath 000000000001ccd4 f   UefiDevicePathLib:DevicePathUtilities.obj
 0001:0000bdf4       UefiDevicePathLibAppendDevicePathNode 000000000001cdf4 f   UefiDevicePathLib:DevicePathUtilities.obj
 0001:0000bec4       UefiDevicePathLibAppendDevicePathInstance 000000000001cec4 f   UefiDevicePathLib:DevicePathUtilities.obj
 0001:0000bfdc       UefiDevicePathLibGetNextDevicePathInstance 000000000001cfdc f   UefiDevicePathLib:DevicePathUtilities.obj
 0001:0000c120       UefiDevicePathLibCreateDeviceNode 000000000001d120 f   UefiDevicePathLib:DevicePathUtilities.obj
 0001:0000c18c       FileDevicePath             000000000001d18c f   UefiDevicePathLib:DevicePathUtilities.obj
 0001:0000c274       UefiDevicePathLibCatPrint  000000000001d274 f   UefiDevicePathLib:DevicePathToText.obj
 0001:0000c3d4       DevPathToTextPci           000000000001d3d4 f   UefiDevicePathLib:DevicePathToText.obj
 0001:0000c424       DevPathToTextPccard        000000000001d424 f   UefiDevicePathLib:DevicePathToText.obj
 0001:0000c468       DevPathToTextMemMap        000000000001d468 f   UefiDevicePathLib:DevicePathToText.obj
 0001:0000c4c0       DevPathToTextVendor        000000000001d4c0 f   UefiDevicePathLib:DevicePathToText.obj
 0001:0000c9e0       DevPathToTextController    000000000001d9e0 f   UefiDevicePathLib:DevicePathToText.obj
 0001:0000ca24       DevPathToTextBmc           000000000001da24 f   UefiDevicePathLib:DevicePathToText.obj
 0001:0000ca7c       DevPathToTextAcpi          000000000001da7c f   UefiDevicePathLib:DevicePathToText.obj
 0001:0000cc14       DevPathToTextAcpiEx        000000000001dc14 f   UefiDevicePathLib:DevicePathToText.obj
 0001:0000d1f8       DevPathToTextAcpiAdr       000000000001e1f8 f   UefiDevicePathLib:DevicePathToText.obj
 0001:0000d2bc       DevPathToTextAtapi         000000000001e2bc f   UefiDevicePathLib:DevicePathToText.obj
 0001:0000d384       DevPathToTextScsi          000000000001e384 f   UefiDevicePathLib:DevicePathToText.obj
 0001:0000d3d4       DevPathToTextFibre         000000000001e3d4 f   UefiDevicePathLib:DevicePathToText.obj
 0001:0000d420       DevPathToTextFibreEx       000000000001e420 f   UefiDevicePathLib:DevicePathToText.obj
 0001:0000d510       DevPathToTextSasEx         000000000001e510 f   UefiDevicePathLib:DevicePathToText.obj
 0001:0000d78c       DevPathToTextNVMe          000000000001e78c f   UefiDevicePathLib:DevicePathToText.obj
 0001:0000d8a4       DevPathToTextUfs           000000000001e8a4 f   UefiDevicePathLib:DevicePathToText.obj
 0001:0000d8f4       DevPathToTextSd            000000000001e8f4 f   UefiDevicePathLib:DevicePathToText.obj
 0001:0000d938       DevPathToTextEmmc          000000000001e938 f   UefiDevicePathLib:DevicePathToText.obj
 0001:0000d97c       DevPathToText1394          000000000001e97c f   UefiDevicePathLib:DevicePathToText.obj
 0001:0000d9c0       DevPathToTextUsb           000000000001e9c0 f   UefiDevicePathLib:DevicePathToText.obj
 0001:0000da10       DevPathToTextUsbWWID       000000000001ea10 f   UefiDevicePathLib:DevicePathToText.obj
 0001:0000db48       DevPathToTextLogicalUnit   000000000001eb48 f   UefiDevicePathLib:DevicePathToText.obj
 0001:0000db8c       DevPathToTextUsbClass      000000000001eb8c f   UefiDevicePathLib:DevicePathToText.obj
 0001:0000def4       DevPathToTextSata          000000000001eef4 f   UefiDevicePathLib:DevicePathToText.obj
 0001:0000df54       DevPathToTextI2O           000000000001ef54 f   UefiDevicePathLib:DevicePathToText.obj
 0001:0000df98       DevPathToTextMacAddr       000000000001ef98 f   UefiDevicePathLib:DevicePathToText.obj
 0001:0000e068       CatNetworkProtocol         000000000001f068 f   UefiDevicePathLib:DevicePathToText.obj
 0001:0000e0d0       CatIPv4Address             000000000001f0d0 f   UefiDevicePathLib:DevicePathToText.obj
 0001:0000e14c       CatIPv6Address             000000000001f14c f   UefiDevicePathLib:DevicePathToText.obj
 0001:0000e364       DevPathToTextIPv4          000000000001f364 f   UefiDevicePathLib:DevicePathToText.obj
 0001:0000e4b8       DevPathToTextIPv6          000000000001f4b8 f   UefiDevicePathLib:DevicePathToText.obj
 0001:0000e608       DevPathToTextInfiniBand    000000000001f608 f   UefiDevicePathLib:DevicePathToText.obj
 0001:0000e680       DevPathToTextUart          000000000001f680 f   UefiDevicePathLib:DevicePathToText.obj
 0001:0000e824       DevPathToTextiSCSI         000000000001f824 f   UefiDevicePathLib:DevicePathToText.obj
 0001:0000e9f0       DevPathToTextVlan          000000000001f9f0 f   UefiDevicePathLib:DevicePathToText.obj
 0001:0000ea34       DevPathToTextBluetooth     000000000001fa34 f   UefiDevicePathLib:DevicePathToText.obj
 0001:0000eafc       DevPathToTextWiFi          000000000001fafc f   UefiDevicePathLib:DevicePathToText.obj
 0001:0000eb98       DevPathToTextBluetoothLE   000000000001fb98 f   UefiDevicePathLib:DevicePathToText.obj
 0001:0000ec74       DevPathToTextDns           000000000001fc74 f   UefiDevicePathLib:DevicePathToText.obj
 0001:0000ed68       DevPathToTextUri           000000000001fd68 f   UefiDevicePathLib:DevicePathToText.obj
 0001:0000ee44       DevPathToTextHardDrive     000000000001fe44 f   UefiDevicePathLib:DevicePathToText.obj
 0001:0000ef60       DevPathToTextCDROM         000000000001ff60 f   UefiDevicePathLib:DevicePathToText.obj
 0001:0000efe0       DevPathToTextFilePath      000000000001ffe0 f   UefiDevicePathLib:DevicePathToText.obj
 0001:0000f024       DevPathToTextMediaProtocol 0000000000020024 f   UefiDevicePathLib:DevicePathToText.obj
 0001:0000f068       DevPathToTextFv            0000000000020068 f   UefiDevicePathLib:DevicePathToText.obj
 0001:0000f0ac       DevPathToTextFvFile        00000000000200ac f   UefiDevicePathLib:DevicePathToText.obj
 0001:0000f0f0       DevPathRelativeOffsetRange 00000000000200f0 f   UefiDevicePathLib:DevicePathToText.obj
 0001:0000f13c       DevPathToTextRamDisk       000000000002013c f   UefiDevicePathLib:DevicePathToText.obj
 0001:0000f540       DevPathToTextBBS           0000000000020540 f   UefiDevicePathLib:DevicePathToText.obj
 0001:0000f68c       DevPathToTextEndInstance   000000000002068c f   UefiDevicePathLib:DevicePathToText.obj
 0001:0000f6bc       DevPathToTextNodeGeneric   00000000000206bc f   UefiDevicePathLib:DevicePathToText.obj
 0001:0000f840       UefiDevicePathLibConvertDevicePathToText 0000000000020840 f   UefiDevicePathLib:DevicePathToText.obj
 0001:0000f9dc       UefiBootServicesTableLibConstructor 00000000000209dc f   UefiBootServicesTableLib:UefiBootServicesTableLib.obj
 0001:0000fab8       UefiRuntimeServicesTableLibConstructor 0000000000020ab8 f   UefiRuntimeServicesTableLib:UefiRuntimeServicesTableLib.obj
 0001:0000fb14       UefiLibConstructor         0000000000020b14 f   UefiLib:UefiLib.obj
 0001:0000fb24       EfiGetSystemConfigurationTable 0000000000020b24 f   UefiLib:UefiLib.obj
 0001:0000fc30       EfiEventEmptyFunction      0000000000020c30 f   UefiLib:UefiLib.obj
 0001:0000fc3c       EfiGetCurrentTpl           0000000000020c3c f   UefiLib:UefiLib.obj
 0001:0000fc70       EfiAcquireLock             0000000000020c70 f   UefiLib:UefiLib.obj
 0001:0000fd0c       EfiReleaseLock             0000000000020d0c f   UefiLib:UefiLib.obj
 0001:0000fdac       GetVariable2               0000000000020dac f   UefiLib:UefiLib.obj
 0001:0000ff50       GetEfiGlobalVariable2      0000000000020f50 f   UefiLib:UefiLib.obj
 0001:0000ff84       GetBestLanguage            0000000000020f84 f   UefiLib:UefiLib.obj
 0001:0001022c       UefiLibGetStringWidth      000000000002122c f   UefiLib:Console.obj
 0001:00010378       CreatePopUp                0000000000021378 f   UefiLib:Console.obj
 0001:00010b18       GetHobList                 0000000000021b18 f   DxeHobLib:HobLib.obj
 0001:00010bfc       HobLibConstructor          0000000000021bfc f   DxeHobLib:HobLib.obj
 0001:00010c18       GetNextHob                 0000000000021c18 f   DxeHobLib:HobLib.obj
 0001:00010cac       GetNextGuidHob             0000000000021cac f   DxeHobLib:HobLib.obj
 0001:00010d24       GetFirstGuidHob            0000000000021d24 f   DxeHobLib:HobLib.obj
 0001:00010d4c       GetBootModeHob             0000000000021d4c f   DxeHobLib:HobLib.obj
 0001:00010d68       UefiHiiServicesLibConstructor 0000000000021d68 f   UefiHiiServicesLib:UefiHiiServicesLib.obj
 0001:00010f8c       DxeServicesTableLibConstructor 0000000000021f8c f   DxeServicesTableLib:DxeServicesTableLib.obj
 0001:0001106c       HiiSetString               000000000002206c f   UefiHiiLib:HiiString.obj
 0001:000112b8       HiiGetString               00000000000222b8 f   UefiHiiLib:HiiString.obj
 0001:000112e8       HiiGetStringEx             00000000000222e8 f   UefiHiiLib:HiiString.obj
 0001:000115d8       InternalHiiExtractGuidFromHiiHandle 00000000000225d8 f   UefiHiiLib:HiiLib.obj
 0001:00011778       HiiAddPackages             0000000000022778 f   UefiHiiLib:HiiLib.obj
 0001:00011970       HiiRemovePackages          0000000000022970 f   UefiHiiLib:HiiLib.obj
 0001:00011a48       HiiGetHiiHandles           0000000000022a48 f   UefiHiiLib:HiiLib.obj
 0001:00011c94       HiiGetFormSetFromHiiHandle 0000000000022c94 f   UefiHiiLib:HiiLib.obj
 0001:00012034       InternalHiiLowerConfigString 0000000000023034 f   UefiHiiLib:HiiLib.obj
 0001:00012104       InternalHiiBlockToConfig   0000000000023104 f   UefiHiiLib:HiiLib.obj
 0001:000121d4       InternalHiiBrowserCallback 00000000000231d4 f   UefiHiiLib:HiiLib.obj
 0001:00012358       HiiConstructConfigHdr      0000000000023358 f   UefiHiiLib:HiiLib.obj
 0001:0001273c       InternalHiiCompareSubString 000000000002373c f   UefiHiiLib:HiiLib.obj
 0001:00012914       HiiIsConfigHdrMatch        0000000000023914 f   UefiHiiLib:HiiLib.obj
 0001:000129f0       HiiGetBrowserData          00000000000239f0 f   UefiHiiLib:HiiLib.obj
 0001:00012b04       HiiSetBrowserData          0000000000023b04 f   UefiHiiLib:HiiLib.obj
 0001:00012cb0       HiiAllocateOpCodeHandle    0000000000023cb0 f   UefiHiiLib:HiiLib.obj
 0001:00012d20       HiiFreeOpCodeHandle        0000000000023d20 f   UefiHiiLib:HiiLib.obj
 0001:00012d8c       InternalHiiOpCodeHandlePosition 0000000000023d8c f   UefiHiiLib:HiiLib.obj
 0001:00012d9c       InternalHiiOpCodeHandleBuffer 0000000000023d9c f   UefiHiiLib:HiiLib.obj
 0001:00012dac       InternalHiiGrowOpCodeHandle 0000000000023dac f   UefiHiiLib:HiiLib.obj
 0001:00012edc       InternalHiiCreateOpCodeExtended 0000000000023edc f   UefiHiiLib:HiiLib.obj
 0001:00012ffc       InternalHiiCreateOpCode    0000000000023ffc f   UefiHiiLib:HiiLib.obj
 0001:00013040       HiiCreateRawOpCodes        0000000000024040 f   UefiHiiLib:HiiLib.obj
 0001:000130b4       InternalHiiAppendOpCodes   00000000000240b4 f   UefiHiiLib:HiiLib.obj
 0001:00013120       HiiCreateEndOpCode         0000000000024120 f   UefiHiiLib:HiiLib.obj
 0001:00013148       HiiCreateOneOfOptionOpCode 0000000000024148 f   UefiHiiLib:HiiLib.obj
 0001:00013230       HiiCreateGuidOpCode        0000000000024230 f   UefiHiiLib:HiiLib.obj
 0001:00013374       HiiCreateActionOpCode      0000000000024374 f   UefiHiiLib:HiiLib.obj
 0001:0001343c       HiiCreateSubTitleOpCode    000000000002443c f   UefiHiiLib:HiiLib.obj
 0001:00013518       HiiCreateGotoOpCode        0000000000024518 f   UefiHiiLib:HiiLib.obj
 0001:000135e0       HiiCreateGotoExOpCode      00000000000245e0 f   UefiHiiLib:HiiLib.obj
 0001:00013740       HiiCreateCheckBoxOpCode    0000000000024740 f   UefiHiiLib:HiiLib.obj
 0001:00013898       HiiCreateNumericOpCode     0000000000024898 f   UefiHiiLib:HiiLib.obj
 0001:00013b18       HiiCreateStringOpCode      0000000000024b18 f   UefiHiiLib:HiiLib.obj
 0001:00013c88       HiiCreateOneOfOpCode       0000000000024c88 f   UefiHiiLib:HiiLib.obj
 0001:00013e68       HiiCreateOrderedListOpCode 0000000000024e68 f   UefiHiiLib:HiiLib.obj
 0001:00013ff8       HiiCreateTextOpCode        0000000000024ff8 f   UefiHiiLib:HiiLib.obj
 0001:0001405c       InternalHiiUpdateFormPackageData 000000000002505c f   UefiHiiLib:HiiLib.obj
 0001:00014590       HiiUpdateForm              0000000000025590 f   UefiHiiLib:HiiLib.obj
 0001:00014994       HiiGetSupportedLanguages   0000000000025994 f   UefiHiiLib:HiiLanguage.obj
 0001:00014a7c       BmConnectAllDriversToAllControllers 0000000000025a7c f   UefiBootManagerLib:BmConnect.obj
 0001:00014b2c       EfiBootManagerConnectAll   0000000000025b2c f   UefiBootManagerLib:BmConnect.obj
 0001:00014b44       EfiBootManagerConnectDevicePath 0000000000025b44 f   UefiBootManagerLib:BmConnect.obj
 0001:00014cdc       BmConnectUsbShortFormDevicePath 0000000000025cdc f   UefiBootManagerLib:BmConnect.obj
 0001:00014ee8       BmEndOfBdsPerfCode         0000000000025ee8 f   UefiBootManagerLib:BmBoot.obj
 0001:00014f34       BmIsAutoCreateBootOption   0000000000025f34 f   UefiBootManagerLib:BmBoot.obj
 0001:00014f74       BmFindBootOptionInVariable 0000000000025f74 f   UefiBootManagerLib:BmBoot.obj
 0001:000151e4       BmAdjustFvFilePath         00000000000261e4 f   UefiBootManagerLib:BmBoot.obj
 0001:000153c4       BmIsFvFilePath             00000000000263c4 f   UefiBootManagerLib:BmBoot.obj
 0001:00015484       BmMatchUsbClass            0000000000026484 f   UefiBootManagerLib:BmBoot.obj
 0001:0001563c       BmMatchUsbWwid             000000000002663c f   UefiBootManagerLib:BmBoot.obj
 0001:00015920       BmFindUsbDevice            0000000000026920 f   UefiBootManagerLib:BmBoot.obj
 0001:00015b50       BmExpandUsbDevicePath      0000000000026b50 f   UefiBootManagerLib:BmBoot.obj
 0001:00015cc0       BmExpandFileDevicePath     0000000000026cc0 f   UefiBootManagerLib:BmBoot.obj
 0001:00015eec       BmExpandUriDevicePath      0000000000026eec f   UefiBootManagerLib:BmBoot.obj
 0001:00016070       BmCachePartitionDevicePath 0000000000027070 f   UefiBootManagerLib:BmBoot.obj
 0001:000161a4       BmExpandPartitionDevicePath 00000000000271a4 f   UefiBootManagerLib:BmBoot.obj
 0001:000165d8       BmExpandMediaDevicePath    00000000000275d8 f   UefiBootManagerLib:BmBoot.obj
 0001:000169fc       BmMatchHttpBootDevicePath  00000000000279fc f   UefiBootManagerLib:BmBoot.obj
 0001:00016b94       BmExpandNetworkFileSystem  0000000000027b94 f   UefiBootManagerLib:BmBoot.obj
 0001:00016d18       BmGetRamDiskDevicePath     0000000000027d18 f   UefiBootManagerLib:BmBoot.obj
 0001:00016e0c       BmGetRamDiskMemoryInfo     0000000000027e0c f   UefiBootManagerLib:BmBoot.obj
 0001:00016fd0       BmDestroyRamDisk           0000000000027fd0 f   UefiBootManagerLib:BmBoot.obj
 0001:0001716c       BmExpandLoadFile           000000000002816c f   UefiBootManagerLib:BmBoot.obj
 0001:000174dc       BmExpandLoadFiles          00000000000284dc f   UefiBootManagerLib:BmBoot.obj
 0001:00017724       BmGetNextLoadOptionDevicePath 0000000000028724 f   UefiBootManagerLib:BmBoot.obj
 0001:00017a28       BmIsBootManagerMenuFilePath 0000000000028a28 f   UefiBootManagerLib:BmBoot.obj
 0001:00017a98       BmReportLoadFailure        0000000000028a98 f   UefiBootManagerLib:BmBoot.obj
 0001:00017c60       EfiBootManagerBoot         0000000000028c60 f   UefiBootManagerLib:BmBoot.obj
 0001:000187e4       BmMatchPartitionDevicePathNode 00000000000297e4 f   UefiBootManagerLib:BmBoot.obj
 0001:000188d4       BmEnumerateBootOptions     00000000000298d4 f   UefiBootManagerLib:BmBoot.obj
 0001:00019070       EfiBootManagerRefreshAllBootOption 000000000002a070 f   UefiBootManagerLib:BmBoot.obj
 0001:00019370       BmUpdateSystemTableConsole 000000000002a370 f   UefiBootManagerLib:BmConsole.obj
 0001:00019664       EfiBootManagerUpdateConsoleVariable 000000000002a664 f   UefiBootManagerLib:BmConsole.obj
 0001:00019840       EfiBootManagerConnectConsoleVariable 000000000002a840 f   UefiBootManagerLib:BmConsole.obj
 0001:00019b14       EfiBootManagerConnectAllDefaultConsoles 000000000002ab14 f   UefiBootManagerLib:BmConsole.obj
 0001:00019d64       BmForEachVariable          000000000002ad64 f   UefiBootManagerLib:BmLoadOption.obj
 0001:00019f48       BmGetFreeOptionNumber      000000000002af48 f   UefiBootManagerLib:BmLoadOption.obj
 0001:0001a1a4       EfiBootManagerLoadOptionToVariable 000000000002b1a4 f   UefiBootManagerLib:BmLoadOption.obj
 0001:0001a554       BmAddOptionNumberToOrderVariable 000000000002b554 f   UefiBootManagerLib:BmLoadOption.obj
 0001:0001a7c4       EfiBootManagerAddLoadOptionVariable 000000000002b7c4 f   UefiBootManagerLib:BmLoadOption.obj
 0001:0001a8fc       EfiBootManagerInitializeLoadOption 000000000002b8fc f   UefiBootManagerLib:BmLoadOption.obj
 0001:0001aa1c       EfiBootManagerFindLoadOption 000000000002ba1c f   UefiBootManagerLib:BmLoadOption.obj
 0001:0001ab4c       EfiBootManagerDeleteLoadOptionVariable 000000000002bb4c f   UefiBootManagerLib:BmLoadOption.obj
 0001:0001ad8c       BmGetDevicePathSizeEx      000000000002bd8c f   UefiBootManagerLib:BmLoadOption.obj
 0001:0001ae48       BmStrSizeEx                000000000002be48 f   UefiBootManagerLib:BmLoadOption.obj
 0001:0001af34       BmValidateOption           000000000002bf34 f   UefiBootManagerLib:BmLoadOption.obj
 0001:0001b010       EfiBootManagerIsValidLoadOptionVariableName 000000000002c010 f   UefiBootManagerLib:BmLoadOption.obj
 0001:0001b188       EfiBootManagerVariableToLoadOptionEx 000000000002c188 f   UefiBootManagerLib:BmLoadOption.obj
 0001:0001b418       EfiBootManagerVariableToLoadOption 000000000002c418 f   UefiBootManagerLib:BmLoadOption.obj
 0001:0001b444       BmCollectLoadOptions       000000000002c444 f   UefiBootManagerLib:BmLoadOption.obj
 0001:0001b65c       EfiBootManagerGetLoadOptions 000000000002c65c f   UefiBootManagerLib:BmLoadOption.obj
 0001:0001b9b8       EfiBootManagerFreeLoadOption 000000000002c9b8 f   UefiBootManagerLib:BmLoadOption.obj
 0001:0001ba2c       EfiBootManagerFreeLoadOptions 000000000002ca2c f   UefiBootManagerLib:BmLoadOption.obj
 0001:0001baa0       BmIsLoadOptionPeHeaderValid 000000000002caa0 f   UefiBootManagerLib:BmLoadOption.obj
 0001:0001bbe4       BmGetNextLoadOptionBuffer  000000000002cbe4 f   UefiBootManagerLib:BmLoadOption.obj
 0001:0001bdf0       BmDevicePathType           000000000002cdf0 f   UefiBootManagerLib:BmBootDescription.obj
 0001:0001bf74       BmEliminateExtraSpaces     000000000002cf74 f   UefiBootManagerLib:BmBootDescription.obj
 0001:0001c01c       BmSwapBytes                000000000002d01c f   UefiBootManagerLib:BmBootDescription.obj
 0001:0001c0c0       BmGetSdMmcManufacturerName 000000000002d0c0 f   UefiBootManagerLib:BmBootDescription.obj
 0001:0001c178       BmGetEmmcTypeDescription   000000000002d178 f   UefiBootManagerLib:BmBootDescription.obj
 0001:0001c204       BmGetSdMmcDescription      000000000002d204 f   UefiBootManagerLib:BmBootDescription.obj
 0001:0001c34c       BmGetDescriptionFromDiskInfo 000000000002d34c f   UefiBootManagerLib:BmBootDescription.obj
 0001:0001c9bc       BmGetUsbDescription        000000000002d9bc f   UefiBootManagerLib:BmBootDescription.obj
 0001:0001cccc       BmGetNetworkDescription    000000000002dccc f   UefiBootManagerLib:BmBootDescription.obj
 0001:0001d148       BmGetLoadFileDescription   000000000002e148 f   UefiBootManagerLib:BmBootDescription.obj
 0001:0001d248       BmGetNvmeDescription       000000000002e248 f   UefiBootManagerLib:BmBootDescription.obj
 0001:0001d5c4       BmGetMiscDescription       000000000002e5c4 f   UefiBootManagerLib:BmBootDescription.obj
 0001:0001d80c       BmGetBootDescription       000000000002e80c f   UefiBootManagerLib:BmBootDescription.obj
 0001:0001da54       BmMakeBootOptionDescriptionUnique 000000000002ea54 f   UefiBootManagerLib:BmBootDescription.obj
 0001:0001dccc       BmHotkeyCallback           000000000002eccc f   UefiBootManagerLib:BmHotkey.obj
 0001:0001e0fc       BmGetActiveConsoleIn       000000000002f0fc f   UefiBootManagerLib:BmHotkey.obj
 0001:0001e1ec       BmUnregisterHotkeyNotify   000000000002f1ec f   UefiBootManagerLib:BmHotkey.obj
 0001:0001e3f4       BmStopHotkeyService        000000000002f3f4 f   UefiBootManagerLib:BmHotkey.obj
 0001:0001e538       BmDelPartMatchInstance     000000000002f538 f   UefiBootManagerLib:BmMisc.obj
 0001:0001e65c       BmMatchDevicePaths         000000000002f65c f   UefiBootManagerLib:BmMisc.obj
 0001:0001e65c       MatchDevicePaths           000000000002f65c f   BootMaintenanceManagerUiLib:ConsoleOption.obj
 0001:0001e6f4       BmSetMemoryTypeInformationVariable 000000000002f6f4 f   UefiBootManagerLib:BmMisc.obj
 0001:0001eba0       BmSetVariableAndReportStatusCodeOnError 000000000002fba0 f   UefiBootManagerLib:BmMisc.obj
 0001:0001ee2c       BmPrintDp                  000000000002fe2c f   UefiBootManagerLib:BmMisc.obj
 0001:0001eea0       BmCharToUint               000000000002fea0 f   UefiBootManagerLib:BmMisc.obj
 0001:0001eef0       BmGetControllerName        000000000002fef0 f   UefiBootManagerLib:BmDriverHealth.obj
 0001:0001f0f8       BmGetDriverName            00000000000300f8 f   UefiBootManagerLib:BmDriverHealth.obj
 0001:0001f2bc       BmDisplayMessages          00000000000302bc f   UefiBootManagerLib:BmDriverHealth.obj
 0001:0001f534       BmRepairNotify             0000000000030534 f   UefiBootManagerLib:BmDriverHealth.obj
 0001:0001f5a4       BmGetSingleControllerHealthStatus 00000000000305a4 f   UefiBootManagerLib:BmDriverHealth.obj
 0001:0001f978       EfiBootManagerGetDriverHealthInfo 0000000000030978 f   UefiBootManagerLib:BmDriverHealth.obj
 0001:0001fd10       EfiBootManagerFreeDriverHealthInfo 0000000000030d10 f   UefiBootManagerLib:BmDriverHealth.obj
 0001:0001fd80       BmRepairAllControllers     0000000000030d80 f   UefiBootManagerLib:BmDriverHealth.obj
 0001:000205e0       LibCallback                00000000000315e0 f   FileExplorerLib:FileExplorer.obj
 0001:000208d0       LibCreateMenuEntry         00000000000318d0 f   FileExplorerLib:FileExplorer.obj
 0001:00020934       LibGetMenuEntry            0000000000031934 f   FileExplorerLib:FileExplorer.obj
 0001:00020a44       LibDestroyMenuEntry        0000000000031a44 f   FileExplorerLib:FileExplorer.obj
 0001:00020b0c       LibFreeMenu                0000000000031b0c f   FileExplorerLib:FileExplorer.obj
 0001:00020bf0       LibOpenRoot                0000000000031bf0 f   FileExplorerLib:FileExplorer.obj
 0001:00020c80       LibDevicePathToStr         0000000000031c80 f   FileExplorerLib:FileExplorer.obj
 0001:00020d88       LibStrDuplicate            0000000000031d88 f   FileExplorerLib:FileExplorer.obj
 0001:00020e08       LibFileInfo                0000000000031e08 f   FileExplorerLib:FileExplorer.obj
 0001:00020ec8       LibGetTypeFromName         0000000000031ec8 f   FileExplorerLib:FileExplorer.obj
 0001:00020f40       LibToLowerString           0000000000031f40 f   FileExplorerLib:FileExplorer.obj
 0001:00020f9c       LibIsSupportedFileType     0000000000031f9c f   FileExplorerLib:FileExplorer.obj
 0001:00021070       LibAppendFileName          0000000000032070 f   FileExplorerLib:FileExplorer.obj
 0001:00021364       LibFindFileSystem          0000000000032364 f   FileExplorerLib:FileExplorer.obj
 0001:00021628       LibGetFileHandleFromMenu   0000000000032628 f   FileExplorerLib:FileExplorer.obj
 0001:000216c8       LibGetFileHandleFromDevicePath 00000000000326c8 f   FileExplorerLib:FileExplorer.obj
 0001:00021a28       LibCreateNewFile           0000000000032a28 f   FileExplorerLib:FileExplorer.obj
 0001:00021b88       LibFindFiles               0000000000032b88 f   FileExplorerLib:FileExplorer.obj
 0001:00021ec8       LibRefreshUpdateData       0000000000032ec8 f   FileExplorerLib:FileExplorer.obj
 0001:00021f94       LibUpdateFileExplorePage   0000000000032f94 f   FileExplorerLib:FileExplorer.obj
 0001:000221a8       LibUpdateFileExplorer      00000000000331a8 f   FileExplorerLib:FileExplorer.obj
 0001:000222a8       LibGetDevicePath           00000000000332a8 f   FileExplorerLib:FileExplorer.obj
 0001:00022324       ChooseFile                 0000000000033324 f   FileExplorerLib:FileExplorer.obj
 0001:00022530       FileExplorerLibConstructor 0000000000033530 f   FileExplorerLib:FileExplorer.obj
 0001:00022730       FileExplorerLibDestructor  0000000000033730 f   FileExplorerLib:FileExplorer.obj
 0001:00022868       DmExtractDevicePathFromHiiHandle 0000000000033868 f   DeviceManagerUiLib:DeviceManager.obj
 0001:00022900       GetMacAddressString        0000000000033900 f   DeviceManagerUiLib:DeviceManager.obj
 0001:00022c30       AddIdToMacDeviceList       0000000000033c30 f   DeviceManagerUiLib:DeviceManager.obj
 0001:00022df0       IsMacAddressDevicePath     0000000000033df0 f   DeviceManagerUiLib:DeviceManager.obj
 0001:00022f4c       IsNeedAddNetworkMenu       0000000000033f4c f   DeviceManagerUiLib:DeviceManager.obj
 0001:00023234       CreateDeviceManagerForm    0000000000034234 f   DeviceManagerUiLib:DeviceManager.obj
 0001:00023afc       DeviceManagerCallback      0000000000034afc f   DeviceManagerUiLib:DeviceManager.obj
 0001:00023c18       DeviceManagerUiLibConstructor 0000000000034c18 f   DeviceManagerUiLib:DeviceManager.obj
 0001:00023d60       DeviceManagerUiLibDestructor 0000000000034d60 f   DeviceManagerUiLib:DeviceManager.obj
 0001:00023e40       BmSetConsoleMode           0000000000034e40 f   BootManagerUiLib:BootManager.obj
 0001:00024718       BmSetupResetReminder       0000000000035718 f   BootManagerUiLib:BootManager.obj
 0001:0002486c       GroupMultipleLegacyBootOption4SameType 000000000003586c f   BootManagerUiLib:BootManager.obj
 0001:00024bd8       BmDevicePathToStr          0000000000035bd8 f   BootManagerUiLib:BootManager.obj
 0001:00024ce0       UpdateBootManager          0000000000035ce0 f   BootManagerUiLib:BootManager.obj
 0001:000252e8       BmInitialBootModeInfo      00000000000362e8 f   BootManagerUiLib:BootManager.obj
 0001:0002543c       BootManagerCallback        000000000003643c f   BootManagerUiLib:BootManager.obj
 0001:000255bc       BootManagerUiLibConstructor 00000000000365bc f   BootManagerUiLib:BootManager.obj
 0001:00025704       BootManagerUiLibDestructor 0000000000036704 f   BootManagerUiLib:BootManager.obj
 0001:000257e4       BmmSetConsoleMode          00000000000367e4 f   BootMaintenanceManagerUiLib:BootMaintenance.obj
 0001:000260bc       UiDevicePathToStr          00000000000370bc f   BootMaintenanceManagerUiLib:BootMaintenance.obj
 0001:000261c4       ExtractFileNameFromDevicePath 00000000000371c4 f   BootMaintenanceManagerUiLib:BootMaintenance.obj
 0001:000262b0       HiiToLower                 00000000000372b0 f   BootMaintenanceManagerUiLib:BootMaintenance.obj
 0001:0002637c       UpdateProgress             000000000003737c f   BootMaintenanceManagerUiLib:BootMaintenance.obj
 0001:0002643c       UpdateTerminalContent      000000000003743c f   BootMaintenanceManagerUiLib:BootMaintenance.obj
 0001:00026720       UpdateConsoleContent       0000000000037720 f   BootMaintenanceManagerUiLib:BootMaintenance.obj
 0001:00026b60       BootMaintExtractConfig     0000000000037b60 f   BootMaintenanceManagerUiLib:BootMaintenance.obj
 0001:00026e48       BootMaintRouteConfig       0000000000037e48 f   BootMaintenanceManagerUiLib:BootMaintenance.obj
 0001:00027b14       BootMaintCallback          0000000000038b14 f   BootMaintenanceManagerUiLib:BootMaintenance.obj
 0001:000284e8       DiscardChangeHandler       00000000000394e8 f   BootMaintenanceManagerUiLib:BootMaintenance.obj
 0001:00028710       CleanUselessBeforeSubmit   0000000000039710 f   BootMaintenanceManagerUiLib:BootMaintenance.obj
 0001:0002881c       CustomizeMenus             000000000003981c f   BootMaintenanceManagerUiLib:BootMaintenance.obj
 0001:00028960       InitializeBmmConfig        0000000000039960 f   BootMaintenanceManagerUiLib:BootMaintenance.obj
 0001:00028a9c       InitAllMenu                0000000000039a9c f   BootMaintenanceManagerUiLib:BootMaintenance.obj
 0001:00028b1c       FreeAllMenu                0000000000039b1c f   BootMaintenanceManagerUiLib:BootMaintenance.obj
 0001:00028b64       BmmInitialBootModeInfo     0000000000039b64 f   BootMaintenanceManagerUiLib:BootMaintenance.obj
 0001:00028cb8       BootMaintenanceManagerUiLibConstructor 0000000000039cb8 f   BootMaintenanceManagerUiLib:BootMaintenance.obj
 0001:00028f9c       BootMaintenanceManagerUiLibDestructor 0000000000039f9c f   BootMaintenanceManagerUiLib:BootMaintenance.obj
 0001:00029058       CreateUpdateData           000000000003a058 f   BootMaintenanceManagerUiLib:UpdatePage.obj
 0001:00029150       RefreshUpdateData          000000000003a150 f   BootMaintenanceManagerUiLib:UpdatePage.obj
 0001:000291ac       UpdatePageStart            000000000003a1ac f   BootMaintenanceManagerUiLib:UpdatePage.obj
 0001:00029208       UpdatePageEnd              000000000003a208 f   BootMaintenanceManagerUiLib:UpdatePage.obj
 0001:000292bc       CleanUpPage                000000000003a2bc f   BootMaintenanceManagerUiLib:UpdatePage.obj
 0001:00029314       UpdateConCOMPage           000000000003a314 f   BootMaintenanceManagerUiLib:UpdatePage.obj
 0001:000293b0       UpdateBootDelPage          000000000003a3b0 f   BootMaintenanceManagerUiLib:UpdatePage.obj
 0001:0002953c       UpdateDrvAddHandlePage     000000000003a53c f   BootMaintenanceManagerUiLib:UpdatePage.obj
 0001:000295d8       UpdateDrvDelPage           000000000003a5d8 f   BootMaintenanceManagerUiLib:UpdatePage.obj
 0001:00029754       UpdateDriverAddHandleDescPage 000000000003a754 f   BootMaintenanceManagerUiLib:UpdatePage.obj
 0001:0002989c       UpdateConsolePage          000000000003a89c f   BootMaintenanceManagerUiLib:UpdatePage.obj
 0001:00029ca4       UpdateOrderPage            000000000003aca4 f   BootMaintenanceManagerUiLib:UpdatePage.obj
 0001:00029fd0       UpdateConModePage          000000000003afd0 f   BootMaintenanceManagerUiLib:UpdatePage.obj
 0001:0002a3b4       UpdateTerminalPage         000000000003b3b4 f   BootMaintenanceManagerUiLib:UpdatePage.obj
 0001:0002aa90       UpdateOptionPage           000000000003ba90 f   BootMaintenanceManagerUiLib:UpdatePage.obj
 0001:0002ac9c       UpdatePageBody             000000000003bc9c f   BootMaintenanceManagerUiLib:UpdatePage.obj
 0001:0002ad78       UpdatePageId               000000000003bd78 f   BootMaintenanceManagerUiLib:UpdatePage.obj
 0001:0002ae24       BmmSetupResetReminder      000000000003be24 f   BootMaintenanceManagerUiLib:BootOption.obj
 0001:0002af78       BOpt_CreateMenuEntry       000000000003bf78 f   BootMaintenanceManagerUiLib:BootOption.obj
 0001:0002b070       BOpt_DestroyMenuEntry      000000000003c070 f   BootMaintenanceManagerUiLib:BootOption.obj
 0001:0002b230       BOpt_GetMenuEntry          000000000003c230 f   BootMaintenanceManagerUiLib:BootOption.obj
 0001:0002b340       BOpt_FreeMenu              000000000003c340 f   BootMaintenanceManagerUiLib:BootOption.obj
 0001:0002b424       BOpt_GetBootOptions        000000000003c424 f   BootMaintenanceManagerUiLib:BootOption.obj
 0001:0002ba6c       BOpt_FindDrivers           000000000003ca6c f   BootMaintenanceManagerUiLib:BootOption.obj
 0001:0002bc98       BOpt_GetOptionNumber       000000000003cc98 f   BootMaintenanceManagerUiLib:BootOption.obj
 0001:0002be30       BOpt_GetBootOptionNumber   000000000003ce30 f   BootMaintenanceManagerUiLib:BootOption.obj
 0001:0002be48       BOpt_GetDriverOptionNumber 000000000003ce48 f   BootMaintenanceManagerUiLib:BootOption.obj
 0001:0002be60       BOpt_GetDriverOptions      000000000003ce60 f   BootMaintenanceManagerUiLib:BootOption.obj
 0001:0002c288       GetBootOrder               000000000003d288 f   BootMaintenanceManagerUiLib:BootOption.obj
 0001:0002c3c4       GetDriverOrder             000000000003d3c4 f   BootMaintenanceManagerUiLib:BootOption.obj
 0001:0002c500       BootFromFile               000000000003d500 f   BootMaintenanceManagerUiLib:BootOption.obj
 0001:0002c60c       ReSendForm                 000000000003d60c f   BootMaintenanceManagerUiLib:BootOption.obj
 0001:0002c688       CreateBootOptionFromFile   000000000003d688 f   BootMaintenanceManagerUiLib:BootOption.obj
 0001:0002c6a4       CreateDriverOptionFromFile 000000000003d6a4 f   BootMaintenanceManagerUiLib:BootOption.obj
 0001:0002c6c0       Var_DelBootOption          000000000003d6c0 f   BootMaintenanceManagerUiLib:Variable.obj
 0001:0002c7f4       Var_DelDriverOption        000000000003d7f4 f   BootMaintenanceManagerUiLib:Variable.obj
 0001:0002c908       Var_UpdateConsoleOption    000000000003d908 f   BootMaintenanceManagerUiLib:Variable.obj
 0001:0002cbf8       Var_UpdateConsoleInpOption 000000000003dbf8 f   BootMaintenanceManagerUiLib:Variable.obj
 0001:0002cc1c       Var_UpdateConsoleOutOption 000000000003dc1c f   BootMaintenanceManagerUiLib:Variable.obj
 0001:0002cc40       Var_UpdateErrorOutOption   000000000003dc40 f   BootMaintenanceManagerUiLib:Variable.obj
 0001:0002cc64       Var_UpdateDriverOption     000000000003dc64 f   BootMaintenanceManagerUiLib:Variable.obj
 0001:0002d084       Var_UpdateBootOption       000000000003e084 f   BootMaintenanceManagerUiLib:Variable.obj
 0001:0002d4ec       Var_UpdateBootNext         000000000003e4ec f   BootMaintenanceManagerUiLib:Variable.obj
 0001:0002d674       Var_UpdateBootOrder        000000000003e674 f   BootMaintenanceManagerUiLib:Variable.obj
 0001:0002d874       Var_UpdateDriverOrder      000000000003e874 f   BootMaintenanceManagerUiLib:Variable.obj
 0001:0002d9d4       Var_UpdateConMode          000000000003e9d4 f   BootMaintenanceManagerUiLib:Variable.obj
 0001:0002da8c       IsIsaSerialNode            000000000003ea8c f   BootMaintenanceManagerUiLib:ConsoleOption.obj
 0001:0002dae8       ChangeTerminalDevicePath   000000000003eae8 f   BootMaintenanceManagerUiLib:ConsoleOption.obj
 0001:0002dd60       RetrieveUartUid            000000000003ed60 f   BootMaintenanceManagerUiLib:ConsoleOption.obj
 0001:0002de50       SortedUartHandle           000000000003ee50 f   BootMaintenanceManagerUiLib:ConsoleOption.obj
 0001:0002df84       LocateSerialIo             000000000003ef84 f   BootMaintenanceManagerUiLib:ConsoleOption.obj
 0001:0002e584       UpdateComAttributeFromVariable 000000000003f584 f   BootMaintenanceManagerUiLib:ConsoleOption.obj
 0001:0002e830       GetConsoleMenu             000000000003f830 f   BootMaintenanceManagerUiLib:ConsoleOption.obj
 0001:0002eb9c       GetAllConsoles             000000000003fb9c f   BootMaintenanceManagerUiLib:ConsoleOption.obj
 0001:0002ebc8       FreeAllConsoles            000000000003fbc8 f   BootMaintenanceManagerUiLib:ConsoleOption.obj
 0001:0002ec04       IsTerminalDevicePath       000000000003fc04 f   BootMaintenanceManagerUiLib:ConsoleOption.obj
 0001:0002eda8       GetConsoleOutMode          000000000003fda8 f   BootMaintenanceManagerUiLib:ConsoleOption.obj
 0001:0002ee74       GetConsoleInCheck          000000000003fe74 f   BootMaintenanceManagerUiLib:ConsoleOption.obj
 0001:0002efe4       GetConsoleOutCheck         000000000003ffe4 f   BootMaintenanceManagerUiLib:ConsoleOption.obj
 0001:0002f154       GetConsoleErrCheck         0000000000040154 f   BootMaintenanceManagerUiLib:ConsoleOption.obj
 0001:0002f2c4       GetTerminalAttribute       00000000000402c4 f   BootMaintenanceManagerUiLib:ConsoleOption.obj
 0001:0002f534       UiCustomizeBMMPage         0000000000040534 f   BootMaintenanceManagerUiLib:BootMaintenanceManagerCustomizedUi.obj
 0001:0002f5cc       EfiLibDeleteVariable       00000000000405cc f   BootMaintenanceManagerUiLib:BmLib.obj
 0001:0002f604       EfiDevicePathInstanceCount 0000000000040604 f   BootMaintenanceManagerUiLib:BmLib.obj
 0001:0002f644       EfiLibStrFromDatahub       0000000000040644 f   BootMaintenanceManagerUiLib:BmLib.obj
 0001:0002f64c       BmmCreateBootNextMenu      000000000004064c f   BootMaintenanceManagerUiLib:BootMaintenanceManagerCustomizedUiSupport.obj
 0001:0002f7f8       BmmCreateTimeOutMenu       00000000000407f8 f   BootMaintenanceManagerUiLib:BootMaintenanceManagerCustomizedUiSupport.obj
 0001:0002f860       BmmCreateBootOptionMenu    0000000000040860 f   BootMaintenanceManagerUiLib:BootMaintenanceManagerCustomizedUiSupport.obj
 0001:0002f898       BmmCreateDriverOptionMenu  0000000000040898 f   BootMaintenanceManagerUiLib:BootMaintenanceManagerCustomizedUiSupport.obj
 0001:0002f8d0       BmmCreateComOptionMenu     00000000000408d0 f   BootMaintenanceManagerUiLib:BootMaintenanceManagerCustomizedUiSupport.obj
 0001:0002f908       BmmCreateBootFromFileMenu  0000000000040908 f   BootMaintenanceManagerUiLib:BootMaintenanceManagerCustomizedUiSupport.obj
 0001:0002f940       BmmCreateEmptyLine         0000000000040940 f   BootMaintenanceManagerUiLib:BootMaintenanceManagerCustomizedUiSupport.obj
 0001:0002f96c       ExtractDevicePathFromHandle 000000000004096c f   BootMaintenanceManagerUiLib:BootMaintenanceManagerCustomizedUiSupport.obj
 0001:0002fa04       BmmListThirdPartyDrivers   0000000000040a04 f   BootMaintenanceManagerUiLib:BootMaintenanceManagerCustomizedUiSupport.obj
 0001:0002fefc       GetDebugPrintErrorLevel    0000000000040efc f   BaseDebugPrintErrorLevelLib:BaseDebugPrintErrorLevelLib.obj
 0001:0002ff04       ZeroMem                    0000000000040f04 f   BaseMemoryLib:ZeroMemWrapper.obj
 0001:0002ffac       SetMem16                   0000000000040fac f   BaseMemoryLib:SetMem16Wrapper.obj
 0001:000300e0       CompareMem                 00000000000410e0 f   BaseMemoryLib:CompareMemWrapper.obj
 0001:00030214       IsZeroBuffer               0000000000041214 f   BaseMemoryLib:IsZeroBufferWrapper.obj
 0001:000302b4       InternalMemSetMem16        00000000000412b4 f   BaseMemoryLib:MemLibGeneric.obj
 0001:000302f8       InternalMemZeroMem         00000000000412f8 f   BaseMemoryLib:MemLibGeneric.obj
 0001:00030320       InternalMemCompareMem      0000000000041320 f   BaseMemoryLib:MemLibGeneric.obj
 0001:00030388       InternalMemIsZeroBuffer    0000000000041388 f   BaseMemoryLib:MemLibGeneric.obj
 0001:000303e4       InternalBaseLibIsListValid 00000000000413e4 f   BaseLib:LinkedList.obj
 0001:00030500       IsNodeInList               0000000000041500 f   BaseLib:LinkedList.obj
 0001:00030600       InitializeListHead         0000000000041600 f   BaseLib:LinkedList.obj
 0001:00030660       InsertTailList             0000000000041660 f   BaseLib:LinkedList.obj
 0001:00030748       GetFirstNode               0000000000041748 f   BaseLib:LinkedList.obj
 0001:0003079c       GetNextNode                000000000004179c f   BaseLib:LinkedList.obj
 0001:0003084c       IsListEmpty                000000000004184c f   BaseLib:LinkedList.obj
 0001:000308b4       IsNull                     00000000000418b4 f   BaseLib:LinkedList.obj
 0001:00030978       RemoveEntryList            0000000000041978 f   BaseLib:LinkedList.obj
 0001:000309f4       EfiCreateEventLegacyBootEx 00000000000419f4 f   UefiLib:UefiNotTiano.obj
 0001:00030b30       EfiCreateEventReadyToBoot  0000000000041b30 f   UefiLib:UefiNotTiano.obj
 0001:00030b58       EfiCreateEventReadyToBootEx 0000000000041b58 f   UefiLib:UefiNotTiano.obj
 0001:00030c94       EfiSignalEventReadyToBoot  0000000000041c94 f   UefiLib:UefiNotTiano.obj
 0001:00030d48       EfiGetNameGuidFromFwVolDevicePathNode 0000000000041d48 f   UefiLib:UefiNotTiano.obj
 0001:00030dc0       InternalPrint              0000000000041dc0 f   UefiLib:UefiLibPrint.obj
 0001:00030f44       Print                      0000000000041f44 f   UefiLib:UefiLibPrint.obj
 0001:0003102c       CreateBasicVariablePolicy  000000000004202c f   VariablePolicyHelperLib:VariablePolicyHelperLib.obj
 0001:00031208       RegisterBasicVariablePolicy 0000000000042208 f   VariablePolicyHelperLib:VariablePolicyHelperLib.obj
 0001:000312cc       GetFileBufferByFilePath    00000000000422cc f   DxeServicesLib:DxeServicesLib.obj
 0001:00031b78       EndPerformanceMeasurementEx 0000000000042b78 f   BasePerformanceLibNull:PerformanceLib.obj
 0001:00031b78       StartPerformanceMeasurementEx 0000000000042b78 f   BasePerformanceLibNull:PerformanceLib.obj
 0001:00031b78       LogPerformanceMeasurement  0000000000042b78 f   BasePerformanceLibNull:PerformanceLib.obj
 0001:00031b90       PerformanceMeasurementEnabled 0000000000042b90 f   BasePerformanceLibNull:PerformanceLib.obj
 0001:00031bb4       LogPerformanceMeasurementEnabled 0000000000042bb4 f   BasePerformanceLibNull:PerformanceLib.obj
 0002:00000000       _gPcd_FixedAtBuild_PcdMaxRepairCount 0000000000043000     UiApp:AutoGen.obj
 0002:00000000       _gUefiDriverRevision       0000000000043000     UiApp:AutoGen.obj
 0002:00000000       _gPcd_FixedAtBuild_PcdMaximumDevicePathNodeCount 0000000000043000     UiApp:AutoGen.obj
 0002:00000004       ??_C@_05NODKPMNK@UiApp@    0000000000043004     UiApp:AutoGen.obj
 0002:00000010       ??_C@_0CB@DMEJJJHA@?6ASSERT_EFI_ERROR?5?$CIStatus?5?$DN?5?$CFr?$CJ@ 0000000000043010     UiApp:AutoGen.obj
 0002:00000038       ??_C@_0DG@FLPEIDFK@?$CB?$CI?$CI?$CIRETURN_STATUS?$CJ?$CIStatus?$CJ?$CJ?5?$DO?$DN?5@ 0000000000043038     UiApp:AutoGen.obj
 0002:00000070       ??_C@_0GN@IJPLIKGD@D?3?2develop?2EDK2?2edk2?2Build?2Emul@ 0000000000043070     UiApp:AutoGen.obj
 0002:000000e0       _gPcd_FixedAtBuild_PcdDriverHealthConfigureForm 00000000000430e0     UiApp:AutoGen.obj
 0002:000000f0       _gPcd_FixedAtBuild_PcdErrorCodeSetVariable 00000000000430f0     UiApp:AutoGen.obj
 0002:000000f4       _gPcd_FixedAtBuild_PcdMaximumUnicodeStringLength 00000000000430f4     UiApp:AutoGen.obj
 0002:000000f4       _gPcd_FixedAtBuild_PcdMaximumAsciiStringLength 00000000000430f4     UiApp:AutoGen.obj
 0002:000000f4       _gPcd_FixedAtBuild_PcdMaximumLinkedListLength 00000000000430f4     UiApp:AutoGen.obj
 0002:000000f8       _gPcd_FixedAtBuild_PcdReportStatusCodePropertyMask 00000000000430f8     UiApp:AutoGen.obj
 0002:000000fc       _gPcd_FixedAtBuild_PcdFirmwareVersionString 00000000000430fc     UiApp:AutoGen.obj
 0002:00000100       _gPcd_FixedAtBuild_PcdDebugPrintErrorLevel 0000000000043100     UiApp:AutoGen.obj
 0002:00000104       _gPcd_FixedAtBuild_PcdUefiLibMaxPrintBufferSize 0000000000043104     UiApp:AutoGen.obj
 0002:00000108       _gPcd_FixedAtBuild_PcdFixedDebugPrintErrorLevel 0000000000043108     UiApp:AutoGen.obj
 0002:0000010c       _gPcd_FixedAtBuild_PcdResetOnMemoryTypeInformationChange 000000000004310c     UiApp:AutoGen.obj
 0002:0000010c       _gPcd_FixedAtBuild_PcdPerformanceLibraryPropertyMask 000000000004310c     UiApp:AutoGen.obj
 0002:0000010c       _gPcd_FixedAtBuild_PcdVerifyNodeInList 000000000004310c     UiApp:AutoGen.obj
 0002:00000110       _gPcd_FixedAtBuild_PcdBootManagerMenuFile 0000000000043110     UiApp:AutoGen.obj
 0002:00000120       _gPcd_FixedAtBuild_PcdDebugPropertyMask 0000000000043120     UiApp:AutoGen.obj
 0002:00000128       _gPcd_FixedAtBuild_PcdUefiVariableDefaultPlatformLangCodes 0000000000043128     UiApp:AutoGen.obj
 0002:0000013c       _gPcd_FixedAtBuild_PcdProgressCodeOsLoaderLoad 000000000004313c     UiApp:AutoGen.obj
 0002:00000140       _gPcd_FixedAtBuild_PcdProgressCodeOsLoaderStart 0000000000043140     UiApp:AutoGen.obj
 0002:00000148       ??_C@_0CC@PIBHJFDN@StartOpCodeHandle?5?$CB?$DN?5?$CI?$CIvoid?5?$CK?$CJ?5@ 0000000000043148     UiApp:FrontPage.obj
 0002:00000170       ??_C@_0EA@IFMPOLLJ@D?3?2develop?2EDK2?2edk2?2MdeModuleP@ 0000000000043170     UiApp:FrontPage.obj
 0002:000001b0       ??_C@_0CA@FMKGPAPI@EndOpCodeHandle?5?$CB?$DN?5?$CI?$CIvoid?5?$CK?$CJ?50?$CJ@ 00000000000431b0     UiApp:FrontPage.obj
 0002:000001d0       ??_C@_0CM@HGKGDJCC@gFrontPagePrivate?4HiiHandle?5?$CB?$DN?5@ 00000000000431d0     UiApp:FrontPage.obj
 0002:00000200       ??_C@_0BN@KDBDLHMK@StringBuffer?5?$CB?$DN?5?$CI?$CIvoid?5?$CK?$CJ?50?$CJ@ 0000000000043200     UiApp:FrontPage.obj
 0002:00000220       ??_C@_13JOFGPIOO@?$AA?4@   0000000000043220     UiApp:FrontPage.obj
 0002:00000228       ??_C@_19JHPJJHFE@?$AA?5?$AAG?$AAH?$AAz@ 0000000000043228     UiApp:FrontPage.obj
 0002:00000238       ??_C@_1BA@NLEEMPFA@?$AA?5?$AAM?$AAB?$AA?5?$AAR?$AAA?$AAM@ 0000000000043238     UiApp:FrontPage.obj
 0002:00000248       ??_C@_0BK@KLJHMMPJ@HiiHandle?5?$CB?$DN?5?$CI?$CIvoid?5?$CK?$CJ?50?$CJ@ 0000000000043248     UiApp:FrontPage.obj
 0002:00000268       ??_C@_0BO@IOFODAMB@StringBuffer1?5?$CB?$DN?5?$CI?$CIvoid?5?$CK?$CJ?50?$CJ@ 0000000000043268     UiApp:FrontPage.obj
 0002:00000288       ??_C@_0BO@GENIONKD@StringBuffer2?5?$CB?$DN?5?$CI?$CIvoid?5?$CK?$CJ?50?$CJ@ 0000000000043288     UiApp:FrontPage.obj
 0002:000002b0       ??_C@_1FM@DPJPLHJF@?$AAC?$AAo?$AAn?$AAf?$AAi?$AAg?$AAu?$AAr?$AAa?$AAt?$AAi?$AAo?$AAn?$AA?5?$AAc@ 00000000000432b0     UiApp:FrontPage.obj
 0002:00000310       ??_C@_1CK@LOFHOMO@?$AAP?$AAr?$AAe?$AAs?$AAs?$AA?5?$AAE?$AAN?$AAT?$AAE?$AAR?$AA?5?$AAt?$AAo?$AA?5@ 0000000000043310     UiApp:FrontPage.obj
 0002:00000340       ??_C@_0CC@HFEIDHIP@gStringPackHandle?5?$CB?$DN?5?$CI?$CIvoid?5?$CK?$CJ?5@ 0000000000043340     UiApp:String.obj
 0002:00000368       ??_C@_0DN@MIIAOKJA@D?3?2develop?2EDK2?2edk2?2MdeModuleP@ 0000000000043368     UiApp:String.obj
 0002:000003a8       ??_C@_0BJ@NJEGJHFI@LangCode?5?$CB?$DN?5?$CI?$CIvoid?5?$CK?$CJ?50?$CJ@ 00000000000433a8     UiApp:FrontPageCustomizedUiSupport.obj
 0002:000003d0       ??_C@_0FD@MIDCMNCK@D?3?2develop?2EDK2?2edk2?2MdeModuleP@ 00000000000433d0     UiApp:FrontPageCustomizedUiSupport.obj
 0002:00000428       ??_C@_0BK@FANDPBIH@?$CKLangCode?5?$CB?$DN?5?$CI?$CIvoid?5?$CK?$CJ?50?$CJ@ 0000000000043428     UiApp:FrontPageCustomizedUiSupport.obj
 0002:00000448       ??_C@_0BF@KEEBGAAP@Lang?5?$CB?$DN?5?$CI?$CIvoid?5?$CK?$CJ?50?$CJ@ 0000000000043448     UiApp:FrontPageCustomizedUiSupport.obj
 0002:00000460       ??_C@_1BK@GGGENMOA@?$AAP?$AAl?$AAa?$AAt?$AAf?$AAo?$AAr?$AAm?$AAL?$AAa?$AAn?$AAg@ 0000000000043460     UiApp:FrontPageCustomizedUiSupport.obj
 0002:00000480       ??_C@_0BC@FEDIJHFF@?$CI?$CIBOOLEAN?$CJ?$CI0?$DN?$DN1?$CJ?$CJ@ 0000000000043480     UiApp:FrontPageCustomizedUiSupport.obj
 0002:00000498       ??_C@_0CE@KJODLANI@OptionsOpCodeHandle?5?$CB?$DN?5?$CI?$CIvoid?5?$CK@ 0000000000043498     UiApp:FrontPageCustomizedUiSupport.obj
 0002:000004c0       ??_C@_1CE@GLBFGNOF@?$AAP?$AAl?$AAa?$AAt?$AAf?$AAo?$AAr?$AAm?$AAL?$AAa?$AAn?$AAg?$AAC?$AAo?$AAd@ 00000000000434c0     UiApp:FrontPageCustomizedUiSupport.obj
 0002:000004e8       ??_C@_0CA@MJALGHG@gLanguageString?5?$CB?$DN?5?$CI?$CIvoid?5?$CK?$CJ?50?$CJ@ 00000000000434e8     UiApp:FrontPageCustomizedUiSupport.obj
 0002:00000508       ??_C@_0BP@CAHLJC@gLanguageToken?5?$CB?$DN?5?$CI?$CIvoid?5?$CK?$CJ?50?$CJ@ 0000000000043508     UiApp:FrontPageCustomizedUiSupport.obj
 0002:00000528       ??_C@_0BH@OOIJJHNK@Handle?5?$CB?$DN?5?$CI?$CIvoid?5?$CK?$CJ?50?$CJ@ 0000000000043528     UiApp:FrontPageCustomizedUiSupport.obj
 0002:00000540       ??_C@_0BL@IONPMOEP@HiiHandles?5?$CB?$DN?5?$CI?$CIvoid?5?$CK?$CJ?50?$CJ@ 0000000000043540     UiApp:FrontPageCustomizedUiSupport.obj
 0002:00000560       ??_C@_0BP@DAEDPINL@gHiiDriverList?5?$CB?$DN?5?$CI?$CIvoid?5?$CK?$CJ?50?$CJ@ 0000000000043560     UiApp:FrontPageCustomizedUiSupport.obj
 0002:00000580       ??_C@_0BH@MAAHKCPC@String?5?$CB?$DN?5?$CI?$CIvoid?5?$CK?$CJ?50?$CJ@ 0000000000043580     UiApp:FrontPageCustomizedUiSupport.obj
 0002:00000598       ??_C@_0BO@BDDNGENM@DriverListPtr?5?$CB?$DN?5?$CI?$CIvoid?5?$CK?$CJ?50?$CJ@ 0000000000043598     UiApp:FrontPageCustomizedUiSupport.obj
 0002:000005b8       ??_C@_0DK@EENHMBAL@D?3?2develop?2EDK2?2edk2?2MdePkg?2Lib@ 00000000000435b8     DxePcdLib:DxePcdLib.obj
 0002:000005f8       ??_C@_0BF@OOKDELHM@mPcd?5?$CB?$DN?5?$CI?$CIvoid?5?$CK?$CJ?50?$CJ@ 00000000000435f8     DxePcdLib:DxePcdLib.obj
 0002:00000610       ??_C@_0BF@PEDOPNMP@Guid?5?$CB?$DN?5?$CI?$CIvoid?5?$CK?$CJ?50?$CJ@ 0000000000043610     DxePcdLib:DxePcdLib.obj
 0002:00000628       ??_C@_0BH@IACGKAP@Buffer?5?$CB?$DN?5?$CI?$CIvoid?5?$CK?$CJ?50?$CJ@ 0000000000043628     DxePcdLib:DxePcdLib.obj
 0002:00000640       ??_C@_0CI@BGLNHBLM@?$CI?$CI?$CIUINTN?$CJ?5?$CIStartOfBuffer?$CJ?$CJ?5?$CG?50x@ 0000000000043640     BasePrintLib:PrintLib.obj
 0002:00000668       ??_C@_0DM@PGBJNMOK@D?3?2develop?2EDK2?2edk2?2MdePkg?2Lib@ 0000000000043668     BasePrintLib:PrintLib.obj
 0002:000006a8       ??_C@_0CH@KJLBGOBB@?$CI?$CI?$CIUINTN?$CJ?5?$CIFormatString?$CJ?$CJ?5?$CG?50x0@ 00000000000436a8     BasePrintLib:PrintLib.obj
 0002:000006d0       ??_C@_0CB@LDBAOPMG@?$CI?$CI?$CIUINTN?$CJ?5?$CIBuffer?$CJ?$CJ?5?$CG?50x01?$CJ?5?$DN?$DN?5@ 00000000000436d0     BasePrintLib:PrintLib.obj
 0002:00000700       ??_C@_0EE@MECDHINL@D?3?2develop?2EDK2?2edk2?2MdePkg?2Lib@ 0000000000043700     BasePrintLib:PrintLibInternal.obj
 0002:00000748       ??_C@_0BJ@CNKJJNE@?$CIBuffer?5?$CB?$DN?5?$CI?$CIvoid?5?$CK?$CJ?50?$CJ?$CJ@ 0000000000043748     BasePrintLib:PrintLibInternal.obj
 0002:00000770       ??_C@_0EB@HDGIDCIO@?$CIBufferSize?5?$DM?$DN?5?$CI_gPcd_FixedAtBu@ 0000000000043770     BasePrintLib:PrintLibInternal.obj
 0002:000007c0       ??_C@_0FJ@HAEMOBLP@?$CIBufferSize?5?$DM?$DN?5?$CI_gPcd_FixedAtBu@ 00000000000437c0     BasePrintLib:PrintLibInternal.obj
 0002:00000820       ??_C@_0CO@OJNGHNJG@?$CI?$CIFlags?5?$CG?5?$HO?$CI0x01?5?$HM?50x08?5?$HM?50x20?5@ 0000000000043820     BasePrintLib:PrintLibInternal.obj
 0002:00000850       ??_C@_0DB@HIDPIAGP@?$CI?$CI?$CIFlags?5?$CG?50x08?$CJ?5?$DN?$DN?50?$CJ?5?$HM?$HM?5?$CI?$CIFla@ 0000000000043850     BasePrintLib:PrintLibInternal.obj
 0002:00000888       ??_C@_0N@PNKFBKME@?$CIWidth?5?$DM?538?$CJ@ 0000000000043888     BasePrintLib:PrintLibInternal.obj
 0002:00000898       ??_C@_0CI@HPJOGFNE@?$CIBufferSize?5?$DO?$DN?5?$CIWidth?5?$CL?51?$CJ?5?$CK?5In@ 0000000000043898     BasePrintLib:PrintLibInternal.obj
 0002:000008c0       ??_C@_0BJ@PPAKKDJG@?$CIFormat?5?$CB?$DN?5?$CI?$CIvoid?5?$CK?$CJ?50?$CJ?$CJ@ 00000000000438c0     BasePrintLib:PrintLibInternal.obj
 0002:000008e0       ??_C@_0ED@LPDDCECB@?$CIBufferSize?5?$DM?$DN?5?$CI_gPcd_FixedAtBu@ 00000000000438e0     BasePrintLib:PrintLibInternal.obj
 0002:00000930       ??_C@_0IM@BFJJFLGB@?$CIStrnLenS?5?$CI?$CICHAR16?5?$CK?$CJFormat?0?5?$CI_@ 0000000000043930     BasePrintLib:PrintLibInternal.obj
 0002:000009c0       ??_C@_0ID@PLGJGION@?$CIAsciiStrnLenS?5?$CIFormat?0?5?$CI_gPcd_@ 00000000000439c0     BasePrintLib:PrintLibInternal.obj
 0002:00000a48       ??_C@_0O@MLOLIMFM@?$DMnull?5string?$DO@ 0000000000043a48     BasePrintLib:PrintLibInternal.obj
 0002:00000a58       ??_C@_0M@BJJDNPHK@?$DMnull?5guid?$DO@ 0000000000043a58     BasePrintLib:PrintLibInternal.obj
 0002:00000a68       ??_C@_0DB@PMLHLBMO@?$CF08x?9?$CF04x?9?$CF04x?9?$CF02x?$CF02x?9?$CF02x?$CF02@ 0000000000043a68     BasePrintLib:PrintLibInternal.obj
 0002:00000aa0       ??_C@_0M@LHGBCIKM@?$DMnull?5time?$DO@ 0000000000043aa0     BasePrintLib:PrintLibInternal.obj
 0002:00000ab0       ??_C@_0BK@FCPKCIDD@?$CF02d?1?$CF02d?1?$CF04d?5?5?$CF02d?3?$CF02d@ 0000000000043ab0     BasePrintLib:PrintLibInternal.obj
 0002:00000acc       ??_C@_04JIMNDDED@?$CF08X@  0000000000043acc     BasePrintLib:PrintLibInternal.obj
 0002:00000ad4       ??_C@_02PCIJFNDE@?$AN?6@   0000000000043ad4     BasePrintLib:PrintLibInternal.obj
 0002:00000ad8       ??_C@_01LIIJDEN@?$AN@      0000000000043ad8     BasePrintLib:PrintLibInternal.obj
 0002:00000ae0       mWarningString             0000000000043ae0     BasePrintLib:PrintLibInternal.obj
 0002:00000bb0       mErrorString               0000000000043bb0     BasePrintLib:PrintLibInternal.obj
 0002:00000e90       mHexStr                    0000000000043e90     BasePrintLib:PrintLibInternal.obj
 0002:00000ea0       ??_C@_0BH@LKMBFCBF@Format?5?$CB?$DN?5?$CI?$CIvoid?5?$CK?$CJ?50?$CJ@ 0000000000043ea0     PeiDxeDebugLibReportStatusCode:DebugLib.obj
 0002:00000ec0       ??_C@_0FE@BEFIIBEL@D?3?2develop?2EDK2?2edk2?2MdeModuleP@ 0000000000043ec0     PeiDxeDebugLibReportStatusCode:DebugLib.obj
 0002:00000f18       ??_C@_0CP@EFCGCEBK@?$CICHAR8?5?$CK?$CJBaseListMarkerPointer?5@ 0000000000043f18     PeiDxeDebugLibReportStatusCode:DebugLib.obj
 0002:00000f48       ??_C@_01OHGJGJJP@?$FL@     0000000000043f48     PeiDxeDebugLibReportStatusCode:DebugLib.obj
 0002:00000f4c       ??_C@_02PBFOLPKM@?$FN?5@   0000000000043f4c     PeiDxeDebugLibReportStatusCode:DebugLib.obj
 0002:00000f50       ??_C@_0ED@MKGCMJG@?$CILength?5?9?51?$CJ?5?$DM?$DN?5?$CI0xFFFFFFFFFFFF@ 0000000000043f50     BaseMemoryLib:CopyMemWrapper.obj
 0002:00000fa0       ??_C@_0ED@JLFCAFGL@D?3?2develop?2EDK2?2edk2?2MdePkg?2Lib@ 0000000000043fa0     BaseMemoryLib:CopyMemWrapper.obj
 0002:00000fe8       ??_C@_0DO@MAOBOFEG@?$CILength?5?9?51?$CJ?5?$DM?$DN?5?$CI0xFFFFFFFFFFFF@ 0000000000043fe8     BaseMemoryLib:CopyMemWrapper.obj
 0002:00001028       ??_C@_0DG@EEENIGGL@Length?5?$DM?$DN?5?$CI0xFFFFFFFFFFFFFFFFUL@ 0000000000044028     BaseMemoryLib:MemLibGuid.obj
 0002:00001060       ??_C@_0DI@DAGDPLPG@?$CILength?5?9?51?$CJ?5?$DM?$DN?5?$CI0xFFFFFFFFFFFF@ 0000000000044060     BaseMemoryLib:SetMemWrapper.obj
 0002:000010a0       ??_C@_0EC@NIFDAJKM@D?3?2develop?2EDK2?2edk2?2MdePkg?2Lib@ 00000000000440a0     BaseMemoryLib:SetMemWrapper.obj
 0002:000010e8       ??_C@_0L@LBCNCHJA@Pages?5?$CB?$DN?50@ 00000000000440e8     UefiMemoryAllocationLib:MemoryAllocationLib.obj
 0002:00001100       ??_C@_0FC@FCCEPMJI@D?3?2develop?2EDK2?2edk2?2MdePkg?2Lib@ 0000000000044100     UefiMemoryAllocationLib:MemoryAllocationLib.obj
 0002:00001158       ??_C@_0CD@GECBLADO@?$CIAlignment?5?$CG?5?$CIAlignment?5?9?51?$CJ?$CJ?5?$DN@ 0000000000044158     UefiMemoryAllocationLib:MemoryAllocationLib.obj
 0002:00001180       ??_C@_0BC@BDMGDFME@RealPages?5?$DO?5Pages@ 0000000000044180     UefiMemoryAllocationLib:MemoryAllocationLib.obj
 0002:00001198       ??_C@_0DO@GEEICOOO@AllocationSize?5?$DM?$DN?5?$CI0xFFFFFFFFFF@ 0000000000044198     UefiMemoryAllocationLib:MemoryAllocationLib.obj
 0002:000011e0       ??_C@_0FH@KLOBJBPP@D?3?2develop?2EDK2?2edk2?2MdeModuleP@ 00000000000441e0     DxeReportStatusCodeLib:ReportStatusCodeLib.obj
 0002:00001238       ??_C@_0BM@HAIDGOCB@Description?5?$CB?$DN?5?$CI?$CIvoid?5?$CK?$CJ?50?$CJ@ 0000000000044238     DxeReportStatusCodeLib:ReportStatusCodeLib.obj
 0002:00001258       ??_C@_0BL@JFODOCGB@DevicePath?5?$CB?$DN?5?$CI?$CIvoid?5?$CK?$CJ?50?$CJ@ 0000000000044258     DxeReportStatusCodeLib:ReportStatusCodeLib.obj
 0002:00001278       ??_C@_0DN@HHIHPHHB@?$CB?$CI?$CIExtendedData?5?$DN?$DN?5?$CI?$CIvoid?5?$CK?$CJ?50?$CJ@ 0000000000044278     DxeReportStatusCodeLib:ReportStatusCodeLib.obj
 0002:000012b8       ??_C@_0DN@BBBIFINB@?$CB?$CI?$CIExtendedData?5?$CB?$DN?5?$CI?$CIvoid?5?$CK?$CJ?50?$CJ@ 00000000000442b8     DxeReportStatusCodeLib:ReportStatusCodeLib.obj
 0002:000012f8       ??_C@_0CC@GFNLNIOC@?$CI?$CIUINTN?$CJString?5?$CG?50x00000001?$CJ?5?$DN?$DN@ 00000000000442f8     BaseLib:SafeString.obj
 0002:00001320       ??_C@_0DJ@DNFJNBOO@D?3?2develop?2EDK2?2edk2?2MdePkg?2Lib@ 0000000000044320     BaseLib:SafeString.obj
 0002:00001360       ??_C@_0CH@LALFPBMC@?$CI?$CIUINTN?$CJDestination?5?$CG?50x0000000@ 0000000000044360     BaseLib:SafeString.obj
 0002:00001388       ??_C@_0CC@HEBCMBPF@?$CI?$CIUINTN?$CJSource?5?$CG?50x00000001?$CJ?5?$DN?$DN@ 0000000000044388     BaseLib:SafeString.obj
 0002:000013b0       ??_C@_0BO@ECNIOIHG@?$CIDestination?5?$CB?$DN?5?$CI?$CIvoid?5?$CK?$CJ?50?$CJ?$CJ@ 00000000000443b0     BaseLib:SafeString.obj
 0002:000013d0       ??_C@_07KBGDFDAM@StrCpyS@  00000000000443d0     BaseLib:SafeString.obj
 0002:000013e0       ??_C@_0EA@PDPDJJNN@?$CFa?$CI?$CFd?$CJ?5?$CFa?3?5SAFE_STRING_CONSTRAI@ 00000000000443e0     BaseLib:SafeString.obj
 0002:00001420       ??_C@_0BJ@EAEEJIP@?$CISource?5?$CB?$DN?5?$CI?$CIvoid?5?$CK?$CJ?50?$CJ?$CJ@ 0000000000044420     BaseLib:SafeString.obj
 0002:00001440       ??_C@_0EA@BBALOHPI@?$CIDestMax?5?$DM?$DN?5?$CI_gPcd_FixedAtBuild@ 0000000000044440     BaseLib:SafeString.obj
 0002:00001480       ??_C@_0P@PMIMLIHM@?$CIDestMax?5?$CB?$DN?50?$CJ@ 0000000000044480     BaseLib:SafeString.obj
 0002:00001490       ??_C@_0BG@EEGIIOKH@?$CIDestMax?5?$DO?5SourceLen?$CJ@ 0000000000044490     BaseLib:SafeString.obj
 0002:000014b0       ??_C@_0FH@PPBLBDBJ@InternalSafeStringNoStrOverlap?5@ 00000000000444b0     BaseLib:SafeString.obj
 0002:00001508       ??_C@_08INOAHJON@StrnCpyS@ 0000000000044508     BaseLib:SafeString.obj
 0002:00001518       ??_C@_0DP@PBOJGJC@?$CILength?5?$DM?$DN?5?$CI_gPcd_FixedAtBuild_@ 0000000000044518     BaseLib:SafeString.obj
 0002:00001558       ??_C@_07EBBOPAKF@StrCatS@  0000000000044558     BaseLib:SafeString.obj
 0002:00001560       ??_C@_0P@BHOOOJPD@?$CICopyLen?5?$CB?$DN?50?$CJ@ 0000000000044560     BaseLib:SafeString.obj
 0002:00001570       ??_C@_0BG@BPGICNPK@?$CICopyLen?5?$DO?5SourceLen?$CJ@ 0000000000044570     BaseLib:SafeString.obj
 0002:00001588       ??_C@_08GNJNNKEE@StrnCatS@ 0000000000044588     BaseLib:SafeString.obj
 0002:00001598       ??_C@_0DO@LJFOOPII@?$CIDestMax?5?$DM?$DN?5?$CI_gPcd_FixedAtBuild@ 0000000000044598     BaseLib:SafeString.obj
 0002:000015e0       ??_C@_0FL@CDANCHFO@InternalSafeStringNoAsciiStrOve@ 00000000000445e0     BaseLib:SafeString.obj
 0002:00001640       ??_C@_0O@DIHNCLLG@AsciiStrnCpyS@ 0000000000044640     BaseLib:SafeString.obj
 0002:00001650       ??_C@_0DN@DLAADCJE@?$CILength?5?$DM?$DN?5?$CI_gPcd_FixedAtBuild_@ 0000000000044650     BaseLib:SafeString.obj
 0002:00001690       ??_C@_0BG@MFINJFHO@AsciiStrToUnicodeStrS@ 0000000000044690     BaseLib:SafeString.obj
 0002:000016b0       ??_C@_0GF@GCLJAOAI@?$CBInternalSafeStringIsOverlap?5?$CID@ 00000000000446b0     BaseLib:SafeString.obj
 0002:00001718       ??_C@_0DF@EAHDDLM@D?3?2develop?2EDK2?2edk2?2MdePkg?2Lib@ 0000000000044718     BaseLib:String.obj
 0002:00001750       ??_C@_0DK@EOJCOAME@Length?5?$DM?5_gPcd_FixedAtBuild_Pcd@ 0000000000044750     BaseLib:String.obj
 0002:00001790       ??_C@_0BL@JAAMOCAJ@StrSize?5?$CIFirstString?$CJ?5?$CB?$DN?50@ 0000000000044790     BaseLib:String.obj
 0002:000017b0       ??_C@_0BM@DALBOILC@StrSize?5?$CISecondString?$CJ?5?$CB?$DN?50@ 00000000000447b0     BaseLib:String.obj
 0002:000017d0       ??_C@_0DL@LFIMEMJP@Length?5?$DM?$DN?5_gPcd_FixedAtBuild_Pc@ 00000000000447d0     BaseLib:String.obj
 0002:00001810       ??_C@_0BG@KBNOLIGE@StrSize?5?$CIString?$CJ?5?$CB?$DN?50@ 0000000000044810     BaseLib:String.obj
 0002:00001828       ??_C@_0BM@NNBLOHJD@StrSize?5?$CISearchString?$CJ?5?$CB?$DN?50@ 0000000000044828     BaseLib:String.obj
 0002:00001848       ??_C@_0DI@MDIKFADO@Length?5?$DM?5_gPcd_FixedAtBuild_Pcd@ 0000000000044848     BaseLib:String.obj
 0002:00001880       ??_C@_0BL@IKFBNFIL@AsciiStrSize?5?$CIFirstString?$CJ@ 0000000000044880     BaseLib:String.obj
 0002:000018a0       ??_C@_0BM@EDNOKLLE@AsciiStrSize?5?$CISecondString?$CJ@ 00000000000448a0     BaseLib:String.obj
 0002:000018c0       ??_C@_0DJ@JJHGIFMP@Length?5?$DM?$DN?5_gPcd_FixedAtBuild_Pc@ 00000000000448c0     BaseLib:String.obj
 0002:00001900       ??_C@_0L@MEMPDLHB@Count?5?$DM?564@ 0000000000044900     BaseLib:RShiftU64.obj
 0002:00001910       ??_C@_0DI@LFEKCMNO@D?3?2develop?2EDK2?2edk2?2MdePkg?2Lib@ 0000000000044910     BaseLib:RShiftU64.obj
 0002:00001948       ??_C@_0DI@MBLLHEOH@D?3?2develop?2EDK2?2edk2?2MdePkg?2Lib@ 0000000000044948     BaseLib:Unaligned.obj
 0002:00001980       ??_C@_0N@KGHEHMDL@Divisor?5?$CB?$DN?50@ 0000000000044980     BaseLib:DivU64x32Remainder.obj
 0002:00001990       ??_C@_0EB@NJAKFAEH@D?3?2develop?2EDK2?2edk2?2MdePkg?2Lib@ 0000000000044990     BaseLib:DivU64x32Remainder.obj
 0002:000019d8       ??_C@_0DI@FAGDBCDM@D?3?2develop?2EDK2?2edk2?2MdePkg?2Lib@ 00000000000449d8     BaseLib:LShiftU64.obj
 0002:00001a10       ??_C@_0BF@CBLMFKOC@Node?5?$CB?$DN?5?$CI?$CIvoid?5?$CK?$CJ?50?$CJ@ 0000000000044a10     UefiDevicePathLib:DevicePathUtilities.obj
 0002:00001a30       ??_C@_0EM@ILCAIIGE@D?3?2develop?2EDK2?2edk2?2MdePkg?2Lib@ 0000000000044a30     UefiDevicePathLib:DevicePathUtilities.obj
 0002:00001a80       ??_C@_0EH@ENCEEKKL@?$CILength?5?$DO?$DN?5sizeof?5?$CIEFI_DEVICE_P@ 0000000000044a80     UefiDevicePathLib:DevicePathUtilities.obj
 0002:00001ac8       ??_C@_0BF@MBJFHGBE@Size?5?$CB?$DN?5?$CI?$CIvoid?5?$CK?$CJ?50?$CJ@ 0000000000044ac8     UefiDevicePathLib:DevicePathUtilities.obj
 0002:00001ae0       mUefiDevicePathLibEndDevicePath 0000000000044ae0     UefiDevicePathLib:DevicePathUtilities.obj
 0002:00001ae8       ??_C@_1BA@NGCDBIG@?$AAP?$AAr?$AAi?$AAm?$AAa?$AAr?$AAy@ 0000000000044ae8     UefiDevicePathLib:DevicePathFromText.obj
 0002:00001af8       ??_C@_1BE@BGLPHBHD@?$AAS?$AAe?$AAc?$AAo?$AAn?$AAd?$AAa?$AAr?$AAy@ 0000000000044af8     UefiDevicePathLib:DevicePathFromText.obj
 0002:00001b10       ??_C@_1O@MHJLHGPK@?$AAM?$AAa?$AAs?$AAt?$AAe?$AAr@ 0000000000044b10     UefiDevicePathLib:DevicePathFromText.obj
 0002:00001b20       ??_C@_1M@MJNGBMFK@?$AAS?$AAl?$AAa?$AAv?$AAe@ 0000000000044b20     UefiDevicePathLib:DevicePathFromText.obj
 0002:00001b30       ??_C@_1BA@NAMMFHHL@?$AAX?$AAo?$AAn?$AAX?$AAo?$AAf?$AAf@ 0000000000044b30     UefiDevicePathLib:DevicePathFromText.obj
 0002:00001b40       ??_C@_1BC@MAICEHGI@?$AAH?$AAa?$AAr?$AAd?$AAw?$AAa?$AAr?$AAe@ 0000000000044b40     UefiDevicePathLib:DevicePathFromText.obj
 0002:00001b58       ??_C@_19BPNGBNAI@?$AAS?$AAA?$AAT?$AAA@ 0000000000044b58     UefiDevicePathLib:DevicePathFromText.obj
 0002:00001b68       ??_C@_17FMMIKNDG@?$AAS?$AAA?$AAS@ 0000000000044b68     UefiDevicePathLib:DevicePathFromText.obj
 0002:00001b70       ??_C@_1BC@KMFBFJEN@?$AAE?$AAx?$AAt?$AAe?$AAr?$AAn?$AAa?$AAl@ 0000000000044b70     UefiDevicePathLib:DevicePathFromText.obj
 0002:00001b88       ??_C@_1BC@FBOHHDN@?$AAI?$AAn?$AAt?$AAe?$AAr?$AAn?$AAa?$AAl@ 0000000000044b88     UefiDevicePathLib:DevicePathFromText.obj
 0002:00001ba0       ??_C@_1BC@EEIMPKHO@?$AAE?$AAx?$AAp?$AAa?$AAn?$AAd?$AAe?$AAd@ 0000000000044ba0     UefiDevicePathLib:DevicePathFromText.obj
 0002:00001bb8       ??_C@_1O@MDCABJAO@?$AAD?$AAi?$AAr?$AAe?$AAc?$AAt@ 0000000000044bb8     UefiDevicePathLib:DevicePathFromText.obj
[...]
 0005:00000140       $unwind$BmGetRamDiskDevicePath 0000000000054140     UefiBootManagerLib:BmBoot.obj
 0005:00000140       $unwind$BmIsBootManagerMenuFilePath 0000000000054140     UefiBootManagerLib:BmBoot.obj
 0005:00000140       $unwind$BmIsFvFilePath     0000000000054140     UefiBootManagerLib:BmBoot.obj
 0005:00000140       $unwind$BmDevicePathType   0000000000054140     UefiBootManagerLib:BmBootDescription.obj
 0005:00000140       $unwind$BmGetActiveConsoleIn 0000000000054140     UefiBootManagerLib:BmHotkey.obj
 0005:00000140       $unwind$HiiGetSupportedLanguages 0000000000054140     UefiHiiLib:HiiLanguage.obj
 0005:00000140       $unwind$InternalBaseLibIsListValid 0000000000054140     BaseLib:LinkedList.obj
 0005:00000140       $unwind$IsZeroGuid         0000000000054140     BaseMemoryLib:MemLibGuid.obj
 0005:00000148       $unwind$LibFindFiles       0000000000054148     FileExplorerLib:FileExplorer.obj
 0005:00000148       $unwind$BmFindUsbDevice    0000000000054148     UefiBootManagerLib:BmBoot.obj
 0005:00000148       $unwind$BmAddOptionNumberToOrderVariable 0000000000054148     UefiBootManagerLib:BmLoadOption.obj
 0005:00000148       $unwind$InternalMemCopyMem 0000000000054148     BaseMemoryLib:CopyMem.obj
 0005:00000150       $unwind$IsTerminalDevicePath 0000000000054150     BootMaintenanceManagerUiLib:ConsoleOption.obj
 0005:00000150       $unwind$EfiBootManagerIsValidLoadOptionVariableName 0000000000054150     UefiBootManagerLib:BmLoadOption.obj
 0005:00000150       $unwind$InternalHiiBlockToConfig 0000000000054150     UefiHiiLib:HiiLib.obj
 0005:00000150       $unwind$InternalHiiBrowserCallback 0000000000054150     UefiHiiLib:HiiLib.obj
 0005:00000150       $unwind$AsciiStrToUnicodeStrS 0000000000054150     BaseLib:SafeString.obj
 0005:00000150       $unwind$StrCpyS            0000000000054150     BaseLib:SafeString.obj
 0005:00000150       $unwind$InternalMemSetMem  0000000000054150     BaseMemoryLib:SetMem.obj
 0005:00000158       $unwind$UefiDevicePathLibConvertDevicePathToText 0000000000054158     UefiDevicePathLib:DevicePathToText.obj
 0005:00000158       $unwind$InternalAllocateAlignedPages 0000000000054158     UefiMemoryAllocationLib:MemoryAllocationLib.obj
 0005:00000160       $unwind$MultU64x32         0000000000054160     BaseLib:MultU64x32.obj
 0005:00000160       $unwind$InternalAllocatePool 0000000000054160     UefiMemoryAllocationLib:MemoryAllocationLib.obj
 0005:00000160       $unwind$InternalAllocateZeroPool 0000000000054160     UefiMemoryAllocationLib:MemoryAllocationLib.obj
 0005:00000168       $unwind$InternalReallocatePool 0000000000054168     UefiMemoryAllocationLib:MemoryAllocationLib.obj
 0005:00000170       $unwind$InternalReportStatusCode 0000000000054170     DxeReportStatusCodeLib:ReportStatusCodeLib.obj
 0005:00000178       $unwind$ReportStatusCode   0000000000054178     DxeReportStatusCodeLib:ReportStatusCodeLib.obj
 0005:00000178       $unwind$BmGetSdMmcManufacturerName 0000000000054178     UefiBootManagerLib:BmBootDescription.obj
 0005:00000180       $unwind$ReportStatusCodeEx 0000000000054180     DxeReportStatusCodeLib:ReportStatusCodeLib.obj
 0005:00000190       $unwind$RegisterBasicVariablePolicy 0000000000054190     VariablePolicyHelperLib:VariablePolicyHelperLib.obj
 0005:00000190       $unwind$AsciiStrnCpyS      0000000000054190     BaseLib:SafeString.obj
 0005:00000190       $unwind$StrnCpyS           0000000000054190     BaseLib:SafeString.obj
 0005:00000190       $unwind$DevPathToTextAtapi 0000000000054190     UefiDevicePathLib:DevicePathToText.obj
 0005:00000190       $unwind$DevPathToTextBluetooth 0000000000054190     UefiDevicePathLib:DevicePathToText.obj
 0005:00000190       $unwind$DevPathToTextInfiniBand 0000000000054190     UefiDevicePathLib:DevicePathToText.obj
 0005:00000190       $unwind$DevPathToTextUsbWWID 0000000000054190     UefiDevicePathLib:DevicePathToText.obj
 0005:00000190       $unwind$DevPathToTextiSCSI 0000000000054190     UefiDevicePathLib:DevicePathToText.obj
 0005:00000198       $unwind$AsciiStrnLenS      0000000000054198     BaseLib:SafeString.obj
 0005:00000198       $unwind$InternalMemIsZeroBuffer 0000000000054198     BaseMemoryLib:MemLibGeneric.obj
 0005:000001a0       $unwind$InternalMathDivRemU64x32 00000000000541a0     BaseLib:Math64.obj
 0005:000001a8       $unwind$BootMaintenanceManagerUiLibConstructor 00000000000541a8     BootMaintenanceManagerUiLib:BootMaintenance.obj
 0005:000001a8       $unwind$UpdateConsoleContent 00000000000541a8     BootMaintenanceManagerUiLib:BootMaintenance.obj
 0005:000001a8       $unwind$UpdateProgress     00000000000541a8     BootMaintenanceManagerUiLib:BootMaintenance.obj
 0005:000001a8       $unwind$ReSendForm         00000000000541a8     BootMaintenanceManagerUiLib:BootOption.obj
 0005:000001a8       $unwind$MatchDevicePaths   00000000000541a8     BootMaintenanceManagerUiLib:ConsoleOption.obj
 0005:000001a8       $unwind$RetrieveUartUid    00000000000541a8     BootMaintenanceManagerUiLib:ConsoleOption.obj
 0005:000001a8       $unwind$BootManagerUiLibConstructor 00000000000541a8     BootManagerUiLib:BootManager.obj
 0005:000001a8       $unwind$BootManagerUiLibDestructor 00000000000541a8     BootManagerUiLib:BootManager.obj
 0005:000001a8       $unwind$DeviceManagerUiLibConstructor 00000000000541a8     DeviceManagerUiLib:DeviceManager.obj
 0005:000001a8       $unwind$DeviceManagerUiLibDestructor 00000000000541a8     DeviceManagerUiLib:DeviceManager.obj
 0005:000001a8       $unwind$FileExplorerLibConstructor 00000000000541a8     FileExplorerLib:FileExplorer.obj
 0005:000001a8       $unwind$FileExplorerLibDestructor 00000000000541a8     FileExplorerLib:FileExplorer.obj
 0005:000001a8       $unwind$LibFileInfo        00000000000541a8     FileExplorerLib:FileExplorer.obj
 0005:000001a8       $unwind$BmGetNextLoadOptionDevicePath 00000000000541a8     UefiBootManagerLib:BmBoot.obj
 0005:000001a8       $unwind$BmStopHotkeyService 00000000000541a8     UefiBootManagerLib:BmHotkey.obj
 0005:000001a8       $unwind$BmValidateOption   00000000000541a8     UefiBootManagerLib:BmLoadOption.obj
 0005:000001a8       $unwind$BmMatchDevicePaths 00000000000541a8     UefiBootManagerLib:BmMisc.obj
 0005:000001a8       $unwind$InternalHiiExtractGuidFromHiiHandle 00000000000541a8     UefiHiiLib:HiiLib.obj
 0005:000001a8       $unwind$IsNodeInList       00000000000541a8     BaseLib:LinkedList.obj
 0005:000001a8       $unwind$FileDevicePath     00000000000541a8     UefiDevicePathLib:DevicePathUtilities.obj
 0005:000001a8       $unwind$IsDevicePathValid  00000000000541a8     UefiDevicePathLib:DevicePathUtilities.obj
 0005:000001a8       $unwind$UefiDevicePathLibAppendDevicePathInstance 00000000000541a8     UefiDevicePathLib:DevicePathUtilities.obj
 0005:000001a8       $unwind$UefiDevicePathLibGetNextDevicePathInstance 00000000000541a8     UefiDevicePathLib:DevicePathUtilities.obj
 0005:000001b0       $unwind$BootMaintExtractConfig 00000000000541b0     BootMaintenanceManagerUiLib:BootMaintenance.obj
 0005:000001b0       $unwind$LibGetFileHandleFromDevicePath 00000000000541b0     FileExplorerLib:FileExplorer.obj
 0005:000001b0       $unwind$BmGetSdMmcDescription 00000000000541b0     UefiBootManagerLib:BmBootDescription.obj
 0005:000001b0       $unwind$HiiGetStringEx     00000000000541b0     UefiHiiLib:HiiString.obj
 0005:000001b0       $unwind$DevPathToTextVendor 00000000000541b0     UefiDevicePathLib:DevicePathToText.obj
 0005:000001b8       $unwind$DevPathToTextAcpiEx 00000000000541b8     UefiDevicePathLib:DevicePathToText.obj
 0005:000001c8       $unwind$DevPathToTextNVMe  00000000000541c8     UefiDevicePathLib:DevicePathToText.obj
 0005:000001d4       $unwind$CatIPv6Address     00000000000541d4     UefiDevicePathLib:DevicePathToText.obj
 0005:000001ec       $unwind$HiiCreateGuidOpCode 00000000000541ec     UefiHiiLib:HiiLib.obj
 0005:000001ec       $unwind$DevPathToTextWiFi  00000000000541ec     UefiDevicePathLib:DevicePathToText.obj
 0005:000001fc       $unwind$DevPathToTextBluetoothLE 00000000000541fc     UefiDevicePathLib:DevicePathToText.obj
 0005:00000204       $unwind$DevPathToTextRamDisk 0000000000054204     UefiDevicePathLib:DevicePathToText.obj
 0005:0000020c       $unwind$EfiBootManagerInitializeLoadOption 000000000005420c     UefiBootManagerLib:BmLoadOption.obj
 0005:0000020c       $unwind$PopulateCommonData 000000000005420c     VariablePolicyHelperLib:VariablePolicyHelperLib.obj
 0005:0000020c       $unwind$DevPathToTextEndInstance 000000000005420c     UefiDevicePathLib:DevicePathToText.obj
 0005:00000214       $unwind$UefiLibGetStringWidth 0000000000054214     UefiLib:Console.obj
 0005:0000021c       $unwind$CreatePopUp        000000000005421c     UefiLib:Console.obj
 0005:0000022c       $unwind$HiiGetHiiHandles   000000000005422c     UefiHiiLib:HiiLib.obj
 0005:0000023c       $unwind$IsNeedAddNetworkMenu 000000000005423c     DeviceManagerUiLib:DeviceManager.obj
 0005:0000023c       $unwind$BmGetControllerName 000000000005423c     UefiBootManagerLib:BmDriverHealth.obj
 0005:0000023c       $unwind$HiiConstructConfigHdr 000000000005423c     UefiHiiLib:HiiLib.obj
 0005:0000023c       $unwind$HiiGetFormSetFromHiiHandle 000000000005423c     UefiHiiLib:HiiLib.obj
 0005:00000244       $unwind$HiiCreateOneOfOptionOpCode 0000000000054244     UefiHiiLib:HiiLib.obj
 0005:00000254       $unwind$HiiCreateActionOpCode 0000000000054254     UefiHiiLib:HiiLib.obj
 0005:00000254       $unwind$HiiCreateGotoOpCode 0000000000054254     UefiHiiLib:HiiLib.obj
 0005:00000264       $unwind$BootManagerCallback 0000000000054264     BootManagerUiLib:BootManager.obj
 0005:00000264       $unwind$LibCallback        0000000000054264     FileExplorerLib:FileExplorer.obj
 0005:00000264       $unwind$HiiCreateSubTitleOpCode 0000000000054264     UefiHiiLib:HiiLib.obj
 0005:0000026c       $unwind$HiiCreateGotoExOpCode 000000000005426c     UefiHiiLib:HiiLib.obj
 0005:0000027c       $unwind$HiiCreateCheckBoxOpCode 000000000005427c     UefiHiiLib:HiiLib.obj
 0005:0000027c       $unwind$HiiCreateOrderedListOpCode 000000000005427c     UefiHiiLib:HiiLib.obj
 0005:0000027c       $unwind$HiiCreateStringOpCode 000000000005427c     UefiHiiLib:HiiLib.obj
 0005:0000028c       $unwind$HiiCreateNumericOpCode 000000000005428c     UefiHiiLib:HiiLib.obj
 0005:0000028c       $unwind$HiiCreateOneOfOpCode 000000000005428c     UefiHiiLib:HiiLib.obj
 0005:0000029c       $unwind$HiiCreateTextOpCode 000000000005429c     UefiHiiLib:HiiLib.obj
 0005:000002a4       $unwind$BmUpdateSystemTableConsole 00000000000542a4     UefiBootManagerLib:BmConsole.obj
 0005:000002a4       $unwind$BmSetVariableAndReportStatusCodeOnError 00000000000542a4     UefiBootManagerLib:BmMisc.obj
 0005:000002a4       $unwind$InternalHiiUpdateFormPackageData 00000000000542a4     UefiHiiLib:HiiLib.obj
 0005:000002ac       $unwind$HiiUpdateForm      00000000000542ac     UefiHiiLib:HiiLib.obj
 0005:000002b4       $unwind$UpdateComAttributeFromVariable 00000000000542b4     BootMaintenanceManagerUiLib:ConsoleOption.obj
 0005:000002b4       $unwind$UpdateBootDelPage  00000000000542b4     BootMaintenanceManagerUiLib:UpdatePage.obj
 0005:000002b4       $unwind$UpdateDriverAddHandleDescPage 00000000000542b4     BootMaintenanceManagerUiLib:UpdatePage.obj
 0005:000002b4       $unwind$UpdateDrvDelPage   00000000000542b4     BootMaintenanceManagerUiLib:UpdatePage.obj
 0005:000002b4       $unwind$UpdateTerminalPage 00000000000542b4     BootMaintenanceManagerUiLib:UpdatePage.obj
 0005:000002b4       $unwind$Var_UpdateBootOrder 00000000000542b4     BootMaintenanceManagerUiLib:Variable.obj
 0005:000002b4       $unwind$BmConnectUsbShortFormDevicePath 00000000000542b4     UefiBootManagerLib:BmConnect.obj
 0005:000002b4       $unwind$BmUnregisterHotkeyNotify 00000000000542b4     UefiBootManagerLib:BmHotkey.obj
 0005:000002bc       $unwind$BmFindBootOptionInVariable 00000000000542bc     UefiBootManagerLib:BmBoot.obj
 0005:000002cc       $unwind$BmAdjustFvFilePath 00000000000542cc     UefiBootManagerLib:BmBoot.obj
 0005:000002cc       $unwind$BmExpandLoadFiles  00000000000542cc     UefiBootManagerLib:BmBoot.obj
 0005:000002cc       $unwind$BmGetDriverName    00000000000542cc     UefiBootManagerLib:BmDriverHealth.obj
 0005:000002cc       $unwind$EfiBootManagerGetDriverHealthInfo 00000000000542cc     UefiBootManagerLib:BmDriverHealth.obj
 0005:000002d4       $unwind$BmMatchUsbClass    00000000000542d4     UefiBootManagerLib:BmBoot.obj
 0005:000002e4       $unwind$BmMatchUsbWwid     00000000000542e4     UefiBootManagerLib:BmBoot.obj
 0005:000002f4       $unwind$BmmCreateBootNextMenu 00000000000542f4     BootMaintenanceManagerUiLib:BootMaintenanceManagerCustomizedUiSupport.obj
 0005:000002f4       $unwind$GetMacAddressString 00000000000542f4     DeviceManagerUiLib:DeviceManager.obj
 0005:000002f4       $unwind$BmExpandFileDevicePath 00000000000542f4     UefiBootManagerLib:BmBoot.obj
 0005:000002f4       $unwind$BmExpandUriDevicePath 00000000000542f4     UefiBootManagerLib:BmBoot.obj
 0005:000002f4       $unwind$BmMakeBootOptionDescriptionUnique 00000000000542f4     UefiBootManagerLib:BmBootDescription.obj
 0005:000002fc       $unwind$BmEnumerateBootOptions 00000000000542fc     UefiBootManagerLib:BmBoot.obj
 0005:000002fc       $unwind$BmExpandPartitionDevicePath 00000000000542fc     UefiBootManagerLib:BmBoot.obj
 0005:00000304       $unwind$BmExpandLoadFile   0000000000054304     UefiBootManagerLib:BmBoot.obj
 0005:00000304       $unwind$BmExpandMediaDevicePath 0000000000054304     UefiBootManagerLib:BmBoot.obj
 0005:0000030c       $unwind$BmmCreateTimeOutMenu 000000000005430c     BootMaintenanceManagerUiLib:BootMaintenanceManagerCustomizedUiSupport.obj
 0005:0000030c       $unwind$LibAppendFileName  000000000005430c     FileExplorerLib:FileExplorer.obj
 0005:0000030c       $unwind$BmExpandNetworkFileSystem 000000000005430c     UefiBootManagerLib:BmBoot.obj
 0005:00000314       $unwind$BmReportLoadFailure 0000000000054314     UefiBootManagerLib:BmBoot.obj
 0005:00000324       $unwind$EfiBootManagerBoot 0000000000054324     UefiBootManagerLib:BmBoot.obj
 0005:0000032c       $unwind$EfiBootManagerUpdateConsoleVariable 000000000005432c     UefiBootManagerLib:BmConsole.obj
 0005:00000334       $unwind$BmForEachVariable  0000000000054334     UefiBootManagerLib:BmLoadOption.obj
 0005:00000344       $unwind$BmGetFreeOptionNumber 0000000000054344     UefiBootManagerLib:BmLoadOption.obj
 0005:0000034c       $unwind$EfiBootManagerLoadOptionToVariable 000000000005434c     UefiBootManagerLib:BmLoadOption.obj
 0005:0000035c       $unwind$EfiBootManagerDeleteLoadOptionVariable 000000000005435c     UefiBootManagerLib:BmLoadOption.obj
 0005:0000036c       $unwind$UpdateConsolePage  000000000005436c     BootMaintenanceManagerUiLib:UpdatePage.obj
 0005:0000036c       $unwind$EfiBootManagerVariableToLoadOptionEx 000000000005436c     UefiBootManagerLib:BmLoadOption.obj
 0005:00000374       $unwind$BmCollectLoadOptions 0000000000054374     UefiBootManagerLib:BmLoadOption.obj
 0005:00000384       $unwind$EfiBootManagerGetLoadOptions 0000000000054384     UefiBootManagerLib:BmLoadOption.obj
 0005:00000394       $unwind$BmGetNextLoadOptionBuffer 0000000000054394     UefiBootManagerLib:BmLoadOption.obj
 0005:0000039c       $unwind$BmGetDescriptionFromDiskInfo 000000000005439c     UefiBootManagerLib:BmBootDescription.obj
 0005:000003ac       $unwind$BOpt_GetOptionNumber 00000000000543ac     BootMaintenanceManagerUiLib:BootOption.obj
 0005:000003ac       $unwind$BmGetUsbDescription 00000000000543ac     UefiBootManagerLib:BmBootDescription.obj
 0005:000003bc       $unwind$BmGetNetworkDescription 00000000000543bc     UefiBootManagerLib:BmBootDescription.obj
 0005:000003c4       $unwind$BmGetNvmeDescription 00000000000543c4     UefiBootManagerLib:BmBootDescription.obj
 0005:000003d4       $unwind$GetConsoleOutMode  00000000000543d4     BootMaintenanceManagerUiLib:ConsoleOption.obj
 0005:000003d4       $unwind$Var_UpdateBootNext 00000000000543d4     BootMaintenanceManagerUiLib:Variable.obj
 0005:000003d4       $unwind$Var_UpdateDriverOrder 00000000000543d4     BootMaintenanceManagerUiLib:Variable.obj
 0005:000003d4       $unwind$BmGetBootDescription 00000000000543d4     UefiBootManagerLib:BmBootDescription.obj
 0005:000003d4       $unwind$BmGetMiscDescription 00000000000543d4     UefiBootManagerLib:BmBootDescription.obj
 0005:000003dc       $unwind$BmHotkeyCallback   00000000000543dc     UefiBootManagerLib:BmHotkey.obj
 0005:000003ec       $unwind$BmSetMemoryTypeInformationVariable 00000000000543ec     UefiBootManagerLib:BmMisc.obj
 0005:000003f4       $unwind$BmRepairAllControllers 00000000000543f4     UefiBootManagerLib:BmDriverHealth.obj
 0005:00000404       $unwind$BOpt_FindDrivers   0000000000054404     BootMaintenanceManagerUiLib:BootOption.obj
 0005:00000404       $unwind$LibFindFileSystem  0000000000054404     FileExplorerLib:FileExplorer.obj
 0005:0000040c       $unwind$ChangeTerminalDevicePath 000000000005440c     BootMaintenanceManagerUiLib:ConsoleOption.obj
 0005:0000040c       $unwind$LibCreateNewFile   000000000005440c     FileExplorerLib:FileExplorer.obj
 0005:00000414       $unwind$BmmSetupResetReminder 0000000000054414     BootMaintenanceManagerUiLib:BootOption.obj
 0005:00000414       $unwind$BmSetupResetReminder 0000000000054414     BootManagerUiLib:BootManager.obj
 0005:00000414       $unwind$LibUpdateFileExplorePage 0000000000054414     FileExplorerLib:FileExplorer.obj
 0005:0000041c       $unwind$UpdateOptionPage   000000000005441c     BootMaintenanceManagerUiLib:UpdatePage.obj
 0005:0000041c       $unwind$IsMacAddressDevicePath 000000000005441c     DeviceManagerUiLib:DeviceManager.obj
 0005:0000041c       $unwind$InternalPrint      000000000005441c     UefiLib:UefiLibPrint.obj
 0005:00000424       $unwind$CreateDeviceManagerForm 0000000000054424     DeviceManagerUiLib:DeviceManager.obj
 0005:00000434       $unwind$GroupMultipleLegacyBootOption4SameType 0000000000054434     BootManagerUiLib:BootManager.obj
 0005:00000444       $unwind$UpdateBootManager  0000000000054444     BootManagerUiLib:BootManager.obj
 0005:0000044c       $unwind$BootMaintRouteConfig 000000000005444c     BootMaintenanceManagerUiLib:BootMaintenance.obj
 0005:0000044c       $unwind$UpdateOrderPage    000000000005444c     BootMaintenanceManagerUiLib:UpdatePage.obj
 0005:00000454       $unwind$BootMaintCallback  0000000000054454     BootMaintenanceManagerUiLib:BootMaintenance.obj
 0005:0000045c       $unwind$UpdateConModePage  000000000005445c     BootMaintenanceManagerUiLib:UpdatePage.obj
 0005:0000046c       $unwind$BOpt_GetBootOptions 000000000005446c     BootMaintenanceManagerUiLib:BootOption.obj
 0005:0000047c       $unwind$BOpt_GetDriverOptions 000000000005447c     BootMaintenanceManagerUiLib:BootOption.obj
 0005:0000048c       $unwind$BootFromFile       000000000005448c     BootMaintenanceManagerUiLib:BootOption.obj
 0005:0000049c       $unwind$Var_UpdateConsoleOption 000000000005449c     BootMaintenanceManagerUiLib:Variable.obj
 0005:000004ac       $unwind$Var_UpdateDriverOption 00000000000544ac     BootMaintenanceManagerUiLib:Variable.obj
 0005:000004bc       $unwind$Var_UpdateBootOption 00000000000544bc     BootMaintenanceManagerUiLib:Variable.obj
 0005:000004cc       $unwind$Var_UpdateConMode  00000000000544cc     BootMaintenanceManagerUiLib:Variable.obj
 0005:000004dc       $unwind$LocateSerialIo     00000000000544dc     BootMaintenanceManagerUiLib:ConsoleOption.obj
 0005:000004ec       $unwind$GetConsoleMenu     00000000000544ec     BootMaintenanceManagerUiLib:ConsoleOption.obj
 0005:000004f4       $unwind$BmmListThirdPartyDrivers 00000000000544f4     BootMaintenanceManagerUiLib:BootMaintenanceManagerCustomizedUiSupport.obj
 0005:000004fc       $unwind$SetMem16           00000000000544fc     BaseMemoryLib:SetMem16Wrapper.obj
 0005:00000504       $unwind$GetFileBufferByFilePath 0000000000054504     DxeServicesLib:DxeServicesLib.obj
