 EmuSnpDxe.dll

 Timestamp is 68f5fe98 (Mon Oct 20 17:19:20 2025)

 Preferred load address is 0000000000010000

 Start         Length     Name                   Class
 0001:00000000 00000ae4H .text                   CODE
 0001:00000ae4 00005463H .text$mn                CODE
 0002:00000000 00000d68H .rdata                  DATA
 0002:00000d68 00000018H .rdata$voltmd           DATA
 0002:00000d80 0000014cH .rdata$zzzdbg           DATA
 0003:00000000 00000470H .data                   DATA
 0003:00000470 00000038H .bss                    DATA
 0004:00000000 00000438H .pdata                  DATA
 0005:00000000 00000110H .xdata                  DATA

  Address         Publics by Value              Rva+Base               Lib:Object

 0000:00000000       __guard_flags              0000000000000000     <absolute>
 0000:00000000       __guard_fids_count         0000000000000000     <absolute>
 0000:00000000       __arm64x_extra_rfe_table   0000000000000000     <absolute>
 0000:00000000       __x64_code_ranges_to_entry_points_count 0000000000000000     <absolute>
 0000:00000000       __arm64x_redirection_metadata 0000000000000000     <absolute>
 0000:00000000       __guard_iat_table          0000000000000000     <absolute>
 0000:00000000       __x64_code_ranges_to_entry_points 0000000000000000     <absolute>
 0000:00000000       __guard_eh_cont_count      0000000000000000     <absolute>
 0000:00000000       __guard_iat_count          0000000000000000     <absolute>
 0000:00000000       __hybrid_code_map          0000000000000000     <absolute>
 0000:00000000       __guard_longjmp_count      0000000000000000     <absolute>
 0000:00000000       __dynamic_value_reloc_table 0000000000000000     <absolute>
 0000:00000000       __arm64x_extra_rfe_table_size 0000000000000000     <absolute>
 0000:00000000       __hybrid_auxiliary_iat     0000000000000000     <absolute>
 0000:00000000       __hybrid_auxiliary_iat_copy 0000000000000000     <absolute>
 0000:00000000       __AbsoluteZero             0000000000000000     <absolute>
 0000:00000000       __guard_check_icall_a64n_fptr 0000000000000000     <absolute>
 0000:00000000       __guard_fids_table         0000000000000000     <absolute>
 0000:00000000       __guard_longjmp_table      0000000000000000     <absolute>
 0000:00000000       __arm64x_redirection_metadata_count 0000000000000000     <absolute>
 0000:00000000       __enclave_config           0000000000000000     <absolute>
 0000:00000000       __guard_eh_cont_table      0000000000000000     <absolute>
 0000:00000000       __arm64x_native_entrypoint 0000000000000000     <absolute>
 0000:00000000       __hybrid_code_map_count    0000000000000000     <absolute>
 0001:00000000       AsmVmgExitSvsm             0000000000011000     BaseLib:VmgExitSvsm.obj
 0001:00000060       AsmVmgExit                 0000000000011060     BaseLib:VmgExit.obj
 0001:00000070       AsmXSetBv                  0000000000011070     BaseLib:XSetBv.obj
 0001:00000080       AsmXGetBv                  0000000000011080     BaseLib:XGetBv.obj
 0001:00000090       AsmRmpAdjust               0000000000011090     BaseLib:RmpAdjust.obj
 0001:000000a0       InternalX86RdRand16        00000000000110a0     BaseLib:RdRand.obj
 0001:000000b2       InternalX86RdRand32        00000000000110b2     BaseLib:RdRand.obj
 0001:000000c3       InternalX86RdRand64        00000000000110c3     BaseLib:RdRand.obj
 0001:000000e0       AsmPvalidate               00000000000110e0     BaseLib:Pvalidate.obj
 0001:00000100       InternalX86DisablePaging64 0000000000011100     BaseLib:DisablePaging64.obj
 0001:00000170       EnableDisableInterrupts    0000000000011170     BaseLib:EnableDisableInterrupts.obj
 0001:00000180       TdVmCall                   0000000000011180     BaseLib:TdVmcall.obj
 0001:00000200       TdCall                     0000000000011200     BaseLib:TdCall.obj
 0001:00000260       AsmReadEflags              0000000000011260     BaseLib:ReadEflags.obj
 0001:00000270       AsmReadCr0                 0000000000011270     BaseLib:ReadCr0.obj
 0001:00000280       AsmReadCr2                 0000000000011280     BaseLib:ReadCr2.obj
 0001:00000290       AsmReadCr3                 0000000000011290     BaseLib:ReadCr3.obj
 0001:000002a0       AsmReadCr4                 00000000000112a0     BaseLib:ReadCr4.obj
 0001:000002b0       AsmWriteCr0                00000000000112b0     BaseLib:WriteCr0.obj
 0001:000002c0       AsmWriteCr2                00000000000112c0     BaseLib:WriteCr2.obj
 0001:000002d0       AsmWriteCr3                00000000000112d0     BaseLib:WriteCr3.obj
 0001:000002e0       AsmWriteCr4                00000000000112e0     BaseLib:WriteCr4.obj
 0001:000002f0       AsmReadDr0                 00000000000112f0     BaseLib:ReadDr0.obj
 0001:00000300       AsmReadDr1                 0000000000011300     BaseLib:ReadDr1.obj
 0001:00000310       AsmReadDr2                 0000000000011310     BaseLib:ReadDr2.obj
 0001:00000320       AsmReadDr3                 0000000000011320     BaseLib:ReadDr3.obj
 0001:00000330       AsmReadDr4                 0000000000011330     BaseLib:ReadDr4.obj
 0001:00000340       AsmReadDr5                 0000000000011340     BaseLib:ReadDr5.obj
 0001:00000350       AsmReadDr6                 0000000000011350     BaseLib:ReadDr6.obj
 0001:00000360       AsmReadDr7                 0000000000011360     BaseLib:ReadDr7.obj
 0001:00000370       AsmWriteDr0                0000000000011370     BaseLib:WriteDr0.obj
 0001:00000380       AsmWriteDr1                0000000000011380     BaseLib:WriteDr1.obj
 0001:00000390       AsmWriteDr2                0000000000011390     BaseLib:WriteDr2.obj
 0001:000003a0       AsmWriteDr3                00000000000113a0     BaseLib:WriteDr3.obj
 0001:000003b0       AsmWriteDr4                00000000000113b0     BaseLib:WriteDr4.obj
 0001:000003c0       AsmWriteDr5                00000000000113c0     BaseLib:WriteDr5.obj
 0001:000003d0       AsmWriteDr6                00000000000113d0     BaseLib:WriteDr6.obj
 0001:000003e0       AsmWriteDr7                00000000000113e0     BaseLib:WriteDr7.obj
 0001:000003f0       AsmReadCs                  00000000000113f0     BaseLib:ReadCs.obj
 0001:00000400       AsmReadDs                  0000000000011400     BaseLib:ReadDs.obj
 0001:00000410       AsmReadEs                  0000000000011410     BaseLib:ReadEs.obj
 0001:00000420       AsmReadFs                  0000000000011420     BaseLib:ReadFs.obj
 0001:00000430       AsmReadGs                  0000000000011430     BaseLib:ReadGs.obj
 0001:00000440       AsmReadSs                  0000000000011440     BaseLib:ReadSs.obj
 0001:00000450       AsmReadTr                  0000000000011450     BaseLib:ReadTr.obj
 0001:00000460       InternalX86ReadGdtr        0000000000011460     BaseLib:ReadGdtr.obj
 0001:00000470       InternalX86WriteGdtr       0000000000011470     BaseLib:WriteGdtr.obj
 0001:00000480       InternalX86ReadIdtr        0000000000011480     BaseLib:ReadIdtr.obj
 0001:00000490       InternalX86WriteIdtr       0000000000011490     BaseLib:WriteIdtr.obj
 0001:000004a0       AsmReadLdtr                00000000000114a0     BaseLib:ReadLdtr.obj
 0001:000004b0       AsmWriteLdtr               00000000000114b0     BaseLib:WriteLdtr.obj
 0001:000004c0       InternalX86FxSave          00000000000114c0     BaseLib:FxSave.obj
 0001:000004d0       InternalX86FxRestore       00000000000114d0     BaseLib:FxRestore.obj
 0001:000004e0       AsmReadMm0                 00000000000114e0     BaseLib:ReadMm0.obj
 0001:000004f0       AsmReadMm1                 00000000000114f0     BaseLib:ReadMm1.obj
 0001:00000500       AsmReadMm2                 0000000000011500     BaseLib:ReadMm2.obj
 0001:00000510       AsmReadMm3                 0000000000011510     BaseLib:ReadMm3.obj
 0001:00000520       AsmReadMm4                 0000000000011520     BaseLib:ReadMm4.obj
 0001:00000530       AsmReadMm5                 0000000000011530     BaseLib:ReadMm5.obj
 0001:00000540       AsmReadMm6                 0000000000011540     BaseLib:ReadMm6.obj
 0001:00000550       AsmReadMm7                 0000000000011550     BaseLib:ReadMm7.obj
 0001:00000560       AsmWriteMm0                0000000000011560     BaseLib:WriteMm0.obj
 0001:00000570       AsmWriteMm1                0000000000011570     BaseLib:WriteMm1.obj
 0001:00000580       AsmWriteMm2                0000000000011580     BaseLib:WriteMm2.obj
 0001:00000590       AsmWriteMm3                0000000000011590     BaseLib:WriteMm3.obj
 0001:000005a0       AsmWriteMm4                00000000000115a0     BaseLib:WriteMm4.obj
 0001:000005b0       AsmWriteMm5                00000000000115b0     BaseLib:WriteMm5.obj
 0001:000005c0       AsmWriteMm6                00000000000115c0     BaseLib:WriteMm6.obj
 0001:000005d0       AsmWriteMm7                00000000000115d0     BaseLib:WriteMm7.obj
 0001:000005e0       AsmReadTsc                 00000000000115e0     BaseLib:ReadTsc.obj
 0001:000005f0       AsmReadPmc                 00000000000115f0     BaseLib:ReadPmc.obj
 0001:00000600       AsmMonitor                 0000000000011600     BaseLib:Monitor.obj
 0001:00000610       AsmMwait                   0000000000011610     BaseLib:Mwait.obj
 0001:00000620       AsmWbinvd                  0000000000011620     BaseLib:Wbinvd.obj
 0001:00000630       AsmInvd                    0000000000011630     BaseLib:Invd.obj
 0001:00000640       AsmFlushCacheLine          0000000000011640     BaseLib:FlushCacheLine.obj
 0001:00000650       EnableInterrupts           0000000000011650     BaseLib:EnableInterrupts.obj
 0001:00000660       DisableInterrupts          0000000000011660     BaseLib:DisableInterrupts.obj
 0001:00000670       CpuPause                   0000000000011670     BaseLib:CpuPause.obj
 0001:00000680       AsmLfence                  0000000000011680     BaseLib:Lfence.obj
 0001:00000690       AsmWriteTr                 0000000000011690     BaseLib:WriteTr.obj
 0001:000006a0       AsmDisableCache            00000000000116a0     BaseLib:DisableCache.obj
 0001:000006c0       AsmEnableCache             00000000000116c0     BaseLib:EnableCache.obj
 0001:000006e0       InternalSwitchStack        00000000000116e0     BaseLib:SwitchStack.obj
 0001:000006f0       SetJump                    00000000000116f0     BaseLib:SetJump.obj
 0001:000007c0       InternalLongJump           00000000000117c0     BaseLib:LongJump.obj
 0001:00000870       AsmCpuid                   0000000000011870     BaseLib:CpuId.obj
 0001:000008a0       AsmCpuidEx                 00000000000118a0     BaseLib:CpuIdEx.obj
 0001:000008d0       m16Start                   00000000000118d0     BaseLib:Thunk16.obj
 0001:00000a00       InternalAsmThunk16         0000000000011a00     BaseLib:Thunk16.obj
 0001:00000ae0       __report_rangecheckfailure 0000000000011ae0     StackCheckLibNull:StackCheckFunctionsMsvc.obj
 0001:00000ae1       __GSHandlerCheck           0000000000011ae1     StackCheckLibNull:StackCheckFunctionsMsvc.obj
 0001:00000ae2       __security_check_cookie    0000000000011ae2     StackCheckLibNull:StackCheckFunctionsMsvc.obj
 0001:00000ae4       ProcessLibraryConstructorList 0000000000011ae4 f   EmuSnpDxe:AutoGen.obj
 0001:00000ca4       ProcessLibraryDestructorList 0000000000011ca4 f   EmuSnpDxe:AutoGen.obj
 0001:00000cb0       ProcessModuleEntryPointList 0000000000011cb0 f   EmuSnpDxe:AutoGen.obj
 0001:00000cd4       ProcessModuleUnloadList    0000000000011cd4 f   EmuSnpDxe:AutoGen.obj
 0001:00000cdc       EmuSnpStart                0000000000011cdc f   EmuSnpDxe:EmuSnpDxe.obj
 0001:00000d84       EmuSnpStop                 0000000000011d84 f   EmuSnpDxe:EmuSnpDxe.obj
 0001:00000e2c       EmuSnpInitialize           0000000000011e2c f   EmuSnpDxe:EmuSnpDxe.obj
 0001:00000ee8       EmuSnpReset                0000000000011ee8 f   EmuSnpDxe:EmuSnpDxe.obj
 0001:00000f98       EmuSnpShutdown             0000000000011f98 f   EmuSnpDxe:EmuSnpDxe.obj
 0001:00001040       EmuSnpReceiveFilters       0000000000012040 f   EmuSnpDxe:EmuSnpDxe.obj
 0001:00001120       EmuSnpStationAddress       0000000000012120 f   EmuSnpDxe:EmuSnpDxe.obj
 0001:000011dc       EmuSnpStatistics           00000000000121dc f   EmuSnpDxe:EmuSnpDxe.obj
 0001:000012a0       EmuSnpMcastIptoMac         00000000000122a0 f   EmuSnpDxe:EmuSnpDxe.obj
 0001:00001364       EmuSnpNvdata               0000000000012364 f   EmuSnpDxe:EmuSnpDxe.obj
 0001:00001438       EmuSnpGetStatus            0000000000012438 f   EmuSnpDxe:EmuSnpDxe.obj
 0001:000014f4       EmuSnpTransmit             00000000000124f4 f   EmuSnpDxe:EmuSnpDxe.obj
 0001:000015e8       EmuSnpReceive              00000000000125e8 f   EmuSnpDxe:EmuSnpDxe.obj
 0001:000016dc       EmuSnpDriverBindingSupported 00000000000126dc f   EmuSnpDxe:EmuSnpDxe.obj
 0001:0000188c       EmuSnpDriverBindingStart   000000000001288c f   EmuSnpDxe:EmuSnpDxe.obj
 0001:00001d08       EmuSnpDriverBindingStop    0000000000012d08 f   EmuSnpDxe:EmuSnpDxe.obj
 0001:00002148       InitializeEmuSnpDriver     0000000000013148 f   EmuSnpDxe:EmuSnpDxe.obj
 0001:00002198       EmuSnpDriverComponentNameGetDriverName 0000000000013198 f   EmuSnpDxe:ComponentName.obj
 0001:000021f4       EmuSnpDriverComponentNameGetControllerName 00000000000131f4 f   EmuSnpDxe:ComponentName.obj
 0001:00002214       GetDebugPrintErrorLevel    0000000000013214 f   BaseDebugPrintErrorLevelLib:BaseDebugPrintErrorLevelLib.obj
 0001:0000221c       InternalGetReportStatusCode 000000000001321c f   DxeReportStatusCodeLib:ReportStatusCodeLib.obj
 0001:0000228c       InternalReportStatusCode   000000000001328c f   DxeReportStatusCodeLib:ReportStatusCodeLib.obj
 0001:00002344       ReportStatusCodeEx         0000000000013344 f   DxeReportStatusCodeLib:ReportStatusCodeLib.obj
 0001:000025c0       ReportProgressCodeEnabled  00000000000135c0 f   DxeReportStatusCodeLib:ReportStatusCodeLib.obj
 0001:000025e4       ReportErrorCodeEnabled     00000000000135e4 f   DxeReportStatusCodeLib:ReportStatusCodeLib.obj
 0001:00002608       ReportDebugCodeEnabled     0000000000013608 f   DxeReportStatusCodeLib:ReportStatusCodeLib.obj
 0001:0000262c       InternalAllocatePool       000000000001362c f   UefiMemoryAllocationLib:MemoryAllocationLib.obj
 0001:0000267c       AllocatePool               000000000001367c f   UefiMemoryAllocationLib:MemoryAllocationLib.obj
 0001:0000269c       InternalAllocateZeroPool   000000000001369c f   UefiMemoryAllocationLib:MemoryAllocationLib.obj
 0001:000026e4       AllocateZeroPool           00000000000136e4 f   UefiMemoryAllocationLib:MemoryAllocationLib.obj
 0001:00002704       InternalAllocateCopyPool   0000000000013704 f   UefiMemoryAllocationLib:MemoryAllocationLib.obj
 0001:000027c8       AllocateCopyPool           00000000000137c8 f   UefiMemoryAllocationLib:MemoryAllocationLib.obj
 0001:000027f0       FreePool                   00000000000137f0 f   UefiMemoryAllocationLib:MemoryAllocationLib.obj
 0001:0000288c       ReadUnaligned16            000000000001388c f   BaseLib:Unaligned.obj
 0001:000028d4       WriteUnaligned16           00000000000138d4 f   BaseLib:Unaligned.obj
 0001:0000292c       ReadUnaligned24            000000000001392c f   BaseLib:Unaligned.obj
 0001:00002978       ReadUnaligned64            0000000000013978 f   BaseLib:Unaligned.obj
 0001:000029c0       WriteUnaligned64           00000000000139c0 f   BaseLib:Unaligned.obj
 0001:00002a18       InternalMathLShiftU64      0000000000013a18 f   BaseLib:Math64.obj
 0001:00002a34       CpuBreakpoint              0000000000013a34 f   BaseLib:CpuBreakpoint.obj
 0001:00002a38       StrLen                     0000000000013a38 f   BaseLib:String.obj
 0001:00002b2c       StrSize                    0000000000013b2c f   BaseLib:String.obj
 0001:00002b4c       AsciiStrLen                0000000000013b4c f   BaseLib:String.obj
 0001:00002c04       AsciiStrSize               0000000000013c04 f   BaseLib:String.obj
 0001:00002c20       AsciiStrnCmp               0000000000013c20 f   BaseLib:String.obj
 0001:00002d6c       InternalSafeStringIsOverlap 0000000000013d6c f   BaseLib:SafeString.obj
 0001:00002dd0       InternalSafeStringNoAsciiStrOverlap 0000000000013dd0 f   BaseLib:SafeString.obj
 0001:00002e24       AsciiStrnLenS              0000000000013e24 f   BaseLib:SafeString.obj
 0001:00002e90       AsciiStrnCpyS              0000000000013e90 f   BaseLib:SafeString.obj
 0001:00003380       CpuDeadLoop                0000000000014380 f   BaseLib:CpuDeadLoop.obj
 0001:000033b0       LShiftU64                  00000000000143b0 f   BaseLib:LShiftU64.obj
 0001:00003404       InternalAssertJumpBuffer   0000000000014404 f   BaseLib:SetJump.obj
 0001:0000347c       DebugPrint                 000000000001447c f   PeiDxeDebugLibReportStatusCode:DebugLib.obj
 0001:000034c0       DebugPrintMarker           00000000000144c0 f   PeiDxeDebugLibReportStatusCode:DebugLib.obj
 0001:00003c68       DebugVPrint                0000000000014c68 f   PeiDxeDebugLibReportStatusCode:DebugLib.obj
 0001:00003c98       DebugAssert                0000000000014c98 f   PeiDxeDebugLibReportStatusCode:DebugLib.obj
 0001:00004034       DebugAssertEnabled         0000000000015034 f   PeiDxeDebugLibReportStatusCode:DebugLib.obj
 0001:00004058       DebugPrintEnabled          0000000000015058 f   PeiDxeDebugLibReportStatusCode:DebugLib.obj
 0001:0000407c       DebugPrintLevelEnabled     000000000001507c f   PeiDxeDebugLibReportStatusCode:DebugLib.obj
 0001:000040b0       InternalMemCopyMem         00000000000150b0 f   BaseMemoryLib:CopyMem.obj
 0001:0000468c       CopyGuid                   000000000001568c f   BaseMemoryLib:MemLibGuid.obj
 0001:000046e0       CompareGuid                00000000000156e0 f   BaseMemoryLib:MemLibGuid.obj
 0001:00004768       InternalMemZeroMem         0000000000015768 f   BaseMemoryLib:MemLibGeneric.obj
 0001:00004790       CopyMem                    0000000000015790 f   BaseMemoryLib:CopyMemWrapper.obj
 0001:00004868       ZeroMem                    0000000000015868 f   BaseMemoryLib:ZeroMemWrapper.obj
 0001:00004910       InternalMemSetMem          0000000000015910 f   BaseMemoryLib:SetMem.obj
 0001:00004aa4       GetDevicePathSize          0000000000015aa4 f   UefiDevicePathLib:UefiDevicePathLib.obj
 0001:00004abc       DuplicateDevicePath        0000000000015abc f   UefiDevicePathLib:UefiDevicePathLib.obj
 0001:00004ad4       AppendDevicePath           0000000000015ad4 f   UefiDevicePathLib:UefiDevicePathLib.obj
 0001:00004af8       AppendDevicePathNode       0000000000015af8 f   UefiDevicePathLib:UefiDevicePathLib.obj
 0001:00004b1c       IsDevicePathValid          0000000000015b1c f   UefiDevicePathLib:DevicePathUtilities.obj
 0001:00004c88       DevicePathType             0000000000015c88 f   UefiDevicePathLib:DevicePathUtilities.obj
 0001:00004cd0       DevicePathSubType          0000000000015cd0 f   UefiDevicePathLib:DevicePathUtilities.obj
 0001:00004d18       DevicePathNodeLength       0000000000015d18 f   UefiDevicePathLib:DevicePathUtilities.obj
 0001:00004d78       NextDevicePathNode         0000000000015d78 f   UefiDevicePathLib:DevicePathUtilities.obj
 0001:00004dd0       IsDevicePathEndType        0000000000015dd0 f   UefiDevicePathLib:DevicePathUtilities.obj
 0001:00004e34       IsDevicePathEnd            0000000000015e34 f   UefiDevicePathLib:DevicePathUtilities.obj
 0001:00004eac       SetDevicePathNodeLength    0000000000015eac f   UefiDevicePathLib:DevicePathUtilities.obj
 0001:00004f50       SetDevicePathEndNode       0000000000015f50 f   UefiDevicePathLib:DevicePathUtilities.obj
 0001:00004fa8       UefiDevicePathLibGetDevicePathSize 0000000000015fa8 f   UefiDevicePathLib:DevicePathUtilities.obj
 0001:00005030       UefiDevicePathLibDuplicateDevicePath 0000000000016030 f   UefiDevicePathLib:DevicePathUtilities.obj
 0001:00005068       UefiDevicePathLibAppendDevicePath 0000000000016068 f   UefiDevicePathLib:DevicePathUtilities.obj
 0001:00005188       UefiDevicePathLibAppendDevicePathNode 0000000000016188 f   UefiDevicePathLib:DevicePathUtilities.obj
 0001:00005258       UefiBootServicesTableLibConstructor 0000000000016258 f   UefiBootServicesTableLib:UefiBootServicesTableLib.obj
 0001:00005334       UefiRuntimeServicesTableLibConstructor 0000000000016334 f   UefiRuntimeServicesTableLib:UefiRuntimeServicesTableLib.obj
 0001:00005390       UefiLibConstructor         0000000000016390 f   UefiLib:UefiLib.obj
 0001:000053a0       CompareIso639LanguageCode  00000000000163a0 f   UefiLib:UefiLib.obj
 0001:000053ec       IsLanguageSupported        00000000000163ec f   UefiLib:UefiLib.obj
 0001:000054dc       LookupUnicodeString2       00000000000164dc f   UefiLib:UefiLib.obj
 0001:000056ec       AddUnicodeString2          00000000000166ec f   UefiLib:UefiLib.obj
 0001:00005ae0       FreeUnicodeStringTable     0000000000016ae0 f   UefiLib:UefiLib.obj
 0001:00005b70       EfiLibInstallDriverBindingComponentName2 0000000000016b70 f   UefiLib:UefiDriverModel.obj
 0001:00005dc4       _DriverUnloadHandler       0000000000016dc4 f   UefiDriverEntryPoint:DriverEntryPoint.obj
 0001:00005e08       _ModuleEntryPoint          0000000000016e08 f   UefiDriverEntryPoint:DriverEntryPoint.obj
 0002:00000000       ??_C@_09KCHFLGMF@EmuSnpDxe@ 0000000000017000     EmuSnpDxe:AutoGen.obj
 0002:00000010       ??_C@_0CB@DMEJJJHA@?6ASSERT_EFI_ERROR?5?$CIStatus?5?$DN?5?$CFr?$CJ@ 0000000000017010     EmuSnpDxe:AutoGen.obj
 0002:00000038       ??_C@_0DG@FLPEIDFK@?$CB?$CI?$CI?$CIRETURN_STATUS?$CJ?$CIStatus?$CJ?$CJ?5?$DO?$DN?5@ 0000000000017038     EmuSnpDxe:AutoGen.obj
 0002:00000070       ??_C@_0HA@PPPNEEKH@D?3?2develop?2Self_develop?2edk2?2Bu@ 0000000000017070     EmuSnpDxe:AutoGen.obj
 0002:000000e0       _gPcd_FixedAtBuild_PcdMaximumAsciiStringLength 00000000000170e0     EmuSnpDxe:AutoGen.obj
 0002:000000e0       _gPcd_FixedAtBuild_PcdMaximumUnicodeStringLength 00000000000170e0     EmuSnpDxe:AutoGen.obj
 0002:000000e4       _gPcd_FixedAtBuild_PcdReportStatusCodePropertyMask 00000000000170e4     EmuSnpDxe:AutoGen.obj
 0002:000000e8       _gPcd_FixedAtBuild_PcdMaximumDevicePathNodeCount 00000000000170e8     EmuSnpDxe:AutoGen.obj
 0002:000000ec       _gPcd_FixedAtBuild_PcdDebugPrintErrorLevel 00000000000170ec     EmuSnpDxe:AutoGen.obj
 0002:000000f0       _gDriverUnloadImageCount   00000000000170f0     EmuSnpDxe:AutoGen.obj
 0002:000000f0       _gPcd_FixedAtBuild_PcdComponentName2Disable 00000000000170f0     EmuSnpDxe:AutoGen.obj
 0002:000000f0       _gPcd_FixedAtBuild_PcdComponentNameDisable 00000000000170f0     EmuSnpDxe:AutoGen.obj
 0002:000000f4       _gPcd_FixedAtBuild_PcdFixedDebugPrintErrorLevel 00000000000170f4     EmuSnpDxe:AutoGen.obj
 0002:000000f8       _gUefiDriverRevision       00000000000170f8     EmuSnpDxe:AutoGen.obj
 0002:000000fc       _gPcd_FixedAtBuild_PcdDebugPropertyMask 00000000000170fc     EmuSnpDxe:AutoGen.obj
 0002:00000100       _gPcd_FixedAtBuild_PcdControlFlowEnforcementPropertyMask 0000000000017100     EmuSnpDxe:AutoGen.obj
 0002:00000108       ??_C@_0BF@NDBIKIKC@CR?5has?5Bad?5Signature@ 0000000000017108     EmuSnpDxe:EmuSnpDxe.obj
 0002:00000120       ??_C@_0DP@JJKCNAGG@D?3?2develop?2Self_develop?2edk2?2Em@ 0000000000017120     EmuSnpDxe:EmuSnpDxe.obj
 0002:00000160       ??_C@_03LKLGDMJI@eng@      0000000000017160     EmuSnpDxe:EmuSnpDxe.obj
 0002:00000164       ??_C@_02LFNMGJAP@en@       0000000000017164     EmuSnpDxe:EmuSnpDxe.obj
 0002:00000168       ??_C@_0BG@GHMKDGHJ@NumberOfChildren?5?$DN?$DN?51@ 0000000000017168     EmuSnpDxe:EmuSnpDxe.obj
 0002:00000180       ??_C@_0CO@LEPMKPOA@Private?9?$DODeviceHandle?5?$DN?$DN?5ChildH@ 0000000000017180     EmuSnpDxe:EmuSnpDxe.obj
 0002:000001b0       ??_C@_0CH@CFLHGDAM@Private?9?$DOEfiHandle?5?$DN?$DN?5Controlle@ 00000000000171b0     EmuSnpDxe:EmuSnpDxe.obj
 0002:000001d8       ??_C@_06DALJLGPG@eng?$DLen@ 00000000000171d8     EmuSnpDxe:ComponentName.obj
 0002:000001e0       ??_C@_1BO@BCKAEBPD@?$AAE?$AAm?$AAu?$AA?5?$AAS?$AAN?$AAP?$AA?5?$AAD?$AAr?$AAi?$AAv?$AAe?$AAr@ 00000000000171e0     EmuSnpDxe:ComponentName.obj
 0002:00000200       ??_C@_0FP@CCJIJCDG@D?3?2develop?2Self_develop?2edk2?2Md@ 0000000000017200     DxeReportStatusCodeLib:ReportStatusCodeLib.obj
 0002:00000260       ??_C@_0BH@LKMBFCBF@Format?5?$CB?$DN?5?$CI?$CIvoid?5?$CK?$CJ?50?$CJ@ 0000000000017260     DxeReportStatusCodeLib:ReportStatusCodeLib.obj
 0002:00000278       ??_C@_0DN@HHIHPHHB@?$CB?$CI?$CIExtendedData?5?$DN?$DN?5?$CI?$CIvoid?5?$CK?$CJ?50?$CJ@ 0000000000017278     DxeReportStatusCodeLib:ReportStatusCodeLib.obj
 0002:000002b8       ??_C@_0DN@BBBIFINB@?$CB?$CI?$CIExtendedData?5?$CB?$DN?5?$CI?$CIvoid?5?$CK?$CJ?50?$CJ@ 00000000000172b8     DxeReportStatusCodeLib:ReportStatusCodeLib.obj
 0002:000002f8       ??_C@_0BH@IACGKAP@Buffer?5?$CB?$DN?5?$CI?$CIvoid?5?$CK?$CJ?50?$CJ@ 00000000000172f8     DxePcdLib:DxePcdLib.obj
 0002:00000310       ??_C@_0FK@KCDEFJBC@D?3?2develop?2Self_develop?2edk2?2Md@ 0000000000017310     UefiMemoryAllocationLib:MemoryAllocationLib.obj
 0002:00000370       ??_C@_0DO@GEEICOOO@AllocationSize?5?$DM?$DN?5?$CI0xFFFFFFFFFF@ 0000000000017370     UefiMemoryAllocationLib:MemoryAllocationLib.obj
 0002:000003b0       ??_C@_0EA@FKBIDDGN@D?3?2develop?2Self_develop?2edk2?2Md@ 00000000000173b0     BaseLib:Unaligned.obj
 0002:000003f0       ??_C@_0BH@MAAHKCPC@String?5?$CB?$DN?5?$CI?$CIvoid?5?$CK?$CJ?50?$CJ@ 00000000000173f0     BaseLib:String.obj
 0002:00000408       ??_C@_0DN@POJBHOAP@D?3?2develop?2Self_develop?2edk2?2Md@ 0000000000017408     BaseLib:String.obj
 0002:00000448       ??_C@_0CC@GFNLNIOC@?$CI?$CIUINTN?$CJString?5?$CG?50x00000001?$CJ?5?$DN?$DN@ 0000000000017448     BaseLib:String.obj
 0002:00000470       ??_C@_0DK@EOJCOAME@Length?5?$DM?5_gPcd_FixedAtBuild_Pcd@ 0000000000017470     BaseLib:String.obj
 0002:000004b0       ??_C@_0DI@MDIKFADO@Length?5?$DM?5_gPcd_FixedAtBuild_Pcd@ 00000000000174b0     BaseLib:String.obj
 0002:000004e8       ??_C@_0BL@IKFBNFIL@AsciiStrSize?5?$CIFirstString?$CJ@ 00000000000174e8     BaseLib:String.obj
 0002:00000508       ??_C@_0BM@EDNOKLLE@AsciiStrSize?5?$CISecondString?$CJ@ 0000000000017508     BaseLib:String.obj
 0002:00000528       ??_C@_0DJ@JJHGIFMP@Length?5?$DM?$DN?5_gPcd_FixedAtBuild_Pc@ 0000000000017528     BaseLib:String.obj
 0002:00000570       ??_C@_0EB@DAKPBIJH@D?3?2develop?2Self_develop?2edk2?2Md@ 0000000000017570     BaseLib:SafeString.obj
 0002:000005b8       ??_C@_0BO@ECNIOIHG@?$CIDestination?5?$CB?$DN?5?$CI?$CIvoid?5?$CK?$CJ?50?$CJ?$CJ@ 00000000000175b8     BaseLib:SafeString.obj
 0002:000005e0       ??_C@_0EA@PDPDJJNN@?$CFa?$CI?$CFd?$CJ?5?$CFa?3?5SAFE_STRING_CONSTRAI@ 00000000000175e0     BaseLib:SafeString.obj
 0002:00000620       ??_C@_0BJ@EAEEJIP@?$CISource?5?$CB?$DN?5?$CI?$CIvoid?5?$CK?$CJ?50?$CJ?$CJ@ 0000000000017620     BaseLib:SafeString.obj
 0002:00000640       ??_C@_0P@PMIMLIHM@?$CIDestMax?5?$CB?$DN?50?$CJ@ 0000000000017640     BaseLib:SafeString.obj
 0002:00000650       ??_C@_0BG@EEGIIOKH@?$CIDestMax?5?$DO?5SourceLen?$CJ@ 0000000000017650     BaseLib:SafeString.obj
 0002:00000668       ??_C@_0DO@LJFOOPII@?$CIDestMax?5?$DM?$DN?5?$CI_gPcd_FixedAtBuild@ 0000000000017668     BaseLib:SafeString.obj
 0002:000006b0       ??_C@_0FL@CDANCHFO@InternalSafeStringNoAsciiStrOve@ 00000000000176b0     BaseLib:SafeString.obj
 0002:00000710       ??_C@_0O@DIHNCLLG@AsciiStrnCpyS@ 0000000000017710     BaseLib:SafeString.obj
 0002:00000720       ??_C@_0DN@DLAADCJE@?$CILength?5?$DM?$DN?5?$CI_gPcd_FixedAtBuild_@ 0000000000017720     BaseLib:SafeString.obj
 0002:00000760       ??_C@_0L@MEMPDLHB@Count?5?$DM?564@ 0000000000017760     BaseLib:ARShiftU64.obj
 0002:00000770       ??_C@_0EA@MLMAFFLG@D?3?2develop?2Self_develop?2edk2?2Md@ 0000000000017770     BaseLib:LShiftU64.obj
 0002:000007b0       ??_C@_0BL@CPGKAMND@JumpBuffer?5?$CB?$DN?5?$CI?$CIvoid?5?$CK?$CJ?50?$CJ@ 00000000000177b0     BaseLib:SetJump.obj
 0002:000007d0       ??_C@_0DO@CNCBEEME@D?3?2develop?2Self_develop?2edk2?2Md@ 00000000000177d0     BaseLib:SetJump.obj
 0002:00000810       ??_C@_0CD@OEHNCIHG@?$CI?$CIUINTN?$CJJumpBuffer?5?$CG?5?$CI8?5?9?51?$CJ?$CJ?5?$DN@ 0000000000017810     BaseLib:SetJump.obj
 0002:00000840       ??_C@_0FM@HDIIFGPN@D?3?2develop?2Self_develop?2edk2?2Md@ 0000000000017840     PeiDxeDebugLibReportStatusCode:DebugLib.obj
 0002:000008a0       ??_C@_0CP@EFCGCEBK@?$CICHAR8?5?$CK?$CJBaseListMarkerPointer?5@ 00000000000178a0     PeiDxeDebugLibReportStatusCode:DebugLib.obj
 0002:000008d0       ??_C@_01OHGJGJJP@?$FL@     00000000000178d0     PeiDxeDebugLibReportStatusCode:DebugLib.obj
 0002:000008d4       ??_C@_02PBFOLPKM@?$FN?5@   00000000000178d4     PeiDxeDebugLibReportStatusCode:DebugLib.obj
 0002:000008d8       ??_C@_0DG@EEENIGGL@Length?5?$DM?$DN?5?$CI0xFFFFFFFFFFFFFFFFUL@ 00000000000178d8     BaseMemoryLib:MemLibGuid.obj
 0002:00000910       ??_C@_0ED@MKGCMJG@?$CILength?5?9?51?$CJ?5?$DM?$DN?5?$CI0xFFFFFFFFFFFF@ 0000000000017910     BaseMemoryLib:CopyMemWrapper.obj
 0002:00000960       ??_C@_0EL@NNLJGCCH@D?3?2develop?2Self_develop?2edk2?2Md@ 0000000000017960     BaseMemoryLib:CopyMemWrapper.obj
 0002:000009b0       ??_C@_0DO@MAOBOFEG@?$CILength?5?9?51?$CJ?5?$DM?$DN?5?$CI0xFFFFFFFFFFFF@ 00000000000179b0     BaseMemoryLib:CopyMemWrapper.obj
 0002:000009f0       ??_C@_0EL@GJBLADOA@D?3?2develop?2Self_develop?2edk2?2Md@ 00000000000179f0     BaseMemoryLib:ZeroMemWrapper.obj
 0002:00000a40       ??_C@_0BF@CBLMFKOC@Node?5?$CB?$DN?5?$CI?$CIvoid?5?$CK?$CJ?50?$CJ@ 0000000000017a40     UefiDevicePathLib:DevicePathUtilities.obj
 0002:00000a60       ??_C@_0FE@LBAOMKEJ@D?3?2develop?2Self_develop?2edk2?2Md@ 0000000000017a60     UefiDevicePathLib:DevicePathUtilities.obj
 0002:00000ac0       ??_C@_0EH@ENCEEKKL@?$CILength?5?$DO?$DN?5sizeof?5?$CIEFI_DEVICE_P@ 0000000000017ac0     UefiDevicePathLib:DevicePathUtilities.obj
 0002:00000b08       mUefiDevicePathLibEndDevicePath 0000000000017b08     UefiDevicePathLib:DevicePathUtilities.obj
 0002:00000b10       ??_C@_0BN@COECPDCC@gImageHandle?5?$CB?$DN?5?$CI?$CIvoid?5?$CK?$CJ?50?$CJ@ 0000000000017b10     UefiBootServicesTableLib:UefiBootServicesTableLib.obj
 0002:00000b30       ??_C@_0GA@INMEIGJE@D?3?2develop?2Self_develop?2edk2?2Md@ 0000000000017b30     UefiBootServicesTableLib:UefiBootServicesTableLib.obj
 0002:00000b90       ??_C@_0BE@DGNHAHIL@gST?5?$CB?$DN?5?$CI?$CIvoid?5?$CK?$CJ?50?$CJ@ 0000000000017b90     UefiBootServicesTableLib:UefiBootServicesTableLib.obj
 0002:00000ba8       ??_C@_0BE@BDFJLGLN@gBS?5?$CB?$DN?5?$CI?$CIvoid?5?$CK?$CJ?50?$CJ@ 0000000000017ba8     UefiBootServicesTableLib:UefiBootServicesTableLib.obj
 0002:00000bc0       ??_C@_0BE@OBDFIHND@gRT?5?$CB?$DN?5?$CI?$CIvoid?5?$CK?$CJ?50?$CJ@ 0000000000017bc0     UefiRuntimeServicesTableLib:UefiRuntimeServicesTableLib.obj
 0002:00000be0       ??_C@_0GG@OBDIBKMM@D?3?2develop?2Self_develop?2edk2?2Md@ 0000000000017be0     UefiRuntimeServicesTableLib:UefiRuntimeServicesTableLib.obj
 0002:00000c48       ??_C@_0BO@MHFMIIAE@DriverBinding?5?$CB?$DN?5?$CI?$CIvoid?5?$CK?$CJ?50?$CJ@ 0000000000017c48     UefiLib:UefiDriverModel.obj
 0002:00000c70       ??_C@_0EG@HGMADJAK@D?3?2develop?2Self_develop?2edk2?2Md@ 0000000000017c70     UefiLib:UefiDriverModel.obj
 0002:00000cc0       ??_C@_0FE@KBEJNINE@D?3?2develop?2Self_develop?2edk2?2Md@ 0000000000017cc0     UefiDriverEntryPoint:DriverEntryPoint.obj
 0002:00000d68       __volatile_metadata        0000000000017d68     <linker-defined>
 0003:00000000       m16Size                    0000000000018000     BaseLib:Thunk16.obj
 0003:00000002       mThunk16Attr               0000000000018002     BaseLib:Thunk16.obj
 0003:00000004       m16Gdt                     0000000000018004     BaseLib:Thunk16.obj
 0003:00000006       m16GdtrBase                0000000000018006     BaseLib:Thunk16.obj
 0003:00000008       mTransition                0000000000018008     BaseLib:Thunk16.obj
 0003:00000010       gEfiStatusCodeSpecificDataGuid 0000000000018010     EmuSnpDxe:AutoGen.obj
 0003:00000020       gEfiStatusCodeRuntimeProtocolGuid 0000000000018020     EmuSnpDxe:AutoGen.obj
 0003:00000030       gEmuSnpProtocolGuid        0000000000018030     EmuSnpDxe:AutoGen.obj
 0003:00000040       gEfiComponentName2ProtocolGuid 0000000000018040     EmuSnpDxe:AutoGen.obj
 0003:00000050       gEfiDevicePathProtocolGuid 0000000000018050     EmuSnpDxe:AutoGen.obj
 0003:00000060       gEfiLoadedImageProtocolGuid 0000000000018060     EmuSnpDxe:AutoGen.obj
 0003:00000070       gEfiSimpleNetworkProtocolGuid 0000000000018070     EmuSnpDxe:AutoGen.obj
 0003:00000080       gEfiCallerBaseName         0000000000018080     EmuSnpDxe:AutoGen.obj
 0003:00000088       gEfiStatusCodeDataTypeDebugGuid 0000000000018088     EmuSnpDxe:AutoGen.obj
 0003:00000098       gEfiDriverBindingProtocolGuid 0000000000018098     EmuSnpDxe:AutoGen.obj
 0003:000000a8       gEfiComponentNameProtocolGuid 00000000000180a8     EmuSnpDxe:AutoGen.obj
 0003:000000b8       gEfiCallerIdGuid           00000000000180b8     EmuSnpDxe:AutoGen.obj
 0003:000000c8       gEmuIoThunkProtocolGuid    00000000000180c8     EmuSnpDxe:AutoGen.obj
 0003:000000d8       gEmuSnpDriverBinding       00000000000180d8     EmuSnpDxe:EmuSnpDxe.obj
 0003:00000110       gEmuSnpTemplate            0000000000018110     EmuSnpDxe:EmuSnpDxe.obj
 0003:00000190       gEmuSnpModeTemplate        0000000000018190     EmuSnpDxe:EmuSnpDxe.obj
 0003:00000420       gEmuSnpDriverComponentName2 0000000000018420     EmuSnpDxe:ComponentName.obj
 0003:00000438       gEmuSnpDriverComponentName 0000000000018438     EmuSnpDxe:ComponentName.obj
 0003:00000450       mEmuSnpDriverNameTable     0000000000018450     EmuSnpDxe:ComponentName.obj
 0003:00000470       __security_cookie          0000000000018470     StackCheckLibNull:StackCheckLibNullMsvc.obj
 0003:00000478       mReportStatusCodeLibStatusCodeProtocol 0000000000018478     DxeReportStatusCodeLib:ReportStatusCodeLib.obj
 0003:00000488       gST                        0000000000018488     UefiBootServicesTableLib:UefiBootServicesTableLib.obj
 0003:00000490       gImageHandle               0000000000018490     UefiBootServicesTableLib:UefiBootServicesTableLib.obj
 0003:00000498       gBS                        0000000000018498     UefiBootServicesTableLib:UefiBootServicesTableLib.obj
 0003:000004a0       gRT                        00000000000184a0     UefiRuntimeServicesTableLib:UefiRuntimeServicesTableLib.obj

 entry point at        0001:00005e08

 Static symbols

 0001:000000a9       rn16_ok                    00000000000110a9     BaseLib:RdRand.obj
 0001:000000bb       rn32_ok                    00000000000110bb     BaseLib:RdRand.obj
 0001:000000cd       rn64_ok                    00000000000110cd     BaseLib:RdRand.obj
 0001:000000fa       PvalidateExit              00000000000110fa     BaseLib:Pvalidate.obj
 0001:0000013a       InternalX86DisablePaging64.0 000000000001113a     BaseLib:DisablePaging64.obj
 0001:00000161       mTransitionEnd             0000000000011161     BaseLib:DisablePaging64.obj
 0001:000001d9       TdVmCall.no_return_data    00000000000111d9     BaseLib:TdVmcall.obj
 0001:0000024b       TdCall.exit                000000000001124b     BaseLib:TdCall.obj
 0001:00000733       CetDone                    0000000000011733     BaseLib:SetJump.obj
 0001:000007f0       CetDone                    00000000000117f0     BaseLib:LongJump.obj
 0001:0000087f       AsmCpuid.0                 000000000001187f     BaseLib:CpuId.obj
 0001:00000884       AsmCpuid.1                 0000000000011884     BaseLib:CpuId.obj
 0001:0000088b       AsmCpuid.2                 000000000001188b     BaseLib:CpuId.obj
 0001:00000894       AsmCpuid.3                 0000000000011894     BaseLib:CpuId.obj
 0001:000008b5       AsmCpuidEx.0               00000000000118b5     BaseLib:CpuIdEx.obj
 0001:000008bc       AsmCpuidEx.1               00000000000118bc     BaseLib:CpuIdEx.obj
 0001:000008c3       AsmCpuidEx.2               00000000000118c3     BaseLib:CpuIdEx.obj
 0001:000008cc       AsmCpuidEx.3               00000000000118cc     BaseLib:CpuIdEx.obj
 0001:000008d0       SavedGdt                   00000000000118d0     BaseLib:Thunk16.obj
 0001:000008da       _BackFromUserCode          00000000000118da     BaseLib:Thunk16.obj
 0001:000008e2       _BackFromUserCode.Base     00000000000118e2     BaseLib:Thunk16.obj
 0001:000008f6       _BackFromUserCode.ThunkAttrEnd 00000000000118f6     BaseLib:Thunk16.obj
 0001:00000903       _BackFromUserCode.1        0000000000011903     BaseLib:Thunk16.obj
 0001:0000090e       _BackFromUserCode.2        000000000001190e     BaseLib:Thunk16.obj
 0001:00000944       _BackFromUserCode.SavedCr4End 0000000000011944     BaseLib:Thunk16.obj
 0001:00000960       _BackFromUserCode.SavedCr0End 0000000000011960     BaseLib:Thunk16.obj
 0001:0000096b       _BackFromUserCode.X64JmpEnd 000000000001196b     BaseLib:Thunk16.obj
 0001:00000976       _BackFromUserCode.SavedSpEnd 0000000000011976     BaseLib:Thunk16.obj
 0001:00000978       _EntryPoint                0000000000011978     BaseLib:Thunk16.obj
 0001:0000097e       _16Gdtr                    000000000001197e     BaseLib:Thunk16.obj
 0001:00000980       _16GdtrBase                0000000000011980     BaseLib:Thunk16.obj
 0001:00000988       _16Idtr                    0000000000011988     BaseLib:Thunk16.obj
 0001:0000098e       _ToUserCode                000000000001198e     BaseLib:Thunk16.obj
 0001:000009b6       _ToUserCode.Base           00000000000119b6     BaseLib:Thunk16.obj
 0001:000009c5       _ToUserCode.RealMode       00000000000119c5     BaseLib:Thunk16.obj
 0001:000009e0       _NullSeg                   00000000000119e0     BaseLib:Thunk16.obj
 0001:000009e8       _16Code                    00000000000119e8     BaseLib:Thunk16.obj
 0001:000009f0       _16Data                    00000000000119f0     BaseLib:Thunk16.obj
 0001:000009f8       _32Data                    00000000000119f8     BaseLib:Thunk16.obj
 0001:00000ab4       InternalAsmThunk16.RetFromRealMode 0000000000011ab4     BaseLib:Thunk16.obj
 0003:00000480       mDeadLoopComparator        0000000000018480     BaseLib:CpuDeadLoop.obj
 0005:00000000       $unwind$ProcessLibraryConstructorList 000000000001a000     EmuSnpDxe:AutoGen.obj
 0005:00000000       $unwind$_ModuleEntryPoint  000000000001a000     UefiDriverEntryPoint:DriverEntryPoint.obj
 0005:00000000       $unwind$CompareIso639LanguageCode 000000000001a000     UefiLib:UefiLib.obj
 0005:00000000       $unwind$IsLanguageSupported 000000000001a000     UefiLib:UefiLib.obj
 0005:00000008       $unwind$ProcessModuleEntryPointList 000000000001a008     EmuSnpDxe:AutoGen.obj
 0005:00000008       $unwind$LShiftU64          000000000001a008     BaseLib:LShiftU64.obj
 0005:00000008       $unwind$WriteUnaligned16   000000000001a008     BaseLib:Unaligned.obj
 0005:00000008       $unwind$WriteUnaligned64   000000000001a008     BaseLib:Unaligned.obj
 0005:00000008       $unwind$InternalMemZeroMem 000000000001a008     BaseMemoryLib:MemLibGeneric.obj
 0005:00000008       $unwind$CopyGuid           000000000001a008     BaseMemoryLib:MemLibGuid.obj
 0005:00000008       $unwind$ZeroMem            000000000001a008     BaseMemoryLib:ZeroMemWrapper.obj
 0005:00000008       $unwind$UefiBootServicesTableLibConstructor 000000000001a008     UefiBootServicesTableLib:UefiBootServicesTableLib.obj
 0005:00000008       $unwind$SetDevicePathNodeLength 000000000001a008     UefiDevicePathLib:DevicePathUtilities.obj
 0005:00000008       $unwind$AppendDevicePath   000000000001a008     UefiDevicePathLib:UefiDevicePathLib.obj
 0005:00000008       $unwind$AppendDevicePathNode 000000000001a008     UefiDevicePathLib:UefiDevicePathLib.obj
 0005:00000008       $unwind$AllocateCopyPool   000000000001a008     UefiMemoryAllocationLib:MemoryAllocationLib.obj
 0005:00000008       $unwind$UefiRuntimeServicesTableLibConstructor 000000000001a008     UefiRuntimeServicesTableLib:UefiRuntimeServicesTableLib.obj
 0005:00000010       $unwind$EmuSnpShutdown     000000000001a010     EmuSnpDxe:EmuSnpDxe.obj
 0005:00000010       $unwind$EmuSnpStart        000000000001a010     EmuSnpDxe:EmuSnpDxe.obj
 0005:00000010       $unwind$EmuSnpStop         000000000001a010     EmuSnpDxe:EmuSnpDxe.obj
 0005:00000018       $unwind$EmuSnpDriverComponentNameGetDriverName 000000000001a018     EmuSnpDxe:ComponentName.obj
 0005:00000018       $unwind$EmuSnpGetStatus    000000000001a018     EmuSnpDxe:EmuSnpDxe.obj
 0005:00000018       $unwind$EmuSnpInitialize   000000000001a018     EmuSnpDxe:EmuSnpDxe.obj
 0005:00000020       $unwind$EmuSnpReset        000000000001a020     EmuSnpDxe:EmuSnpDxe.obj
 0005:00000028       $unwind$EmuSnpNvdata       000000000001a028     EmuSnpDxe:EmuSnpDxe.obj
 0005:00000028       $unwind$EmuSnpReceiveFilters 000000000001a028     EmuSnpDxe:EmuSnpDxe.obj
 0005:00000030       $unwind$EmuSnpStationAddress 000000000001a030     EmuSnpDxe:EmuSnpDxe.obj
 0005:00000038       $unwind$EmuSnpMcastIptoMac 000000000001a038     EmuSnpDxe:EmuSnpDxe.obj
 0005:00000038       $unwind$EmuSnpStatistics   000000000001a038     EmuSnpDxe:EmuSnpDxe.obj
 0005:00000040       $unwind$EmuSnpDriverBindingStop 000000000001a040     EmuSnpDxe:EmuSnpDxe.obj
 0005:00000040       $unwind$EmuSnpReceive      000000000001a040     EmuSnpDxe:EmuSnpDxe.obj
 0005:00000040       $unwind$EmuSnpTransmit     000000000001a040     EmuSnpDxe:EmuSnpDxe.obj
 0005:00000040       $unwind$AddUnicodeString2  000000000001a040     UefiLib:UefiLib.obj
 0005:00000048       $unwind$EmuSnpDriverBindingSupported 000000000001a048     EmuSnpDxe:EmuSnpDxe.obj
 0005:00000048       $unwind$InternalMemSetMem  000000000001a048     BaseMemoryLib:SetMem.obj
 0005:00000050       $unwind$EmuSnpDriverBindingStart 000000000001a050     EmuSnpDxe:EmuSnpDxe.obj
 0005:00000060       $unwind$InitializeEmuSnpDriver 000000000001a060     EmuSnpDxe:EmuSnpDxe.obj
 0005:00000060       $unwind$IsDevicePathValid  000000000001a060     UefiDevicePathLib:DevicePathUtilities.obj
 0005:00000068       $unwind$InternalGetReportStatusCode 000000000001a068     DxeReportStatusCodeLib:ReportStatusCodeLib.obj
 0005:00000068       $unwind$CpuDeadLoop        000000000001a068     BaseLib:CpuDeadLoop.obj
 0005:00000070       $unwind$InternalReportStatusCode 000000000001a070     DxeReportStatusCodeLib:ReportStatusCodeLib.obj
 0005:00000078       $unwind$ReportStatusCodeEx 000000000001a078     DxeReportStatusCodeLib:ReportStatusCodeLib.obj
 0005:00000088       $unwind$ReportDebugCodeEnabled 000000000001a088     DxeReportStatusCodeLib:ReportStatusCodeLib.obj
 0005:00000088       $unwind$ReportErrorCodeEnabled 000000000001a088     DxeReportStatusCodeLib:ReportStatusCodeLib.obj
 0005:00000088       $unwind$ReportProgressCodeEnabled 000000000001a088     DxeReportStatusCodeLib:ReportStatusCodeLib.obj
 0005:00000088       $unwind$DebugAssertEnabled 000000000001a088     PeiDxeDebugLibReportStatusCode:DebugLib.obj
 0005:00000088       $unwind$DebugPrintEnabled  000000000001a088     PeiDxeDebugLibReportStatusCode:DebugLib.obj
 0005:00000090       $unwind$InternalAllocatePool 000000000001a090     UefiMemoryAllocationLib:MemoryAllocationLib.obj
 0005:00000090       $unwind$InternalAllocateZeroPool 000000000001a090     UefiMemoryAllocationLib:MemoryAllocationLib.obj
 0005:00000098       $unwind$InternalAssertJumpBuffer 000000000001a098     BaseLib:SetJump.obj
 0005:00000098       $unwind$AsciiStrSize       000000000001a098     BaseLib:String.obj
 0005:00000098       $unwind$StrSize            000000000001a098     BaseLib:String.obj
 0005:00000098       $unwind$ReadUnaligned16    000000000001a098     BaseLib:Unaligned.obj
 0005:00000098       $unwind$ReadUnaligned24    000000000001a098     BaseLib:Unaligned.obj
 0005:00000098       $unwind$ReadUnaligned64    000000000001a098     BaseLib:Unaligned.obj
 0005:00000098       $unwind$DevicePathNodeLength 000000000001a098     UefiDevicePathLib:DevicePathUtilities.obj
 0005:00000098       $unwind$DevicePathSubType  000000000001a098     UefiDevicePathLib:DevicePathUtilities.obj
 0005:00000098       $unwind$DevicePathType     000000000001a098     UefiDevicePathLib:DevicePathUtilities.obj
 0005:00000098       $unwind$NextDevicePathNode 000000000001a098     UefiDevicePathLib:DevicePathUtilities.obj
 0005:00000098       $unwind$SetDevicePathEndNode 000000000001a098     UefiDevicePathLib:DevicePathUtilities.obj
 0005:00000098       $unwind$DuplicateDevicePath 000000000001a098     UefiDevicePathLib:UefiDevicePathLib.obj
 0005:00000098       $unwind$GetDevicePathSize  000000000001a098     UefiDevicePathLib:UefiDevicePathLib.obj
 0005:00000098       $unwind$AllocatePool       000000000001a098     UefiMemoryAllocationLib:MemoryAllocationLib.obj
 0005:00000098       $unwind$AllocateZeroPool   000000000001a098     UefiMemoryAllocationLib:MemoryAllocationLib.obj
 0005:000000a0       $unwind$InternalAllocateCopyPool 000000000001a0a0     UefiMemoryAllocationLib:MemoryAllocationLib.obj
 0005:000000a8       $unwind$AsciiStrLen        000000000001a0a8     BaseLib:String.obj
 0005:000000a8       $unwind$StrLen             000000000001a0a8     BaseLib:String.obj
 0005:000000a8       $unwind$IsDevicePathEnd    000000000001a0a8     UefiDevicePathLib:DevicePathUtilities.obj
 0005:000000a8       $unwind$IsDevicePathEndType 000000000001a0a8     UefiDevicePathLib:DevicePathUtilities.obj
 0005:000000a8       $unwind$UefiDevicePathLibDuplicateDevicePath 000000000001a0a8     UefiDevicePathLib:DevicePathUtilities.obj
 0005:000000a8       $unwind$UefiDevicePathLibGetDevicePathSize 000000000001a0a8     UefiDevicePathLib:DevicePathUtilities.obj
 0005:000000a8       $unwind$_DriverUnloadHandler 000000000001a0a8     UefiDriverEntryPoint:DriverEntryPoint.obj
 0005:000000a8       $unwind$FreeUnicodeStringTable 000000000001a0a8     UefiLib:UefiLib.obj
 0005:000000a8       $unwind$FreePool           000000000001a0a8     UefiMemoryAllocationLib:MemoryAllocationLib.obj
 0005:000000b0       $unwind$DebugVPrint        000000000001a0b0     PeiDxeDebugLibReportStatusCode:DebugLib.obj
 0005:000000b0       $unwind$AsciiStrnCmp       000000000001a0b0     BaseLib:String.obj
 0005:000000b0       $unwind$CopyMem            000000000001a0b0     BaseMemoryLib:CopyMemWrapper.obj
 0005:000000b8       $unwind$DebugPrint         000000000001a0b8     PeiDxeDebugLibReportStatusCode:DebugLib.obj
 0005:000000b8       $unwind$InternalSafeStringNoAsciiStrOverlap 000000000001a0b8     BaseLib:SafeString.obj
 0005:000000c0       $unwind$AsciiStrnLenS      000000000001a0c0     BaseLib:SafeString.obj
 0005:000000c8       $unwind$AsciiStrnCpyS      000000000001a0c8     BaseLib:SafeString.obj
 0005:000000c8       $unwind$EfiLibInstallDriverBindingComponentName2 000000000001a0c8     UefiLib:UefiDriverModel.obj
 0005:000000d0       $unwind$DebugPrintMarker   000000000001a0d0     PeiDxeDebugLibReportStatusCode:DebugLib.obj
 0005:000000e0       $unwind$DebugAssert        000000000001a0e0     PeiDxeDebugLibReportStatusCode:DebugLib.obj
 0005:000000f0       $unwind$DebugPrintLevelEnabled 000000000001a0f0     PeiDxeDebugLibReportStatusCode:DebugLib.obj
 0005:000000f8       $unwind$InternalMemCopyMem 000000000001a0f8     BaseMemoryLib:CopyMem.obj
 0005:00000100       $unwind$CompareGuid        000000000001a100     BaseMemoryLib:MemLibGuid.obj
 0005:00000100       $unwind$UefiDevicePathLibAppendDevicePath 000000000001a100     UefiDevicePathLib:DevicePathUtilities.obj
 0005:00000100       $unwind$UefiDevicePathLibAppendDevicePathNode 000000000001a100     UefiDevicePathLib:DevicePathUtilities.obj
 0005:00000108       $unwind$LookupUnicodeString2 000000000001a108     UefiLib:UefiLib.obj
