 Shell.dll

 Timestamp is 68f5fe9a (Mon Oct 20 17:19:22 2025)

 Preferred load address is 0000000000010000

 Start         Length     Name                   Class
 0001:00000000 00000ae4H .text                   CODE
 0001:00000ae4 000b5e5fH .text$mn                CODE
 0002:00000000 00020228H .rdata                  DATA
 0002:00020228 00000018H .rdata$voltmd           DATA
 0002:00020240 0000014cH .rdata$zzzdbg           DATA
 0003:00000000 00064be0H .data                   DATA
 0003:00064be0 00002e28H .bss                    DATA
 0004:00000000 000040e0H .pdata                  DATA
 0005:00000000 00000814H .xdata                  DATA

  Address         Publics by Value              Rva+Base               Lib:Object

 0000:00000000       __x64_code_ranges_to_entry_points_count 0000000000000000     <absolute>
 0000:00000000       __arm64x_extra_rfe_table   0000000000000000     <absolute>
 0000:00000000       __hybrid_code_map          0000000000000000     <absolute>
 0000:00000000       __arm64x_extra_rfe_table_size 0000000000000000     <absolute>
 0000:00000000       __AbsoluteZero             0000000000000000     <absolute>
 0000:00000000       __arm64x_redirection_metadata 0000000000000000     <absolute>
 0000:00000000       __x64_code_ranges_to_entry_points 0000000000000000     <absolute>
 0000:00000000       __arm64x_redirection_metadata_count 0000000000000000     <absolute>
 0000:00000000       __dynamic_value_reloc_table 0000000000000000     <absolute>
 0000:00000000       __enclave_config           0000000000000000     <absolute>
 0000:00000000       __guard_longjmp_table      0000000000000000     <absolute>
 0000:00000000       __guard_fids_table         0000000000000000     <absolute>
 0000:00000000       __guard_fids_count         0000000000000000     <absolute>
 0000:00000000       __guard_iat_table          0000000000000000     <absolute>
 0000:00000000       __guard_eh_cont_table      0000000000000000     <absolute>
 0000:00000000       __hybrid_auxiliary_iat_copy 0000000000000000     <absolute>
 0000:00000000       __arm64x_native_entrypoint 0000000000000000     <absolute>
 0000:00000000       __guard_flags              0000000000000000     <absolute>
 0000:00000000       __guard_eh_cont_count      0000000000000000     <absolute>
 0000:00000000       __hybrid_code_map_count    0000000000000000     <absolute>
 0000:00000000       __hybrid_auxiliary_iat     0000000000000000     <absolute>
 0000:00000000       __guard_iat_count          0000000000000000     <absolute>
 0000:00000000       __guard_check_icall_a64n_fptr 0000000000000000     <absolute>
 0000:00000000       __guard_longjmp_count      0000000000000000     <absolute>
 0000:00000000       __ImageBase                0000000000010000     <linker-defined>
 0001:00000000       AsmVmgExitSvsm             0000000000011000     BaseLib:VmgExitSvsm.obj
 0001:00000060       AsmVmgExit                 0000000000011060     BaseLib:VmgExit.obj
 0001:00000070       AsmXSetBv                  0000000000011070     BaseLib:XSetBv.obj
 0001:00000080       AsmXGetBv                  0000000000011080     BaseLib:XGetBv.obj
 0001:00000090       AsmRmpAdjust               0000000000011090     BaseLib:RmpAdjust.obj
 0001:000000a0       InternalX86RdRand16        00000000000110a0     BaseLib:RdRand.obj
 0001:000000b2       InternalX86RdRand32        00000000000110b2     BaseLib:RdRand.obj
 0001:000000c3       InternalX86RdRand64        00000000000110c3     BaseLib:RdRand.obj
 0001:000000e0       AsmPvalidate               00000000000110e0     BaseLib:Pvalidate.obj
 0001:00000100       InternalX86DisablePaging64 0000000000011100     BaseLib:DisablePaging64.obj
 0001:00000170       EnableDisableInterrupts    0000000000011170     BaseLib:EnableDisableInterrupts.obj
 0001:00000180       TdVmCall                   0000000000011180     BaseLib:TdVmcall.obj
 0001:00000200       TdCall                     0000000000011200     BaseLib:TdCall.obj
 0001:00000260       AsmReadEflags              0000000000011260     BaseLib:ReadEflags.obj
 0001:00000270       AsmReadCr0                 0000000000011270     BaseLib:ReadCr0.obj
 0001:00000280       AsmReadCr2                 0000000000011280     BaseLib:ReadCr2.obj
 0001:00000290       AsmReadCr3                 0000000000011290     BaseLib:ReadCr3.obj
 0001:000002a0       AsmReadCr4                 00000000000112a0     BaseLib:ReadCr4.obj
 0001:000002b0       AsmWriteCr0                00000000000112b0     BaseLib:WriteCr0.obj
 0001:000002c0       AsmWriteCr2                00000000000112c0     BaseLib:WriteCr2.obj
 0001:000002d0       AsmWriteCr3                00000000000112d0     BaseLib:WriteCr3.obj
 0001:000002e0       AsmWriteCr4                00000000000112e0     BaseLib:WriteCr4.obj
 0001:000002f0       AsmReadDr0                 00000000000112f0     BaseLib:ReadDr0.obj
 0001:00000300       AsmReadDr1                 0000000000011300     BaseLib:ReadDr1.obj
 0001:00000310       AsmReadDr2                 0000000000011310     BaseLib:ReadDr2.obj
 0001:00000320       AsmReadDr3                 0000000000011320     BaseLib:ReadDr3.obj
 0001:00000330       AsmReadDr4                 0000000000011330     BaseLib:ReadDr4.obj
 0001:00000340       AsmReadDr5                 0000000000011340     BaseLib:ReadDr5.obj
 0001:00000350       AsmReadDr6                 0000000000011350     BaseLib:ReadDr6.obj
 0001:00000360       AsmReadDr7                 0000000000011360     BaseLib:ReadDr7.obj
 0001:00000370       AsmWriteDr0                0000000000011370     BaseLib:WriteDr0.obj
 0001:00000380       AsmWriteDr1                0000000000011380     BaseLib:WriteDr1.obj
 0001:00000390       AsmWriteDr2                0000000000011390     BaseLib:WriteDr2.obj
 0001:000003a0       AsmWriteDr3                00000000000113a0     BaseLib:WriteDr3.obj
 0001:000003b0       AsmWriteDr4                00000000000113b0     BaseLib:WriteDr4.obj
 0001:000003c0       AsmWriteDr5                00000000000113c0     BaseLib:WriteDr5.obj
 0001:000003d0       AsmWriteDr6                00000000000113d0     BaseLib:WriteDr6.obj
 0001:000003e0       AsmWriteDr7                00000000000113e0     BaseLib:WriteDr7.obj
 0001:000003f0       AsmReadCs                  00000000000113f0     BaseLib:ReadCs.obj
 0001:00000400       AsmReadDs                  0000000000011400     BaseLib:ReadDs.obj
 0001:00000410       AsmReadEs                  0000000000011410     BaseLib:ReadEs.obj
 0001:00000420       AsmReadFs                  0000000000011420     BaseLib:ReadFs.obj
 0001:00000430       AsmReadGs                  0000000000011430     BaseLib:ReadGs.obj
 0001:00000440       AsmReadSs                  0000000000011440     BaseLib:ReadSs.obj
 0001:00000450       AsmReadTr                  0000000000011450     BaseLib:ReadTr.obj
 0001:00000460       InternalX86ReadGdtr        0000000000011460     BaseLib:ReadGdtr.obj
 0001:00000470       InternalX86WriteGdtr       0000000000011470     BaseLib:WriteGdtr.obj
 0001:00000480       InternalX86ReadIdtr        0000000000011480     BaseLib:ReadIdtr.obj
 0001:00000490       InternalX86WriteIdtr       0000000000011490     BaseLib:WriteIdtr.obj
 0001:000004a0       AsmReadLdtr                00000000000114a0     BaseLib:ReadLdtr.obj
 0001:000004b0       AsmWriteLdtr               00000000000114b0     BaseLib:WriteLdtr.obj
 0001:000004c0       InternalX86FxSave          00000000000114c0     BaseLib:FxSave.obj
 0001:000004d0       InternalX86FxRestore       00000000000114d0     BaseLib:FxRestore.obj
 0001:000004e0       AsmReadMm0                 00000000000114e0     BaseLib:ReadMm0.obj
 0001:000004f0       AsmReadMm1                 00000000000114f0     BaseLib:ReadMm1.obj
 0001:00000500       AsmReadMm2                 0000000000011500     BaseLib:ReadMm2.obj
 0001:00000510       AsmReadMm3                 0000000000011510     BaseLib:ReadMm3.obj
 0001:00000520       AsmReadMm4                 0000000000011520     BaseLib:ReadMm4.obj
 0001:00000530       AsmReadMm5                 0000000000011530     BaseLib:ReadMm5.obj
 0001:00000540       AsmReadMm6                 0000000000011540     BaseLib:ReadMm6.obj
 0001:00000550       AsmReadMm7                 0000000000011550     BaseLib:ReadMm7.obj
 0001:00000560       AsmWriteMm0                0000000000011560     BaseLib:WriteMm0.obj
 0001:00000570       AsmWriteMm1                0000000000011570     BaseLib:WriteMm1.obj
 0001:00000580       AsmWriteMm2                0000000000011580     BaseLib:WriteMm2.obj
 0001:00000590       AsmWriteMm3                0000000000011590     BaseLib:WriteMm3.obj
 0001:000005a0       AsmWriteMm4                00000000000115a0     BaseLib:WriteMm4.obj
 0001:000005b0       AsmWriteMm5                00000000000115b0     BaseLib:WriteMm5.obj
 0001:000005c0       AsmWriteMm6                00000000000115c0     BaseLib:WriteMm6.obj
 0001:000005d0       AsmWriteMm7                00000000000115d0     BaseLib:WriteMm7.obj
 0001:000005e0       AsmReadTsc                 00000000000115e0     BaseLib:ReadTsc.obj
 0001:000005f0       AsmReadPmc                 00000000000115f0     BaseLib:ReadPmc.obj
 0001:00000600       AsmMonitor                 0000000000011600     BaseLib:Monitor.obj
 0001:00000610       AsmMwait                   0000000000011610     BaseLib:Mwait.obj
 0001:00000620       AsmWbinvd                  0000000000011620     BaseLib:Wbinvd.obj
 0001:00000630       AsmInvd                    0000000000011630     BaseLib:Invd.obj
 0001:00000640       AsmFlushCacheLine          0000000000011640     BaseLib:FlushCacheLine.obj
 0001:00000650       EnableInterrupts           0000000000011650     BaseLib:EnableInterrupts.obj
 0001:00000660       DisableInterrupts          0000000000011660     BaseLib:DisableInterrupts.obj
 0001:00000670       CpuPause                   0000000000011670     BaseLib:CpuPause.obj
 0001:00000680       AsmLfence                  0000000000011680     BaseLib:Lfence.obj
 0001:00000690       AsmWriteTr                 0000000000011690     BaseLib:WriteTr.obj
 0001:000006a0       AsmDisableCache            00000000000116a0     BaseLib:DisableCache.obj
 0001:000006c0       AsmEnableCache             00000000000116c0     BaseLib:EnableCache.obj
 0001:000006e0       InternalSwitchStack        00000000000116e0     BaseLib:SwitchStack.obj
 0001:000006f0       SetJump                    00000000000116f0     BaseLib:SetJump.obj
 0001:000007c0       InternalLongJump           00000000000117c0     BaseLib:LongJump.obj
 0001:00000870       AsmCpuid                   0000000000011870     BaseLib:CpuId.obj
 0001:000008a0       AsmCpuidEx                 00000000000118a0     BaseLib:CpuIdEx.obj
 0001:000008d0       m16Start                   00000000000118d0     BaseLib:Thunk16.obj
 0001:00000a00       InternalAsmThunk16         0000000000011a00     BaseLib:Thunk16.obj
 0001:00000ae0       __report_rangecheckfailure 0000000000011ae0     StackCheckLibNull:StackCheckFunctionsMsvc.obj
 0001:00000ae1       __GSHandlerCheck           0000000000011ae1     StackCheckLibNull:StackCheckFunctionsMsvc.obj
 0001:00000ae2       __security_check_cookie    0000000000011ae2     StackCheckLibNull:StackCheckFunctionsMsvc.obj
 0001:00000ae4       ProcessLibraryConstructorList 0000000000011ae4 f   Shell:AutoGen.obj
 0001:000013d8       ProcessLibraryDestructorList 00000000000123d8 f   Shell:AutoGen.obj
 0001:00001978       ProcessModuleEntryPointList 0000000000012978 f   Shell:AutoGen.obj
 0001:0000199c       ConInWaitForKey            000000000001299c f   Shell:ConsoleWrappers.obj
 0001:000019c0       FileBasedSimpleTextOutReset 00000000000129c0 f   Shell:ConsoleWrappers.obj
 0001:000019c0       FileBasedSimpleTextOutEnableCursor 00000000000129c0 f   Shell:ConsoleWrappers.obj
 0001:000019c0       FileBasedSimpleTextInReset 00000000000129c0 f   Shell:ConsoleWrappers.obj
 0001:000019cc       FileBasedSimpleTextInReadKeyStroke 00000000000129cc f   Shell:ConsoleWrappers.obj
 0001:00001aac       CreateSimpleTextInOnFile   0000000000012aac f   Shell:ConsoleWrappers.obj
 0001:00001c14       CloseSimpleTextInOnFile    0000000000012c14 f   Shell:ConsoleWrappers.obj
 0001:00001ca4       FileBasedSimpleTextOutTestString 0000000000012ca4 f   Shell:ConsoleWrappers.obj
 0001:00001ca4       FileBasedSimpleTextOutSetAttribute 0000000000012ca4 f   Shell:ConsoleWrappers.obj
 0001:00001ca4       UefiLibConstructor         0000000000012ca4 f   UefiLib:UefiLib.obj
 0001:00001cb4       FileBasedSimpleTextOutQueryMode 0000000000012cb4 f   Shell:ConsoleWrappers.obj
 0001:00001cfc       FileInterfaceNopGetPosition 0000000000012cfc f   Shell:FileHandleWrappers.obj
 0001:00001cfc       FileInterfaceNopSetPosition 0000000000012cfc f   Shell:FileHandleWrappers.obj
 0001:00001cfc       FileBasedSimpleTextOutSetMode 0000000000012cfc f   Shell:ConsoleWrappers.obj
 0001:00001d14       FileInterfaceNopGeneric    0000000000012d14 f   Shell:FileHandleWrappers.obj
 0001:00001d14       FileBasedSimpleTextOutClearScreen 0000000000012d14 f   Shell:ConsoleWrappers.obj
 0001:00001d1c       FileInterfaceNulWrite      0000000000012d1c f   Shell:FileHandleWrappers.obj
 0001:00001d1c       DevPathSerialDefault       0000000000012d1c f   UefiShellCommandLib:ConsistMapping.obj
 0001:00001d1c       FileBasedSimpleTextOutSetCursorPosition 0000000000012d1c f   Shell:ConsoleWrappers.obj
 0001:00001d30       FileBasedSimpleTextOutOutputString 0000000000012d30 f   Shell:ConsoleWrappers.obj
 0001:00001d78       CreateSimpleTextOutOnFile  0000000000012d78 f   Shell:ConsoleWrappers.obj
 0001:00001fd8       CloseSimpleTextOutOnFile   0000000000012fd8 f   Shell:ConsoleWrappers.obj
 0001:00002044       ConsoleLoggerInstall       0000000000013044 f   Shell:ConsoleLogger.obj
 0001:000024a8       ConsoleLoggerUninstall     00000000000134a8 f   Shell:ConsoleLogger.obj
 0001:0000268c       ConsoleLoggerDisplayHistory 000000000001368c f   Shell:ConsoleLogger.obj
 0001:00002810       ConsoleLoggerStopHistory   0000000000013810 f   Shell:ConsoleLogger.obj
 0001:000028a8       UpdateDisplayFromHistory   00000000000138a8 f   Shell:ConsoleLogger.obj
 0001:00002dd0       ConsoleLoggerReset         0000000000013dd0 f   Shell:ConsoleLogger.obj
 0001:00002ec4       AppendStringToHistory      0000000000013ec4 f   Shell:ConsoleLogger.obj
 0001:00003498       ConsoleLoggerOutputStringSplit 0000000000014498 f   Shell:ConsoleLogger.obj
 0001:000034f4       ConsoleLoggerDoPageBreak   00000000000144f4 f   Shell:ConsoleLogger.obj
 0001:00003688       ConsoleLoggerPrintWithPageBreak 0000000000014688 f   Shell:ConsoleLogger.obj
 0001:00003978       ConsoleLoggerOutputString  0000000000014978 f   Shell:ConsoleLogger.obj
 0001:00003c28       ConsoleLoggerTestString    0000000000014c28 f   Shell:ConsoleLogger.obj
 0001:00003cd0       ConsoleLoggerQueryMode     0000000000014cd0 f   Shell:ConsoleLogger.obj
 0001:00003d8c       ConsoleLoggerSetMode       0000000000014d8c f   Shell:ConsoleLogger.obj
 0001:00003ea4       ConsoleLoggerSetAttribute  0000000000014ea4 f   Shell:ConsoleLogger.obj
 0001:00003f78       ConsoleLoggerClearScreen   0000000000014f78 f   Shell:ConsoleLogger.obj
 0001:00004190       ConsoleLoggerSetCursorPosition 0000000000015190 f   Shell:ConsoleLogger.obj
 0001:000042a8       ConsoleLoggerEnableCursor  00000000000152a8 f   Shell:ConsoleLogger.obj
 0001:00004378       ConsoleLoggerResetBuffers  0000000000015378 f   Shell:ConsoleLogger.obj
 0001:0000457c       GetExecuatableFileName     000000000001557c f   Shell:ShellManParser.obj
 0001:0000484c       GetManFileName             000000000001584c f   Shell:ShellManParser.obj
 0001:00004954       SearchPathForFile          0000000000015954 f   Shell:ShellManParser.obj
 0001:000049e0       ManFileFindSections        00000000000159e0 f   Shell:ShellManParser.obj
 0001:00004cd4       IsTitleHeader              0000000000015cd4 f   Shell:ShellManParser.obj
 0001:00004f88       ManFileFindTitleSection    0000000000015f88 f   Shell:ShellManParser.obj
 0001:00005174       ProcessManFile             0000000000016174 f   Shell:ShellManParser.obj
 0001:000059fc       IsVolatileEnv              00000000000169fc f   Shell:ShellEnvVar.obj
 0001:00005b68       FreeEnvironmentVariableList 0000000000016b68 f   Shell:ShellEnvVar.obj
 0001:00005c6c       GetEnvironmentVariableList 0000000000016c6c f   Shell:ShellEnvVar.obj
 0001:00006180       SetEnvironmentVariableList 0000000000017180 f   Shell:ShellEnvVar.obj
 0001:000064e8       SetEnvironmentVariables    00000000000174e8 f   Shell:ShellEnvVar.obj
 0001:00006850       ShellFindEnvVarInList      0000000000017850 f   Shell:ShellEnvVar.obj
 0001:00006974       ShellAddEnvVarToList       0000000000017974 f   Shell:ShellEnvVar.obj
 0001:00006b50       ShellRemvoeEnvVarFromList  0000000000017b50 f   Shell:ShellEnvVar.obj
 0001:00006c88       ShellInitEnvVarList        0000000000017c88 f   Shell:ShellEnvVar.obj
 0001:00006cb4       ShellFreeEnvVarList        0000000000017cb4 f   Shell:ShellEnvVar.obj
 0001:00006cd8       FileInterfaceOpenNotFound  0000000000017cd8 f   Shell:FileHandleWrappers.obj
 0001:00006cf8       FileInterfaceNopGetInfo    0000000000017cf8 f   Shell:FileHandleWrappers.obj
 0001:00006cf8       FileInterfaceNopSetInfo    0000000000017cf8 f   Shell:FileHandleWrappers.obj
 0001:00006d18       FileInterfaceStdOutWrite   0000000000017d18 f   Shell:FileHandleWrappers.obj
 0001:00006db0       FileInterfaceStdOutRead    0000000000017db0 f   Shell:FileHandleWrappers.obj
 0001:00006db0       FileInterfaceStdErrRead    0000000000017db0 f   Shell:FileHandleWrappers.obj
 0001:00006db0       FileInterfaceStdInWrite    0000000000017db0 f   Shell:FileHandleWrappers.obj
 0001:00006dcc       FileInterfaceStdErrWrite   0000000000017dcc f   Shell:FileHandleWrappers.obj
 0001:00006e04       FileInterfaceNulRead       0000000000017e04 f   Shell:FileHandleWrappers.obj
 0001:00006e24       CreateTabCompletionList    0000000000017e24 f   Shell:FileHandleWrappers.obj
 0001:00007310       FileInterfaceStdInRead     0000000000018310 f   Shell:FileHandleWrappers.obj
 0001:00008448       FileInterfaceEnvClose      0000000000019448 f   Shell:FileHandleWrappers.obj
 0001:00008714       FileInterfaceEnvDelete     0000000000019714 f   Shell:FileHandleWrappers.obj
 0001:00008758       FileInterfaceEnvRead       0000000000019758 f   Shell:FileHandleWrappers.obj
 0001:00008838       FileInterfaceEnvVolWrite   0000000000019838 f   Shell:FileHandleWrappers.obj
 0001:00008a74       FileInterfaceEnvNonVolWrite 0000000000019a74 f   Shell:FileHandleWrappers.obj
 0001:00008cb0       CreateFileInterfaceEnv     0000000000019cb0 f   Shell:FileHandleWrappers.obj
 0001:00008e14       MoveCursorBackward         0000000000019e14 f   Shell:FileHandleWrappers.obj
 0001:00008e74       MoveCursorForward          0000000000019e74 f   Shell:FileHandleWrappers.obj
 0001:00008edc       PrintCommandHistory        0000000000019edc f   Shell:FileHandleWrappers.obj
 0001:00009018       FileInterfaceMemSetPosition 000000000001a018 f   Shell:FileHandleWrappers.obj
 0001:00009054       FileInterfaceMemGetPosition 000000000001a054 f   Shell:FileHandleWrappers.obj
 0001:00009074       FileInterfaceMemGetInfo    000000000001a074 f   Shell:FileHandleWrappers.obj
 0001:0000913c       FileInterfaceMemWrite      000000000001a13c f   Shell:FileHandleWrappers.obj
 0001:000093c0       FileInterfaceMemRead       000000000001a3c0 f   Shell:FileHandleWrappers.obj
 0001:00009464       FileInterfaceMemClose      000000000001a464 f   Shell:FileHandleWrappers.obj
 0001:000094c4       CreateFileInterfaceMem     000000000001a4c4 f   Shell:FileHandleWrappers.obj
 0001:000096b0       FileInterfaceFileSetPosition 000000000001a6b0 f   Shell:FileHandleWrappers.obj
 0001:000096e0       FileInterfaceFileGetPosition 000000000001a6e0 f   Shell:FileHandleWrappers.obj
 0001:00009710       FileInterfaceFileGetInfo   000000000001a710 f   Shell:FileHandleWrappers.obj
 0001:00009754       FileInterfaceFileSetInfo   000000000001a754 f   Shell:FileHandleWrappers.obj
 0001:00009798       FileInterfaceFileFlush     000000000001a798 f   Shell:FileHandleWrappers.obj
 0001:000097bc       FileInterfaceFileRead      000000000001a7bc f   Shell:FileHandleWrappers.obj
 0001:00009a04       FileInterfaceFileOpen      000000000001aa04 f   Shell:FileHandleWrappers.obj
 0001:00009a50       FileInterfaceFileDelete    000000000001aa50 f   Shell:FileHandleWrappers.obj
 0001:00009a88       FileInterfaceFileClose     000000000001aa88 f   Shell:FileHandleWrappers.obj
 0001:00009ac0       FileInterfaceFileWrite     000000000001aac0 f   Shell:FileHandleWrappers.obj
 0001:00009b98       CreateFileInterfaceFile    000000000001ab98 f   Shell:FileHandleWrappers.obj
 0001:00009c9c       EfiShellClose              000000000001ac9c f   Shell:ShellProtocol.obj
 0001:00009cc8       InternalShellProtocolIsBlockIoPresent 000000000001acc8 f   Shell:ShellProtocol.obj
 0001:00009d2c       InternalShellProtocolIsSimpleFileSystemPresent 000000000001ad2c f   Shell:ShellProtocol.obj
 0001:00009d90       EfiShellSetMap             000000000001ad90 f   Shell:ShellProtocol.obj
 0001:00009fb0       EfiShellGetDevicePathFromMap 000000000001afb0 f   Shell:ShellProtocol.obj
 0001:0000a048       EfiShellGetMapFromDevicePath 000000000001b048 f   Shell:ShellProtocol.obj
 0001:0000a1d8       EfiShellGetFilePathFromDevicePath 000000000001b1d8 f   Shell:ShellProtocol.obj
 0001:0000a548       EfiShellGetDevicePathFromFilePath 000000000001b548 f   Shell:ShellProtocol.obj
 0001:0000a8b8       EfiShellGetDeviceName      000000000001b8b8 f   Shell:ShellProtocol.obj
 0001:0000ae7c       EfiShellOpenRootByHandle   000000000001be7c f   Shell:ShellProtocol.obj
 0001:0000af94       EfiShellOpenRoot           000000000001bf94 f   Shell:ShellProtocol.obj
 0001:0000b00c       EfiShellBatchIsActive      000000000001c00c f   Shell:ShellProtocol.obj
 0001:0000b028       InternalOpenFileDevicePath 000000000001c028 f   Shell:ShellProtocol.obj
 0001:0000b398       EfiShellCreateFile         000000000001c398 f   Shell:ShellProtocol.obj
 0001:0000b488       EfiShellRegisterGuidName   000000000001c488 f   Shell:ShellProtocol.obj
 0001:0000b4b0       EfiShellOpenFileByName     000000000001c4b0 f   Shell:ShellProtocol.obj
 0001:0000b71c       EfiShellDeleteFileByName   000000000001c71c f   Shell:ShellProtocol.obj
 0001:0000b780       EfiShellDisablePageBreak   000000000001c780 f   Shell:ShellProtocol.obj
 0001:0000b788       EfiShellEnablePageBreak    000000000001c788 f   Shell:ShellProtocol.obj
 0001:0000b790       InternalShellExecuteDevicePath 000000000001c790 f   Shell:ShellProtocol.obj
 0001:0000bdf0       InternalShellExecute       000000000001cdf0 f   Shell:ShellProtocol.obj
 0001:0000c06c       EfiShellExecute            000000000001d06c f   Shell:ShellProtocol.obj
 0001:0000c26c       InternalFreeShellFileInfoNode 000000000001d26c f   Shell:ShellProtocol.obj
 0001:0000c2f4       EfiShellFreeFileList       000000000001d2f4 f   Shell:ShellProtocol.obj
 0001:0000c398       EfiShellRemoveDupInFileList 000000000001d398 f   Shell:ShellProtocol.obj
 0001:0000c518       InternalDuplicateShellFileInfo 000000000001d518 f   Shell:ShellProtocol.obj
 0001:0000c700       CreateAndPopulateShellFileInfo 000000000001d700 f   Shell:ShellProtocol.obj
 0001:0000ca00       EfiShellFindFilesInDir     000000000001da00 f   Shell:ShellProtocol.obj
 0001:0000cd1c       EfiShellGetGuidFromName    000000000001dd1c f   Shell:ShellProtocol.obj
 0001:0000cd88       EfiShellGetGuidName        000000000001dd88 f   Shell:ShellProtocol.obj
 0001:0000ce20       ShellSearchHandle          000000000001de20 f   Shell:ShellProtocol.obj
 0001:0000d4a8       EfiShellFindFiles          000000000001e4a8 f   Shell:ShellProtocol.obj
 0001:0000d75c       EfiShellOpenFileList       000000000001e75c f   Shell:ShellProtocol.obj
 0001:0000da4c       EfiShellGetEnvEx           000000000001ea4c f   Shell:ShellProtocol.obj
 0001:0000dd70       EfiShellGetEnv             000000000001ed70 f   Shell:ShellProtocol.obj
 0001:0000dd8c       InternalEfiShellSetEnv     000000000001ed8c f   Shell:ShellProtocol.obj
 0001:0000df3c       EfiShellSetEnv             000000000001ef3c f   Shell:ShellProtocol.obj
 0001:0000e048       EfiShellGetCurDir          000000000001f048 f   Shell:ShellProtocol.obj
 0001:0000e14c       EfiShellSetCurDir          000000000001f14c f   Shell:ShellProtocol.obj
 0001:0000e894       EfiShellGetHelpText        000000000001f894 f   Shell:ShellProtocol.obj
 0001:0000ead0       EfiShellGetPageBreak       000000000001fad0 f   Shell:ShellProtocol.obj
 0001:0000ead8       EfiShellIsRootShell        000000000001fad8 f   Shell:ShellProtocol.obj
 0001:0000eae0       InternalEfiShellGetListAlias 000000000001fae0 f   Shell:ShellProtocol.obj
 0001:0000ed84       ToLower                    000000000001fd84 f   Shell:ShellProtocol.obj
 0001:0000ee04       EfiShellGetAlias           000000000001fe04 f   Shell:ShellProtocol.obj
 0001:0000efb0       InternalSetAlias           000000000001ffb0 f   Shell:ShellProtocol.obj
 0001:0000f0f0       EfiShellSetAlias           00000000000200f0 f   Shell:ShellProtocol.obj
 0001:0000f1b8       CreatePopulateInstallShellProtocol 00000000000201b8 f   Shell:ShellProtocol.obj
 0001:0000f504       CleanUpShellProtocol       0000000000020504 f   Shell:ShellProtocol.obj
 0001:0000f5c4       CleanUpShellEnvironment    00000000000205c4 f   Shell:ShellProtocol.obj
 0001:0000f72c       NotificationFunction       000000000002072c f   Shell:ShellProtocol.obj
 0001:0000f7e0       InernalEfiShellStartMonitor 00000000000207e0 f   Shell:ShellProtocol.obj
 0001:0000f9b0       FindEndOfParameter         00000000000209b0 f   Shell:ShellParametersProtocol.obj
 0001:0000fa44       GetNextParameter           0000000000020a44 f   Shell:ShellParametersProtocol.obj
 0001:0000fcc4       ParseCommandLineToArgs     0000000000020cc4 f   Shell:ShellParametersProtocol.obj
 0001:0001003c       CreatePopulateInstallShellParametersProtocol 000000000002103c f   Shell:ShellParametersProtocol.obj
 0001:00010528       CleanUpShellParametersProtocol 0000000000021528 f   Shell:ShellParametersProtocol.obj
 0001:00010620       IsUnicodeFile              0000000000021620 f   Shell:ShellParametersProtocol.obj
 0001:00010720       StripQuotes                0000000000021720 f   Shell:ShellParametersProtocol.obj
 0001:000107c8       CalculateEfiHdrCrc         00000000000217c8 f   Shell:ShellParametersProtocol.obj
 0001:00010818       FixFileName                0000000000021818 f   Shell:ShellParametersProtocol.obj
 0001:00010910       FixVarName                 0000000000021910 f   Shell:ShellParametersProtocol.obj
 0001:0001098c       WriteFileTag               000000000002198c f   Shell:ShellParametersProtocol.obj
 0001:00010a18       UpdateStdInStdOutStdErr    0000000000021a18 f   Shell:ShellParametersProtocol.obj
 0001:00012c2c       RestoreStdInStdOutStdErr   0000000000023c2c f   Shell:ShellParametersProtocol.obj
 0001:00012ea0       UpdateArgcArgv             0000000000023ea0 f   Shell:ShellParametersProtocol.obj
 0001:00012f54       RestoreArgcArgv            0000000000023f54 f   Shell:ShellParametersProtocol.obj
 0001:00013094       TrimSpaces                 0000000000024094 f   Shell:Shell.obj
 0001:000131e0       FindNextInstance           00000000000241e0 f   Shell:Shell.obj
 0001:0001326c       IsValidEnvironmentVariableName 000000000002426c f   Shell:Shell.obj
 0001:00013404       ContainsSplit              0000000000024404 f   Shell:Shell.obj
 0001:000135a0       InternalEfiShellStartCtrlSMonitor 00000000000245a0 f   Shell:Shell.obj
 0001:00013750       UefiMain                   0000000000024750 f   Shell:Shell.obj
 0001:000148ac       SetBuiltInAlias            00000000000258ac f   Shell:Shell.obj
 0001:000149a8       IsCommand                  00000000000259a8 f   Shell:Shell.obj
 0001:000149d8       IsScriptOnlyCommand        00000000000259d8 f   Shell:Shell.obj
 0001:00014a7c       GetDevicePathsForImageAndFile 0000000000025a7c f   Shell:Shell.obj
 0001:00014c10       ProcessCommandLine         0000000000025c10 f   Shell:Shell.obj
 0001:00015390       LocateStartupScript        0000000000026390 f   Shell:Shell.obj
 0001:00015504       DoStartupScript            0000000000026504 f   Shell:Shell.obj
 0001:00015904       DoShellPrompt              0000000000026904 f   Shell:Shell.obj
 0001:00015af8       AddBufferToFreeList        0000000000026af8 f   Shell:Shell.obj
 0001:00015b54       SaveBufferList             0000000000026b54 f   Shell:Shell.obj
 0001:00015b88       RestoreBufferList          0000000000026b88 f   Shell:Shell.obj
 0001:00015bbc       AddLineToCommandHistory    0000000000026bbc f   Shell:Shell.obj
 0001:00015d14       ShellConvertAlias          0000000000026d14 f   Shell:Shell.obj
 0001:00015d8c       StripUnreplacedEnvironmentVariables 0000000000026d8c f   Shell:Shell.obj
 0001:00015f10       ShellConvertVariables      0000000000026f10 f   Shell:Shell.obj
 0001:00016500       RunSplitCommand            0000000000027500 f   Shell:Shell.obj
 0001:00016a08       ShellSubstituteVariables   0000000000027a08 f   Shell:Shell.obj
 0001:00016a78       ShellSubstituteAliases     0000000000027a78 f   Shell:Shell.obj
 0001:00016d34       GetOperationType           0000000000027d34 f   Shell:Shell.obj
 0001:00016ea8       IsValidSplit               0000000000027ea8 f   Shell:Shell.obj
 0001:00017068       VerifySplit                0000000000028068 f   Shell:Shell.obj
 0001:00017114       ProcessNewSplitCommandLine 0000000000028114 f   Shell:Shell.obj
 0001:000171fc       ChangeMappedDrive          00000000000281fc f   Shell:Shell.obj
 0001:000172c8       DoHelpUpdate               00000000000282c8 f   Shell:Shell.obj
 0001:000174dc       SetLastError               00000000000284dc f   Shell:Shell.obj
 0001:00017588       ProcessCommandLineToFinal  0000000000028588 f   Shell:Shell.obj
 0001:00017670       RunInternalCommand         0000000000028670 f   Shell:Shell.obj
 0001:000178ac       RunCommandOrFile           00000000000288ac f   Shell:Shell.obj
 0001:00017c34       SetupAndRunCommandOrFile   0000000000028c34 f   Shell:Shell.obj
 0001:00017db0       RunShellCommand            0000000000028db0 f   Shell:Shell.obj
 0001:000181a0       RunCommand                 00000000000291a0 f   Shell:Shell.obj
 0001:000181bc       RunScriptFileHandle        00000000000291bc f   Shell:Shell.obj
 0001:00019668       RunScriptFile              000000000002a668 f   Shell:Shell.obj
 0001:00019760       FindFirstCharacter         000000000002a760 f   Shell:Shell.obj
 0001:00019840       GetDebugPrintErrorLevel    000000000002a840 f   BaseDebugPrintErrorLevelLib:BaseDebugPrintErrorLevelLib.obj
 0001:00019848       FilterBeforeMmIoRead       000000000002a848 f   FilterLibNull:RegisterFilterLibNull.obj
 0001:00019848       FilterBeforeIoRead         000000000002a848 f   FilterLibNull:RegisterFilterLibNull.obj
 0001:00019848       FilterBeforeMmIoWrite      000000000002a848 f   FilterLibNull:RegisterFilterLibNull.obj
 0001:00019848       FilterBeforeIoWrite        000000000002a848 f   FilterLibNull:RegisterFilterLibNull.obj
 0001:0001985c       FilterAfterMmIoWrite       000000000002a85c f   FilterLibNull:RegisterFilterLibNull.obj
 0001:0001985c       FilterAfterIoRead          000000000002a85c f   FilterLibNull:RegisterFilterLibNull.obj
 0001:0001985c       FilterAfterIoWrite         000000000002a85c f   FilterLibNull:RegisterFilterLibNull.obj
 0001:0001985c       FilterAfterMmIoRead        000000000002a85c f   FilterLibNull:RegisterFilterLibNull.obj
 0001:0001986c       InternalGetReportStatusCode 000000000002a86c f   DxeReportStatusCodeLib:ReportStatusCodeLib.obj
 0001:000198dc       InternalReportStatusCode   000000000002a8dc f   DxeReportStatusCodeLib:ReportStatusCodeLib.obj
 0001:00019994       ReportStatusCodeEx         000000000002a994 f   DxeReportStatusCodeLib:ReportStatusCodeLib.obj
 0001:00019c10       ReportProgressCodeEnabled  000000000002ac10 f   DxeReportStatusCodeLib:ReportStatusCodeLib.obj
 0001:00019c34       ReportErrorCodeEnabled     000000000002ac34 f   DxeReportStatusCodeLib:ReportStatusCodeLib.obj
 0001:00019c58       ReportDebugCodeEnabled     000000000002ac58 f   DxeReportStatusCodeLib:ReportStatusCodeLib.obj
 0001:00019c7c       UnicodeVSPrint             000000000002ac7c f   BasePrintLib:PrintLib.obj
 0001:00019d3c       UnicodeSPrint              000000000002ad3c f   BasePrintLib:PrintLib.obj
 0001:00019d90       UnicodeValueToStringS      000000000002ad90 f   BasePrintLib:PrintLib.obj
 0001:00019e14       AsciiVSPrint               000000000002ae14 f   BasePrintLib:PrintLib.obj
 0001:00019e5c       AsciiSPrint                000000000002ae5c f   BasePrintLib:PrintLib.obj
 0001:00019eb0       SPrintLength               000000000002aeb0 f   BasePrintLib:PrintLib.obj
 0001:00019f24       BasePrintLibFillBuffer     000000000002af24 f   BasePrintLib:PrintLibInternal.obj
 0001:00019fb0       BasePrintLibValueToString  000000000002afb0 f   BasePrintLib:PrintLibInternal.obj
 0001:0001a018       BasePrintLibConvertValueToStringS 000000000002b018 f   BasePrintLib:PrintLibInternal.obj
 0001:0001a76c       BasePrintLibSPrintMarker   000000000002b76c f   BasePrintLib:PrintLibInternal.obj
 0001:0001c888       BasePrintLibSPrint         000000000002d888 f   BasePrintLib:PrintLibInternal.obj
 0001:0001c8f0       InternalMemCopyMem         000000000002d8f0 f   BaseMemoryLib:CopyMem.obj
 0001:0001cecc       CopyGuid                   000000000002decc f   BaseMemoryLib:MemLibGuid.obj
 0001:0001cf20       CompareGuid                000000000002df20 f   BaseMemoryLib:MemLibGuid.obj
 0001:0001cfa8       InternalMemSetMem16        000000000002dfa8 f   BaseMemoryLib:MemLibGeneric.obj
 0001:0001cfec       InternalMemZeroMem         000000000002dfec f   BaseMemoryLib:MemLibGeneric.obj
 0001:0001d014       InternalMemCompareMem      000000000002e014 f   BaseMemoryLib:MemLibGeneric.obj
 0001:0001d07c       CopyMem                    000000000002e07c f   BaseMemoryLib:CopyMemWrapper.obj
 0001:0001d154       SetMem                     000000000002e154 f   BaseMemoryLib:SetMemWrapper.obj
 0001:0001d1d4       SetMem16                   000000000002e1d4 f   BaseMemoryLib:SetMem16Wrapper.obj
 0001:0001d308       CompareMem                 000000000002e308 f   BaseMemoryLib:CompareMemWrapper.obj
 0001:0001d43c       ZeroMem                    000000000002e43c f   BaseMemoryLib:ZeroMemWrapper.obj
 0001:0001d4e4       InternalMemSetMem          000000000002e4e4 f   BaseMemoryLib:SetMem.obj
 0001:0001d678       GetDevicePathSize          000000000002e678 f   UefiDevicePathLib:UefiDevicePathLib.obj
 0001:0001d690       DuplicateDevicePath        000000000002e690 f   UefiDevicePathLib:UefiDevicePathLib.obj
 0001:0001d6a8       AppendDevicePath           000000000002e6a8 f   UefiDevicePathLib:UefiDevicePathLib.obj
 0001:0001d6cc       AppendDevicePathNode       000000000002e6cc f   UefiDevicePathLib:UefiDevicePathLib.obj
 0001:0001d6f0       GetNextDevicePathInstance  000000000002e6f0 f   UefiDevicePathLib:UefiDevicePathLib.obj
 0001:0001d714       CreateDeviceNode           000000000002e714 f   UefiDevicePathLib:UefiDevicePathLib.obj
 0001:0001d740       ConvertDevicePathToText    000000000002e740 f   UefiDevicePathLib:UefiDevicePathLib.obj
 0001:0001d76c       ConvertTextToDevicePath    000000000002e76c f   UefiDevicePathLib:UefiDevicePathLib.obj
 0001:0001d784       UefiDevicePathLibStrDuplicate 000000000002e784 f   UefiDevicePathLib:DevicePathFromText.obj
 0001:0001d7ac       GetParamByNodeName         000000000002e7ac f   UefiDevicePathLib:DevicePathFromText.obj
 0001:0001d8bc       SplitStr                   000000000002e8bc f   UefiDevicePathLib:DevicePathFromText.obj
 0001:0001d958       GetNextParamStr            000000000002e958 f   UefiDevicePathLib:DevicePathFromText.obj
 0001:0001d974       GetNextDeviceNodeStr       000000000002e974 f   UefiDevicePathLib:DevicePathFromText.obj
 0001:0001dae4       IsHexStr                   000000000002eae4 f   UefiDevicePathLib:DevicePathFromText.obj
 0001:0001db54       Strtoi                     000000000002eb54 f   UefiDevicePathLib:DevicePathFromText.obj
 0001:0001db8c       Strtoi64                   000000000002eb8c f   UefiDevicePathLib:DevicePathFromText.obj
 0001:0001dbd8       StrToAscii                 000000000002ebd8 f   UefiDevicePathLib:DevicePathFromText.obj
 0001:0001dc44       DevPathFromTextGenericPath 000000000002ec44 f   UefiDevicePathLib:DevicePathFromText.obj
 0001:0001dd04       DevPathFromTextPath        000000000002ed04 f   UefiDevicePathLib:DevicePathFromText.obj
 0001:0001dd38       DevPathFromTextHardwarePath 000000000002ed38 f   UefiDevicePathLib:DevicePathFromText.obj
 0001:0001dd54       DevPathFromTextPci         000000000002ed54 f   UefiDevicePathLib:DevicePathFromText.obj
 0001:0001ddc4       DevPathFromTextPcCard      000000000002edc4 f   UefiDevicePathLib:DevicePathFromText.obj
 0001:0001de14       DevPathFromTextMemoryMapped 000000000002ee14 f   UefiDevicePathLib:DevicePathFromText.obj
 0001:0001deb0       ConvertFromTextVendor      000000000002eeb0 f   UefiDevicePathLib:DevicePathFromText.obj
 0001:0001df74       DevPathFromTextVenHw       000000000002ef74 f   UefiDevicePathLib:DevicePathFromText.obj
 0001:0001df94       DevPathFromTextCtrl        000000000002ef94 f   UefiDevicePathLib:DevicePathFromText.obj
 0001:0001dfe4       DevPathFromTextBmc         000000000002efe4 f   UefiDevicePathLib:DevicePathFromText.obj
 0001:0001e060       DevPathFromTextAcpiPath    000000000002f060 f   UefiDevicePathLib:DevicePathFromText.obj
 0001:0001e07c       EisaIdFromText             000000000002f07c f   UefiDevicePathLib:DevicePathFromText.obj
 0001:0001e108       DevPathFromTextAcpi        000000000002f108 f   UefiDevicePathLib:DevicePathFromText.obj
 0001:0001e178       ConvertFromTextAcpi        000000000002f178 f   UefiDevicePathLib:DevicePathFromText.obj
 0001:0001e1e0       DevPathFromTextPciRoot     000000000002f1e0 f   UefiDevicePathLib:DevicePathFromText.obj
 0001:0001e200       DevPathFromTextPcieRoot    000000000002f200 f   UefiDevicePathLib:DevicePathFromText.obj
 0001:0001e220       DevPathFromTextFloppy      000000000002f220 f   UefiDevicePathLib:DevicePathFromText.obj
 0001:0001e240       DevPathFromTextKeyboard    000000000002f240 f   UefiDevicePathLib:DevicePathFromText.obj
 0001:0001e260       DevPathFromTextSerial      000000000002f260 f   UefiDevicePathLib:DevicePathFromText.obj
 0001:0001e280       DevPathFromTextParallelPort 000000000002f280 f   UefiDevicePathLib:DevicePathFromText.obj
 0001:0001e2a0       DevPathFromTextAcpiEx      000000000002f2a0 f   UefiDevicePathLib:DevicePathFromText.obj
 0001:0001e40c       DevPathFromTextAcpiExp     000000000002f40c f   UefiDevicePathLib:DevicePathFromText.obj
 0001:0001e518       DevPathFromTextAcpiAdr     000000000002f518 f   UefiDevicePathLib:DevicePathFromText.obj
 0001:0001e66c       DevPathFromTextMsg         000000000002f66c f   UefiDevicePathLib:DevicePathFromText.obj
 0001:0001e688       DevPathFromTextAta         000000000002f688 f   UefiDevicePathLib:DevicePathFromText.obj
 0001:0001e7a8       DevPathFromTextScsi        000000000002f7a8 f   UefiDevicePathLib:DevicePathFromText.obj
 0001:0001e81c       DevPathFromTextFibre       000000000002f81c f   UefiDevicePathLib:DevicePathFromText.obj
 0001:0001e8a0       DevPathFromTextFibreEx     000000000002f8a0 f   UefiDevicePathLib:DevicePathFromText.obj
 0001:0001e954       DevPathFromText1394        000000000002f954 f   UefiDevicePathLib:DevicePathFromText.obj
 0001:0001e9b0       DevPathFromTextUsb         000000000002f9b0 f   UefiDevicePathLib:DevicePathFromText.obj
 0001:0001ea20       DevPathFromTextI2O         000000000002fa20 f   UefiDevicePathLib:DevicePathFromText.obj
 0001:0001ea70       DevPathFromTextInfiniband  000000000002fa70 f   UefiDevicePathLib:DevicePathFromText.obj
 0001:0001eb54       DevPathFromTextVenMsg      000000000002fb54 f   UefiDevicePathLib:DevicePathFromText.obj
 0001:0001eb74       DevPathFromTextVenPcAnsi   000000000002fb74 f   UefiDevicePathLib:DevicePathFromText.obj
 0001:0001ebbc       DevPathFromTextVenVt100    000000000002fbbc f   UefiDevicePathLib:DevicePathFromText.obj
 0001:0001ec04       DevPathFromTextVenVt100Plus 000000000002fc04 f   UefiDevicePathLib:DevicePathFromText.obj
 0001:0001ec4c       DevPathFromTextVenUtf8     000000000002fc4c f   UefiDevicePathLib:DevicePathFromText.obj
 0001:0001ec94       DevPathFromTextUartFlowCtrl 000000000002fc94 f   UefiDevicePathLib:DevicePathFromText.obj
 0001:0001ed40       DevPathFromTextSAS         000000000002fd40 f   UefiDevicePathLib:DevicePathFromText.obj
 0001:0001f014       DevPathFromTextSasEx       0000000000030014 f   UefiDevicePathLib:DevicePathFromText.obj
 0001:0001f2dc       DevPathFromTextNVMe        00000000000302dc f   UefiDevicePathLib:DevicePathFromText.obj
 0001:0001f39c       DevPathFromTextUfs         000000000003039c f   UefiDevicePathLib:DevicePathFromText.obj
 0001:0001f40c       DevPathFromTextSd          000000000003040c f   UefiDevicePathLib:DevicePathFromText.obj
 0001:0001f45c       DevPathFromTextEmmc        000000000003045c f   UefiDevicePathLib:DevicePathFromText.obj
 0001:0001f4ac       DevPathFromTextDebugPort   00000000000304ac f   UefiDevicePathLib:DevicePathFromText.obj
 0001:0001f4f4       DevPathFromTextMAC         00000000000304f4 f   UefiDevicePathLib:DevicePathFromText.obj
 0001:0001f5a8       NetworkProtocolFromText    00000000000305a8 f   UefiDevicePathLib:DevicePathFromText.obj
 0001:0001f5fc       DevPathFromTextIPv4        00000000000305fc f   UefiDevicePathLib:DevicePathFromText.obj
 0001:0001f794       DevPathFromTextIPv6        0000000000030794 f   UefiDevicePathLib:DevicePathFromText.obj
 0001:0001f938       DevPathFromTextUart        0000000000030938 f   UefiDevicePathLib:DevicePathFromText.obj
 0001:0001fb48       ConvertFromTextUsbClass    0000000000030b48 f   UefiDevicePathLib:DevicePathFromText.obj
 0001:0001fce8       DevPathFromTextUsbClass    0000000000030ce8 f   UefiDevicePathLib:DevicePathFromText.obj
 0001:0001fd10       DevPathFromTextUsbAudio    0000000000030d10 f   UefiDevicePathLib:DevicePathFromText.obj
 0001:0001fd3c       DevPathFromTextUsbCDCControl 0000000000030d3c f   UefiDevicePathLib:DevicePathFromText.obj
 0001:0001fd68       DevPathFromTextUsbHID      0000000000030d68 f   UefiDevicePathLib:DevicePathFromText.obj
 0001:0001fd94       DevPathFromTextUsbImage    0000000000030d94 f   UefiDevicePathLib:DevicePathFromText.obj
 0001:0001fdc0       DevPathFromTextUsbPrinter  0000000000030dc0 f   UefiDevicePathLib:DevicePathFromText.obj
 0001:0001fdec       DevPathFromTextUsbMassStorage 0000000000030dec f   UefiDevicePathLib:DevicePathFromText.obj
 0001:0001fe18       DevPathFromTextUsbHub      0000000000030e18 f   UefiDevicePathLib:DevicePathFromText.obj
 0001:0001fe44       DevPathFromTextUsbCDCData  0000000000030e44 f   UefiDevicePathLib:DevicePathFromText.obj
 0001:0001fe70       DevPathFromTextUsbSmartCard 0000000000030e70 f   UefiDevicePathLib:DevicePathFromText.obj
 0001:0001fe9c       DevPathFromTextUsbVideo    0000000000030e9c f   UefiDevicePathLib:DevicePathFromText.obj
 0001:0001fec8       DevPathFromTextUsbDiagnostic 0000000000030ec8 f   UefiDevicePathLib:DevicePathFromText.obj
 0001:0001fef4       DevPathFromTextUsbWireless 0000000000030ef4 f   UefiDevicePathLib:DevicePathFromText.obj
 0001:0001ff20       DevPathFromTextUsbDeviceFirmwareUpdate 0000000000030f20 f   UefiDevicePathLib:DevicePathFromText.obj
 0001:0001ff54       DevPathFromTextUsbIrdaBridge 0000000000030f54 f   UefiDevicePathLib:DevicePathFromText.obj
 0001:0001ff88       DevPathFromTextUsbTestAndMeasurement 0000000000030f88 f   UefiDevicePathLib:DevicePathFromText.obj
 0001:0001ffbc       DevPathFromTextUsbWwid     0000000000030fbc f   UefiDevicePathLib:DevicePathFromText.obj
 0001:000200f8       DevPathFromTextUnit        00000000000310f8 f   UefiDevicePathLib:DevicePathFromText.obj
 0001:00020148       DevPathFromTextiSCSI       0000000000031148 f   UefiDevicePathLib:DevicePathFromText.obj
 0001:0002034c       DevPathFromTextVlan        000000000003134c f   UefiDevicePathLib:DevicePathFromText.obj
 0001:0002039c       DevPathFromTextBluetooth   000000000003139c f   UefiDevicePathLib:DevicePathFromText.obj
 0001:000203fc       DevPathFromTextWiFi        00000000000313fc f   UefiDevicePathLib:DevicePathFromText.obj
 0001:000204cc       DevPathFromTextBluetoothLE 00000000000314cc f   UefiDevicePathLib:DevicePathFromText.obj
 0001:0002054c       DevPathFromTextDns         000000000003154c f   UefiDevicePathLib:DevicePathFromText.obj
 0001:000206ec       DevPathFromTextUri         00000000000316ec f   UefiDevicePathLib:DevicePathFromText.obj
 0001:00020788       DevPathFromTextMediaPath   0000000000031788 f   UefiDevicePathLib:DevicePathFromText.obj
 0001:000207a4       DevPathFromTextHD          00000000000317a4 f   UefiDevicePathLib:DevicePathFromText.obj
 0001:0002092c       DevPathFromTextCDROM       000000000003192c f   UefiDevicePathLib:DevicePathFromText.obj
 0001:000209c8       DevPathFromTextVenMedia    00000000000319c8 f   UefiDevicePathLib:DevicePathFromText.obj
 0001:000209e8       DevPathFromTextFilePath    00000000000319e8 f   UefiDevicePathLib:DevicePathFromText.obj
 0001:00020a48       DevPathFromTextMedia       0000000000031a48 f   UefiDevicePathLib:DevicePathFromText.obj
 0001:00020a9c       DevPathFromTextFv          0000000000031a9c f   UefiDevicePathLib:DevicePathFromText.obj
 0001:00020af0       DevPathFromTextFvFile      0000000000031af0 f   UefiDevicePathLib:DevicePathFromText.obj
 0001:00020b44       DevPathFromTextRelativeOffsetRange 0000000000031b44 f   UefiDevicePathLib:DevicePathFromText.obj
 0001:00020bbc       DevPathFromTextRamDisk     0000000000031bbc f   UefiDevicePathLib:DevicePathFromText.obj
 0001:00020cb4       DevPathFromTextVirtualDisk 0000000000031cb4 f   UefiDevicePathLib:DevicePathFromText.obj
 0001:00020d9c       DevPathFromTextVirtualCd   0000000000031d9c f   UefiDevicePathLib:DevicePathFromText.obj
 0001:00020e84       DevPathFromTextPersistentVirtualDisk 0000000000031e84 f   UefiDevicePathLib:DevicePathFromText.obj
 0001:00020f6c       DevPathFromTextPersistentVirtualCd 0000000000031f6c f   UefiDevicePathLib:DevicePathFromText.obj
 0001:00021054       DevPathFromTextBbsPath     0000000000032054 f   UefiDevicePathLib:DevicePathFromText.obj
 0001:00021070       DevPathFromTextBBS         0000000000032070 f   UefiDevicePathLib:DevicePathFromText.obj
 0001:00021214       DevPathFromTextSata        0000000000032214 f   UefiDevicePathLib:DevicePathFromText.obj
 0001:000212cc       UefiDevicePathLibConvertTextToDeviceNode 00000000000322cc f   UefiDevicePathLib:DevicePathFromText.obj
 0001:00021404       UefiDevicePathLibConvertTextToDevicePath 0000000000032404 f   UefiDevicePathLib:DevicePathFromText.obj
 0001:000215e4       UefiDevicePathLibCatPrint  00000000000325e4 f   UefiDevicePathLib:DevicePathToText.obj
 0001:00021744       DevPathToTextPci           0000000000032744 f   UefiDevicePathLib:DevicePathToText.obj
 0001:00021794       DevPathToTextPccard        0000000000032794 f   UefiDevicePathLib:DevicePathToText.obj
 0001:000217d8       DevPathToTextMemMap        00000000000327d8 f   UefiDevicePathLib:DevicePathToText.obj
 0001:00021830       DevPathToTextVendor        0000000000032830 f   UefiDevicePathLib:DevicePathToText.obj
 0001:00021d50       DevPathToTextController    0000000000032d50 f   UefiDevicePathLib:DevicePathToText.obj
 0001:00021d94       DevPathToTextBmc           0000000000032d94 f   UefiDevicePathLib:DevicePathToText.obj
 0001:00021dec       DevPathToTextAcpi          0000000000032dec f   UefiDevicePathLib:DevicePathToText.obj
 0001:00021f84       DevPathToTextAcpiEx        0000000000032f84 f   UefiDevicePathLib:DevicePathToText.obj
 0001:00022568       DevPathToTextAcpiAdr       0000000000033568 f   UefiDevicePathLib:DevicePathToText.obj
 0001:0002262c       DevPathToTextAtapi         000000000003362c f   UefiDevicePathLib:DevicePathToText.obj
 0001:000226f4       DevPathToTextScsi          00000000000336f4 f   UefiDevicePathLib:DevicePathToText.obj
 0001:00022744       DevPathToTextFibre         0000000000033744 f   UefiDevicePathLib:DevicePathToText.obj
 0001:00022790       DevPathToTextFibreEx       0000000000033790 f   UefiDevicePathLib:DevicePathToText.obj
 0001:00022880       DevPathToTextSasEx         0000000000033880 f   UefiDevicePathLib:DevicePathToText.obj
 0001:00022afc       DevPathToTextNVMe          0000000000033afc f   UefiDevicePathLib:DevicePathToText.obj
 0001:00022c14       DevPathToTextUfs           0000000000033c14 f   UefiDevicePathLib:DevicePathToText.obj
 0001:00022c64       DevPathToTextSd            0000000000033c64 f   UefiDevicePathLib:DevicePathToText.obj
 0001:00022ca8       DevPathToTextEmmc          0000000000033ca8 f   UefiDevicePathLib:DevicePathToText.obj
 0001:00022cec       DevPathToText1394          0000000000033cec f   UefiDevicePathLib:DevicePathToText.obj
 0001:00022d30       DevPathToTextUsb           0000000000033d30 f   UefiDevicePathLib:DevicePathToText.obj
 0001:00022d80       DevPathToTextUsbWWID       0000000000033d80 f   UefiDevicePathLib:DevicePathToText.obj
 0001:00022eb8       DevPathToTextLogicalUnit   0000000000033eb8 f   UefiDevicePathLib:DevicePathToText.obj
 0001:00022efc       DevPathToTextUsbClass      0000000000033efc f   UefiDevicePathLib:DevicePathToText.obj
 0001:00023264       DevPathToTextSata          0000000000034264 f   UefiDevicePathLib:DevicePathToText.obj
 0001:000232c4       DevPathToTextI2O           00000000000342c4 f   UefiDevicePathLib:DevicePathToText.obj
 0001:00023308       DevPathToTextMacAddr       0000000000034308 f   UefiDevicePathLib:DevicePathToText.obj
 0001:000233d8       CatNetworkProtocol         00000000000343d8 f   UefiDevicePathLib:DevicePathToText.obj
 0001:00023440       CatIPv4Address             0000000000034440 f   UefiDevicePathLib:DevicePathToText.obj
 0001:000234bc       CatIPv6Address             00000000000344bc f   UefiDevicePathLib:DevicePathToText.obj
 0001:000236d4       DevPathToTextIPv4          00000000000346d4 f   UefiDevicePathLib:DevicePathToText.obj
 0001:00023828       DevPathToTextIPv6          0000000000034828 f   UefiDevicePathLib:DevicePathToText.obj
 0001:00023978       DevPathToTextInfiniBand    0000000000034978 f   UefiDevicePathLib:DevicePathToText.obj
 0001:000239f0       DevPathToTextUart          00000000000349f0 f   UefiDevicePathLib:DevicePathToText.obj
 0001:00023b94       DevPathToTextiSCSI         0000000000034b94 f   UefiDevicePathLib:DevicePathToText.obj
 0001:00023d60       DevPathToTextVlan          0000000000034d60 f   UefiDevicePathLib:DevicePathToText.obj
 0001:00023da4       DevPathToTextBluetooth     0000000000034da4 f   UefiDevicePathLib:DevicePathToText.obj
 0001:00023e6c       DevPathToTextWiFi          0000000000034e6c f   UefiDevicePathLib:DevicePathToText.obj
 0001:00023f08       DevPathToTextBluetoothLE   0000000000034f08 f   UefiDevicePathLib:DevicePathToText.obj
 0001:00023fe4       DevPathToTextDns           0000000000034fe4 f   UefiDevicePathLib:DevicePathToText.obj
 0001:000240d8       DevPathToTextUri           00000000000350d8 f   UefiDevicePathLib:DevicePathToText.obj
 0001:000241b4       DevPathToTextHardDrive     00000000000351b4 f   UefiDevicePathLib:DevicePathToText.obj
 0001:000242d0       DevPathToTextCDROM         00000000000352d0 f   UefiDevicePathLib:DevicePathToText.obj
 0001:00024350       DevPathToTextFilePath      0000000000035350 f   UefiDevicePathLib:DevicePathToText.obj
 0001:00024394       DevPathToTextMediaProtocol 0000000000035394 f   UefiDevicePathLib:DevicePathToText.obj
 0001:000243d8       DevPathToTextFv            00000000000353d8 f   UefiDevicePathLib:DevicePathToText.obj
 0001:0002441c       DevPathToTextFvFile        000000000003541c f   UefiDevicePathLib:DevicePathToText.obj
 0001:00024460       DevPathRelativeOffsetRange 0000000000035460 f   UefiDevicePathLib:DevicePathToText.obj
 0001:000244ac       DevPathToTextRamDisk       00000000000354ac f   UefiDevicePathLib:DevicePathToText.obj
 0001:000248b0       DevPathToTextBBS           00000000000358b0 f   UefiDevicePathLib:DevicePathToText.obj
 0001:000249fc       DevPathToTextEndInstance   00000000000359fc f   UefiDevicePathLib:DevicePathToText.obj
 0001:00024a2c       DevPathToTextNodeGeneric   0000000000035a2c f   UefiDevicePathLib:DevicePathToText.obj
 0001:00024bb0       UefiDevicePathLibConvertDevicePathToText 0000000000035bb0 f   UefiDevicePathLib:DevicePathToText.obj
 0001:00024d4c       DevicePathFromHandle       0000000000035d4c f   UefiDevicePathLib:DevicePathUtilitiesDxeSmm.obj
 0001:00024d9c       IsDevicePathValid          0000000000035d9c f   UefiDevicePathLib:DevicePathUtilities.obj
 0001:00024f08       DevicePathType             0000000000035f08 f   UefiDevicePathLib:DevicePathUtilities.obj
 0001:00024f50       DevicePathSubType          0000000000035f50 f   UefiDevicePathLib:DevicePathUtilities.obj
 0001:00024f98       DevicePathNodeLength       0000000000035f98 f   UefiDevicePathLib:DevicePathUtilities.obj
 0001:00024ff8       NextDevicePathNode         0000000000035ff8 f   UefiDevicePathLib:DevicePathUtilities.obj
 0001:00025050       IsDevicePathEndType        0000000000036050 f   UefiDevicePathLib:DevicePathUtilities.obj
 0001:000250b4       IsDevicePathEnd            00000000000360b4 f   UefiDevicePathLib:DevicePathUtilities.obj
 0001:0002512c       SetDevicePathNodeLength    000000000003612c f   UefiDevicePathLib:DevicePathUtilities.obj
 0001:000251d0       SetDevicePathEndNode       00000000000361d0 f   UefiDevicePathLib:DevicePathUtilities.obj
 0001:00025228       UefiDevicePathLibGetDevicePathSize 0000000000036228 f   UefiDevicePathLib:DevicePathUtilities.obj
 0001:000252b0       UefiDevicePathLibDuplicateDevicePath 00000000000362b0 f   UefiDevicePathLib:DevicePathUtilities.obj
 0001:000252e8       UefiDevicePathLibAppendDevicePath 00000000000362e8 f   UefiDevicePathLib:DevicePathUtilities.obj
 0001:00025408       UefiDevicePathLibAppendDevicePathNode 0000000000036408 f   UefiDevicePathLib:DevicePathUtilities.obj
 0001:000254d8       UefiDevicePathLibGetNextDevicePathInstance 00000000000364d8 f   UefiDevicePathLib:DevicePathUtilities.obj
 0001:0002561c       UefiDevicePathLibCreateDeviceNode 000000000003661c f   UefiDevicePathLib:DevicePathUtilities.obj
 0001:00025688       FileDevicePath             0000000000036688 f   UefiDevicePathLib:DevicePathUtilities.obj
 0001:00025770       InternalAllocatePool       0000000000036770 f   UefiMemoryAllocationLib:MemoryAllocationLib.obj
 0001:000257c0       AllocatePool               00000000000367c0 f   UefiMemoryAllocationLib:MemoryAllocationLib.obj
 0001:000257e0       InternalAllocateZeroPool   00000000000367e0 f   UefiMemoryAllocationLib:MemoryAllocationLib.obj
 0001:00025828       AllocateZeroPool           0000000000036828 f   UefiMemoryAllocationLib:MemoryAllocationLib.obj
 0001:00025848       InternalAllocateCopyPool   0000000000036848 f   UefiMemoryAllocationLib:MemoryAllocationLib.obj
 0001:0002590c       AllocateCopyPool           000000000003690c f   UefiMemoryAllocationLib:MemoryAllocationLib.obj
 0001:00025934       InternalReallocatePool     0000000000036934 f   UefiMemoryAllocationLib:MemoryAllocationLib.obj
 0001:000259b8       ReallocatePool             00000000000369b8 f   UefiMemoryAllocationLib:MemoryAllocationLib.obj
 0001:000259ec       FreePool                   00000000000369ec f   UefiMemoryAllocationLib:MemoryAllocationLib.obj
 0001:00025a88       DebugPrint                 0000000000036a88 f   PeiDxeDebugLibReportStatusCode:DebugLib.obj
 0001:00025acc       DebugPrintMarker           0000000000036acc f   PeiDxeDebugLibReportStatusCode:DebugLib.obj
 0001:00026274       DebugVPrint                0000000000037274 f   PeiDxeDebugLibReportStatusCode:DebugLib.obj
 0001:000262a4       DebugAssert                00000000000372a4 f   PeiDxeDebugLibReportStatusCode:DebugLib.obj
 0001:00026640       DebugAssertEnabled         0000000000037640 f   PeiDxeDebugLibReportStatusCode:DebugLib.obj
 0001:00026664       DebugPrintEnabled          0000000000037664 f   PeiDxeDebugLibReportStatusCode:DebugLib.obj
 0001:00026688       DebugCodeEnabled           0000000000037688 f   PeiDxeDebugLibReportStatusCode:DebugLib.obj
 0001:000266ac       DebugPrintLevelEnabled     00000000000376ac f   PeiDxeDebugLibReportStatusCode:DebugLib.obj
 0001:000266e0       MemoryFence                00000000000376e0 f   BaseLib:X86MemoryFence.obj
 0001:000266e4       ReadUnaligned16            00000000000376e4 f   BaseLib:Unaligned.obj
 0001:0002672c       WriteUnaligned16           000000000003772c f   BaseLib:Unaligned.obj
 0001:00026784       ReadUnaligned32            0000000000037784 f   BaseLib:Unaligned.obj
 0001:000267cc       WriteUnaligned32           00000000000377cc f   BaseLib:Unaligned.obj
 0001:00026820       ReadUnaligned64            0000000000037820 f   BaseLib:Unaligned.obj
 0001:00026868       WriteUnaligned64           0000000000037868 f   BaseLib:Unaligned.obj
 0001:000268c0       InternalMathLShiftU64      00000000000378c0 f   BaseLib:Math64.obj
 0001:000268dc       InternalMathRShiftU64      00000000000378dc f   BaseLib:Math64.obj
 0001:000268f8       InternalMathSwapBytes64    00000000000378f8 f   BaseLib:Math64.obj
 0001:0002693c       InternalMathMultU64x32     000000000003793c f   BaseLib:Math64.obj
 0001:00026958       InternalMathMultU64x64     0000000000037958 f   BaseLib:Math64.obj
 0001:00026970       InternalMathDivU64x32      0000000000037970 f   BaseLib:Math64.obj
 0001:00026998       InternalMathModU64x32      0000000000037998 f   BaseLib:Math64.obj
 0001:000269c4       InternalMathDivRemU64x32   00000000000379c4 f   BaseLib:Math64.obj
 0001:00026a1c       InternalMathDivRemU64x64   0000000000037a1c f   BaseLib:Math64.obj
 0001:00026a58       CpuBreakpoint              0000000000037a58 f   BaseLib:CpuBreakpoint.obj
 0001:00026a5c       PathRemoveLastItem         0000000000037a5c f   BaseLib:FilePaths.obj
 0001:00026b10       PathCleanUpDirectories     0000000000037b10 f   BaseLib:FilePaths.obj
 0001:00026d0c       StrLen                     0000000000037d0c f   BaseLib:String.obj
 0001:00026e00       StrSize                    0000000000037e00 f   BaseLib:String.obj
 0001:00026e20       StrCmp                     0000000000037e20 f   BaseLib:String.obj
 0001:00026ef8       StrnCmp                    0000000000037ef8 f   BaseLib:String.obj
 0001:00027044       StrStr                     0000000000038044 f   BaseLib:String.obj
 0001:0002717c       ShellIsDecimalDigitCharacter 000000000003817c f   UefiShellLib:UefiShellLib.obj
 0001:0002717c       InternalIsDecimalDigitCharacter 000000000003817c f   BaseLib:String.obj
 0001:000271ac       CharToUpper                00000000000381ac f   BaseLib:String.obj
 0001:000271d8       InternalShellHexCharToUintn 00000000000381d8 f   UefiShellLib:UefiShellLib.obj
 0001:000271d8       InternalHexCharToUintn     00000000000381d8 f   BaseLib:String.obj
 0001:00027218       InternalIsHexaDecimalDigitCharacter 0000000000038218 f   BaseLib:String.obj
 0001:00027270       StrDecimalToUintn          0000000000038270 f   BaseLib:String.obj
 0001:000272b4       StrDecimalToUint64         00000000000382b4 f   BaseLib:String.obj
 0001:000272f8       StrHexToUintn              00000000000382f8 f   BaseLib:String.obj
 0001:0002733c       StrHexToUint64             000000000003833c f   BaseLib:String.obj
 0001:00027380       AsciiStrLen                0000000000038380 f   BaseLib:String.obj
 0001:00027438       AsciiStrSize               0000000000038438 f   BaseLib:String.obj
 0001:00027454       AsciiStrnCmp               0000000000038454 f   BaseLib:String.obj
 0001:000275a0       InternalSafeStringIsOverlap 00000000000385a0 f   BaseLib:SafeString.obj
 0001:00027604       InternalSafeStringNoStrOverlap 0000000000038604 f   BaseLib:SafeString.obj
 0001:00027664       InternalSafeStringNoAsciiStrOverlap 0000000000038664 f   BaseLib:SafeString.obj
 0001:000276b8       StrnLenS                   00000000000386b8 f   BaseLib:SafeString.obj
 0001:0002775c       StrnSizeS                  000000000003875c f   BaseLib:SafeString.obj
 0001:00027790       StrCpyS                    0000000000038790 f   BaseLib:SafeString.obj
 0001:00027c00       StrnCpyS                   0000000000038c00 f   BaseLib:SafeString.obj
 0001:00028164       StrCatS                    0000000000039164 f   BaseLib:SafeString.obj
 0001:000286b4       StrnCatS                   00000000000396b4 f   BaseLib:SafeString.obj
 0001:00028d10       StrDecimalToUintnS         0000000000039d10 f   BaseLib:SafeString.obj
 0001:0002905c       StrDecimalToUint64S        000000000003a05c f   BaseLib:SafeString.obj
 0001:000293b4       StrHexToUintnS             000000000003a3b4 f   BaseLib:SafeString.obj
 0001:00029774       StrHexToUint64S            000000000003a774 f   BaseLib:SafeString.obj
 0001:00029b44       StrToIpv6Address           000000000003ab44 f   BaseLib:SafeString.obj
 0001:0002a0b4       StrToIpv4Address           000000000003b0b4 f   BaseLib:SafeString.obj
 0001:0002a3c8       StrToGuid                  000000000003b3c8 f   BaseLib:SafeString.obj
 0001:0002a76c       StrHexToBytes              000000000003b76c f   BaseLib:SafeString.obj
 0001:0002abf0       AsciiStrnLenS              000000000003bbf0 f   BaseLib:SafeString.obj
 0001:0002ac5c       AsciiStrnCpyS              000000000003bc5c f   BaseLib:SafeString.obj
 0001:0002b14c       UnicodeStrToAsciiStrS      000000000003c14c f   BaseLib:SafeString.obj
 0001:0002b65c       AsciiStrToUnicodeStrS      000000000003c65c f   BaseLib:SafeString.obj
 0001:0002bb38       InternalBaseLibIsListValid 000000000003cb38 f   BaseLib:LinkedList.obj
 0001:0002bc54       IsNodeInList               000000000003cc54 f   BaseLib:LinkedList.obj
 0001:0002bd54       InitializeListHead         000000000003cd54 f   BaseLib:LinkedList.obj
 0001:0002bdb4       InsertHeadList             000000000003cdb4 f   BaseLib:LinkedList.obj
 0001:0002be9c       InsertTailList             000000000003ce9c f   BaseLib:LinkedList.obj
 0001:0002bf84       GetFirstNode               000000000003cf84 f   BaseLib:LinkedList.obj
 0001:0002bfd8       GetNextNode                000000000003cfd8 f   BaseLib:LinkedList.obj
 0001:0002c088       GetPreviousNode            000000000003d088 f   BaseLib:LinkedList.obj
 0001:0002c138       IsListEmpty                000000000003d138 f   BaseLib:LinkedList.obj
 0001:0002c1a0       IsNull                     000000000003d1a0 f   BaseLib:LinkedList.obj
 0001:0002c264       IsNodeAtEnd                000000000003d264 f   BaseLib:LinkedList.obj
 0001:0002c340       SwapListEntries            000000000003d340 f   BaseLib:LinkedList.obj
 0001:0002c468       RemoveEntryList            000000000003d468 f   BaseLib:LinkedList.obj
 0001:0002c4e4       CpuDeadLoop                000000000003d4e4 f   BaseLib:CpuDeadLoop.obj
 0001:0002c514       DivU64x32                  000000000003d514 f   BaseLib:DivU64x32.obj
 0001:0002c568       DivU64x32Remainder         000000000003d568 f   BaseLib:DivU64x32Remainder.obj
 0001:0002c5c4       DivU64x64Remainder         000000000003d5c4 f   BaseLib:DivU64x64Remainder.obj
 0001:0002c624       LShiftU64                  000000000003d624 f   BaseLib:LShiftU64.obj
 0001:0002c678       ModU64x32                  000000000003d678 f   BaseLib:ModU64x32.obj
 0001:0002c6cc       MultU64x32                 000000000003d6cc f   BaseLib:MultU64x32.obj
 0001:0002c6f8       MultU64x64                 000000000003d6f8 f   BaseLib:MultU64x64.obj
 0001:0002c724       RShiftU64                  000000000003d724 f   BaseLib:RShiftU64.obj
 0001:0002c778       QuickSort                  000000000003d778 f   BaseLib:QuickSort.obj
 0001:0002ca88       InternalAssertJumpBuffer   000000000003da88 f   BaseLib:SetJump.obj
 0001:0002cb00       SwapBytes16                000000000003db00 f   BaseLib:SwapBytes16.obj
 0001:0002cb18       SwapBytes32                000000000003db18 f   BaseLib:SwapBytes32.obj
 0001:0002cb58       SwapBytes64                000000000003db58 f   BaseLib:SwapBytes64.obj
 0001:0002cb70       UefiBootServicesTableLibConstructor 000000000003db70 f   UefiBootServicesTableLib:UefiBootServicesTableLib.obj
 0001:0002cc4c       UefiRuntimeServicesTableLibConstructor 000000000003dc4c f   UefiRuntimeServicesTableLib:UefiRuntimeServicesTableLib.obj
 0001:0002cca8       EfiGetSystemConfigurationTable 000000000003dca8 f   UefiLib:UefiLib.obj
 0001:0002cdb4       GetVariable2               000000000003ddb4 f   UefiLib:UefiLib.obj
 0001:0002cf58       GetEfiGlobalVariable2      000000000003df58 f   UefiLib:UefiLib.obj
 0001:0002cf8c       GetBestLanguage            000000000003df8c f   UefiLib:UefiLib.obj
 0001:0002d234       EfiOpenFileByDevicePath    000000000003e234 f   UefiLib:UefiLib.obj
 0001:0002d548       EfiGetNameGuidFromFwVolDevicePathNode 000000000003e548 f   UefiLib:UefiNotTiano.obj
 0001:0002d5c0       InternalPrint              000000000003e5c0 f   UefiLib:UefiLibPrint.obj
 0001:0002d744       Print                      000000000003e744 f   UefiLib:UefiLibPrint.obj
 0001:0002d798       CatVSPrint                 000000000003e798 f   UefiLib:UefiLibPrint.obj
 0001:0002d8e4       CatSPrint                  000000000003e8e4 f   UefiLib:UefiLibPrint.obj
 0001:0002d934       UefiHiiServicesLibConstructor 000000000003e934 f   UefiHiiServicesLib:UefiHiiServicesLib.obj
 0001:0002db58       GetHobList                 000000000003eb58 f   DxeHobLib:HobLib.obj
 0001:0002dc3c       HobLibConstructor          000000000003ec3c f   DxeHobLib:HobLib.obj
 0001:0002dc58       PerformQuickSort           000000000003ec58 f   UefiSortLib:UefiSortLib.obj
 0001:0002dd48       DevicePathCompare          000000000003ed48 f   UefiSortLib:UefiSortLib.obj
 0001:0002defc       StringNoCaseCompare        000000000003eefc f   UefiSortLib:UefiSortLib.obj
 0001:0002dfdc       StringCompare              000000000003efdc f   UefiSortLib:UefiSortLib.obj
 0001:0002e004       HiiGetSupportedLanguages   000000000003f004 f   UefiHiiLib:HiiLanguage.obj
 0001:0002e0ec       HiiSetString               000000000003f0ec f   UefiHiiLib:HiiString.obj
 0001:0002e338       HiiGetString               000000000003f338 f   UefiHiiLib:HiiString.obj
 0001:0002e368       HiiGetStringEx             000000000003f368 f   UefiHiiLib:HiiString.obj
 0001:0002e658       HiiAddPackages             000000000003f658 f   UefiHiiLib:HiiLib.obj
 0001:0002e850       HiiRemovePackages          000000000003f850 f   UefiHiiLib:HiiLib.obj
 0001:0002e928       FileHandleGetInfo          000000000003f928 f   UefiFileHandleLib:UefiFileHandleLib.obj
 0001:0002e9ec       FileHandleSetInfo          000000000003f9ec f   UefiFileHandleLib:UefiFileHandleLib.obj
 0001:0002ea3c       FileHandleRead             000000000003fa3c f   UefiFileHandleLib:UefiFileHandleLib.obj
 0001:0002ea80       FileHandleWrite            000000000003fa80 f   UefiFileHandleLib:UefiFileHandleLib.obj
 0001:0002eac4       FileHandleClose            000000000003fac4 f   UefiFileHandleLib:UefiFileHandleLib.obj
 0001:0002eb00       FileHandleDelete           000000000003fb00 f   UefiFileHandleLib:UefiFileHandleLib.obj
 0001:0002eb3c       FileHandleSetPosition      000000000003fb3c f   UefiFileHandleLib:UefiFileHandleLib.obj
 0001:0002eb78       FileHandleGetPosition      000000000003fb78 f   UefiFileHandleLib:UefiFileHandleLib.obj
 0001:0002ebbc       FileHandleFlush            000000000003fbbc f   UefiFileHandleLib:UefiFileHandleLib.obj
 0001:0002ebec       FileHandleIsDirectory      000000000003fbec f   UefiFileHandleLib:UefiFileHandleLib.obj
 0001:0002ec68       FileHandleFindFirstFile    000000000003fc68 f   UefiFileHandleLib:UefiFileHandleLib.obj
 0001:0002ede4       FileHandleFindNextFile     000000000003fde4 f   UefiFileHandleLib:UefiFileHandleLib.obj
 0001:0002eeb4       FileHandleGetSize          000000000003feb4 f   UefiFileHandleLib:UefiFileHandleLib.obj
 0001:0002ef24       FileHandleSetSize          000000000003ff24 f   UefiFileHandleLib:UefiFileHandleLib.obj
 0001:0002efa0       StrnCatGrowLeft            000000000003ffa0 f   UefiFileHandleLib:UefiFileHandleLib.obj
 0001:0002f194       FileHandleGetFileName      0000000000040194 f   UefiFileHandleLib:UefiFileHandleLib.obj
 0001:0002f5a4       PeCoffLoaderGetPdbPointer  00000000000405a4 f   BasePeCoffGetEntryPointLib:PeCoffGetEntryPoint.obj
 0001:0002f968       CreateBasicVariablePolicy  0000000000040968 f   VariablePolicyHelperLib:VariablePolicyHelperLib.obj
 0001:0002fb44       RegisterBasicVariablePolicy 0000000000040b44 f   VariablePolicyHelperLib:VariablePolicyHelperLib.obj
 0001:0002fc08       DxeServicesTableLibConstructor 0000000000040c08 f   DxeServicesTableLib:DxeServicesTableLib.obj
 0001:0002fce8       OrderedCollectionUserStruct 0000000000040ce8 f   BaseOrderedCollectionRedBlackTreeLib:BaseOrderedCollectionRedBlackTreeLib.obj
 0001:0002fcf8       OrderedCollectionInit      0000000000040cf8 f   BaseOrderedCollectionRedBlackTreeLib:BaseOrderedCollectionRedBlackTreeLib.obj
 0001:0002fd68       OrderedCollectionIsEmpty   0000000000040d68 f   BaseOrderedCollectionRedBlackTreeLib:BaseOrderedCollectionRedBlackTreeLib.obj
 0001:0002fd90       OrderedCollectionUninit    0000000000040d90 f   BaseOrderedCollectionRedBlackTreeLib:BaseOrderedCollectionRedBlackTreeLib.obj
 0001:0002fde4       OrderedCollectionFind      0000000000040de4 f   BaseOrderedCollectionRedBlackTreeLib:BaseOrderedCollectionRedBlackTreeLib.obj
 0001:0002fe68       OrderedCollectionMin       0000000000040e68 f   BaseOrderedCollectionRedBlackTreeLib:BaseOrderedCollectionRedBlackTreeLib.obj
 0001:0002feac       OrderedCollectionMax       0000000000040eac f   BaseOrderedCollectionRedBlackTreeLib:BaseOrderedCollectionRedBlackTreeLib.obj
 0001:0002fef0       OrderedCollectionNext      0000000000040ef0 f   BaseOrderedCollectionRedBlackTreeLib:BaseOrderedCollectionRedBlackTreeLib.obj
 0001:0002ff88       OrderedCollectionPrev      0000000000040f88 f   BaseOrderedCollectionRedBlackTreeLib:BaseOrderedCollectionRedBlackTreeLib.obj
 0001:00030020       RedBlackTreeRotateRight    0000000000041020 f   BaseOrderedCollectionRedBlackTreeLib:BaseOrderedCollectionRedBlackTreeLib.obj
 0001:000300e8       RedBlackTreeRotateLeft     00000000000410e8 f   BaseOrderedCollectionRedBlackTreeLib:BaseOrderedCollectionRedBlackTreeLib.obj
 0001:000301b0       OrderedCollectionInsert    00000000000411b0 f   BaseOrderedCollectionRedBlackTreeLib:BaseOrderedCollectionRedBlackTreeLib.obj
 0001:000305e4       NodeIsNullOrBlack          00000000000415e4 f   BaseOrderedCollectionRedBlackTreeLib:BaseOrderedCollectionRedBlackTreeLib.obj
 0001:00030614       OrderedCollectionDelete    0000000000041614 f   BaseOrderedCollectionRedBlackTreeLib:BaseOrderedCollectionRedBlackTreeLib.obj
 0001:00030e78       RedBlackTreeRecursiveCheck 0000000000041e78 f   BaseOrderedCollectionRedBlackTreeLib:BaseOrderedCollectionRedBlackTreeLib.obj
 0001:00030fe4       RedBlackTreeValidate       0000000000041fe4 f   BaseOrderedCollectionRedBlackTreeLib:BaseOrderedCollectionRedBlackTreeLib.obj
 0001:00031284       FullyQualifyPath           0000000000042284 f   UefiShellLib:UefiShellLib.obj
 0001:00031514       ShellIsHexaDecimalDigitCharacter 0000000000042514 f   UefiShellLib:UefiShellLib.obj
 0001:0003156c       ShellFindSE2               000000000004256c f   UefiShellLib:UefiShellLib.obj
 0001:00031798       ShellLibConstructorWorker  0000000000042798 f   UefiShellLib:UefiShellLib.obj
 0001:00031b14       ShellLibConstructor        0000000000042b14 f   UefiShellLib:UefiShellLib.obj
 0001:00031b88       ShellLibDestructor         0000000000042b88 f   UefiShellLib:UefiShellLib.obj
 0001:00031cfc       ShellInitialize            0000000000042cfc f   UefiShellLib:UefiShellLib.obj
 0001:00031dbc       ShellGetFileInfo           0000000000042dbc f   UefiShellLib:UefiShellLib.obj
 0001:00031dd8       ShellSetFileInfo           0000000000042dd8 f   UefiShellLib:UefiShellLib.obj
 0001:00031dfc       ShellOpenFileByDevicePath  0000000000042dfc f   UefiShellLib:UefiShellLib.obj
 0001:00031ee4       ShellOpenFileByName        0000000000042ee4 f   UefiShellLib:UefiShellLib.obj
 0001:00032274       ShellCreateDirectory       0000000000043274 f   UefiShellLib:UefiShellLib.obj
 0001:000322d0       ShellReadFile              00000000000432d0 f   UefiShellLib:UefiShellLib.obj
 0001:00032300       ShellWriteFile             0000000000043300 f   UefiShellLib:UefiShellLib.obj
 0001:00032330       ShellCloseFile             0000000000043330 f   UefiShellLib:UefiShellLib.obj
 0001:0003234c       ShellDeleteFile            000000000004334c f   UefiShellLib:UefiShellLib.obj
 0001:00032368       ShellSetFilePosition       0000000000043368 f   UefiShellLib:UefiShellLib.obj
 0001:0003238c       ShellGetFilePosition       000000000004338c f   UefiShellLib:UefiShellLib.obj
 0001:000323b0       ShellGetFileSize           00000000000433b0 f   UefiShellLib:UefiShellLib.obj
 0001:000323d4       ShellGetExecutionBreakFlag 00000000000433d4 f   UefiShellLib:UefiShellLib.obj
 0001:00032428       ShellGetEnvironmentVariable 0000000000043428 f   UefiShellLib:UefiShellLib.obj
 0001:00032470       ShellSetEnvironmentVariable 0000000000043470 f   UefiShellLib:UefiShellLib.obj
 0001:000324b8       ShellGetCurrentDir         00000000000434b8 f   UefiShellLib:UefiShellLib.obj
 0001:00032500       ShellSetPageBreakMode      0000000000043500 f   UefiShellLib:UefiShellLib.obj
 0001:00032584       InternalShellConvertFileListType 0000000000043584 f   UefiShellLib:UefiShellLib.obj
 0001:0003295c       ShellOpenFileMetaArg       000000000004395c f   UefiShellLib:UefiShellLib.obj
 0001:00032c80       ShellCloseFileMetaArg      0000000000043c80 f   UefiShellLib:UefiShellLib.obj
 0001:00032dd0       ShellFindFilePath          0000000000043dd0 f   UefiShellLib:UefiShellLib.obj
 0001:0003326c       ShellFindFilePathEx        000000000004426c f   UefiShellLib:UefiShellLib.obj
 0001:00033448       InternalIsOnCheckList      0000000000044448 f   UefiShellLib:UefiShellLib.obj
 0001:00033654       InternalIsFlag             0000000000044654 f   UefiShellLib:UefiShellLib.obj
 0001:00033748       InternalCommandLineParse   0000000000044748 f   UefiShellLib:UefiShellLib.obj
 0001:00033f04       ShellCommandLineParseEx    0000000000044f04 f   UefiShellLib:UefiShellLib.obj
 0001:00034048       ShellCommandLineFreeVarList 0000000000045048 f   UefiShellLib:UefiShellLib.obj
 0001:000340e8       ShellCommandLineGetFlag    00000000000450e8 f   UefiShellLib:UefiShellLib.obj
 0001:00034230       ShellCommandLineGetValue   0000000000045230 f   UefiShellLib:UefiShellLib.obj
 0001:000343a8       ShellCommandLineGetRawValue 00000000000453a8 f   UefiShellLib:UefiShellLib.obj
 0001:00034424       ShellCommandLineGetCount   0000000000045424 f   UefiShellLib:UefiShellLib.obj
 0001:000344a4       ShellCommandLineCheckDuplicate 00000000000454a4 f   UefiShellLib:UefiShellLib.obj
 0001:000345e8       ShellCopySearchAndReplace  00000000000455e8 f   UefiShellLib:UefiShellLib.obj
 0001:0003485c       InternalPrintTo            000000000004585c f   UefiShellLib:UefiShellLib.obj
 0001:0003494c       InternalShellPrintWorker   000000000004594c f   UefiShellLib:UefiShellLib.obj
 0001:0003514c       ShellPrintEx               000000000004614c f   UefiShellLib:UefiShellLib.obj
 0001:000351b0       ShellPrintHiiEx            00000000000461b0 f   UefiShellLib:UefiShellLib.obj
 0001:00035254       ShellIsDirectory           0000000000046254 f   UefiShellLib:UefiShellLib.obj
 0001:00035400       ShellIsFile                0000000000046400 f   UefiShellLib:UefiShellLib.obj
 0001:000354b0       ShellIsFileInPath          00000000000464b0 f   UefiShellLib:UefiShellLib.obj
 0001:0003551c       ShellStrToUintn            000000000004651c f   UefiShellLib:UefiShellLib.obj
 0001:00035584       StrnCatGrow                0000000000046584 f   UefiShellLib:UefiShellLib.obj
 0001:000357a0       ShellPromptForResponse     00000000000467a0 f   UefiShellLib:UefiShellLib.obj
 0001:000360c8       ShellPromptForResponseHii  00000000000470c8 f   UefiShellLib:UefiShellLib.obj
 0001:0003612c       InternalShellIsHexOrDecimalNumber 000000000004712c f   UefiShellLib:UefiShellLib.obj
 0001:000362b4       ShellFileExists            00000000000472b4 f   UefiShellLib:UefiShellLib.obj
 0001:0003633c       InternalShellStrHexToUint64 000000000004733c f   UefiShellLib:UefiShellLib.obj
 0001:000364e8       InternalShellStrDecimalToUint64 00000000000474e8 f   UefiShellLib:UefiShellLib.obj
 0001:00036658       ShellConvertStringToUint64 0000000000047658 f   UefiShellLib:UefiShellLib.obj
 0001:00036818       ShellIsHexOrDecimalNumber  0000000000047818 f   UefiShellLib:UefiShellLib.obj
 0001:0003685c       ShellFileHandleReturnLine  000000000004785c f   UefiShellLib:UefiShellLib.obj
 0001:0003695c       ShellFileHandleReadLine    000000000004795c f   UefiShellLib:UefiShellLib.obj
 0001:00036cfc       ShellPrintHelp             0000000000047cfc f   UefiShellLib:UefiShellLib.obj
 0001:00036e50       ShellDeleteFileByName      0000000000047e50 f   UefiShellLib:UefiShellLib.obj
 0001:00036eb4       InternalShellStripQuotes   0000000000047eb4 f   UefiShellLib:UefiShellLib.obj
 0001:00036f88       FindLoadedImageFileName    0000000000047f88 f   UefiHandleParsingLib:UefiHandleParsingLib.obj
 0001:0003707c       ConvertMemoryType          000000000004807c f   UefiHandleParsingLib:UefiHandleParsingLib.obj
 0001:00037310       ConvertPixelFormat         0000000000048310 f   UefiHandleParsingLib:UefiHandleParsingLib.obj
 0001:00037404       HandleParsingLibConstructor 0000000000048404 f   UefiHandleParsingLib:UefiHandleParsingLib.obj
 0001:00037428       HandleParsingHiiInit       0000000000048428 f   UefiHandleParsingLib:UefiHandleParsingLib.obj
 0001:00037494       HandleParsingLibDestructor 0000000000048494 f   UefiHandleParsingLib:UefiHandleParsingLib.obj
 0001:00037560       LoadedImageProtocolDumpInformation 0000000000048560 f   UefiHandleParsingLib:UefiHandleParsingLib.obj
 0001:00037974       GraphicsOutputProtocolDumpInformation 0000000000048974 f   UefiHandleParsingLib:UefiHandleParsingLib.obj
 0001:00037f78       EdidDiscoveredProtocolDumpInformation 0000000000048f78 f   UefiHandleParsingLib:UefiHandleParsingLib.obj
 0001:00038138       EdidActiveProtocolDumpInformation 0000000000049138 f   UefiHandleParsingLib:UefiHandleParsingLib.obj
 0001:000382f8       PciRootBridgeIoDumpInformation 00000000000492f8 f   UefiHandleParsingLib:UefiHandleParsingLib.obj
 0001:000387d8       TxtOutProtocolDumpInformation 00000000000497d8 f   UefiHandleParsingLib:UefiHandleParsingLib.obj
 0001:00038b68       DriverEfiVersionProtocolDumpInformation 0000000000049b68 f   UefiHandleParsingLib:UefiHandleParsingLib.obj
 0001:00038c58       ConvertDevicePathToShortText 0000000000049c58 f   UefiHandleParsingLib:UefiHandleParsingLib.obj
 0001:00038e98       DevicePathProtocolDumpInformation 0000000000049e98 f   UefiHandleParsingLib:UefiHandleParsingLib.obj
 0001:00038ec0       LoadedImageDevicePathProtocolDumpInformation 0000000000049ec0 f   UefiHandleParsingLib:UefiHandleParsingLib.obj
 0001:00038ee8       BusSpecificDriverOverrideProtocolDumpInformation 0000000000049ee8 f   UefiHandleParsingLib:UefiHandleParsingLib.obj
 0001:000390e4       BlockIoProtocolDumpInformation 000000000004a0e4 f   UefiHandleParsingLib:UefiHandleParsingLib.obj
 0001:00039378       DebugSupportProtocolDumpInformation 000000000004a378 f   UefiHandleParsingLib:UefiHandleParsingLib.obj
[...]
 0005:000004a8       $unwind$HGetTextX          00000000001564a8     UefiShellDebug1CommandsLib:Misc.obj
 0005:000004a8       $unwind$HGetTextY          00000000001564a8     UefiShellDebug1CommandsLib:Misc.obj
 0005:000004a8       $unwind$GetShowTypeString  00000000001564a8     UefiShellDebug1CommandsLib:SmbiosView.obj
 0005:000004b0       $unwind$NetIp4IsUnicast    00000000001564b0     DxeNetLib:DxeNetLib.obj
 0005:000004b0       $unwind$FileBufferAdjustMousePosition 00000000001564b0     UefiShellDebug1CommandsLib:FileBuffer.obj
 0005:000004b0       $unwind$DisplaySELLogHeaderLen 00000000001564b0     UefiShellDebug1CommandsLib:EventLogInfo.obj
 0005:000004b0       $unwind$DisplaySELLogStatus 00000000001564b0     UefiShellDebug1CommandsLib:EventLogInfo.obj
 0005:000004b0       $unwind$DisplaySysEventLogHeaderFormat 00000000001564b0     UefiShellDebug1CommandsLib:EventLogInfo.obj
 0005:000004b0       $unwind$DisplayBiosCharacteristicsExt1 00000000001564b0     UefiShellDebug1CommandsLib:PrintInfo.obj
 0005:000004b0       $unwind$DisplayBiosCharacteristicsExt2 00000000001564b0     UefiShellDebug1CommandsLib:PrintInfo.obj
 0005:000004b0       $unwind$DisplayOBRAConnections 00000000001564b0     UefiShellDebug1CommandsLib:PrintInfo.obj
 0005:000004b0       $unwind$DisplayProcessorVoltage 00000000001564b0     UefiShellDebug1CommandsLib:PrintInfo.obj
 0005:000004b0       $unwind$DisplaySystemBootStatus 00000000001564b0     UefiShellDebug1CommandsLib:PrintInfo.obj
 0005:000004b8       $unwind$HandleVol          00000000001564b8     UefiShellLevel2CommandsLib:Vol.obj
 0005:000004c0       $unwind$ShellCommandRunSerMode 00000000001564c0     UefiShellDebug1CommandsLib:SerMode.obj
 0005:000004c0       $unwind$ShellCommandRunAttrib 00000000001564c0     UefiShellLevel2CommandsLib:Attrib.obj
 0005:000004c8       $unwind$ValidateAndMoveFiles 00000000001564c8     UefiShellLevel2CommandsLib:Mv.obj
 0005:000004d0       $unwind$ShellCommandRunMode 00000000001564d0     UefiShellDebug1CommandsLib:Mode.obj
 0005:000004d0       $unwind$ShellCommandRunDevTree 00000000001564d0     UefiShellDriver1CommandsLib:DevTree.obj
 0005:000004d0       $unwind$ShellCommandRunDrvDiag 00000000001564d0     UefiShellDriver1CommandsLib:DrvDiag.obj
 0005:000004d0       $unwind$ShellCommandRunMv  00000000001564d0     UefiShellLevel2CommandsLib:Mv.obj
 0005:000004d8       $unwind$CascadeProcessVariables 00000000001564d8     UefiShellDebug1CommandsLib:DmpStore.obj
 0005:000004d8       $unwind$CopySingleFile     00000000001564d8     UefiShellLevel2CommandsLib:Cp.obj
 0005:000004e0       $unwind$ShellCommandRunHexEdit 00000000001564e0     UefiShellDebug1CommandsLib:HexEdit.obj
 0005:000004e0       $unwind$ShellCommandRunConnect 00000000001564e0     UefiShellDriver1CommandsLib:Connect.obj
 0005:000004e0       $unwind$ShellCommandRunCp  00000000001564e0     UefiShellLevel2CommandsLib:Cp.obj
 0005:000004e0       $unwind$ShellCommandRunMap 00000000001564e0     UefiShellLevel2CommandsLib:Map.obj
 0005:000004e0       $unwind$ShellCommandRunCls 00000000001564e0     UefiShellLevel3CommandsLib:Cls.obj
 0005:000004e0       $unwind$Ping6OnEchoReplyReceived 00000000001564e0     UefiShellNetwork1CommandsLib:Ping.obj
 0005:000004e8       $unwind$ShellCommandRunEfiCompress 00000000001564e8     UefiShellDebug1CommandsLib:EfiCompress.obj
 0005:000004e8       $unwind$ShellCommandRunMm  00000000001564e8     UefiShellDebug1CommandsLib:Mm.obj
 0005:000004e8       $unwind$ShellCommandRunDisconnect 00000000001564e8     UefiShellDriver1CommandsLib:Disconnect.obj
 0005:000004e8       $unwind$ShellCommandRunCd  00000000001564e8     UefiShellLevel2CommandsLib:Cd.obj
 0005:000004f0       $unwind$PerformSingleMappingDisplay 00000000001564f0     UefiShellLevel2CommandsLib:Map.obj
 0005:000004f8       $unwind$PerformMappingDisplay 00000000001564f8     UefiShellLevel2CommandsLib:Map.obj
 0005:00000500       $unwind$PerformMappingDisplay2 0000000000156500     UefiShellLevel2CommandsLib:Map.obj
 0005:00000508       $unwind$PrintFileInformation 0000000000156508     UefiShellLevel2CommandsLib:Ls.obj
 0005:00000520       $unwind$PrintLsOutput      0000000000156520     UefiShellLevel2CommandsLib:Ls.obj
 0005:00000530       $unwind$ShellCommandRunLs  0000000000156530     UefiShellLevel2CommandsLib:Ls.obj
 0005:00000540       $unwind$DoDecodeByProtocol 0000000000156540     UefiShellDriver1CommandsLib:Dh.obj
 0005:00000540       $unwind$ShellCommandRunDate 0000000000156540     UefiShellLevel2CommandsLib:TimeDate.obj
 0005:00000550       $unwind$CheckAndSetTime    0000000000156550     UefiShellLevel2CommandsLib:TimeDate.obj
 0005:00000560       $unwind$ShellCommandRunTime 0000000000156560     UefiShellLevel2CommandsLib:TimeDate.obj
 0005:00000570       $unwind$ShellCommandRunTimeZone 0000000000156570     UefiShellLevel2CommandsLib:TimeDate.obj
 0005:00000580       $unwind$ShellCommandRunEfiDecompress 0000000000156580     UefiShellDebug1CommandsLib:EfiDecompress.obj
 0005:00000580       $unwind$ShellCommandRunDrvCfg 0000000000156580     UefiShellDriver1CommandsLib:DrvCfg.obj
 0005:00000580       $unwind$ShellCommandRunFor 0000000000156580     UefiShellLevel1CommandsLib:For.obj
 0005:00000588       $unwind$PreHiiDrvCfg       0000000000156588     UefiShellDriver1CommandsLib:DrvCfg.obj
 0005:00000590       $unwind$PrintConfigInfoOnAll 0000000000156590     UefiShellDriver1CommandsLib:DrvCfg.obj
 0005:00000598       $unwind$ShellCommandRunDrivers 0000000000156598     UefiShellDriver1CommandsLib:Drivers.obj
 0005:000005a8       $unwind$GetProtocolInfoString 00000000001565a8     UefiShellDriver1CommandsLib:Dh.obj
 0005:000005b8       $unwind$DisplayDriverModelHandle 00000000001565b8     UefiShellDriver1CommandsLib:Dh.obj
 0005:000005c0       $unwind$StatusBarRefresh   00000000001565c0     UefiShellDebug1CommandsLib:EditStatusBar.obj
 0005:000005c0       $unwind$DoDhByProtocolGuid 00000000001565c0     UefiShellDriver1CommandsLib:Dh.obj
 0005:000005c8       $unwind$DoDhByProtocol     00000000001565c8     UefiShellDriver1CommandsLib:Dh.obj
 0005:000005d8       $unwind$DoDiagnostics      00000000001565d8     UefiShellDriver1CommandsLib:DrvDiag.obj
 0005:000005e0       $unwind$FileBufferSave     00000000001565e0     UefiShellDebug1CommandsLib:FileBuffer.obj
 0005:000005e0       $unwind$TraverseHandleDatabase 00000000001565e0     UefiShellDriver1CommandsLib:OpenInfo.obj
 0005:000005e8       $unwind$ShellCommandRunDevices 00000000001565e8     UefiShellDriver1CommandsLib:Devices.obj
 0005:000005f0       $unwind$HBufferImageRefresh 00000000001565f0     UefiShellDebug1CommandsLib:BufferImage.obj
 0005:000005f0       $unwind$HMainCommandSaveBuffer 00000000001565f0     UefiShellDebug1CommandsLib:MainHexEditor.obj
 0005:000005f8       $unwind$HMainCommandOpenFile 00000000001565f8     UefiShellDebug1CommandsLib:MainHexEditor.obj
 0005:00000600       $unwind$HMainCommandOpenDisk 0000000000156600     UefiShellDebug1CommandsLib:MainHexEditor.obj
 0005:00000600       $unwind$HMainCommandOpenMemory 0000000000156600     UefiShellDebug1CommandsLib:MainHexEditor.obj
 0005:00000608       $unwind$HMainEditorKeyInput 0000000000156608     UefiShellDebug1CommandsLib:MainHexEditor.obj
 0005:00000618       $unwind$CompressOutput     0000000000156618     UefiShellDebug1CommandsLib:Compress.obj
 0005:00000618       $unwind$HBufferImageAdjustMousePosition 0000000000156618     UefiShellDebug1CommandsLib:BufferImage.obj
 0005:00000620       $unwind$MainEditorKeyInput 0000000000156620     UefiShellDebug1CommandsLib:MainTextEditor.obj
 0005:00000630       $unwind$FileBufferRead     0000000000156630     UefiShellDebug1CommandsLib:FileBuffer.obj
 0005:00000638       $unwind$MakeChild          0000000000156638     UefiShellDebug1CommandsLib:Compress.obj
 0005:00000638       $unwind$UnicodeToAscii     0000000000156638     UefiShellDebug1CommandsLib:FileBuffer.obj
 0005:00000640       $unwind$InputBarRefresh    0000000000156640     UefiShellDebug1CommandsLib:EditInputBar.obj
 0005:00000650       $unwind$EditorClearLine    0000000000156650     UefiShellDebug1CommandsLib:UefiShellDebug1CommandsLib.obj
 0005:00000660       $unwind$DisplaySmbios64BitStatisticsTable 0000000000156660     UefiShellDebug1CommandsLib:SmbiosView.obj
 0005:00000660       $unwind$DisplayStatisticsTable 0000000000156660     UefiShellDebug1CommandsLib:SmbiosView.obj
 0005:00000668       $unwind$DisplayBaseBoardBoardType 0000000000156668     UefiShellDebug1CommandsLib:QueryTable.obj
 0005:00000668       $unwind$DisplayCacheAssociativity 0000000000156668     UefiShellDebug1CommandsLib:QueryTable.obj
 0005:00000668       $unwind$DisplayCacheErrCorrectingType 0000000000156668     UefiShellDebug1CommandsLib:QueryTable.obj
 0005:00000668       $unwind$DisplayCacheSystemCacheType 0000000000156668     UefiShellDebug1CommandsLib:QueryTable.obj
 0005:00000668       $unwind$DisplayCoolingDeviceStatus 0000000000156668     UefiShellDebug1CommandsLib:QueryTable.obj
 0005:00000668       $unwind$DisplayCoolingDeviceType 0000000000156668     UefiShellDebug1CommandsLib:QueryTable.obj
 0005:00000668       $unwind$DisplayECPLoc      0000000000156668     UefiShellDebug1CommandsLib:QueryTable.obj
 0005:00000668       $unwind$DisplayECPStatus   0000000000156668     UefiShellDebug1CommandsLib:QueryTable.obj
 0005:00000668       $unwind$DisplayFirmwareState 0000000000156668     UefiShellDebug1CommandsLib:QueryTable.obj
 0005:00000668       $unwind$DisplayIPMIDIBMCInterfaceType 0000000000156668     UefiShellDebug1CommandsLib:QueryTable.obj
 0005:00000668       $unwind$DisplayMCHostInterfaceType 0000000000156668     UefiShellDebug1CommandsLib:QueryTable.obj
 0005:00000668       $unwind$DisplayMDAddressType 0000000000156668     UefiShellDebug1CommandsLib:QueryTable.obj
 0005:00000668       $unwind$DisplayMDType      0000000000156668     UefiShellDebug1CommandsLib:QueryTable.obj
 0005:00000668       $unwind$DisplayMcErrorDetectMethod 0000000000156668     UefiShellDebug1CommandsLib:QueryTable.obj
 0005:00000668       $unwind$DisplayMcInterleaveSupport 0000000000156668     UefiShellDebug1CommandsLib:QueryTable.obj
 0005:00000668       $unwind$DisplayMemoryChannelType 0000000000156668     UefiShellDebug1CommandsLib:QueryTable.obj
 0005:00000668       $unwind$DisplayMemoryDeviceFormFactor 0000000000156668     UefiShellDebug1CommandsLib:QueryTable.obj
 0005:00000668       $unwind$DisplayMemoryDeviceMemoryTechnology 0000000000156668     UefiShellDebug1CommandsLib:QueryTable.obj
 0005:00000668       $unwind$DisplayMemoryDeviceType 0000000000156668     UefiShellDebug1CommandsLib:QueryTable.obj
 0005:00000668       $unwind$DisplayMemoryErrorGranularity 0000000000156668     UefiShellDebug1CommandsLib:QueryTable.obj
 0005:00000668       $unwind$DisplayMemoryErrorOperation 0000000000156668     UefiShellDebug1CommandsLib:QueryTable.obj
 0005:00000668       $unwind$DisplayMemoryErrorType 0000000000156668     UefiShellDebug1CommandsLib:QueryTable.obj
 0005:00000668       $unwind$DisplayOnboardDeviceTypes 0000000000156668     UefiShellDebug1CommandsLib:QueryTable.obj
 0005:00000668       $unwind$DisplayPBDeviceChemistry 0000000000156668     UefiShellDebug1CommandsLib:QueryTable.obj
 0005:00000668       $unwind$DisplayPMAErrorCorrectionTypes 0000000000156668     UefiShellDebug1CommandsLib:QueryTable.obj
 0005:00000668       $unwind$DisplayPMALocation 0000000000156668     UefiShellDebug1CommandsLib:QueryTable.obj
 0005:00000668       $unwind$DisplayPMAUse      0000000000156668     UefiShellDebug1CommandsLib:QueryTable.obj
 0005:00000668       $unwind$DisplayPointingDeviceInterface 0000000000156668     UefiShellDebug1CommandsLib:QueryTable.obj
 0005:00000668       $unwind$DisplayPointingDeviceType 0000000000156668     UefiShellDebug1CommandsLib:QueryTable.obj
 0005:00000668       $unwind$DisplayPortConnectorType 0000000000156668     UefiShellDebug1CommandsLib:QueryTable.obj
 0005:00000668       $unwind$DisplayPortType    0000000000156668     UefiShellDebug1CommandsLib:QueryTable.obj
 0005:00000668       $unwind$DisplayProcessorArchitectureType 0000000000156668     UefiShellDebug1CommandsLib:QueryTable.obj
 0005:00000668       $unwind$DisplayProcessorType 0000000000156668     UefiShellDebug1CommandsLib:QueryTable.obj
 0005:00000668       $unwind$DisplayProcessorUpgrade 0000000000156668     UefiShellDebug1CommandsLib:QueryTable.obj
 0005:00000668       $unwind$DisplaySELSysManagementTypes 0000000000156668     UefiShellDebug1CommandsLib:QueryTable.obj
 0005:00000668       $unwind$DisplaySELTypes    0000000000156668     UefiShellDebug1CommandsLib:QueryTable.obj
 0005:00000668       $unwind$DisplaySELVarDataFormatType 0000000000156668     UefiShellDebug1CommandsLib:QueryTable.obj
 0005:00000668       $unwind$DisplaySESecurityStatus 0000000000156668     UefiShellDebug1CommandsLib:QueryTable.obj
 0005:00000668       $unwind$DisplayStructureTypeInfo 0000000000156668     UefiShellDebug1CommandsLib:QueryTable.obj
 0005:00000668       $unwind$DisplaySystemEnclosureStatus 0000000000156668     UefiShellDebug1CommandsLib:QueryTable.obj
 0005:00000668       $unwind$DisplaySystemEnclosureType 0000000000156668     UefiShellDebug1CommandsLib:QueryTable.obj
 0005:00000668       $unwind$DisplaySystemSlotCurrentUsage 0000000000156668     UefiShellDebug1CommandsLib:QueryTable.obj
 0005:00000668       $unwind$DisplaySystemSlotDataBusWidth 0000000000156668     UefiShellDebug1CommandsLib:QueryTable.obj
 0005:00000668       $unwind$DisplaySystemSlotHeight 0000000000156668     UefiShellDebug1CommandsLib:QueryTable.obj
 0005:00000668       $unwind$DisplaySystemSlotInformation 0000000000156668     UefiShellDebug1CommandsLib:QueryTable.obj
 0005:00000668       $unwind$DisplaySystemSlotLength 0000000000156668     UefiShellDebug1CommandsLib:QueryTable.obj
 0005:00000668       $unwind$DisplaySystemSlotPhysicalWidth 0000000000156668     UefiShellDebug1CommandsLib:QueryTable.obj
 0005:00000668       $unwind$DisplaySystemSlotType 0000000000156668     UefiShellDebug1CommandsLib:QueryTable.obj
 0005:00000668       $unwind$DisplaySystemWakeupType 0000000000156668     UefiShellDebug1CommandsLib:QueryTable.obj
 0005:00000668       $unwind$DisplayTemperatureProbeLoc 0000000000156668     UefiShellDebug1CommandsLib:QueryTable.obj
 0005:00000668       $unwind$DisplayTemperatureProbeStatus 0000000000156668     UefiShellDebug1CommandsLib:QueryTable.obj
 0005:00000668       $unwind$DisplayVPLocation  0000000000156668     UefiShellDebug1CommandsLib:QueryTable.obj
 0005:00000668       $unwind$DisplayVPStatus    0000000000156668     UefiShellDebug1CommandsLib:QueryTable.obj
 0005:00000678       $unwind$DisplaySELAccessMethod 0000000000156678     UefiShellDebug1CommandsLib:EventLogInfo.obj
 0005:00000678       $unwind$DisplayMmMemorySize 0000000000156678     UefiShellDebug1CommandsLib:PrintInfo.obj
 0005:00000678       $unwind$DisplayProcessorFamily 0000000000156678     UefiShellDebug1CommandsLib:PrintInfo.obj
 0005:00000678       $unwind$DisplayProcessorStatus 0000000000156678     UefiShellDebug1CommandsLib:PrintInfo.obj
 0005:00000678       $unwind$DisplayBaseBoardFeatureFlags 0000000000156678     UefiShellDebug1CommandsLib:QueryTable.obj
 0005:00000678       $unwind$DisplayMcErrorCorrectCapability 0000000000156678     UefiShellDebug1CommandsLib:QueryTable.obj
 0005:00000678       $unwind$DisplayMemoryModuleVoltage 0000000000156678     UefiShellDebug1CommandsLib:QueryTable.obj
 0005:00000678       $unwind$DisplayMmErrorStatus 0000000000156678     UefiShellDebug1CommandsLib:QueryTable.obj
 0005:00000678       $unwind$DisplayPostResultsBitmapDw1 0000000000156678     UefiShellDebug1CommandsLib:QueryTable.obj
 0005:00000678       $unwind$DisplayPostResultsBitmapDw2 0000000000156678     UefiShellDebug1CommandsLib:QueryTable.obj
 0005:00000678       $unwind$DisplaySlotCharacteristics1 0000000000156678     UefiShellDebug1CommandsLib:QueryTable.obj
 0005:00000678       $unwind$DisplaySlotCharacteristics2 0000000000156678     UefiShellDebug1CommandsLib:QueryTable.obj
 0005:00000680       $unwind$SmbiosPrintEPSInfo 0000000000156680     UefiShellDebug1CommandsLib:PrintInfo.obj
 0005:00000690       $unwind$Smbios64BitPrintEPSInfo 0000000000156690     UefiShellDebug1CommandsLib:PrintInfo.obj
 0005:000006a0       $unwind$SmbiosPrintStructure 00000000001566a0     UefiShellDebug1CommandsLib:PrintInfo.obj
 0005:000006a8       $unwind$DisplayMaxMemoryModuleSize 00000000001566a8     UefiShellDebug1CommandsLib:PrintInfo.obj
 0005:000006b0       $unwind$DisplayMemoryModuleConfigHandles 00000000001566b0     UefiShellDebug1CommandsLib:PrintInfo.obj
 0005:000006b8       $unwind$DisplayHardwareSecuritySettings 00000000001566b8     UefiShellDebug1CommandsLib:PrintInfo.obj
 0005:000006b8       $unwind$DisplayMmBankConnections 00000000001566b8     UefiShellDebug1CommandsLib:PrintInfo.obj
 0005:000006c0       $unwind$DisplaySystemResetCapabilities 00000000001566c0     UefiShellDebug1CommandsLib:PrintInfo.obj
 0005:000006c8       $unwind$LoadVariablesFromFile 00000000001566c8     UefiShellDebug1CommandsLib:DmpStore.obj
 0005:000006d0       $unwind$ProcessVariables   00000000001566d0     UefiShellDebug1CommandsLib:DmpStore.obj
 0005:000006e0       $unwind$ShellCommandRunDmpStore 00000000001566e0     UefiShellDebug1CommandsLib:DmpStore.obj
 0005:000006e0       $unwind$IfConfigSetInterfaceInfo 00000000001566e0     UefiShellNetwork1CommandsLib:Ifconfig.obj
 0005:000006f0       $unwind$ShellCommandRunPci 00000000001566f0     UefiShellDebug1CommandsLib:Pci.obj
 0005:00000704       $unwind$PciFindProtocolInterface 0000000000156704     UefiShellDebug1CommandsLib:Pci.obj
 0005:0000070c       $unwind$PrintInterpretedExtendedCompatibilityAer 000000000015670c     UefiShellDebug1CommandsLib:Pci.obj
 0005:0000071c       $unwind$PrintInterpretedExtendedCompatibilityPhysicalLayer32 000000000015671c     UefiShellDebug1CommandsLib:Pci.obj
 0005:0000071c       $unwind$PrintInterpretedExtendedCompatibilitySriov 000000000015671c     UefiShellDebug1CommandsLib:Pci.obj
 0005:0000072c       $unwind$PrintInterpretedExtendedCompatibilityPhysicalLayer64 000000000015672c     UefiShellDebug1CommandsLib:Pci.obj
 0005:00000738       $unwind$PciExplainPciExpress 0000000000156738     UefiShellDebug1CommandsLib:Pci.obj
 0005:00000740       $unwind$DisplaySettings    0000000000156740     UefiShellDebug1CommandsLib:SerMode.obj
 0005:00000748       $unwind$ShellCommandRunSetVar 0000000000156748     UefiShellDebug1CommandsLib:SetVar.obj
 0005:00000758       $unwind$ShellMmDecodePciAddress 0000000000156758     UefiShellDebug1CommandsLib:Mm.obj
 0005:00000760       $unwind$ShellMmAccess      0000000000156760     UefiShellDebug1CommandsLib:Mm.obj
 0005:00000768       $unwind$ShellMmLocateIoProtocol 0000000000156768     UefiShellDebug1CommandsLib:Mm.obj
 0005:00000770       $unwind$LoadEfiDriversFromRomImage 0000000000156770     UefiShellDebug1CommandsLib:LoadPciRom.obj
 0005:00000780       $unwind$DisplayRtProperties 0000000000156780     UefiShellDebug1CommandsLib:Dmem.obj
 0005:00000788       $unwind$DisplaySystemTable 0000000000156788     UefiShellDebug1CommandsLib:Dmem.obj
 0005:000007a8       $unwind$MakeCode           00000000001567a8     UefiShellDebug1CommandsLib:Compress.obj
 0005:000007b8       $unwind$PutBits            00000000001567b8     UefiShellDebug1CommandsLib:Compress.obj
 0005:000007c0       $unwind$WritePTLen         00000000001567c0     UefiShellDebug1CommandsLib:Compress.obj
 0005:000007c8       $unwind$ParseMemoryDescriptors 00000000001567c8     UefiShellDebug1CommandsLib:MemMap.obj
 0005:000007e8       $unwind$ShellCommandRunComp 00000000001567e8     UefiShellDebug1CommandsLib:Comp.obj
 0005:000007f0       $unwind$IfConfigRetriveCheckListByName 00000000001567f0     UefiShellNetwork1CommandsLib:Ifconfig.obj
 0005:000007fc       $unwind$PingCreateIpInstance 00000000001567fc     UefiShellNetwork1CommandsLib:Ping.obj
 0005:0000080c       $unwind$ShellPing          000000000015680c     UefiShellNetwork1CommandsLib:Ping.obj
