 DxeCore.dll

 Timestamp is 68f5d088 (Mon Oct 20 14:02:48 2025)

 Preferred load address is 0000000000010000

 Start         Length     Name                   Class
 0001:00000000 00000ae4H .text                   CODE
 0001:00000ae4 0003b8d9H .text$mn                CODE
 0002:00000000 00006574H .rdata                  DATA
 0002:00006574 00000018H .rdata$voltmd           DATA
 0002:0000658c 00000140H .rdata$zzzdbg           DATA
 0003:00000000 000018a0H .data                   DATA
 0003:000018a0 000014a8H .bss                    DATA
 0004:00000000 000018d8H .pdata                  DATA
 0005:00000000 0000045cH .xdata                  DATA

  Address         Publics by Value              Rva+Base               Lib:Object

 0000:00000000       __dynamic_value_reloc_table 0000000000000000     <absolute>
 0000:00000000       __hybrid_code_map          0000000000000000     <absolute>
 0000:00000000       __guard_iat_count          0000000000000000     <absolute>
 0000:00000000       __hybrid_auxiliary_iat     0000000000000000     <absolute>
 0000:00000000       __arm64x_extra_rfe_table_size 0000000000000000     <absolute>
 0000:00000000       __hybrid_auxiliary_iat_copy 0000000000000000     <absolute>
 0000:00000000       __arm64x_extra_rfe_table   0000000000000000     <absolute>
 0000:00000000       __x64_code_ranges_to_entry_points_count 0000000000000000     <absolute>
 0000:00000000       __guard_fids_count         0000000000000000     <absolute>
 0000:00000000       __AbsoluteZero             0000000000000000     <absolute>
 0000:00000000       __guard_check_icall_a64n_fptr 0000000000000000     <absolute>
 0000:00000000       __x64_code_ranges_to_entry_points 0000000000000000     <absolute>
 0000:00000000       __guard_iat_table          0000000000000000     <absolute>
 0000:00000000       __guard_longjmp_count      0000000000000000     <absolute>
 0000:00000000       __guard_fids_table         0000000000000000     <absolute>
 0000:00000000       __guard_longjmp_table      0000000000000000     <absolute>
 0000:00000000       __guard_flags              0000000000000000     <absolute>
 0000:00000000       __guard_eh_cont_count      0000000000000000     <absolute>
 0000:00000000       __arm64x_redirection_metadata 0000000000000000     <absolute>
 0000:00000000       __arm64x_redirection_metadata_count 0000000000000000     <absolute>
 0000:00000000       __enclave_config           0000000000000000     <absolute>
 0000:00000000       __guard_eh_cont_table      0000000000000000     <absolute>
 0000:00000000       __arm64x_native_entrypoint 0000000000000000     <absolute>
 0000:00000000       __hybrid_code_map_count    0000000000000000     <absolute>
 0001:00000000       AsmVmgExitSvsm             0000000000011000     BaseLib:VmgExitSvsm.obj
 0001:00000060       AsmVmgExit                 0000000000011060     BaseLib:VmgExit.obj
 0001:00000070       AsmXSetBv                  0000000000011070     BaseLib:XSetBv.obj
 0001:00000080       AsmXGetBv                  0000000000011080     BaseLib:XGetBv.obj
 0001:00000090       AsmRmpAdjust               0000000000011090     BaseLib:RmpAdjust.obj
 0001:000000a0       InternalX86RdRand16        00000000000110a0     BaseLib:RdRand.obj
 0001:000000b2       InternalX86RdRand32        00000000000110b2     BaseLib:RdRand.obj
 0001:000000c3       InternalX86RdRand64        00000000000110c3     BaseLib:RdRand.obj
 0001:000000e0       AsmPvalidate               00000000000110e0     BaseLib:Pvalidate.obj
 0001:00000100       InternalX86DisablePaging64 0000000000011100     BaseLib:DisablePaging64.obj
 0001:00000170       EnableDisableInterrupts    0000000000011170     BaseLib:EnableDisableInterrupts.obj
 0001:00000180       TdVmCall                   0000000000011180     BaseLib:TdVmcall.obj
 0001:00000200       TdCall                     0000000000011200     BaseLib:TdCall.obj
 0001:00000260       AsmReadEflags              0000000000011260     BaseLib:ReadEflags.obj
 0001:00000270       AsmReadCr0                 0000000000011270     BaseLib:ReadCr0.obj
 0001:00000280       AsmReadCr2                 0000000000011280     BaseLib:ReadCr2.obj
 0001:00000290       AsmReadCr3                 0000000000011290     BaseLib:ReadCr3.obj
 0001:000002a0       AsmReadCr4                 00000000000112a0     BaseLib:ReadCr4.obj
 0001:000002b0       AsmWriteCr0                00000000000112b0     BaseLib:WriteCr0.obj
 0001:000002c0       AsmWriteCr2                00000000000112c0     BaseLib:WriteCr2.obj
 0001:000002d0       AsmWriteCr3                00000000000112d0     BaseLib:WriteCr3.obj
 0001:000002e0       AsmWriteCr4                00000000000112e0     BaseLib:WriteCr4.obj
 0001:000002f0       AsmReadDr0                 00000000000112f0     BaseLib:ReadDr0.obj
 0001:00000300       AsmReadDr1                 0000000000011300     BaseLib:ReadDr1.obj
 0001:00000310       AsmReadDr2                 0000000000011310     BaseLib:ReadDr2.obj
 0001:00000320       AsmReadDr3                 0000000000011320     BaseLib:ReadDr3.obj
 0001:00000330       AsmReadDr4                 0000000000011330     BaseLib:ReadDr4.obj
 0001:00000340       AsmReadDr5                 0000000000011340     BaseLib:ReadDr5.obj
 0001:00000350       AsmReadDr6                 0000000000011350     BaseLib:ReadDr6.obj
 0001:00000360       AsmReadDr7                 0000000000011360     BaseLib:ReadDr7.obj
 0001:00000370       AsmWriteDr0                0000000000011370     BaseLib:WriteDr0.obj
 0001:00000380       AsmWriteDr1                0000000000011380     BaseLib:WriteDr1.obj
 0001:00000390       AsmWriteDr2                0000000000011390     BaseLib:WriteDr2.obj
 0001:000003a0       AsmWriteDr3                00000000000113a0     BaseLib:WriteDr3.obj
 0001:000003b0       AsmWriteDr4                00000000000113b0     BaseLib:WriteDr4.obj
 0001:000003c0       AsmWriteDr5                00000000000113c0     BaseLib:WriteDr5.obj
 0001:000003d0       AsmWriteDr6                00000000000113d0     BaseLib:WriteDr6.obj
 0001:000003e0       AsmWriteDr7                00000000000113e0     BaseLib:WriteDr7.obj
 0001:000003f0       AsmReadCs                  00000000000113f0     BaseLib:ReadCs.obj
 0001:00000400       AsmReadDs                  0000000000011400     BaseLib:ReadDs.obj
 0001:00000410       AsmReadEs                  0000000000011410     BaseLib:ReadEs.obj
 0001:00000420       AsmReadFs                  0000000000011420     BaseLib:ReadFs.obj
 0001:00000430       AsmReadGs                  0000000000011430     BaseLib:ReadGs.obj
 0001:00000440       AsmReadSs                  0000000000011440     BaseLib:ReadSs.obj
 0001:00000450       AsmReadTr                  0000000000011450     BaseLib:ReadTr.obj
 0001:00000460       InternalX86ReadGdtr        0000000000011460     BaseLib:ReadGdtr.obj
 0001:00000470       InternalX86WriteGdtr       0000000000011470     BaseLib:WriteGdtr.obj
 0001:00000480       InternalX86ReadIdtr        0000000000011480     BaseLib:ReadIdtr.obj
 0001:00000490       InternalX86WriteIdtr       0000000000011490     BaseLib:WriteIdtr.obj
 0001:000004a0       AsmReadLdtr                00000000000114a0     BaseLib:ReadLdtr.obj
 0001:000004b0       AsmWriteLdtr               00000000000114b0     BaseLib:WriteLdtr.obj
 0001:000004c0       InternalX86FxSave          00000000000114c0     BaseLib:FxSave.obj
 0001:000004d0       InternalX86FxRestore       00000000000114d0     BaseLib:FxRestore.obj
 0001:000004e0       AsmReadMm0                 00000000000114e0     BaseLib:ReadMm0.obj
 0001:000004f0       AsmReadMm1                 00000000000114f0     BaseLib:ReadMm1.obj
 0001:00000500       AsmReadMm2                 0000000000011500     BaseLib:ReadMm2.obj
 0001:00000510       AsmReadMm3                 0000000000011510     BaseLib:ReadMm3.obj
 0001:00000520       AsmReadMm4                 0000000000011520     BaseLib:ReadMm4.obj
 0001:00000530       AsmReadMm5                 0000000000011530     BaseLib:ReadMm5.obj
 0001:00000540       AsmReadMm6                 0000000000011540     BaseLib:ReadMm6.obj
 0001:00000550       AsmReadMm7                 0000000000011550     BaseLib:ReadMm7.obj
 0001:00000560       AsmWriteMm0                0000000000011560     BaseLib:WriteMm0.obj
 0001:00000570       AsmWriteMm1                0000000000011570     BaseLib:WriteMm1.obj
 0001:00000580       AsmWriteMm2                0000000000011580     BaseLib:WriteMm2.obj
 0001:00000590       AsmWriteMm3                0000000000011590     BaseLib:WriteMm3.obj
 0001:000005a0       AsmWriteMm4                00000000000115a0     BaseLib:WriteMm4.obj
 0001:000005b0       AsmWriteMm5                00000000000115b0     BaseLib:WriteMm5.obj
 0001:000005c0       AsmWriteMm6                00000000000115c0     BaseLib:WriteMm6.obj
 0001:000005d0       AsmWriteMm7                00000000000115d0     BaseLib:WriteMm7.obj
 0001:000005e0       AsmReadTsc                 00000000000115e0     BaseLib:ReadTsc.obj
 0001:000005f0       AsmReadPmc                 00000000000115f0     BaseLib:ReadPmc.obj
 0001:00000600       AsmMonitor                 0000000000011600     BaseLib:Monitor.obj
 0001:00000610       AsmMwait                   0000000000011610     BaseLib:Mwait.obj
 0001:00000620       AsmWbinvd                  0000000000011620     BaseLib:Wbinvd.obj
 0001:00000630       AsmInvd                    0000000000011630     BaseLib:Invd.obj
 0001:00000640       AsmFlushCacheLine          0000000000011640     BaseLib:FlushCacheLine.obj
 0001:00000650       EnableInterrupts           0000000000011650     BaseLib:EnableInterrupts.obj
 0001:00000660       DisableInterrupts          0000000000011660     BaseLib:DisableInterrupts.obj
 0001:00000670       CpuPause                   0000000000011670     BaseLib:CpuPause.obj
 0001:00000680       AsmLfence                  0000000000011680     BaseLib:Lfence.obj
 0001:00000690       AsmWriteTr                 0000000000011690     BaseLib:WriteTr.obj
 0001:000006a0       AsmDisableCache            00000000000116a0     BaseLib:DisableCache.obj
 0001:000006c0       AsmEnableCache             00000000000116c0     BaseLib:EnableCache.obj
 0001:000006e0       InternalSwitchStack        00000000000116e0     BaseLib:SwitchStack.obj
 0001:000006f0       SetJump                    00000000000116f0     BaseLib:SetJump.obj
 0001:000007c0       InternalLongJump           00000000000117c0     BaseLib:LongJump.obj
 0001:00000870       AsmCpuid                   0000000000011870     BaseLib:CpuId.obj
 0001:000008a0       AsmCpuidEx                 00000000000118a0     BaseLib:CpuIdEx.obj
 0001:000008d0       m16Start                   00000000000118d0     BaseLib:Thunk16.obj
 0001:00000a00       InternalAsmThunk16         0000000000011a00     BaseLib:Thunk16.obj
 0001:00000ae0       __report_rangecheckfailure 0000000000011ae0     StackCheckLibNull:StackCheckFunctionsMsvc.obj
 0001:00000ae1       __GSHandlerCheck           0000000000011ae1     StackCheckLibNull:StackCheckFunctionsMsvc.obj
 0001:00000ae2       __security_check_cookie    0000000000011ae2     StackCheckLibNull:StackCheckFunctionsMsvc.obj
 0001:00000ae4       ProcessLibraryConstructorList 0000000000011ae4 f   DxeCore:AutoGen.obj
 0001:00000fe4       ProcessModuleEntryPointList 0000000000011fe4 f   DxeCore:AutoGen.obj
 0001:00000ffc       DxeMain                    0000000000011ffc f   DxeCore:DxeMain.obj
 0001:000022e4       CoreEfiNotAvailableYetArg1 00000000000132e4 f   DxeCore:DxeMain.obj
 0001:000022f4       CoreEfiNotAvailableYetArg2 00000000000132f4 f   DxeCore:DxeMain.obj
 0001:0000230c       CoreEfiNotAvailableYetArg3 000000000001330c f   DxeCore:DxeMain.obj
 0001:00002328       CoreEfiNotAvailableYetArg4 0000000000013328 f   DxeCore:DxeMain.obj
 0001:00002328       CoreEfiNotAvailableYetArg5 0000000000013328 f   DxeCore:DxeMain.obj
 0001:00002348       CalculateEfiHdrCrc         0000000000013348 f   DxeCore:DxeMain.obj
 0001:00002398       CoreExitBootServices       0000000000013398 f   DxeCore:DxeMain.obj
 0001:00002584       DxeMainUefiDecompressGetInfo 0000000000013584 f   DxeCore:DxeMain.obj
 0001:000025e0       DxeMainUefiDecompress      00000000000135e0 f   DxeCore:DxeMain.obj
 0001:0000268c       CoreAllEfiServicesAvailable 000000000001368c f   DxeCore:DxeProtocolNotify.obj
 0001:000026d4       GenericProtocolNotify      00000000000136d4 f   DxeCore:DxeProtocolNotify.obj
 0001:000028c8       CoreNotifyOnProtocolEntryTable 00000000000138c8 f   DxeCore:DxeProtocolNotify.obj
 0001:00002a44       CoreNotifyOnProtocolInstallation 0000000000013a44 f   DxeCore:DxeProtocolNotify.obj
 0001:00002a68       CoreDisplayMissingArchProtocols 0000000000013a68 f   DxeCore:DxeProtocolNotify.obj
 0001:00002b3c       CoreAcquireDispatcherLock  0000000000013b3c f   DxeCore:Dispatcher.obj
 0001:00002b54       CoreReleaseDispatcherLock  0000000000013b54 f   DxeCore:Dispatcher.obj
 0001:00002b6c       CoreGetDepexSectionAndPreProccess 0000000000013b6c f   DxeCore:Dispatcher.obj
 0001:00002c40       CoreSchedule               0000000000013c40 f   DxeCore:Dispatcher.obj
 0001:00002de8       CoreTrust                  0000000000013de8 f   DxeCore:Dispatcher.obj
 0001:00002f24       CoreDispatcher             0000000000013f24 f   DxeCore:Dispatcher.obj
 0001:0000367c       CoreInsertOnScheduledQueueWhileProcessingBeforeAndAfter 000000000001467c f   DxeCore:Dispatcher.obj
 0001:00003ad8       FvHasBeenProcessed         0000000000014ad8 f   DxeCore:Dispatcher.obj
 0001:00003bac       FvIsBeingProcessed         0000000000014bac f   DxeCore:Dispatcher.obj
 0001:00003fd4       CoreFvToDevicePath         0000000000014fd4 f   DxeCore:Dispatcher.obj
 0001:0000405c       CoreAddToDriverList        000000000001505c f   DxeCore:Dispatcher.obj
 0001:0000415c       FvFoundInHobFv2            000000000001515c f   DxeCore:Dispatcher.obj
 0001:000041f0       GetFvUsedSize              00000000000151f0 f   DxeCore:Dispatcher.obj
 0001:00004360       CoreProcessFvImageFile     0000000000015360 f   DxeCore:Dispatcher.obj
 0001:0000475c       CoreFwVolEventProtocolNotify 000000000001575c f   DxeCore:Dispatcher.obj
 0001:00004e38       CoreInitializeDispatcher   0000000000015e38 f   DxeCore:Dispatcher.obj
 0001:00004ee0       CoreDisplayDiscoveredNotDispatched 0000000000015ee0 f   DxeCore:Dispatcher.obj
 0001:00004fec       GrowDepexStack             0000000000015fec f   DxeCore:Dependency.obj
 0001:000050dc       PushBool                   00000000000160dc f   DxeCore:Dependency.obj
 0001:0000513c       PopBool                    000000000001613c f   DxeCore:Dependency.obj
 0001:00005184       CorePreProcessDepex        0000000000016184 f   DxeCore:Dependency.obj
 0001:0000522c       CoreIsSchedulable          000000000001622c f   DxeCore:Dependency.obj
 0001:00005ec0       CoreAcquireEventLock       0000000000016ec0 f   DxeCore:Event.obj
 0001:00005ed8       CoreReleaseEventLock       0000000000016ed8 f   DxeCore:Event.obj
 0001:00005ef0       CoreInitializeEventServices 0000000000016ef0 f   DxeCore:Event.obj
 0001:00005f70       CoreDispatchEventNotifies  0000000000016f70 f   DxeCore:Event.obj
 0001:000061d4       CoreNotifyEvent            00000000000171d4 f   DxeCore:Event.obj
 0001:000062d0       CoreNotifySignalList       00000000000172d0 f   DxeCore:Event.obj
 0001:000063c8       CoreCreateEvent            00000000000173c8 f   DxeCore:Event.obj
 0001:00006410       CoreCreateEventEx          0000000000017410 f   DxeCore:Event.obj
 0001:0000648c       CoreCreateEventInternal    000000000001748c f   DxeCore:Event.obj
 0001:00006810       CoreSignalEvent            0000000000017810 f   DxeCore:Event.obj
 0001:000068cc       CoreCheckEvent             00000000000178cc f   DxeCore:Event.obj
 0001:000069bc       CoreWaitForEvent           00000000000179bc f   DxeCore:Event.obj
 0001:00006a94       CoreCloseEvent             0000000000017a94 f   DxeCore:Event.obj
 0001:00006c1c       CoreInsertEventTimer       0000000000017c1c f   DxeCore:Timer.obj
 0001:00006d88       CoreCurrentSystemTime      0000000000017d88 f   DxeCore:Timer.obj
 0001:00006dbc       CoreCheckTimers            0000000000017dbc f   DxeCore:Timer.obj
 0001:00006f4c       CoreInitializeTimer        0000000000017f4c f   DxeCore:Timer.obj
 0001:00007004       CoreTimerTick              0000000000018004 f   DxeCore:Timer.obj
 0001:00007108       CoreSetTimer               0000000000018108 f   DxeCore:Timer.obj
 0001:00007264       CoreSetInterruptState      0000000000018264 f   DxeCore:Tpl.obj
 0001:000072fc       CoreRaiseTpl               00000000000182fc f   DxeCore:Tpl.obj
 0001:000073f4       CoreRestoreTpl             00000000000183f4 f   DxeCore:Tpl.obj
 0001:00007550       ReadFvbData                0000000000018550 f   DxeCore:FwVol.obj
 0001:00007814       GetFwVolHeader             0000000000018814 f   DxeCore:FwVol.obj
 0001:000079d4       FreeFvDeviceResource       00000000000189d4 f   DxeCore:FwVol.obj
 0001:00007a90       FvCheck                    0000000000018a90 f   DxeCore:FwVol.obj
 0001:000082ac       NotifyFwVolBlock           00000000000192ac f   DxeCore:FwVol.obj
 0001:00008624       FwVolDriverInit            0000000000019624 f   DxeCore:FwVol.obj
 0001:00008668       GetFileState               0000000000019668 f   DxeCore:Ffs.obj
 0001:000086c4       IsBufferErased             00000000000196c4 f   DxeCore:Ffs.obj
 0001:00008740       VerifyFvHeaderChecksum     0000000000019740 f   DxeCore:Ffs.obj
 0001:0000877c       VerifyHeaderChecksum       000000000001977c f   DxeCore:Ffs.obj
 0001:000087f4       IsValidFfsHeader           00000000000197f4 f   DxeCore:Ffs.obj
 0001:00008868       IsValidFfsFile             0000000000019868 f   DxeCore:Ffs.obj
 0001:00008974       FvGetVolumeAttributes      0000000000019974 f   DxeCore:FwVolAttrib.obj
 0001:00008a44       InitializeSeparateExceptionStacks 0000000000019a44 f   CpuExceptionHandlerLibNull:CpuExceptionHandlerLibNull.obj
 0001:00008a44       FwVolBlockSetAttributes    0000000000019a44 f   DxeCore:FwVolBlock.obj
 0001:00008a44       FvSetVolumeAttributes      0000000000019a44 f   DxeCore:FwVolAttrib.obj
 0001:00008a5c       FvGetVolumeInfo            0000000000019a5c f   DxeCore:FwVolAttrib.obj
 0001:00008a5c       PeCoffLoaderRelocateImageEx 0000000000019a5c f   BasePeCoffLib:PeCoffLoaderEx.obj
 0001:00008a5c       FvSetVolumeInfo            0000000000019a5c f   DxeCore:FwVolAttrib.obj
 0001:00008a5c       FwVolBlockWriteBlock       0000000000019a5c f   DxeCore:FwVolBlock.obj
 0001:00008a7c       FfsAttributes2FvFileAttributes 0000000000019a7c f   DxeCore:FwVolRead.obj
 0001:00008b20       FvGetNextFile              0000000000019b20 f   DxeCore:FwVolRead.obj
 0001:00008de8       FvReadFile                 0000000000019de8 f   DxeCore:FwVolRead.obj
 0001:000091c4       FvReadFileSection          000000000001a1c4 f   DxeCore:FwVolRead.obj
 0001:00009484       MemoryProfileLibRecord     000000000001a484 f   DxeCoreMemoryAllocationLib:DxeCoreMemoryProfileLibNull.obj
 0001:00009484       FvWriteFile                000000000001a484 f   DxeCore:FwVolWrite.obj
 0001:000094a4       FwVolBlockGetAttributes    000000000001a4a4 f   DxeCore:FwVolBlock.obj
 0001:00009548       FwVolBlockEraseBlock       000000000001a548 f   DxeCore:FwVolBlock.obj
 0001:00009568       FwVolBlockReadBlock        000000000001a568 f   DxeCore:FwVolBlock.obj
 0001:0000977c       FwVolBlockGetPhysicalAddress 000000000001a77c f   DxeCore:FwVolBlock.obj
 0001:0000983c       FwVolBlockGetBlockSize     000000000001a83c f   DxeCore:FwVolBlock.obj
 0001:0000998c       GetFvbAuthenticationStatus 000000000001a98c f   DxeCore:FwVolBlock.obj
 0001:000099cc       ProduceFVBProtocolOnBuffer 000000000001a9cc f   DxeCore:FwVolBlock.obj
 0001:00009e5c       FwVolBlockDriverInit       000000000001ae5c f   DxeCore:FwVolBlock.obj
 0001:00009f60       CoreProcessFirmwareVolume  000000000001af60 f   DxeCore:FwVolBlock.obj
 0001:0000a4f4       FindGuardedMemoryMap       000000000001b4f4 f   DxeCore:HeapGuard.obj
 0001:0000a908       SetGuardedMemoryBits       000000000001b908 f   DxeCore:HeapGuard.obj
 0001:0000a9d8       ClearGuardedMemoryBits     000000000001b9d8 f   DxeCore:HeapGuard.obj
 0001:0000aaa8       GetGuardedMemoryBits       000000000001baa8 f   DxeCore:HeapGuard.obj
 0001:0000abcc       GetGuardMapBit             000000000001bbcc f   DxeCore:HeapGuard.obj
 0001:0000ac28       IsGuardPage                000000000001bc28 f   DxeCore:HeapGuard.obj
 0001:0000ac84       IsMemoryGuarded            000000000001bc84 f   DxeCore:HeapGuard.obj
 0001:0000acb8       SetGuardPage               000000000001bcb8 f   DxeCore:HeapGuard.obj
 0001:0000ad84       UnsetGuardPage             000000000001bd84 f   DxeCore:HeapGuard.obj
 0001:0000ae7c       IsMemoryTypeToGuard        000000000001be7c f   DxeCore:HeapGuard.obj
 0001:0000af90       IsPoolTypeToGuard          000000000001bf90 f   DxeCore:HeapGuard.obj
 0001:0000afac       IsPageTypeToGuard          000000000001bfac f   DxeCore:HeapGuard.obj
 0001:0000afd0       IsHeapGuardEnabled         000000000001bfd0 f   DxeCore:HeapGuard.obj
 0001:0000aff0       SetGuardForMemory          000000000001bff0 f   DxeCore:HeapGuard.obj
 0001:0000b074       UnsetGuardForMemory        000000000001c074 f   DxeCore:HeapGuard.obj
 0001:0000b16c       AdjustMemoryS              000000000001c16c f   DxeCore:HeapGuard.obj
 0001:0000b288       AdjustMemoryF              000000000001c288 f   DxeCore:HeapGuard.obj
 0001:0000b3d8       AdjustMemoryA              000000000001c3d8 f   DxeCore:HeapGuard.obj
 0001:0000b468       AdjustPoolHeadA            000000000001c468 f   DxeCore:HeapGuard.obj
 0001:0000b4d0       AdjustPoolHeadF            000000000001c4d0 f   DxeCore:HeapGuard.obj
 0001:0000b51c       CoreConvertPagesWithGuard  000000000001c51c f   DxeCore:HeapGuard.obj
 0001:0000b5a0       SetAllGuardPages           000000000001c5a0 f   DxeCore:HeapGuard.obj
 0001:0000b8e8       GetLastGuardedFreePageAddress 000000000001c8e8 f   DxeCore:HeapGuard.obj
 0001:0000ba3c       MarkFreedPages             000000000001ca3c f   DxeCore:HeapGuard.obj
 0001:0000ba60       GuardFreedPages            000000000001ca60 f   DxeCore:HeapGuard.obj
 0001:0000bb30       GuardFreedPagesChecked     000000000001cb30 f   DxeCore:HeapGuard.obj
 0001:0000bb60       GuardAllFreedPages         000000000001cb60 f   DxeCore:HeapGuard.obj
 0001:0000bea8       MergeGuardPages            000000000001cea8 f   DxeCore:HeapGuard.obj
 0001:0000bfe0       PromoteGuardedFreePages    000000000001cfe0 f   DxeCore:HeapGuard.obj
 0001:0000c25c       HeapGuardCpuArchProtocolNotify 000000000001d25c f   DxeCore:HeapGuard.obj
 0001:0000c31c       Uint64ToBinString          000000000001d31c f   DxeCore:HeapGuard.obj
 0001:0000c3a4       DumpGuardedMemoryBitmap    000000000001d3a4 f   DxeCore:HeapGuard.obj
 0001:0000c85c       CoreAcquireMemoryProfileLock 000000000001d85c f   DxeCore:MemoryProfileRecord.obj
 0001:0000c874       CoreReleaseMemoryProfileLock 000000000001d874 f   DxeCore:MemoryProfileRecord.obj
 0001:0000c88c       GetMemoryProfileContext    000000000001d88c f   DxeCore:MemoryProfileRecord.obj
 0001:0000c894       InternalPeCoffGetSubsystem 000000000001d894 f   DxeCore:MemoryProfileRecord.obj
 0001:0000c984       InternalPeCoffGetEntryPoint 000000000001d984 f   DxeCore:MemoryProfileRecord.obj
 0001:0000cab0       BuildDriverInfo            000000000001dab0 f   DxeCore:MemoryProfileRecord.obj
 0001:0000ce94       NeedRecordThisDriver       000000000001de94 f   DxeCore:MemoryProfileRecord.obj
 0001:0000cf98       RegisterDxeCore            000000000001df98 f   DxeCore:MemoryProfileRecord.obj
 0001:0000d148       MemoryProfileInit          000000000001e148 f   DxeCore:MemoryProfileRecord.obj
 0001:0000d22c       MemoryProfileInstallProtocol 000000000001e22c f   DxeCore:MemoryProfileRecord.obj
 0001:0000d2ec       GetFileNameFromFilePath    000000000001e2ec f   DxeCore:MemoryProfileRecord.obj
 0001:0000d358       RegisterMemoryProfileImage 000000000001e358 f   DxeCore:MemoryProfileRecord.obj
 0001:0000d444       GetMemoryProfileDriverInfoByFileNameAndAddress 000000000001e444 f   DxeCore:MemoryProfileRecord.obj
 0001:0000d57c       GetMemoryProfileDriverInfoFromAddress 000000000001e57c f   DxeCore:MemoryProfileRecord.obj
 0001:0000d694       UnregisterMemoryProfileImage 000000000001e694 f   DxeCore:MemoryProfileRecord.obj
 0001:0000d8e4       CoreNeedRecordProfile      000000000001e8e4 f   DxeCore:MemoryProfileRecord.obj
 0001:0000d960       GetProfileMemoryIndex      000000000001e960 f   DxeCore:MemoryProfileRecord.obj
 0001:0000d990       CoreUpdateProfileAllocate  000000000001e990 f   DxeCore:MemoryProfileRecord.obj
 0001:0000ddd4       GetMemoryProfileAllocInfoFromAddress 000000000001edd4 f   DxeCore:MemoryProfileRecord.obj
 0001:0000df80       CoreUpdateProfileFree      000000000001ef80 f   DxeCore:MemoryProfileRecord.obj
 0001:0000e52c       CoreUpdateProfile          000000000001f52c f   DxeCore:MemoryProfileRecord.obj
 0001:0000e724       MemoryProfileGetDataSize   000000000001f724 f   DxeCore:MemoryProfileRecord.obj
 0001:0000e90c       MemoryProfileCopyData      000000000001f90c f   DxeCore:MemoryProfileRecord.obj
 0001:0000ec20       ProfileProtocolGetData     000000000001fc20 f   DxeCore:MemoryProfileRecord.obj
 0001:0000ecc8       ProfileProtocolRegisterImage 000000000001fcc8 f   DxeCore:MemoryProfileRecord.obj
 0001:0000edec       ProfileProtocolUnregisterImage 000000000001fdec f   DxeCore:MemoryProfileRecord.obj
 0001:0000eef4       ProfileProtocolGetRecordingState 000000000001fef4 f   DxeCore:MemoryProfileRecord.obj
 0001:0000ef48       ProfileProtocolSetRecordingState 000000000001ff48 f   DxeCore:MemoryProfileRecord.obj
 0001:0000ef84       ProfileProtocolRecord      000000000001ff84 f   DxeCore:MemoryProfileRecord.obj
 0001:0000efd0       CoreAcquireMemoryLock      000000000001ffd0 f   DxeCore:Page.obj
 0001:0000efe8       CoreReleaseMemoryLock      000000000001ffe8 f   DxeCore:Page.obj
 0001:0000f000       RemoveMemoryMapEntry       0000000000020000 f   DxeCore:Page.obj
 0001:0000f054       CoreAddRange               0000000000020054 f   DxeCore:Page.obj
 0001:0000f424       AllocateMemoryMapEntry     0000000000020424 f   DxeCore:Page.obj
 0001:0000f560       CoreFreeMemoryMapStack     0000000000020560 f   DxeCore:Page.obj
 0001:0000f7e4       PromoteMemoryResource      00000000000207e4 f   DxeCore:Page.obj
 0001:0000fa50       CoreLoadingFixedAddressHook 0000000000020a50 f   DxeCore:Page.obj
 0001:0000fb30       CoreSetMemoryTypeInformationRange 0000000000020b30 f   DxeCore:Page.obj
 0001:0000fe3c       CoreAddMemoryDescriptor    0000000000020e3c f   DxeCore:Page.obj
 0001:00010344       CoreConvertPagesEx         0000000000021344 f   DxeCore:Page.obj
 0001:00010e88       CoreConvertPages           0000000000021e88 f   DxeCore:Page.obj
 0001:00010ec8       CoreUpdateMemoryAttributes 0000000000021ec8 f   DxeCore:Page.obj
 0001:00010f10       CoreFindFreePagesI         0000000000021f10 f   DxeCore:Page.obj
 0001:000111f4       FindFreePages              00000000000221f4 f   DxeCore:Page.obj
 0001:000113bc       CoreInternalAllocatePages  00000000000223bc f   DxeCore:Page.obj
 0001:000118e0       CoreAllocatePages          00000000000228e0 f   DxeCore:Page.obj
 0001:000119d0       CoreInternalFreePages      00000000000229d0 f   DxeCore:Page.obj
 0001:00011cf8       CoreFreePages              0000000000022cf8 f   DxeCore:Page.obj
 0001:00011e7c       MergeMemoryMapDescriptor   0000000000022e7c f   DxeCore:Page.obj
 0001:00011fa4       CoreGetMemoryMap           0000000000022fa4 f   DxeCore:Page.obj
 0001:00012ba8       CoreAllocatePoolPages      0000000000023ba8 f   DxeCore:Page.obj
 0001:00012c70       CoreFreePoolPages          0000000000023c70 f   DxeCore:Page.obj
 0001:00012c98       CoreTerminateMemoryMap     0000000000023c98 f   DxeCore:Page.obj
 0001:00012f3c       CoreInitializePool         0000000000023f3c f   DxeCore:Pool.obj
 0001:00013004       LookupPoolHead             0000000000024004 f   DxeCore:Pool.obj
 0001:000131bc       CoreInternalAllocatePool   00000000000241bc f   DxeCore:Pool.obj
 0001:000132f8       CoreAllocatePool           00000000000242f8 f   DxeCore:Pool.obj
 0001:00013420       CoreAllocatePoolI          0000000000024420 f   DxeCore:Pool.obj
 0001:00013d1c       CoreInternalFreePool       0000000000024d1c f   DxeCore:Pool.obj
 0001:00013d74       CoreFreePool               0000000000024d74 f   DxeCore:Pool.obj
 0001:00013ea8       CoreFreePoolI              0000000000024ea8 f   DxeCore:Pool.obj
 0001:00014794       CoreDumpGcdMemorySpaceMap  0000000000025794 f   DxeCore:Gcd.obj
 0001:00014a74       CoreDumpGcdIoSpaceMap      0000000000025a74 f   DxeCore:Gcd.obj
 0001:00014d20       CoreValidateResourceDescriptorHobAttributes 0000000000025d20 f   DxeCore:Gcd.obj
 0001:00014ea0       CoreAcquireGcdMemoryLock   0000000000025ea0 f   DxeCore:Gcd.obj
 0001:00014eb8       CoreReleaseGcdMemoryLock   0000000000025eb8 f   DxeCore:Gcd.obj
 0001:00014ed0       CoreAcquireGcdIoLock       0000000000025ed0 f   DxeCore:Gcd.obj
 0001:00014ee8       CoreReleaseGcdIoLock       0000000000025ee8 f   DxeCore:Gcd.obj
 0001:00014f00       AlignValue                 0000000000025f00 f   DxeCore:Gcd.obj
 0001:00014f60       PageAlignAddress           0000000000025f60 f   DxeCore:Gcd.obj
 0001:00014f80       PageAlignLength            0000000000025f80 f   DxeCore:Gcd.obj
 0001:00014fa0       CoreAllocateGcdMapEntry    0000000000025fa0 f   DxeCore:Gcd.obj
 0001:00015030       CoreInsertGcdMapEntry      0000000000026030 f   DxeCore:Gcd.obj
 0001:000151c0       CoreMergeGcdMapEntry       00000000000261c0 f   DxeCore:Gcd.obj
 0001:00015418       CoreCleanupGcdMapEntry     0000000000026418 f   DxeCore:Gcd.obj
 0001:000154ac       CoreSearchGcdMapEntry      00000000000264ac f   DxeCore:Gcd.obj
 0001:00015644       CoreCountGcdMapEntry       0000000000026644 f   DxeCore:Gcd.obj
 0001:00015694       ConverToCpuArchAttributes  0000000000026694 f   DxeCore:Gcd.obj
 0001:0001576c       CoreConvertSpace           000000000002676c f   DxeCore:Gcd.obj
 0001:000160dc       CoreAllocateSpaceCheckEntry 00000000000270dc f   DxeCore:Gcd.obj
 0001:00016170       CoreAllocateSpace          0000000000027170 f   DxeCore:Gcd.obj
 0001:00016e70       CoreInternalAddMemorySpace 0000000000027e70 f   DxeCore:Gcd.obj
 0001:00016fc0       CoreAllocateMemorySpace    0000000000027fc0 f   DxeCore:Gcd.obj
 0001:00017268       CoreAddMemorySpace         0000000000028268 f   DxeCore:Gcd.obj
 0001:00017420       CoreFreeMemorySpace        0000000000028420 f   DxeCore:Gcd.obj
 0001:000174a8       CoreRemoveMemorySpace      00000000000284a8 f   DxeCore:Gcd.obj
 0001:00017530       BuildMemoryDescriptor      0000000000028530 f   DxeCore:Gcd.obj
 0001:000175c8       CoreGetMemorySpaceDescriptor 00000000000285c8 f   DxeCore:Gcd.obj
 0001:00017714       CoreSetMemorySpaceAttributes 0000000000028714 f   DxeCore:Gcd.obj
 0001:000177e0       CoreSetMemorySpaceCapabilities 00000000000287e0 f   DxeCore:Gcd.obj
 0001:000178ac       CoreGetMemorySpaceMap      00000000000288ac f   DxeCore:Gcd.obj
 0001:00017a94       CoreAddIoSpace             0000000000028a94 f   DxeCore:Gcd.obj
 0001:00017ba0       CoreAllocateIoSpace        0000000000028ba0 f   DxeCore:Gcd.obj
 0001:00017e48       CoreFreeIoSpace            0000000000028e48 f   DxeCore:Gcd.obj
 0001:00017ed0       CoreRemoveIoSpace          0000000000028ed0 f   DxeCore:Gcd.obj
 0001:00017f58       BuildIoDescriptor          0000000000028f58 f   DxeCore:Gcd.obj
 0001:00017fcc       CoreGetIoSpaceDescriptor   0000000000028fcc f   DxeCore:Gcd.obj
 0001:00018118       CoreGetIoSpaceMap          0000000000029118 f   DxeCore:Gcd.obj
 0001:00018294       CoreConvertResourceDescriptorHobAttributesToCapabilities 0000000000029294 f   DxeCore:Gcd.obj
 0001:00018324       CalculateTotalMemoryBinSizeNeeded 0000000000029324 f   DxeCore:Gcd.obj
 0001:00018394       FindLargestFreeRegion      0000000000029394 f   DxeCore:Gcd.obj
 0001:00018534       CoreInitializeMemoryServices 0000000000029534 f   DxeCore:Gcd.obj
 0001:00018ce8       CoreInitializeGcdServices  0000000000029ce8 f   DxeCore:Gcd.obj
 0001:00019720       CoreAcquireProtocolLock    000000000002a720 f   DxeCore:Handle.obj
 0001:00019738       CoreReleaseProtocolLock    000000000002a738 f   DxeCore:Handle.obj
 0001:00019788       CoreInitializeHandleServices 000000000002a788 f   DxeCore:Handle.obj
 0001:000197c4       CoreValidateHandle         000000000002a7c4 f   DxeCore:Handle.obj
 0001:00019880       CoreFindProtocolEntry      000000000002a880 f   DxeCore:Handle.obj
 0001:00019a64       CoreFindProtocolInterface  000000000002aa64 f   DxeCore:Handle.obj
 0001:00019bec       IsDevicePathInstalled      000000000002abec f   DxeCore:Handle.obj
 0001:00019dac       CoreUnregisterProtocolNotifyEvent 000000000002adac f   DxeCore:Handle.obj
 0001:00019f60       CoreUnregisterProtocolNotify 000000000002af60 f   DxeCore:Handle.obj
 0001:00019f90       CoreInstallProtocolInterface 000000000002af90 f   DxeCore:Handle.obj
 0001:00019fcc       CoreInstallProtocolInterfaceNotify 000000000002afcc f   DxeCore:Handle.obj
 0001:0001a3d4       CoreInstallMultipleProtocolInterfaces 000000000002b3d4 f   DxeCore:Handle.obj
 0001:0001a5bc       CoreDisconnectControllersUsingProtocolInterface 000000000002b5bc f   DxeCore:Handle.obj
 0001:0001a840       CoreUninstallProtocolInterface 000000000002b840 f   DxeCore:Handle.obj
 0001:0001a9f0       CoreUninstallMultipleProtocolInterfaces 000000000002b9f0 f   DxeCore:Handle.obj
 0001:0001ac58       CoreHandleProtocol         000000000002bc58 f   DxeCore:Handle.obj
 0001:0001ac9c       CoreOpenProtocol           000000000002bc9c f   DxeCore:Handle.obj
 0001:0001b358       CoreCloseProtocol          000000000002c358 f   DxeCore:Handle.obj
 0001:0001b550       CoreOpenProtocolInformation 000000000002c550 f   DxeCore:Handle.obj
 0001:0001b820       CoreProtocolsPerHandle     000000000002c820 f   DxeCore:Handle.obj
 0001:0001ba54       CoreGetHandleDatabaseKey   000000000002ca54 f   DxeCore:Handle.obj
 0001:0001ba5c       CoreConnectHandlesByKey    000000000002ca5c f   DxeCore:Handle.obj
 0001:0001bca8       InternalCoreLocateHandle   000000000002cca8 f   DxeCore:Locate.obj
 0001:0001bfb0       CoreLocateHandle           000000000002cfb0 f   DxeCore:Locate.obj
 0001:0001c004       CoreGetNextLocateAllHandles 000000000002d004 f   DxeCore:Locate.obj
 0001:0001c0e8       CoreGetNextLocateByRegisterNotify 000000000002d0e8 f   DxeCore:Locate.obj
 0001:0001c238       CoreGetNextLocateByProtocol 000000000002d238 f   DxeCore:Locate.obj
 0001:0001c36c       CoreLocateDevicePath       000000000002d36c f   DxeCore:Locate.obj
 0001:0001c634       CoreLocateProtocol         000000000002d634 f   DxeCore:Locate.obj
 0001:0001c7a4       CoreLocateHandleBuffer     000000000002d7a4 f   DxeCore:Locate.obj
 0001:0001c94c       CoreNotifyProtocolEntry    000000000002d94c f   DxeCore:Notify.obj
 0001:0001ca84       CoreRemoveInterfaceFromProtocol 000000000002da84 f   DxeCore:Notify.obj
 0001:0001cc28       CoreRegisterProtocolNotify 000000000002dc28 f   DxeCore:Notify.obj
 0001:0001cd44       CoreReinstallProtocolInterface 000000000002dd44 f   DxeCore:Notify.obj
 0001:0001ced0       CoreConnectController      000000000002ded0 f   DxeCore:DriverSupport.obj
 0001:0001d5e8       AddSortedDriverBindingProtocol 000000000002e5e8 f   DxeCore:DriverSupport.obj
 0001:0001d814       CoreConnectSingleController 000000000002e814 f   DxeCore:DriverSupport.obj
 0001:0001e054       CoreDisconnectController   000000000002f054 f   DxeCore:DriverSupport.obj
 0001:0001ec1c       CoreAcquireLockOrFail      000000000002fc1c f   DxeCore:Library.obj
 0001:0001eccc       CoreAcquireLock            000000000002fccc f   DxeCore:Library.obj
 0001:0001ed64       CoreReleaseLock            000000000002fd64 f   DxeCore:Library.obj
 0001:0001ee00       GetImageType               000000000002fe00 f   DxeCore:MemoryProtection.obj
 0001:0001eebc       GetProtectionPolicyFromImageType 000000000002febc f   DxeCore:MemoryProtection.obj
 0001:0001eee0       GetUefiImageProtectionPolicy 000000000002fee0 f   DxeCore:MemoryProtection.obj
 0001:0001ef5c       SetUefiImageMemoryAttributes 000000000002ff5c f   DxeCore:MemoryProtection.obj
 0001:0001f518       SetUefiImageProtectionAttributes 0000000000030518 f   DxeCore:MemoryProtection.obj
 0001:0001f7e8       ProtectUefiImage           00000000000307e8 f   DxeCore:MemoryProtection.obj
 0001:0001fa00       UnprotectUefiImage         0000000000030a00 f   DxeCore:MemoryProtection.obj
 0001:000205a0       MemoryProtectionCpuArchProtocolNotify 00000000000315a0 f   DxeCore:MemoryProtection.obj
 0001:00020764       MemoryProtectionExitBootServicesCallback 0000000000031764 f   DxeCore:MemoryProtection.obj
 0001:000207e8       DisableNullDetectionAtTheEndOfDxe 00000000000317e8 f   DxeCore:MemoryProtection.obj
 0001:00020a54       MemoryAttributeProtocolNotify 0000000000031a54 f   DxeCore:MemoryProtection.obj
 0001:00020aec       CoreInitializeMemoryProtection 0000000000031aec f   DxeCore:MemoryProtection.obj
 0001:00021034       ApplyMemoryProtectionPolicy 0000000000032034 f   DxeCore:MemoryProtection.obj
 0001:00021170       InstallMemoryAttributesTable 0000000000032170 f   DxeCore:MemoryAttributesTable.obj
 0001:00021918       InstallMemoryAttributesTableOnMemoryAllocation 0000000000032918 f   DxeCore:MemoryAttributesTable.obj
 0001:00021944       InstallMemoryAttributesTableOnReadyToBoot 0000000000032944 f   DxeCore:MemoryAttributesTable.obj
 0001:00021964       InstallMemoryAttributesTableOnEndOfDxe 0000000000032964 f   DxeCore:MemoryAttributesTable.obj
 0001:00021a38       CoreInitializeMemoryAttributesTable 0000000000032a38 f   DxeCore:MemoryAttributesTable.obj
 0001:00021bd0       MergeMemoryMap             0000000000032bd0 f   DxeCore:MemoryAttributesTable.obj
 0001:00021e24       CoreGetMemoryMapWithSeparatedImageSection 0000000000032e24 f   DxeCore:MemoryAttributesTable.obj
 0001:00022010       InsertImageRecord          0000000000033010 f   DxeCore:MemoryAttributesTable.obj
 0001:0002232c       RemoveImageRecord          000000000003332c f   DxeCore:MemoryAttributesTable.obj
 0001:00022490       CoreInstallConfigurationTable 0000000000033490 f   DxeCore:InstallConfigurationTable.obj
 0001:00022718       CoreSetWatchdogTimer       0000000000033718 f   DxeCore:SetWatchdogTimer.obj
 0001:00022794       CoreInternalWaitForTick    0000000000033794 f   DxeCore:Stall.obj
 0001:000227f8       CoreStall                  00000000000337f8 f   DxeCore:Stall.obj
 0001:000228d8       CoreInitializeDebugImageInfoTable 00000000000338d8 f   DxeCore:DebugImageInfo.obj
 0001:00022d20       CoreUpdateDebugTableCrc32  0000000000033d20 f   DxeCore:DebugImageInfo.obj
 0001:00022d94       CoreNewDebugImageInfoEntry 0000000000033d94 f   DxeCore:DebugImageInfo.obj
 0001:00022f08       CoreRemoveDebugImageInfoEntry 0000000000033f08 f   DxeCore:DebugImageInfo.obj
 0001:00023008       GetMachineTypeName         0000000000034008 f   DxeCore:Image.obj
 0001:00023198       CoreInitializeImageServices 0000000000034198 f   DxeCore:Image.obj
 0001:00023560       CoreReadImageFile          0000000000034560 f   DxeCore:Image.obj
 0001:00023690       CheckAndMarkFixLoadingMemoryUsageBitMap 0000000000034690 f   DxeCore:Image.obj
 0001:00023940       GetPeCoffImageFixLoadingAssignedAddress 0000000000034940 f   DxeCore:Image.obj
 0001:00023c5c       CoreLoadPeImage            0000000000034c5c f   DxeCore:Image.obj
 0001:0002491c       CoreLoadedImageInfo        000000000003591c f   DxeCore:Image.obj
 0001:00024a20       CoreUnloadAndCloseImage    0000000000035a20 f   DxeCore:Image.obj
 0001:00024e88       CoreLoadImageCommon        0000000000035e88 f   DxeCore:Image.obj
 0001:000257bc       CoreLoadImage              00000000000367bc f   DxeCore:Image.obj
 0001:000258c8       CoreStartImage             00000000000368c8 f   DxeCore:Image.obj
 0001:00025fa4       CoreExit                   0000000000036fa4 f   DxeCore:Image.obj
 0001:0002617c       CoreUnloadImage            000000000003717c f   DxeCore:Image.obj
 0001:00026220       InitializeSectionExtraction 0000000000037220 f   DxeCore:CoreSectionExtraction.obj
 0001:00026324       IsValidSectionStream       0000000000037324 f   DxeCore:CoreSectionExtraction.obj
 0001:000264b4       OpenSectionStreamEx        00000000000374b4 f   DxeCore:CoreSectionExtraction.obj
 0001:00026600       OpenSectionStream          0000000000037600 f   DxeCore:CoreSectionExtraction.obj
 0001:0002665c       ChildIsType                000000000003765c f   DxeCore:CoreSectionExtraction.obj
 0001:00026748       VerifyGuidedSectionGuid    0000000000037748 f   DxeCore:CoreSectionExtraction.obj
 0001:000267dc       NotifyGuidedExtraction     00000000000377dc f   DxeCore:CoreSectionExtraction.obj
 0001:00026a2c       CreateGuidedExtractionRpnEvent 0000000000037a2c f   DxeCore:CoreSectionExtraction.obj
 0001:00026ad8       CreateChildNode            0000000000037ad8 f   DxeCore:CoreSectionExtraction.obj
 0001:0002745c       FindChildNode              000000000003845c f   DxeCore:CoreSectionExtraction.obj
 0001:00027a54       FindStreamNode             0000000000038a54 f   DxeCore:CoreSectionExtraction.obj
 0001:00027c3c       GetSection                 0000000000038c3c f   DxeCore:CoreSectionExtraction.obj
 0001:00028004       FreeChildNode              0000000000039004 f   DxeCore:CoreSectionExtraction.obj
 0001:000280a0       CloseSectionStream         00000000000390a0 f   DxeCore:CoreSectionExtraction.obj
 0001:00028200       CustomGuidedSectionExtract 0000000000039200 f   DxeCore:CoreSectionExtraction.obj
 0001:00028414       ReadUnaligned16            0000000000039414 f   BaseLib:Unaligned.obj
 0001:0002845c       WriteUnaligned16           000000000003945c f   BaseLib:Unaligned.obj
 0001:000284b4       ReadUnaligned32            00000000000394b4 f   BaseLib:Unaligned.obj
 0001:000284fc       ReadUnaligned64            00000000000394fc f   BaseLib:Unaligned.obj
 0001:00028544       WriteUnaligned64           0000000000039544 f   BaseLib:Unaligned.obj
 0001:0002859c       InternalMathLShiftU64      000000000003959c f   BaseLib:Math64.obj
 0001:000285b8       InternalMathRShiftU64      00000000000395b8 f   BaseLib:Math64.obj
 0001:000285d4       InternalMathMultU64x32     00000000000395d4 f   BaseLib:Math64.obj
 0001:000285f0       InternalMathDivRemU64x32   00000000000395f0 f   BaseLib:Math64.obj
 0001:00028648       CpuBreakpoint              0000000000039648 f   BaseLib:CpuBreakpoint.obj
 0001:0002864c       AsciiStrLen                000000000003964c f   BaseLib:String.obj
 0001:00028704       AsciiStrSize               0000000000039704 f   BaseLib:String.obj
 0001:00028720       StrnLenS                   0000000000039720 f   BaseLib:SafeString.obj
 0001:000287c4       AsciiStrnLenS              00000000000397c4 f   BaseLib:SafeString.obj
 0001:00028830       InternalBaseLibIsListValid 0000000000039830 f   BaseLib:LinkedList.obj
 0001:0002894c       IsNodeInList               000000000003994c f   BaseLib:LinkedList.obj
 0001:00028a4c       InitializeListHead         0000000000039a4c f   BaseLib:LinkedList.obj
 0001:00028aac       InsertHeadList             0000000000039aac f   BaseLib:LinkedList.obj
 0001:00028b94       InsertTailList             0000000000039b94 f   BaseLib:LinkedList.obj
 0001:00028c7c       GetFirstNode               0000000000039c7c f   BaseLib:LinkedList.obj
 0001:00028cd0       GetNextNode                0000000000039cd0 f   BaseLib:LinkedList.obj
 0001:00028d80       IsListEmpty                0000000000039d80 f   BaseLib:LinkedList.obj
 0001:00028de8       IsNull                     0000000000039de8 f   BaseLib:LinkedList.obj
 0001:00028eac       IsNodeAtEnd                0000000000039eac f   BaseLib:LinkedList.obj
 0001:00028f88       SwapListEntries            0000000000039f88 f   BaseLib:LinkedList.obj
 0001:000290b0       RemoveEntryList            000000000003a0b0 f   BaseLib:LinkedList.obj
 0001:0002912c       CpuDeadLoop                000000000003a12c f   BaseLib:CpuDeadLoop.obj
 0001:0002915c       DivU64x32Remainder         000000000003a15c f   BaseLib:DivU64x32Remainder.obj
 0001:000291b8       HighBitSet32               000000000003a1b8 f   BaseLib:HighBitSet32.obj
 0001:00029204       HighBitSet64               000000000003a204 f   BaseLib:HighBitSet64.obj
 0001:00029264       LShiftU64                  000000000003a264 f   BaseLib:LShiftU64.obj
 0001:000292b8       MultU64x32                 000000000003a2b8 f   BaseLib:MultU64x32.obj
 0001:000292e4       RShiftU64                  000000000003a2e4 f   BaseLib:RShiftU64.obj
 0001:00029338       InternalAssertJumpBuffer   000000000003a338 f   BaseLib:SetJump.obj
 0001:000293b0       LongJump                   000000000003a3b0 f   BaseLib:LongJump.obj
 0001:00029410       CalculateSum8              000000000003a410 f   BaseLib:CheckSum.obj
 0001:000294e4       CalculateCheckSum8         000000000003a4e4 f   BaseLib:CheckSum.obj
 0001:00029518       CalculateSum16             000000000003a518 f   BaseLib:CheckSum.obj
 0001:00029670       InternalMemCopyMem         000000000003a670 f   BaseMemoryLib:CopyMem.obj
 0001:00029c4c       CopyGuid                   000000000003ac4c f   BaseMemoryLib:MemLibGuid.obj
 0001:00029ca0       CompareGuid                000000000003aca0 f   BaseMemoryLib:MemLibGuid.obj
 0001:00029d28       IsZeroGuid                 000000000003ad28 f   BaseMemoryLib:MemLibGuid.obj
 0001:00029d7c       InternalMemSetMem16        000000000003ad7c f   BaseMemoryLib:MemLibGeneric.obj
 0001:00029dc0       InternalMemSetMem64        000000000003adc0 f   BaseMemoryLib:MemLibGeneric.obj
 0001:00029e04       InternalMemZeroMem         000000000003ae04 f   BaseMemoryLib:MemLibGeneric.obj
 0001:00029e2c       InternalMemCompareMem      000000000003ae2c f   BaseMemoryLib:MemLibGeneric.obj
 0001:00029e94       CopyMem                    000000000003ae94 f   BaseMemoryLib:CopyMemWrapper.obj
 0001:00029f6c       SetMem                     000000000003af6c f   BaseMemoryLib:SetMemWrapper.obj
 0001:00029fec       SetMem16                   000000000003afec f   BaseMemoryLib:SetMem16Wrapper.obj
 0001:0002a120       SetMem64                   000000000003b120 f   BaseMemoryLib:SetMem64Wrapper.obj
 0001:0002a250       CompareMem                 000000000003b250 f   BaseMemoryLib:CompareMemWrapper.obj
 0001:0002a384       ZeroMem                    000000000003b384 f   BaseMemoryLib:ZeroMemWrapper.obj
 0001:0002a42c       InternalMemSetMem          000000000003b42c f   BaseMemoryLib:SetMem.obj
 0001:0002a5c0       GetDebugPrintErrorLevel    000000000003b5c0 f   BaseDebugPrintErrorLevelLib:BaseDebugPrintErrorLevelLib.obj
 0001:0002a5c8       SerialPortInitialize       000000000003b5c8 f   DxeEmuStdErrSerialPortLib:DxeEmuStdErrSerialPortLib.obj
 0001:0002a5cc       SerialPortWrite            000000000003b5cc f   DxeEmuStdErrSerialPortLib:DxeEmuStdErrSerialPortLib.obj
 0001:0002a604       AsciiVSPrint               000000000003b604 f   BasePrintLib:PrintLib.obj
 0001:0002a64c       AsciiBSPrint               000000000003b64c f   BasePrintLib:PrintLib.obj
 0001:0002a698       AsciiSPrint                000000000003b698 f   BasePrintLib:PrintLib.obj
 0001:0002a6ec       BasePrintLibFillBuffer     000000000003b6ec f   BasePrintLib:PrintLibInternal.obj
 0001:0002a778       BasePrintLibValueToString  000000000003b778 f   BasePrintLib:PrintLibInternal.obj
 0001:0002a7e0       BasePrintLibSPrintMarker   000000000003b7e0 f   BasePrintLib:PrintLibInternal.obj
 0001:0002c8fc       BasePrintLibSPrint         000000000003d8fc f   BasePrintLib:PrintLibInternal.obj
 0001:0002c964       BaseDebugLibSerialPortConstructor 000000000003d964 f   BaseDebugLibSerialPort:DebugLib.obj
 0001:0002c974       DebugPrint                 000000000003d974 f   BaseDebugLibSerialPort:DebugLib.obj
 0001:0002c9b8       DebugPrintMarker           000000000003d9b8 f   BaseDebugLibSerialPort:DebugLib.obj
 0001:0002cab0       DebugVPrint                000000000003dab0 f   BaseDebugLibSerialPort:DebugLib.obj
 0001:0002cae0       DebugAssert                000000000003dae0 f   BaseDebugLibSerialPort:DebugLib.obj
 0001:0002cba4       DebugClearMemory           000000000003dba4 f   BaseDebugLibSerialPort:DebugLib.obj
 0001:0002cc00       DebugAssertEnabled         000000000003dc00 f   BaseDebugLibSerialPort:DebugLib.obj
 0001:0002cc24       DebugPrintEnabled          000000000003dc24 f   BaseDebugLibSerialPort:DebugLib.obj
 0001:0002cc48       DebugCodeEnabled           000000000003dc48 f   BaseDebugLibSerialPort:DebugLib.obj
 0001:0002cc6c       DebugClearMemoryEnabled    000000000003dc6c f   BaseDebugLibSerialPort:DebugLib.obj
 0001:0002cc90       DebugPrintLevelEnabled     000000000003dc90 f   BaseDebugLibSerialPort:DebugLib.obj
 0001:0002ccc4       _ModuleEntryPoint          000000000003dcc4 f   DxeCoreEntryPoint:DxeCoreEntryPoint.obj
 0001:0002cd20       GetHobList                 000000000003dd20 f   DxeCoreHobLib:HobLib.obj
 0001:0002cd64       GetNextHob                 000000000003dd64 f   DxeCoreHobLib:HobLib.obj
 0001:0002cdf8       GetFirstHob                000000000003ddf8 f   DxeCoreHobLib:HobLib.obj
 0001:0002ce20       GetNextGuidHob             000000000003de20 f   DxeCoreHobLib:HobLib.obj
 0001:0002ce98       GetFirstGuidHob            000000000003de98 f   DxeCoreHobLib:HobLib.obj
 0001:0002cec0       DxeEmuLibConstructor       000000000003dec0 f   DxeEmuLib:DxeEmuLib.obj
 0001:0002cf5c       InternalAllocateAlignedPages 000000000003df5c f   DxeCoreMemoryAllocationLib:MemoryAllocationLib.obj
 0001:0002d2b0       AllocateAlignedPages       000000000003e2b0 f   DxeCoreMemoryAllocationLib:MemoryAllocationLib.obj
 0001:0002d31c       FreeAlignedPages           000000000003e31c f   DxeCoreMemoryAllocationLib:MemoryAllocationLib.obj
 0001:0002d3f0       InternalAllocatePool       000000000003e3f0 f   DxeCoreMemoryAllocationLib:MemoryAllocationLib.obj
 0001:0002d444       AllocatePool               000000000003e444 f   DxeCoreMemoryAllocationLib:MemoryAllocationLib.obj
 0001:0002d4a4       AllocateRuntimePool        000000000003e4a4 f   DxeCoreMemoryAllocationLib:MemoryAllocationLib.obj
 0001:0002d504       InternalAllocateZeroPool   000000000003e504 f   DxeCoreMemoryAllocationLib:MemoryAllocationLib.obj
 0001:0002d54c       AllocateZeroPool           000000000003e54c f   DxeCoreMemoryAllocationLib:MemoryAllocationLib.obj
 0001:0002d5ac       AllocateRuntimeZeroPool    000000000003e5ac f   DxeCoreMemoryAllocationLib:MemoryAllocationLib.obj
 0001:0002d60c       InternalAllocateCopyPool   000000000003e60c f   DxeCoreMemoryAllocationLib:MemoryAllocationLib.obj
 0001:0002d6d0       AllocateCopyPool           000000000003e6d0 f   DxeCoreMemoryAllocationLib:MemoryAllocationLib.obj
 0001:0002d73c       AllocateRuntimeCopyPool    000000000003e73c f   DxeCoreMemoryAllocationLib:MemoryAllocationLib.obj
 0001:0002d7a8       InternalReallocatePool     000000000003e7a8 f   DxeCoreMemoryAllocationLib:MemoryAllocationLib.obj
 0001:0002d82c       ReallocatePool             000000000003e82c f   DxeCoreMemoryAllocationLib:MemoryAllocationLib.obj
 0001:0002d8a0       FreePool                   000000000003e8a0 f   DxeCoreMemoryAllocationLib:MemoryAllocationLib.obj
 0001:0002d938       UefiRuntimeServicesTableLibConstructor 000000000003e938 f   UefiRuntimeServicesTableLib:UefiRuntimeServicesTableLib.obj
 0001:0002d994       GetDevicePathSize          000000000003e994 f   UefiDevicePathLib:UefiDevicePathLib.obj
 0001:0002d9ac       DuplicateDevicePath        000000000003e9ac f   UefiDevicePathLib:UefiDevicePathLib.obj
 0001:0002d9c4       AppendDevicePath           000000000003e9c4 f   UefiDevicePathLib:UefiDevicePathLib.obj
 0001:0002d9e8       DevicePathFromHandle       000000000003e9e8 f   UefiDevicePathLib:DevicePathUtilitiesDxeSmm.obj
 0001:0002da38       IsDevicePathValid          000000000003ea38 f   UefiDevicePathLib:DevicePathUtilities.obj
 0001:0002dba4       DevicePathType             000000000003eba4 f   UefiDevicePathLib:DevicePathUtilities.obj
 0001:0002dbec       DevicePathSubType          000000000003ebec f   UefiDevicePathLib:DevicePathUtilities.obj
 0001:0002dc34       DevicePathNodeLength       000000000003ec34 f   UefiDevicePathLib:DevicePathUtilities.obj
 0001:0002dc94       NextDevicePathNode         000000000003ec94 f   UefiDevicePathLib:DevicePathUtilities.obj
 0001:0002dcec       IsDevicePathEndType        000000000003ecec f   UefiDevicePathLib:DevicePathUtilities.obj
 0001:0002dd50       IsDevicePathEnd            000000000003ed50 f   UefiDevicePathLib:DevicePathUtilities.obj
 0001:0002ddc8       IsDevicePathEndInstance    000000000003edc8 f   UefiDevicePathLib:DevicePathUtilities.obj
 0001:0002de3c       SetDevicePathNodeLength    000000000003ee3c f   UefiDevicePathLib:DevicePathUtilities.obj
 0001:0002dee0       SetDevicePathEndNode       000000000003eee0 f   UefiDevicePathLib:DevicePathUtilities.obj
 0001:0002df38       UefiDevicePathLibGetDevicePathSize 000000000003ef38 f   UefiDevicePathLib:DevicePathUtilities.obj
 0001:0002dfc0       UefiDevicePathLibDuplicateDevicePath 000000000003efc0 f   UefiDevicePathLib:DevicePathUtilities.obj
 0001:0002dff8       UefiDevicePathLibAppendDevicePath 000000000003eff8 f   UefiDevicePathLib:DevicePathUtilities.obj
 0001:0002e118       UefiBootServicesTableLibConstructor 000000000003f118 f   UefiBootServicesTableLib:UefiBootServicesTableLib.obj
 0001:0002e1f4       SafeUint32Add              000000000003f1f4 f   BaseSafeIntLib:SafeIntLib.obj
 0001:0002e26c       DxeEmuPeCoffLibExtraActionConstructor 000000000003f26c f   DxeEmuPeCoffExtraActionLib:DxeEmuPeCoffExtraActionLib.obj
 0001:0002e308       PeCoffLoaderRelocateImageExtraAction 000000000003f308 f   DxeEmuPeCoffExtraActionLib:DxeEmuPeCoffExtraActionLib.obj
 0001:0002e330       PeCoffLoaderUnloadImageExtraAction 000000000003f330 f   DxeEmuPeCoffExtraActionLib:DxeEmuPeCoffExtraActionLib.obj
 0001:0002e358       UefiLibConstructor         000000000003f358 f   UefiLib:UefiLib.obj
 0001:0002e368       EfiGetSystemConfigurationTable 000000000003f368 f   UefiLib:UefiLib.obj
 0001:0002e474       EfiCreateProtocolNotifyEvent 000000000003f474 f   UefiLib:UefiLib.obj
 0001:0002e680       SzFree                     000000000003f680 f   LzmaDecompressLib:LzmaDecompress.obj
 0001:0002e680       EfiEventEmptyFunction      000000000003f680 f   UefiLib:UefiLib.obj
 0001:0002e68c       EfiGetNameGuidFromFwVolDevicePathNode 000000000003f68c f   UefiLib:UefiNotTiano.obj
 0001:0002e704       EfiInitializeFwVolDevicepathNode 000000000003f704 f   UefiLib:UefiNotTiano.obj
 0001:0002e7b4       PeCoffLoaderGetEntryPoint  000000000003f7b4 f   BasePeCoffGetEntryPointLib:PeCoffGetEntryPoint.obj
 0001:0002e8e0       PeCoffLoaderGetMachineType 000000000003f8e0 f   BasePeCoffGetEntryPointLib:PeCoffGetEntryPoint.obj
 0001:0002e99c       PeCoffLoaderGetPdbPointer  000000000003f99c f   BasePeCoffGetEntryPointLib:PeCoffGetEntryPoint.obj
 0001:0002eccc       PeCoffGetSizeOfHeaders     000000000003fccc f   BasePeCoffGetEntryPointLib:PeCoffGetEntryPoint.obj
 0001:0002eda8       ReallocateExtractHandlerTable 000000000003fda8 f   DxeExtractGuidedSectionLib:DxeExtractGuidedSectionLib.obj
 0001:0002eec4       DxeExtractGuidedSectionLibConstructor 000000000003fec4 f   DxeExtractGuidedSectionLib:DxeExtractGuidedSectionLib.obj
 0001:0002eedc       ExtractGuidedSectionGetGuidList 000000000003fedc f   DxeExtractGuidedSectionLib:DxeExtractGuidedSectionLib.obj
 0001:0002ef34       ExtractGuidedSectionRegisterHandlers 000000000003ff34 f   DxeExtractGuidedSectionLib:DxeExtractGuidedSectionLib.obj
 0001:0002f118       ExtractGuidedSectionGetInfo 0000000000040118 f   DxeExtractGuidedSectionLib:DxeExtractGuidedSectionLib.obj
 0001:0002f2dc       ExtractGuidedSectionDecode 00000000000402dc f   DxeExtractGuidedSectionLib:DxeExtractGuidedSectionLib.obj
 0001:0002f470       InvalidateInstructionCacheRange 0000000000040470 f   BaseCacheMaintenanceLib:X86Cache.obj
 0001:0002f4dc       FillBuf                    00000000000404dc f   BaseUefiDecompressLib:BaseUefiDecompressLib.obj
 0001:0002f624       GetBits                    0000000000040624 f   BaseUefiDecompressLib:BaseUefiDecompressLib.obj
 0001:0002f674       MakeTable                  0000000000040674 f   BaseUefiDecompressLib:BaseUefiDecompressLib.obj
 0001:0002fcec       DecodeP                    0000000000040cec f   BaseUefiDecompressLib:BaseUefiDecompressLib.obj
 0001:0002fdf0       ReadPTLen                  0000000000040df0 f   BaseUefiDecompressLib:BaseUefiDecompressLib.obj
 0001:00030058       ReadCLen                   0000000000041058 f   BaseUefiDecompressLib:BaseUefiDecompressLib.obj
 0001:000302e0       DecodeC                    00000000000412e0 f   BaseUefiDecompressLib:BaseUefiDecompressLib.obj
 0001:00030458       Decode                     0000000000041458 f   BaseUefiDecompressLib:BaseUefiDecompressLib.obj
 0001:000305e0       UefiDecompressGetInfo      00000000000415e0 f   BaseUefiDecompressLib:BaseUefiDecompressLib.obj
 0001:00030700       UefiTianoDecompress        0000000000041700 f   BaseUefiDecompressLib:BaseUefiDecompressLib.obj
 0001:000309b8       UefiDecompress             00000000000419b8 f   BaseUefiDecompressLib:BaseUefiDecompressLib.obj
 0001:000309ec       PerformanceMeasurementEnabled 00000000000419ec f   BasePerformanceLibNull:PerformanceLib.obj
 0001:00030a10       LogPerformanceMeasurement  0000000000041a10 f   BasePerformanceLibNull:PerformanceLib.obj
 0001:00030a28       LogPerformanceMeasurementEnabled 0000000000041a28 f   BasePerformanceLibNull:PerformanceLib.obj
 0001:00030a5c       PeCoffLoaderImageFormatSupported 0000000000041a5c f   BasePeCoffLib:PeCoffLoaderEx.obj
 0001:00030a98       PeCoffLoaderAdjustOffsetForTeImage 0000000000041a98 f   BasePeCoffLib:BasePeCoff.obj
 0001:00030ad0       PeCoffLoaderGetPeHeader    0000000000041ad0 f   BasePeCoffLib:BasePeCoff.obj
 0001:000319ec       PeCoffLoaderGetImageInfo   00000000000429ec f   BasePeCoffLib:BasePeCoff.obj
 0001:000322c0       PeCoffLoaderImageAddress   00000000000432c0 f   BasePeCoffLib:BasePeCoff.obj
 0001:00032308       PeCoffLoaderRelocateImage  0000000000043308 f   BasePeCoffLib:BasePeCoff.obj
 0001:00032b18       PeCoffLoaderLoadImage      0000000000043b18 f   BasePeCoffLib:BasePeCoff.obj
 0001:00033928       PeCoffLoaderImageReadFromMemory 0000000000044928 f   BasePeCoffLib:BasePeCoff.obj
 0001:00033a04       PeCoffLoaderUnloadImage    0000000000044a04 f   BasePeCoffLib:BasePeCoff.obj
 0001:00033a20       InternalGetReportStatusCode 0000000000044a20 f   DxeReportStatusCodeLib:ReportStatusCodeLib.obj
 0001:00033a90       InternalReportStatusCode   0000000000044a90 f   DxeReportStatusCodeLib:ReportStatusCodeLib.obj
 0001:00033b48       ReportStatusCode           0000000000044b48 f   DxeReportStatusCodeLib:ReportStatusCodeLib.obj
 0001:00033b7c       ReportStatusCodeWithExtendedData 0000000000044b7c f   DxeReportStatusCodeLib:ReportStatusCodeLib.obj
 0001:00033c2c       ReportStatusCodeEx         0000000000044c2c f   DxeReportStatusCodeLib:ReportStatusCodeLib.obj
 0001:00033ea8       ReportProgressCodeEnabled  0000000000044ea8 f   DxeReportStatusCodeLib:ReportStatusCodeLib.obj
 0001:00033ecc       ReportErrorCodeEnabled     0000000000044ecc f   DxeReportStatusCodeLib:ReportStatusCodeLib.obj
 0001:00033ef0       ReportDebugCodeEnabled     0000000000044ef0 f   DxeReportStatusCodeLib:ReportStatusCodeLib.obj
 0001:00033f14       GetFileBufferByFilePath    0000000000044f14 f   DxeServicesLib:DxeServicesLib.obj
 0001:000347c0       InitializeDebugAgent       00000000000457c0 f   DebugAgentLibNull:DebugAgentLibNull.obj
 0001:0003480c       SaveAndSetDebugTimerInterrupt 000000000004580c f   DebugAgentLibNull:DebugAgentLibNull.obj
 0001:00034814       InitializeCpuExceptionHandlers 0000000000045814 f   CpuExceptionHandlerLibNull:CpuExceptionHandlerLibNull.obj
 0001:0003522c       SplitTable                 000000000004622c f   ImagePropertiesRecordLib:ImagePropertiesRecordLib.obj
 0001:00035478       SwapImageRecordCodeSection 0000000000046478 f   ImagePropertiesRecordLib:ImagePropertiesRecordLib.obj
 0001:00035508       SortImageRecordCodeSection 0000000000046508 f   ImagePropertiesRecordLib:ImagePropertiesRecordLib.obj
 0001:00035778       IsImageRecordCodeSectionValid 0000000000046778 f   ImagePropertiesRecordLib:ImagePropertiesRecordLib.obj
 0001:00035954       SwapImageRecord            0000000000046954 f   ImagePropertiesRecordLib:ImagePropertiesRecordLib.obj
 0001:00035a2c       SortImageRecord            0000000000046a2c f   ImagePropertiesRecordLib:ImagePropertiesRecordLib.obj
 0001:00035e24       DumpImageRecords           0000000000046e24 f   ImagePropertiesRecordLib:ImagePropertiesRecordLib.obj
 0001:0003610c       FindImageRecord            000000000004710c f   ImagePropertiesRecordLib:ImagePropertiesRecordLib.obj
 0001:00036208       CreateImagePropertiesRecord 0000000000047208 f   ImagePropertiesRecordLib:ImagePropertiesRecordLib.obj
 0001:00036ab8       DeleteImagePropertiesRecord 0000000000047ab8 f   ImagePropertiesRecordLib:ImagePropertiesRecordLib.obj
 0001:00036b04       OrderedCollectionInit      0000000000047b04 f   BaseOrderedCollectionRedBlackTreeLib:BaseOrderedCollectionRedBlackTreeLib.obj
 0001:00036b74       OrderedCollectionFind      0000000000047b74 f   BaseOrderedCollectionRedBlackTreeLib:BaseOrderedCollectionRedBlackTreeLib.obj
 0001:00036bf8       OrderedCollectionMin       0000000000047bf8 f   BaseOrderedCollectionRedBlackTreeLib:BaseOrderedCollectionRedBlackTreeLib.obj
 0001:00036c3c       OrderedCollectionMax       0000000000047c3c f   BaseOrderedCollectionRedBlackTreeLib:BaseOrderedCollectionRedBlackTreeLib.obj
 0001:00036c80       OrderedCollectionNext      0000000000047c80 f   BaseOrderedCollectionRedBlackTreeLib:BaseOrderedCollectionRedBlackTreeLib.obj
 0001:00036d18       OrderedCollectionPrev      0000000000047d18 f   BaseOrderedCollectionRedBlackTreeLib:BaseOrderedCollectionRedBlackTreeLib.obj
 0001:00036db0       RedBlackTreeRotateRight    0000000000047db0 f   BaseOrderedCollectionRedBlackTreeLib:BaseOrderedCollectionRedBlackTreeLib.obj
 0001:00036e78       RedBlackTreeRotateLeft     0000000000047e78 f   BaseOrderedCollectionRedBlackTreeLib:BaseOrderedCollectionRedBlackTreeLib.obj
 0001:00036f40       OrderedCollectionInsert    0000000000047f40 f   BaseOrderedCollectionRedBlackTreeLib:BaseOrderedCollectionRedBlackTreeLib.obj
 0001:00037374       NodeIsNullOrBlack          0000000000048374 f   BaseOrderedCollectionRedBlackTreeLib:BaseOrderedCollectionRedBlackTreeLib.obj
 0001:000373a4       OrderedCollectionDelete    00000000000483a4 f   BaseOrderedCollectionRedBlackTreeLib:BaseOrderedCollectionRedBlackTreeLib.obj
 0001:00037c08       RedBlackTreeRecursiveCheck 0000000000048c08 f   BaseOrderedCollectionRedBlackTreeLib:BaseOrderedCollectionRedBlackTreeLib.obj
 0001:00037d74       RedBlackTreeValidate       0000000000048d74 f   BaseOrderedCollectionRedBlackTreeLib:BaseOrderedCollectionRedBlackTreeLib.obj
 0001:00038014       Crc32GuidedSectionGetInfo  0000000000049014 f   DxeCrc32GuidedSectionExtractLib:DxeCrc32GuidedSectionExtractLib.obj
 0001:00038180       Crc32GuidedSectionHandler  0000000000049180 f   DxeCrc32GuidedSectionExtractLib:DxeCrc32GuidedSectionExtractLib.obj
 0001:00038434       DxeCrc32GuidedSectionExtractLibConstructor 0000000000049434 f   DxeCrc32GuidedSectionExtractLib:DxeCrc32GuidedSectionExtractLib.obj
 0001:00038464       LzmaGuidedSectionGetInfo   0000000000049464 f   LzmaDecompressLib:GuidedSectionExtraction.obj
 0001:000386c8       LzmaGuidedSectionExtraction 00000000000496c8 f   LzmaDecompressLib:GuidedSectionExtraction.obj
 0001:000388c4       LzmaDecompressLibConstructor 00000000000498c4 f   LzmaDecompressLib:GuidedSectionExtraction.obj
 0001:0003b4e8       LzmaDec_InitDicAndState    000000000004c4e8 f   LzmaDecompressLib:LzmaDec.obj
 0001:0003b550       LzmaDec_Init               000000000004c550 f   LzmaDecompressLib:LzmaDec.obj
 0001:0003b580       LzmaDec_DecodeToDic        000000000004c580 f   LzmaDecompressLib:LzmaDec.obj
 0001:0003bd04       LzmaDec_FreeProbs          000000000004cd04 f   LzmaDecompressLib:LzmaDec.obj
 0001:0003bd3c       LzmaProps_Decode           000000000004cd3c f   LzmaDecompressLib:LzmaDec.obj
 0001:0003bf20       LzmaDec_AllocateProbs      000000000004cf20 f   LzmaDecompressLib:LzmaDec.obj
 0001:0003bf98       LzmaDecode                 000000000004cf98 f   LzmaDecompressLib:LzmaDec.obj
 0001:0003c134       SzAlloc                    000000000004d134 f   LzmaDecompressLib:LzmaDecompress.obj
 0001:0003c1e0       GetDecodedSizeOfBuf        000000000004d1e0 f   LzmaDecompressLib:LzmaDecompress.obj
 0001:0003c248       LzmaUefiDecompressGetInfo  000000000004d248 f   LzmaDecompressLib:LzmaDecompress.obj
 0001:0003c2d4       LzmaUefiDecompress         000000000004d2d4 f   LzmaDecompressLib:LzmaDecompress.obj
 0002:00000000       ??_C@_07IDFNAKDE@DxeCore@  000000000004e000     DxeCore:AutoGen.obj
 0002:00000008       ??_C@_0CE@IBFOBMLB@?6ASSERT_RETURN_ERROR?5?$CIStatus?5?$DN?5@ 000000000004e008     DxeCore:AutoGen.obj
 0002:00000030       ??_C@_0DG@FLPEIDFK@?$CB?$CI?$CI?$CIRETURN_STATUS?$CJ?$CIStatus?$CJ?$CJ?5?$DO?$DN?5@ 000000000004e030     DxeCore:AutoGen.obj
 0002:00000070       ??_C@_0GG@PGDJELKI@D?3?2develop?2EDK2?2edk2?2Build?2Emul@ 000000000004e070     DxeCore:AutoGen.obj
 0002:000000d8       ??_C@_0CB@DMEJJJHA@?6ASSERT_EFI_ERROR?5?$CIStatus?5?$DN?5?$CFr?$CJ@ 000000000004e0d8     DxeCore:AutoGen.obj
 0002:00000100       _gPcd_FixedAtBuild_PcdMemoryProfileMemoryType 000000000004e100     DxeCore:AutoGen.obj
 0002:00000100       _gPcd_FixedAtBuild_PcdLoadModuleAtFixAddressEnable 000000000004e100     DxeCore:AutoGen.obj
 0002:00000100       _gPcd_FixedAtBuild_PcdDxeNxMemoryProtectionPolicy 000000000004e100     DxeCore:AutoGen.obj
 0002:00000100       _gPcd_FixedAtBuild_PcdMaxEfiSystemTablePointerAddress 000000000004e100     DxeCore:AutoGen.obj
 0002:00000100       _gPcd_FixedAtBuild_PcdHeapGuardPoolType 000000000004e100     DxeCore:AutoGen.obj
 0002:00000100       _gPcd_FixedAtBuild_PcdHeapGuardPageType 000000000004e100     DxeCore:AutoGen.obj
 0002:00000108       _gPcd_FixedAtBuild_PcdImageLargeAddressLoad 000000000004e108     DxeCore:AutoGen.obj
 0002:00000109       _gPcd_FixedAtBuild_PcdMemoryProfileDriverPath 000000000004e109     DxeCore:AutoGen.obj
 0002:0000010c       _gPcd_FixedAtBuild_PcdMaximumAsciiStringLength 000000000004e10c     DxeCore:AutoGen.obj
 0002:0000010c       _gPcd_FixedAtBuild_PcdMaximumLinkedListLength 000000000004e10c     DxeCore:AutoGen.obj
 0002:0000010c       _gPcd_FixedAtBuild_PcdMaximumUnicodeStringLength 000000000004e10c     DxeCore:AutoGen.obj
 0002:00000110       _gPcd_FixedAtBuild_PcdReportStatusCodePropertyMask 000000000004e110     DxeCore:AutoGen.obj
 0002:00000111       _gPcd_FixedAtBuild_PcdHeapGuardPropertyMask 000000000004e111     DxeCore:AutoGen.obj
 0002:00000111       _gPcd_FixedAtBuild_PcdNullPointerDetectionPropertyMask 000000000004e111     DxeCore:AutoGen.obj
 0002:00000111       _gPcd_FixedAtBuild_PcdValidateOrderedCollection 000000000004e111     DxeCore:AutoGen.obj
 0002:00000111       _gPcd_FixedAtBuild_PcdPerformanceLibraryPropertyMask 000000000004e111     DxeCore:AutoGen.obj
 0002:00000111       _gPcd_FixedAtBuild_PcdCpuStackGuard 000000000004e111     DxeCore:AutoGen.obj
 0002:00000111       _gPcd_FixedAtBuild_PcdMemoryProfilePropertyMask 000000000004e111     DxeCore:AutoGen.obj
 0002:00000111       _gPcd_FixedAtBuild_PcdVerifyNodeInList 000000000004e111     DxeCore:AutoGen.obj
 0002:00000114       _gPcd_FixedAtBuild_PcdImageProtectionPolicy 000000000004e114     DxeCore:AutoGen.obj
 0002:00000114       _gPcd_FixedAtBuild_PcdMaximumDevicePathNodeCount 000000000004e114     DxeCore:AutoGen.obj
 0002:00000118       _gPcd_FixedAtBuild_PcdDebugPrintErrorLevel 000000000004e118     DxeCore:AutoGen.obj
 0002:0000011c       _gPcd_FixedAtBuild_PcdFixedDebugPrintErrorLevel 000000000004e11c     DxeCore:AutoGen.obj
 0002:00000120       _gPcd_FixedAtBuild_PcdFwVolDxeMaxEncapsulationDepth 000000000004e120     DxeCore:AutoGen.obj
 0002:00000124       _gPcd_FixedAtBuild_PcdDebugClearMemoryValue 000000000004e124     DxeCore:AutoGen.obj
 0002:00000125       _gPcd_FixedAtBuild_PcdDebugPropertyMask 000000000004e125     DxeCore:AutoGen.obj
 0002:00000128       _gPcd_FixedAtBuild_PcdControlFlowEnforcementPropertyMask 000000000004e128     DxeCore:AutoGen.obj
 0002:00000130       ??_C@_0DN@GNKHLPO@D?3?2develop?2EDK2?2edk2?2MdeModuleP@ 000000000004e130     DxeCore:DxeMain.obj
 0002:00000170       ??_C@_0BL@KFDMJOEH@gDxeCoreST?5?$CB?$DN?5?$CI?$CIvoid?5?$CK?$CJ?50?$CJ@ 000000000004e170     DxeCore:DxeMain.obj
 0002:00000190       ??_C@_0BL@HCNOBOBP@gDxeCoreRT?5?$CB?$DN?5?$CI?$CIvoid?5?$CK?$CJ?50?$CJ@ 000000000004e190     DxeCore:DxeMain.obj
 0002:000001ac       ??_C@_03ECFMJECG@PEI@      000000000004e1ac     DxeCore:DxeMain.obj
 0002:000001b0       ??_C@_03CFGMCLMB@DXE@      000000000004e1b0     DxeCore:DxeMain.obj
 0002:000001b8       ??_C@_07CPDFFGDM@DxeMain@  000000000004e1b8     DxeCore:DxeMain.obj
 0002:000001c0       ??_C@_0DA@FJJALMKI@?$CFa?3?5MemoryBaseAddress?$DN0x?$CFLx?5Mem@ 000000000004e1c0     DxeCore:DxeMain.obj
 0002:000001f0       ??_C@_0BP@JHIGBJBJ@HOBLIST?5address?5in?5DXE?5?$DN?50x?$CFp?6@ 000000000004e1f0     DxeCore:DxeMain.obj
 0002:00000210       ??_C@_0CK@DGGNNHLJ@Memory?5Allocation?50x?$CF08x?50x?$CF0lx@ 000000000004e210     DxeCore:DxeMain.obj
 0002:00000240       ??_C@_0CD@IPELIEAD@FV?5Hob?5?5?5?5?5?5?5?5?5?5?5?50x?$CF0lx?5?9?50x?$CF0@ 000000000004e240     DxeCore:DxeMain.obj
 0002:00000268       ??_C@_0CD@PNLGIPJF@FV2?5Hob?5?5?5?5?5?5?5?5?5?5?50x?$CF0lx?5?9?50x?$CF0@ 000000000004e268     DxeCore:DxeMain.obj
 0002:00000290       ??_C@_0BL@HNODMJIL@?5?5?5?5?5?5?5?5?5?5?5?5?5?5?5?5?5?5?$CFg?5?9?5?$CFg?6@ 000000000004e290     DxeCore:DxeMain.obj
 0002:000002b0       ??_C@_0DB@OOMKHHHJ@FV3?5Hob?5?5?5?5?5?5?5?5?5?5?50x?$CF0lx?5?9?50x?$CF0@ 000000000004e2b0     DxeCore:DxeMain.obj
 0002:000002e8       ??_C@_0BL@JCKLHDNI@VectorInfo?5?$CB?$DN?5?$CI?$CIvoid?5?$CK?$CJ?50?$CJ@ 000000000004e2e8     DxeCore:DxeMain.obj
 0002:00000308       ??_C@_0BC@FEDIJHFF@?$CI?$CIBOOLEAN?$CJ?$CI0?$DN?$DN1?$CJ?$CJ@ 000000000004e308     DxeCore:DxeMain.obj
 0002:00000320       ??_C@_08EDKKPLCC@Security@ 000000000004e320     DxeCore:DxeProtocolNotify.obj
 0002:0000032c       ??_C@_03PMGKFAJB@CPU@      000000000004e32c     DxeCore:DxeProtocolNotify.obj
 0002:00000330       ??_C@_09NGEINFHN@Metronome@ 000000000004e330     DxeCore:DxeProtocolNotify.obj
 0002:0000033c       ??_C@_05NHFJDMOA@Timer@    000000000004e33c     DxeCore:DxeProtocolNotify.obj
 0002:00000344       ??_C@_03KEGKPJJM@Bds@      000000000004e344     DxeCore:DxeProtocolNotify.obj
 0002:00000348       ??_C@_0P@DENBLOAF@Watchdog?5Timer@ 000000000004e348     DxeCore:DxeProtocolNotify.obj
 0002:00000358       ??_C@_07BDIJHMJM@Runtime@  000000000004e358     DxeCore:DxeProtocolNotify.obj
 0002:00000360       ??_C@_08DMMJCAML@Variable@ 000000000004e360     DxeCore:DxeProtocolNotify.obj
 0002:00000370       ??_C@_0P@MMKCCJJA@Variable?5Write@ 000000000004e370     DxeCore:DxeProtocolNotify.obj
 0002:00000380       ??_C@_07KAPIMIBP@Capsule@  000000000004e380     DxeCore:DxeProtocolNotify.obj
 0002:00000388       ??_C@_0BC@PDACIGNG@Monotonic?5Counter@ 000000000004e388     DxeCore:DxeProtocolNotify.obj
 0002:0000039c       ??_C@_05CCGMLFNG@Reset@    000000000004e39c     DxeCore:DxeProtocolNotify.obj
 0002:000003a8       ??_C@_0BA@NFHCMGKF@Real?5Time?5Clock@ 000000000004e3a8     DxeCore:DxeProtocolNotify.obj
 0002:000003b8       ??_C@_00CNPNBAHC@@         000000000004e3b8     DxeCore:DxeProtocolNotify.obj
 0002:000003c0       ??_C@_0EH@OIOMAMLJ@D?3?2develop?2EDK2?2edk2?2MdeModuleP@ 000000000004e3c0     DxeCore:DxeProtocolNotify.obj
 0002:00000408       ??_C@_0CB@PCGLEABO@?6?$CFa?5Arch?5Protocol?5not?5present?$CB?$CB@ 000000000004e408     DxeCore:DxeProtocolNotify.obj
 0002:00000430       mMissingProtocols          000000000004e430     DxeCore:DxeProtocolNotify.obj
 0002:00000510       ??_C@_0BF@NDBIKIKC@CR?5has?5Bad?5Signature@ 000000000004e510     DxeCore:Dispatcher.obj
 0002:00000530       ??_C@_0ED@KOAIDAFD@D?3?2develop?2EDK2?2edk2?2MdeModuleP@ 000000000004e530     DxeCore:Dispatcher.obj
 0002:00000578       ??_C@_0CA@IFALBDJD@Schedule?5FFS?$CI?$CFg?$CJ?5?9?5EFI_SUCCESS?6@ 000000000004e578     DxeCore:Dispatcher.obj
 0002:00000598       ??_C@_0CC@DLDPKBBM@Schedule?5FFS?$CI?$CFg?$CJ?5?9?5EFI_NOT_FOUN@ 000000000004e598     DxeCore:Dispatcher.obj
 0002:000005c0       ??_C@_0P@KDMAOHAL@CoreDispatcher@ 000000000004e5c0     DxeCore:Dispatcher.obj
 0002:000005d0       ??_C@_0BD@GOHKOBCJ@Loading?5driver?5?$CFg?6@ 000000000004e5d0     DxeCore:Dispatcher.obj
 0002:000005e8       ??_C@_0CJ@GOOBNJLF@DriverEntry?9?$DOImageHandle?5?$CB?$DN?5?$CI?$CIv@ 000000000004e5e8     DxeCore:Dispatcher.obj
 0002:00000618       ??_C@_0CA@ICIDHKK@Evaluate?5DXE?5DEPEX?5for?5FFS?$CI?$CFg?$CJ?6@ 000000000004e618     DxeCore:Dispatcher.obj
 0002:00000640       ??_C@_0ED@KMLPGIKP@?5?5SOR?5?5?5?5?5?5?5?5?5?5?5?5?5?5?5?5?5?5?5?5?5?5?5?5?5?5@ 000000000004e640     DxeCore:Dispatcher.obj
 0002:00000688       ??_C@_0BC@KNMKMBFG@?5?5RESULT?5?$DN?5FALSE?6@ 000000000004e688     DxeCore:Dispatcher.obj
 0002:000006a0       ??_C@_0BE@NGDMDIJA@?5?5BEFORE?5FFS?$CI?$CFg?$CJ?5?$DN?5@ 000000000004e6a0     DxeCore:Dispatcher.obj
 0002:000006b8       ??_C@_0BM@FKEPNHMN@TRUE?6?5?5END?6?5?5RESULT?5?$DN?5TRUE?6@ 000000000004e6b8     DxeCore:Dispatcher.obj
 0002:000006d8       ??_C@_0BO@IOEAMIGE@FALSE?6?5?5END?6?5?5RESULT?5?$DN?5FALSE?6@ 000000000004e6d8     DxeCore:Dispatcher.obj
 0002:000006f8       ??_C@_0BD@NIJHLBPK@?5?5AFTER?5FFS?$CI?$CFg?$CJ?5?$DN?5@ 000000000004e6f8     DxeCore:Dispatcher.obj
 0002:00000710       ??_C@_0BE@CMNLMPMF@Fvb?5?$CB?$DN?5?$CI?$CIvoid?5?$CK?$CJ?50?$CJ@ 000000000004e710     DxeCore:Dispatcher.obj
 0002:00000728       ??_C@_0BM@DMAELHGE@FwVolHeader?5?$CB?$DN?5?$CI?$CIvoid?5?$CK?$CJ?50?$CJ@ 000000000004e728     DxeCore:Dispatcher.obj
 0002:00000748       ??_C@_0DL@FBBCBGFD@FvImage?5on?5FvHandle?5?$CFp?5and?5?$CFp?5h@ 000000000004e748     DxeCore:Dispatcher.obj
 0002:00000788       ??_C@_0BM@PPFNPPMA@KnownHandle?5?$CB?$DN?5?$CI?$CIvoid?5?$CK?$CJ?50?$CJ@ 000000000004e788     DxeCore:Dispatcher.obj
 0002:000007a8       ??_C@_0BM@HECPJCLL@DriverEntry?5?$CB?$DN?5?$CI?$CIvoid?5?$CK?$CJ?50?$CJ@ 000000000004e7a8     DxeCore:Dispatcher.obj
 0002:000007c8       ??_C@_0DJ@LKNCCCCL@FV?5at?50x?$CFx?5has?50x?$CFx?5used?5size?0?5@ 000000000004e7c8     DxeCore:Dispatcher.obj
 0002:00000808       ??_C@_0BH@LLNEDFOL@CoreProcessFvImageFile@ 000000000004e808     DxeCore:Dispatcher.obj
 0002:00000820       ??_C@_0CP@HPHALLJH@?$CFa?$CI?$CJ?5FV?5at?50x?$CFx?0?5FvAlignment?5re@ 000000000004e820     DxeCore:Dispatcher.obj
 0002:00000850       ??_C@_0BL@HMFJNHJC@?5?5RESULT?5?$DN?5TRUE?5?$CIApriori?$CJ?6@ 000000000004e850     DxeCore:Dispatcher.obj
 0002:00000870       ??_C@_0BJ@DOFMFMNH@CoreInitializeDispatcher@ 000000000004e870     DxeCore:Dispatcher.obj
 0002:00000890       ??_C@_0CL@LMDLCLKA@Driver?5?$CFg?5was?5discovered?5but?5no@ 000000000004e890     DxeCore:Dispatcher.obj
 0002:000008c0       ??_C@_0DF@CGKKDMDF@?5?5All?5UEFI?5Services?5Available?5?5@ 000000000004e8c0     DxeCore:Dependency.obj
 0002:000008f8       ??_C@_0BI@OJJILPHO@FALSE?6?5?5RESULT?5?$DN?5FALSE?6@ 000000000004e8f8     DxeCore:Dependency.obj
 0002:00000910       ??_C@_0BG@PMDFLICB@TRUE?6?5?5RESULT?5?$DN?5TRUE?6@ 000000000004e910     DxeCore:Dependency.obj
 0002:00000928       ??_C@_0DH@HJNPFLMD@?5?5RESULT?5?$DN?5FALSE?5?$CIAttempt?5to?5fe@ 000000000004e928     DxeCore:Dependency.obj
 0002:00000960       ??_C@_0DG@BLEOFCEK@?5?5RESULT?5?$DN?5FALSE?5?$CIUnexpected?5BE@ 000000000004e960     DxeCore:Dependency.obj
 0002:000009a0       ??_C@_0ED@LNKNALAD@D?3?2develop?2EDK2?2edk2?2MdeModuleP@ 000000000004e9a0     DxeCore:Dependency.obj
 0002:000009e4       ??_C@_06IDJBPDAP@?5?5SOR?6@ 000000000004e9e4     DxeCore:Dependency.obj
 0002:000009f0       ??_C@_0CK@PBPNBCDP@?5?5RESULT?5?$DN?5FALSE?5?$CIUnexpected?5SO@ 000000000004e9f0     DxeCore:Dependency.obj
 0002:00000a20       ??_C@_0DP@KKBOABM@?5?5SOR?5?5?5?5?5?5?5?5?5?5?5?5?5?5?5?5?5?5?5?5?5?5?5?5?5?5@ 000000000004ea20     DxeCore:Dependency.obj
 0002:00000a60       ??_C@_0BJ@NLJMNGGI@?5?5PUSH?5GUID?$CI?$CFg?$CJ?5?$DN?5FALSE?6@ 000000000004ea60     DxeCore:Dependency.obj
 0002:00000a80       ??_C@_0BI@OMMPINOL@?5?5PUSH?5GUID?$CI?$CFg?$CJ?5?$DN?5TRUE?6@ 000000000004ea80     DxeCore:Dependency.obj
 0002:00000a98       ??_C@_0CF@JIJFBAAC@?5?5RESULT?5?$DN?5FALSE?5?$CIUnexpected?5er@ 000000000004ea98     DxeCore:Dependency.obj
 0002:00000ac0       ??_C@_06DJKGIPEK@?5?5AND?6@ 000000000004eac0     DxeCore:Dependency.obj
 0002:00000ac8       ??_C@_05NOPACOFB@?5?5OR?6@ 000000000004eac8     DxeCore:Dependency.obj
 0002:00000ad0       ??_C@_06BPGMNMIO@?5?5NOT?6@ 000000000004ead0     DxeCore:Dependency.obj
 0002:00000ad8       ??_C@_07JLHPFCH@?5?5TRUE?6@ 000000000004ead8     DxeCore:Dependency.obj
 0002:00000ae0       ??_C@_08EJKLCAIL@?5?5FALSE?6@ 000000000004eae0     DxeCore:Dependency.obj
 0002:00000aec       ??_C@_06MMCGCJIK@?5?5END?6@ 000000000004eaec     DxeCore:Dependency.obj
 0002:00000af4       ??_C@_04HCDDPBNL@TRUE@     000000000004eaf4     DxeCore:Dependency.obj
 0002:00000afc       ??_C@_05MAJJAKPI@FALSE@    000000000004eafc     DxeCore:Dependency.obj
 0002:00000b08       ??_C@_0P@GJLOBHPI@?5?5RESULT?5?$DN?5?$CFa?6@ 000000000004eb08     DxeCore:Dependency.obj
 0002:00000b18       ??_C@_0CD@LDMHFHNL@?5?5RESULT?5?$DN?5FALSE?5?$CIUnknown?5opcod@ 000000000004eb18     DxeCore:Dependency.obj
 0002:00000b40       ??_C@_0CF@FMPFMLED@gEventQueueLock?4OwnerTpl?5?$DN?$DN?5Pri@ 000000000004eb40     DxeCore:Event.obj
 0002:00000b68       ??_C@_0DJ@NAOMPBLD@D?3?2develop?2EDK2?2edk2?2MdeModuleP@ 000000000004eb68     DxeCore:Event.obj
 0002:00000ba8       ??_C@_0CG@BNFJMDOB@Event?9?$DONotifyFunction?5?$CB?$DN?5?$CI?$CIvoid@ 000000000004eba8     DxeCore:Event.obj
 0002:00000bd0       ??_C@_0CB@LNPEFNCG@Run?5Event?5Group?5Notify?3?5?$CFg?5?$CI?$CFp?$CJ@ 000000000004ebd0     DxeCore:Event.obj
 0002:00000bf8       ??_C@_0CB@HIGONELN@?$CGgEventQueueLock?5?$CB?$DN?5?$CI?$CIvoid?5?$CK?$CJ?50@ 000000000004ebf8     DxeCore:Event.obj
 0002:00000c20       ??_C@_0BM@MHJDAOFB@?$CGgEventQueueLock?5not?5locked@ 000000000004ec20     DxeCore:Event.obj
 0002:00000c40       ??_C@_0CG@BEHICOLF@Register?5Event?5Group?5Notify?3?5?$CFg@ 000000000004ec40     DxeCore:Event.obj
 0002:00000c68       ??_C@_0BP@EABLLGEH@?$CGmEfiTimerLock?5?$CB?$DN?5?$CI?$CIvoid?5?$CK?$CJ?50?$CJ@ 000000000004ec68     DxeCore:Timer.obj
 0002:00000c88       ??_C@_0DJ@EPIDMAIB@D?3?2develop?2EDK2?2edk2?2MdeModuleP@ 000000000004ec88     DxeCore:Timer.obj
 0002:00000cc8       ??_C@_0BK@OEHKHKCA@?$CGmEfiTimerLock?5not?5locked@ 000000000004ecc8     DxeCore:Timer.obj
 0002:00000ce8       ??_C@_0DJ@BEDKBBDO@FATAL?5ERROR?5?9?5RaiseTpl?5with?5Old@ 000000000004ece8     DxeCore:Tpl.obj
 0002:00000d28       ??_C@_0DH@KHDFHJLA@D?3?2develop?2EDK2?2edk2?2MdeModuleP@ 000000000004ed28     DxeCore:Tpl.obj
 0002:00000d60       ??_C@_0BB@DKMJFNAG@?$CI?$CINewTpl?$CJ?5?$DM?$DN?531?$CJ@ 000000000004ed60     DxeCore:Tpl.obj
 0002:00000d78       ??_C@_0DL@IMFJACGO@FATAL?5ERROR?5?9?5RestoreTpl?5with?5N@ 000000000004ed78     DxeCore:Tpl.obj
 0002:00000db8       ??_C@_0DN@IHGHEFGN@Found?5a?5FFS3?5formatted?5file?3?5?$CFg@ 000000000004edb8     DxeCore:FwVol.obj
 0002:00000e00       ??_C@_0FK@ECOJJFD@?$CI?$CIUINT32?$CJ?5?$CI?$CI?$CIEFI_FFS_FILE_HEADE@ 000000000004ee00     DxeCore:FwVol.obj
[...]
 0005:00000128       $unwind$InternalAllocatePool 000000000005a128     DxeCoreMemoryAllocationLib:MemoryAllocationLib.obj
 0005:00000128       $unwind$InternalAllocateZeroPool 000000000005a128     DxeCoreMemoryAllocationLib:MemoryAllocationLib.obj
 0005:00000128       $unwind$MultU64x32         000000000005a128     BaseLib:MultU64x32.obj
 0005:00000130       $unwind$FvGetNextFile      000000000005a130     DxeCore:FwVolRead.obj
 0005:00000130       $unwind$CoreOpenProtocolInformation 000000000005a130     DxeCore:Handle.obj
 0005:00000130       $unwind$CoreFindFreePagesI 000000000005a130     DxeCore:Page.obj
 0005:00000130       $unwind$LzmaDec_DecodeToDic 000000000005a130     LzmaDecompressLib:LzmaDec.obj
 0005:00000138       $unwind$FvReadFile         000000000005a138     DxeCore:FwVolRead.obj
 0005:00000148       $unwind$FvReadFileSection  000000000005a148     DxeCore:FwVolRead.obj
 0005:00000148       $unwind$GetSection         000000000005a148     DxeCore:CoreSectionExtraction.obj
 0005:00000150       $unwind$FwVolBlockGetBlockSize 000000000005a150     DxeCore:FwVolBlock.obj
 0005:00000150       $unwind$AddSortedDriverBindingProtocol 000000000005a150     DxeCore:DriverSupport.obj
 0005:00000150       $unwind$CoreCloseProtocol  000000000005a150     DxeCore:Handle.obj
 0005:00000150       $unwind$CoreUninstallMultipleProtocolInterfaces 000000000005a150     DxeCore:Handle.obj
 0005:00000150       $unwind$FindFreePages      000000000005a150     DxeCore:Page.obj
 0005:00000150       $unwind$CoreGetMemoryMapWithSeparatedImageSection 000000000005a150     DxeCore:MemoryAttributesTable.obj
 0005:00000150       $unwind$CustomGuidedSectionExtract 000000000005a150     DxeCore:CoreSectionExtraction.obj
 0005:00000150       $unwind$UefiTianoDecompress 000000000005a150     BaseUefiDecompressLib:BaseUefiDecompressLib.obj
 0005:00000158       $unwind$GetFvbAuthenticationStatus 000000000005a158     DxeCore:FwVolBlock.obj
 0005:00000158       $unwind$ConverToCpuArchAttributes 000000000005a158     DxeCore:Gcd.obj
 0005:00000158       $unwind$CoreCountGcdMapEntry 000000000005a158     DxeCore:Gcd.obj
 0005:00000158       $unwind$GetMachineTypeName 000000000005a158     DxeCore:Image.obj
 0005:00000158       $unwind$GetPoolIndexFromSize 000000000005a158     DxeCore:Pool.obj
 0005:00000158       $unwind$DebugPrintLevelEnabled 000000000005a158     BaseDebugLibSerialPort:DebugLib.obj
 0005:00000158       $unwind$NodeIsNullOrBlack  000000000005a158     BaseOrderedCollectionRedBlackTreeLib:BaseOrderedCollectionRedBlackTreeLib.obj
 0005:00000158       $unwind$OrderedCollectionMax 000000000005a158     BaseOrderedCollectionRedBlackTreeLib:BaseOrderedCollectionRedBlackTreeLib.obj
 0005:00000158       $unwind$OrderedCollectionMin 000000000005a158     BaseOrderedCollectionRedBlackTreeLib:BaseOrderedCollectionRedBlackTreeLib.obj
 0005:00000158       $unwind$OrderedCollectionNext 000000000005a158     BaseOrderedCollectionRedBlackTreeLib:BaseOrderedCollectionRedBlackTreeLib.obj
 0005:00000158       $unwind$OrderedCollectionPrev 000000000005a158     BaseOrderedCollectionRedBlackTreeLib:BaseOrderedCollectionRedBlackTreeLib.obj
 0005:00000160       $unwind$ProduceFVBProtocolOnBuffer 000000000005a160     DxeCore:FwVolBlock.obj
 0005:00000160       $unwind$CoreOpenProtocol   000000000005a160     DxeCore:Handle.obj
 0005:00000168       $unwind$FindGuardedMemoryMap 000000000005a168     DxeCore:HeapGuard.obj
 0005:00000170       $unwind$IsMemoryTypeToGuard 000000000005a170     DxeCore:HeapGuard.obj
 0005:00000178       $unwind$IsHeapGuardEnabled 000000000005a178     DxeCore:HeapGuard.obj
 0005:00000178       $unwind$IsPoolTypeToGuard  000000000005a178     DxeCore:HeapGuard.obj
 0005:00000178       $unwind$InstallMemoryAttributesTableOnMemoryAllocation 000000000005a178     DxeCore:MemoryAttributesTable.obj
 0005:00000180       $unwind$IsPageTypeToGuard  000000000005a180     DxeCore:HeapGuard.obj
 0005:00000188       $unwind$SerialPortWrite    000000000005a188     DxeEmuStdErrSerialPortLib:DxeEmuStdErrSerialPortLib.obj
 0005:00000188       $unwind$CoreAllocateGcdMapEntry 000000000005a188     DxeCore:Gcd.obj
 0005:00000188       $unwind$AdjustMemoryA      000000000005a188     DxeCore:HeapGuard.obj
 0005:00000188       $unwind$GuardFreedPagesChecked 000000000005a188     DxeCore:HeapGuard.obj
 0005:00000188       $unwind$MarkFreedPages     000000000005a188     DxeCore:HeapGuard.obj
 0005:00000188       $unwind$CoreFreePoolPages  000000000005a188     DxeCore:Page.obj
 0005:00000188       $unwind$InstallMemoryAttributesTableOnEndOfDxe 000000000005a188     DxeCore:MemoryAttributesTable.obj
 0005:00000188       $unwind$InstallMemoryAttributesTableOnReadyToBoot 000000000005a188     DxeCore:MemoryAttributesTable.obj
 0005:00000188       $unwind$DxeCrc32GuidedSectionExtractLibConstructor 000000000005a188     DxeCrc32GuidedSectionExtractLib:DxeCrc32GuidedSectionExtractLib.obj
 0005:00000188       $unwind$LzmaDec_FreeProbs  000000000005a188     LzmaDecompressLib:LzmaDec.obj
 0005:00000188       $unwind$InvalidateInstructionCacheRange 000000000005a188     BaseCacheMaintenanceLib:X86Cache.obj
 0005:00000188       $unwind$DebugClearMemory   000000000005a188     BaseDebugLibSerialPort:DebugLib.obj
 0005:00000188       $unwind$LShiftU64          000000000005a188     BaseLib:LShiftU64.obj
 0005:00000188       $unwind$GetNextNode        000000000005a188     BaseLib:LinkedList.obj
 0005:00000188       $unwind$InsertHeadList     000000000005a188     BaseLib:LinkedList.obj
 0005:00000188       $unwind$InsertTailList     000000000005a188     BaseLib:LinkedList.obj
 0005:00000188       $unwind$LongJump           000000000005a188     BaseLib:LongJump.obj
 0005:00000188       $unwind$RShiftU64          000000000005a188     BaseLib:RShiftU64.obj
 0005:00000188       $unwind$WriteUnaligned16   000000000005a188     BaseLib:Unaligned.obj
 0005:00000188       $unwind$WriteUnaligned64   000000000005a188     BaseLib:Unaligned.obj
 0005:00000188       $unwind$InternalMemZeroMem 000000000005a188     BaseMemoryLib:MemLibGeneric.obj
 0005:00000188       $unwind$CopyGuid           000000000005a188     BaseMemoryLib:MemLibGuid.obj
 0005:00000188       $unwind$ZeroMem            000000000005a188     BaseMemoryLib:ZeroMemWrapper.obj
 0005:00000188       $unwind$RedBlackTreeRotateLeft 000000000005a188     BaseOrderedCollectionRedBlackTreeLib:BaseOrderedCollectionRedBlackTreeLib.obj
 0005:00000188       $unwind$RedBlackTreeRotateRight 000000000005a188     BaseOrderedCollectionRedBlackTreeLib:BaseOrderedCollectionRedBlackTreeLib.obj
 0005:00000188       $unwind$DxeExtractGuidedSectionLibConstructor 000000000005a188     DxeExtractGuidedSectionLib:DxeExtractGuidedSectionLib.obj
 0005:00000188       $unwind$UefiBootServicesTableLibConstructor 000000000005a188     UefiBootServicesTableLib:UefiBootServicesTableLib.obj
 0005:00000188       $unwind$SetDevicePathNodeLength 000000000005a188     UefiDevicePathLib:DevicePathUtilities.obj
 0005:00000188       $unwind$AppendDevicePath   000000000005a188     UefiDevicePathLib:UefiDevicePathLib.obj
 0005:00000188       $unwind$EfiInitializeFwVolDevicepathNode 000000000005a188     UefiLib:UefiNotTiano.obj
 0005:00000188       $unwind$UefiRuntimeServicesTableLibConstructor 000000000005a188     UefiRuntimeServicesTableLib:UefiRuntimeServicesTableLib.obj
 0005:00000190       $unwind$GuardAllFreedPages 000000000005a190     DxeCore:HeapGuard.obj
 0005:00000190       $unwind$SetAllGuardPages   000000000005a190     DxeCore:HeapGuard.obj
 0005:000001a0       $unwind$DumpGuardedMemoryBitmap 000000000005a1a0     DxeCore:HeapGuard.obj
 0005:000001b0       $unwind$RegisterDxeCore    000000000005a1b0     DxeCore:MemoryProfileRecord.obj
 0005:000001c0       $unwind$CoreFindProtocolEntry 000000000005a1c0     DxeCore:Handle.obj
 0005:000001c0       $unwind$RegisterMemoryProfileImage 000000000005a1c0     DxeCore:MemoryProfileRecord.obj
 0005:000001c8       $unwind$InternalCoreLocateHandle 000000000005a1c8     DxeCore:Locate.obj
 0005:000001c8       $unwind$CoreUpdateProfileAllocate 000000000005a1c8     DxeCore:MemoryProfileRecord.obj
 0005:000001d0       $unwind$CoreAddMemorySpace 000000000005a1d0     DxeCore:Gcd.obj
 0005:000001d0       $unwind$CoreLoadImage      000000000005a1d0     DxeCore:Image.obj
 0005:000001d0       $unwind$GetMemoryProfileAllocInfoFromAddress 000000000005a1d0     DxeCore:MemoryProfileRecord.obj
 0005:000001d8       $unwind$CoreConvertSpace   000000000005a1d8     DxeCore:Gcd.obj
 0005:000001d8       $unwind$CoreLoadImageCommon 000000000005a1d8     DxeCore:Image.obj
 0005:000001d8       $unwind$CoreUpdateProfileFree 000000000005a1d8     DxeCore:MemoryProfileRecord.obj
 0005:000001e0       $unwind$CoreInternalAddMemorySpace 000000000005a1e0     DxeCore:Gcd.obj
 0005:000001e0       $unwind$CoreUpdateProfile  000000000005a1e0     DxeCore:MemoryProfileRecord.obj
 0005:000001e0       $unwind$CoreAddRange       000000000005a1e0     DxeCore:Page.obj
 0005:000001e8       $unwind$MemoryProfileGetDataSize 000000000005a1e8     DxeCore:MemoryProfileRecord.obj
 0005:000001f0       $unwind$MemoryProfileCopyData 000000000005a1f0     DxeCore:MemoryProfileRecord.obj
 0005:000001f8       $unwind$ProfileProtocolRegisterImage 000000000005a1f8     DxeCore:MemoryProfileRecord.obj
 0005:000001f8       $unwind$ProfileProtocolUnregisterImage 000000000005a1f8     DxeCore:MemoryProfileRecord.obj
 0005:00000200       $unwind$AllocateMemoryMapEntry 000000000005a200     DxeCore:Page.obj
 0005:00000200       $unwind$CoreFreeMemoryMapStack 000000000005a200     DxeCore:Page.obj
 0005:00000200       $unwind$CoreInitializeMemoryAttributesTable 000000000005a200     DxeCore:MemoryAttributesTable.obj
 0005:00000208       $unwind$PromoteMemoryResource 000000000005a208     DxeCore:Page.obj
 0005:00000208       $unwind$InstallMemoryAttributesTable 000000000005a208     DxeCore:MemoryAttributesTable.obj
 0005:00000210       $unwind$CoreAddMemoryDescriptor 000000000005a210     DxeCore:Page.obj
 0005:00000218       $unwind$CoreConvertPagesEx 000000000005a218     DxeCore:Page.obj
 0005:00000218       $unwind$LzmaUefiDecompress 000000000005a218     LzmaDecompressLib:LzmaDecompress.obj
 0005:00000220       $unwind$CoreInternalAllocatePages 000000000005a220     DxeCore:Page.obj
 0005:00000228       $unwind$CoreAllocatePages  000000000005a228     DxeCore:Page.obj
 0005:00000228       $unwind$ReportStatusCodeWithExtendedData 000000000005a228     DxeReportStatusCodeLib:ReportStatusCodeLib.obj
 0005:00000230       $unwind$CoreStartImage     000000000005a230     DxeCore:Image.obj
 0005:00000230       $unwind$CoreInternalFreePages 000000000005a230     DxeCore:Page.obj
 0005:00000230       $unwind$InternalMemCopyMem 000000000005a230     BaseMemoryLib:CopyMem.obj
 0005:00000238       $unwind$CoreGetIoSpaceDescriptor 000000000005a238     DxeCore:Gcd.obj
 0005:00000238       $unwind$CoreGetMemorySpaceDescriptor 000000000005a238     DxeCore:Gcd.obj
 0005:00000238       $unwind$CoreDisconnectControllersUsingProtocolInterface 000000000005a238     DxeCore:Handle.obj
 0005:00000238       $unwind$PeCoffEmuProtocolNotify 000000000005a238     DxeCore:Image.obj
 0005:00000238       $unwind$CoreFreePages      000000000005a238     DxeCore:Page.obj
 0005:00000238       $unwind$DisableNullDetectionAtTheEndOfDxe 000000000005a238     DxeCore:MemoryProtection.obj
 0005:00000238       $unwind$MemoryProtectionCpuArchProtocolNotify 000000000005a238     DxeCore:MemoryProtection.obj
 0005:00000238       $unwind$SwapImageRecord    000000000005a238     ImagePropertiesRecordLib:ImagePropertiesRecordLib.obj
 0005:00000240       $unwind$CoreGetMemoryMap   000000000005a240     DxeCore:Page.obj
 0005:00000248       $unwind$LookupPoolHead     000000000005a248     DxeCore:Pool.obj
 0005:00000250       $unwind$CoreAllocatePool   000000000005a250     DxeCore:Pool.obj
 0005:00000250       $unwind$CoreInternalAllocatePool 000000000005a250     DxeCore:Pool.obj
 0005:00000250       $unwind$CoreNewDebugImageInfoEntry 000000000005a250     DxeCore:DebugImageInfo.obj
 0005:00000258       $unwind$CoreAllocatePoolI  000000000005a258     DxeCore:Pool.obj
 0005:00000260       $unwind$CoreFreePoolI      000000000005a260     DxeCore:Pool.obj
 0005:00000268       $unwind$CoreDumpGcdMemorySpaceMap 000000000005a268     DxeCore:Gcd.obj
 0005:00000270       $unwind$CoreDumpGcdIoSpaceMap 000000000005a270     DxeCore:Gcd.obj
 0005:00000278       $unwind$CoreMergeGcdMapEntry 000000000005a278     DxeCore:Gcd.obj
 0005:00000278       $unwind$InternalAllocateAlignedPages 000000000005a278     DxeCoreMemoryAllocationLib:MemoryAllocationLib.obj
 0005:00000280       $unwind$CoreSearchGcdMapEntry 000000000005a280     DxeCore:Gcd.obj
 0005:00000280       $unwind$CoreReinstallProtocolInterface 000000000005a280     DxeCore:Notify.obj
 0005:00000280       $unwind$Crc32GuidedSectionHandler 000000000005a280     DxeCrc32GuidedSectionExtractLib:DxeCrc32GuidedSectionExtractLib.obj
 0005:00000280       $unwind$BasePrintLibSPrint 000000000005a280     BasePrintLib:PrintLibInternal.obj
 0005:00000280       $unwind$EfiCreateProtocolNotifyEvent 000000000005a280     UefiLib:UefiLib.obj
 0005:00000288       $unwind$CoreAllocateSpaceCheckEntry 000000000005a288     DxeCore:Gcd.obj
 0005:00000288       $unwind$BasePrintLibFillBuffer 000000000005a288     BasePrintLib:PrintLibInternal.obj
 0005:00000290       $unwind$CoreAllocateSpace  000000000005a290     DxeCore:Gcd.obj
 0005:00000290       $unwind$GetFileBufferByFilePath 000000000005a290     DxeServicesLib:DxeServicesLib.obj
 0005:00000298       $unwind$CoreAllocateIoSpace 000000000005a298     DxeCore:Gcd.obj
 0005:00000298       $unwind$CoreAllocateMemorySpace 000000000005a298     DxeCore:Gcd.obj
 0005:000002a0       $unwind$CoreAddIoSpace     000000000005a2a0     DxeCore:Gcd.obj
 0005:000002a8       $unwind$CoreInitializeMemoryServices 000000000005a2a8     DxeCore:Gcd.obj
 0005:000002a8       $unwind$CoreConnectSingleController 000000000005a2a8     DxeCore:DriverSupport.obj
 0005:000002b0       $unwind$CoreInitializeGcdServices 000000000005a2b0     DxeCore:Gcd.obj
 0005:000002b0       $unwind$CoreDisconnectController 000000000005a2b0     DxeCore:DriverSupport.obj
 0005:000002b0       $unwind$LzmaDec_DecodeReal_3 000000000005a2b0     LzmaDecompressLib:LzmaDec.obj
 0005:000002b8       $unwind$CoreProtocolsPerHandle 000000000005a2b8     DxeCore:Handle.obj
 0005:000002b8       $unwind$CoreLocateProtocol 000000000005a2b8     DxeCore:Locate.obj
 0005:000002b8       $unwind$OrderedCollectionInsert 000000000005a2b8     BaseOrderedCollectionRedBlackTreeLib:BaseOrderedCollectionRedBlackTreeLib.obj
 0005:000002c0       $unwind$CoreConnectHandlesByKey 000000000005a2c0     DxeCore:Handle.obj
 0005:000002c0       $unwind$CoreInitializeImageServices 000000000005a2c0     DxeCore:Image.obj
 0005:000002c0       $unwind$SortImageRecord    000000000005a2c0     ImagePropertiesRecordLib:ImagePropertiesRecordLib.obj
 0005:000002c0       $unwind$PeCoffLoaderGetPdbPointer 000000000005a2c0     BasePeCoffGetEntryPointLib:PeCoffGetEntryPoint.obj
 0005:000002c8       $unwind$CoreLocateDevicePath 000000000005a2c8     DxeCore:Locate.obj
 0005:000002d0       $unwind$CoreConnectController 000000000005a2d0     DxeCore:DriverSupport.obj
 0005:000002d8       $unwind$SortMemoryMap      000000000005a2d8     DxeCore:MemoryProtection.obj
 0005:000002d8       $unwind$SortMemoryMap      000000000005a2d8     ImagePropertiesRecordLib:ImagePropertiesRecordLib.obj
 0005:000002e8       $unwind$CoreInitializeDebugImageInfoTable 000000000005a2e8     DxeCore:DebugImageInfo.obj
 0005:000002e8       $unwind$CoreInitializeMemoryProtection 000000000005a2e8     DxeCore:MemoryProtection.obj
 0005:000002f0       $unwind$ApplyMemoryProtectionPolicy 000000000005a2f0     DxeCore:MemoryProtection.obj
 0005:000002f0       $unwind$InternalReportStatusCode 000000000005a2f0     DxeReportStatusCodeLib:ReportStatusCodeLib.obj
 0005:000002f8       $unwind$EnforceMemoryMapAttribute 000000000005a2f8     DxeCore:MemoryAttributesTable.obj
 0005:000002f8       $unwind$DebugVPrint        000000000005a2f8     BaseDebugLibSerialPort:DebugLib.obj
 0005:000002f8       $unwind$CompareMem         000000000005a2f8     BaseMemoryLib:CompareMemWrapper.obj
 0005:000002f8       $unwind$CopyMem            000000000005a2f8     BaseMemoryLib:CopyMemWrapper.obj
 0005:000002f8       $unwind$SetMem64           000000000005a2f8     BaseMemoryLib:SetMem64Wrapper.obj
 0005:000002f8       $unwind$SetMem             000000000005a2f8     BaseMemoryLib:SetMemWrapper.obj
 0005:000002f8       $unwind$UefiDecompress     000000000005a2f8     BaseUefiDecompressLib:BaseUefiDecompressLib.obj
 0005:00000300       $unwind$GetPeCoffImageFixLoadingAssignedAddress 000000000005a300     DxeCore:Image.obj
 0005:00000310       $unwind$CoreLoadPeImage    000000000005a310     DxeCore:Image.obj
 0005:00000320       $unwind$CoreUnloadAndCloseImage 000000000005a320     DxeCore:Image.obj
 0005:00000328       $unwind$CreateChildNode    000000000005a328     DxeCore:CoreSectionExtraction.obj
 0005:00000330       $unwind$FindChildNode      000000000005a330     DxeCore:CoreSectionExtraction.obj
 0005:00000338       $unwind$CloseSectionStream 000000000005a338     DxeCore:CoreSectionExtraction.obj
 0005:00000340       $unwind$InternalMathDivRemU64x32 000000000005a340     BaseLib:Math64.obj
 0005:00000348       $unwind$AsciiStrnLenS      000000000005a348     BaseLib:SafeString.obj
 0005:00000350       $unwind$HighBitSet32       000000000005a350     BaseLib:HighBitSet32.obj
 0005:00000358       $unwind$SetMem16           000000000005a358     BaseMemoryLib:SetMem16Wrapper.obj
 0005:00000360       $unwind$BasePrintLibSPrintMarker 000000000005a360     BasePrintLib:PrintLibInternal.obj
 0005:00000378       $unwind$DebugPrintMarker   000000000005a378     BaseDebugLibSerialPort:DebugLib.obj
 0005:00000388       $unwind$DebugAssert        000000000005a388     BaseDebugLibSerialPort:DebugLib.obj
 0005:00000398       $unwind$SafeUint32Add      000000000005a398     BaseSafeIntLib:SafeIntLib.obj
 0005:000003a0       $unwind$MakeTable          000000000005a3a0     BaseUefiDecompressLib:BaseUefiDecompressLib.obj
 0005:000003b0       $unwind$ReadPTLen          000000000005a3b0     BaseUefiDecompressLib:BaseUefiDecompressLib.obj
 0005:000003b8       $unwind$PeCoffLoaderGetPeHeader 000000000005a3b8     BasePeCoffLib:BasePeCoff.obj
 0005:000003c8       $unwind$PeCoffLoaderGetImageInfo 000000000005a3c8     BasePeCoffLib:BasePeCoff.obj
 0005:000003d8       $unwind$ReportStatusCode   000000000005a3d8     DxeReportStatusCodeLib:ReportStatusCodeLib.obj
 0005:000003e0       $unwind$ReportStatusCodeEx 000000000005a3e0     DxeReportStatusCodeLib:ReportStatusCodeLib.obj
 0005:000003f0       $unwind$SetNewRecord       000000000005a3f0     ImagePropertiesRecordLib:ImagePropertiesRecordLib.obj
 0005:00000400       $unwind$SplitRecord        000000000005a400     ImagePropertiesRecordLib:ImagePropertiesRecordLib.obj
 0005:00000410       $unwind$SortImageRecordCodeSection 000000000005a410     ImagePropertiesRecordLib:ImagePropertiesRecordLib.obj
 0005:00000418       $unwind$GetFilename        000000000005a418     ImagePropertiesRecordLib:ImagePropertiesRecordLib.obj
 0005:00000418       $unwind$LzmaProps_Decode   000000000005a418     LzmaDecompressLib:LzmaDec.obj
 0005:00000420       $unwind$DumpImageRecords   000000000005a420     ImagePropertiesRecordLib:ImagePropertiesRecordLib.obj
 0005:00000430       $unwind$CreateImagePropertiesRecord 000000000005a430     ImagePropertiesRecordLib:ImagePropertiesRecordLib.obj
 0005:0000043c       $unwind$OrderedCollectionDelete 000000000005a43c     BaseOrderedCollectionRedBlackTreeLib:BaseOrderedCollectionRedBlackTreeLib.obj
 0005:00000444       $unwind$LzmaDec_TryDummy   000000000005a444     LzmaDecompressLib:LzmaDec.obj
 0005:0000044c       $unwind$LzmaDecode         000000000005a44c     LzmaDecompressLib:LzmaDec.obj
