 VariableRuntimeDxe

 Timestamp is 68f5fea4 (Mon Oct 20 17:19:32 2025)

 Preferred load address is 0000000000010000

 Start         Length     Name                   Class
 0001:00000000 00000048H .text                   CODE
 0001:00000048 00013f1cH .text$mn                CODE
 0002:00000000 00003214H .rdata                  DATA
 0002:00003214 00000018H .rdata$voltmd           DATA
 0002:0000322c 00000170H .rdata$zzzdbg           DATA
 0003:00000000 00000ac0H .data                   DATA
 0003:00000ac0 000001d0H .bss                    DATA
 0004:00000000 00000a20H .pdata                  DATA
 0005:00000000 00000230H .xdata                  DATA

  Address         Publics by Value              Rva+Base               Lib:Object

 0000:00000000       __arm64x_redirection_metadata 0000000000000000     <absolute>
 0000:00000000       __guard_iat_table          0000000000000000     <absolute>
 0000:00000000       __arm64x_extra_rfe_table_size 0000000000000000     <absolute>
 0000:00000000       __guard_iat_count          0000000000000000     <absolute>
 0000:00000000       __guard_longjmp_count      0000000000000000     <absolute>
 0000:00000000       __arm64x_extra_rfe_table   0000000000000000     <absolute>
 0000:00000000       __dynamic_value_reloc_table 0000000000000000     <absolute>
 0000:00000000       __x64_code_ranges_to_entry_points_count 0000000000000000     <absolute>
 0000:00000000       __hybrid_auxiliary_iat     0000000000000000     <absolute>
 0000:00000000       __hybrid_auxiliary_iat_copy 0000000000000000     <absolute>
 0000:00000000       __hybrid_code_map          0000000000000000     <absolute>
 0000:00000000       __guard_fids_count         0000000000000000     <absolute>
 0000:00000000       __guard_flags              0000000000000000     <absolute>
 0000:00000000       __guard_eh_cont_count      0000000000000000     <absolute>
 0000:00000000       __AbsoluteZero             0000000000000000     <absolute>
 0000:00000000       __guard_check_icall_a64n_fptr 0000000000000000     <absolute>
 0000:00000000       __x64_code_ranges_to_entry_points 0000000000000000     <absolute>
 0000:00000000       __guard_fids_table         0000000000000000     <absolute>
 0000:00000000       __guard_longjmp_table      0000000000000000     <absolute>
 0000:00000000       __arm64x_redirection_metadata_count 0000000000000000     <absolute>
 0000:00000000       __enclave_config           0000000000000000     <absolute>
 0000:00000000       __guard_eh_cont_table      0000000000000000     <absolute>
 0000:00000000       __arm64x_native_entrypoint 0000000000000000     <absolute>
 0000:00000000       __hybrid_code_map_count    0000000000000000     <absolute>
 0001:00000000       CpuPause                   0000000000011000     BaseLib:CpuPause.obj
 0001:00000010       __report_rangecheckfailure 0000000000011010     StackCheckLibNull:StackCheckFunctionsMsvc.obj
 0001:00000011       __GSHandlerCheck           0000000000011011     StackCheckLibNull:StackCheckFunctionsMsvc.obj
 0001:00000012       __security_check_cookie    0000000000011012     StackCheckLibNull:StackCheckFunctionsMsvc.obj
 0001:00000020       AsmCpuid                   0000000000011020     BaseLib:CpuId.obj
 0001:00000048       _DriverUnloadHandler       0000000000011048 f   UefiDriverEntryPoint:DriverEntryPoint.obj
 0001:0000008c       _ModuleEntryPoint          000000000001108c f   UefiDriverEntryPoint:DriverEntryPoint.obj
 0001:000001cc       ProcessLibraryConstructorList 00000000000111cc f   VariableRuntimeDxe:AutoGen.obj
 0001:000006d4       ProcessLibraryDestructorList 00000000000116d4 f   VariableRuntimeDxe:AutoGen.obj
 0001:00000778       ProcessModuleEntryPointList 0000000000011778 f   VariableRuntimeDxe:AutoGen.obj
 0001:0000079c       ProcessModuleUnloadList    000000000001179c f   VariableRuntimeDxe:AutoGen.obj
 0001:000007a4       AtRuntime                  00000000000117a4 f   VariableRuntimeDxe:VariableDxe.obj
 0001:000007b4       InitializeLock             00000000000117b4 f   VariableRuntimeDxe:VariableDxe.obj
 0001:000007d8       AcquireLockOnlyAtBootTime  00000000000117d8 f   VariableRuntimeDxe:VariableDxe.obj
 0001:000007fc       ReleaseLockOnlyAtBootTime  00000000000117fc f   VariableRuntimeDxe:VariableDxe.obj
 0001:00000820       GetFtwProtocol             0000000000011820 f   VariableRuntimeDxe:VariableDxe.obj
 0001:00000854       GetFvbByHandle             0000000000011854 f   VariableRuntimeDxe:VariableDxe.obj
 0001:00000888       GetFvbCountAndBuffer       0000000000011888 f   VariableRuntimeDxe:VariableDxe.obj
 0001:000008d0       VariableClassAddressChangeEvent 00000000000118d0 f   VariableRuntimeDxe:VariableDxe.obj
 0001:00000b0c       OnReadyToBoot              0000000000011b0c f   VariableRuntimeDxe:VariableDxe.obj
 0001:00000c3c       OnEndOfDxe                 0000000000011c3c f   VariableRuntimeDxe:VariableDxe.obj
 0001:00000d50       VariableWriteServiceInitializeDxe 0000000000011d50 f   VariableRuntimeDxe:VariableDxe.obj
 0001:00000e58       FtwNotificationEvent       0000000000011e58 f   VariableRuntimeDxe:VariableDxe.obj
 0001:000011ec       ProtocolIsVariablePolicyEnabled 00000000000121ec f   VariableRuntimeDxe:VariableDxe.obj
 0001:00001208       VariableServiceInitialize  0000000000012208 f   VariableRuntimeDxe:VariableDxe.obj
 0001:000018d8       UpdateVariableStore        00000000000128d8 f   VariableRuntimeDxe:Variable.obj
 0001:00001d98       RecordVarErrorFlag         0000000000012d98 f   VariableRuntimeDxe:Variable.obj
 0001:00002140       InitializeVarErrorFlag     0000000000013140 f   VariableRuntimeDxe:Variable.obj
 0001:0000225c       IsUserVariable             000000000001325c f   VariableRuntimeDxe:Variable.obj
 0001:00002308       CalculateCommonUserVariableTotalSize 0000000000013308 f   VariableRuntimeDxe:Variable.obj
 0001:00002454       InitializeVariableQuota    0000000000013454 f   VariableRuntimeDxe:Variable.obj
 0001:00002474       Reclaim                    0000000000013474 f   VariableRuntimeDxe:Variable.obj
 0001:000030bc       FindVariable               00000000000140bc f   VariableRuntimeDxe:Variable.obj
 0001:0000324c       GetIndexFromSupportedLangCodes 000000000001424c f   VariableRuntimeDxe:Variable.obj
 0001:0000347c       GetLangFromSupportedLangCodes 000000000001447c f   VariableRuntimeDxe:Variable.obj
 0001:00003634       VariableGetBestLanguage    0000000000014634 f   VariableRuntimeDxe:Variable.obj
 0001:000038e0       CheckRemainingSpaceForConsistencyInternal 00000000000148e0 f   VariableRuntimeDxe:Variable.obj
 0001:00003c00       VariableExLibCheckRemainingSpaceForConsistency 0000000000014c00 f   VariableRuntimeDxe:VariableExLib.obj
 0001:00003c00       CheckRemainingSpaceForConsistency 0000000000014c00 f   VariableRuntimeDxe:Variable.obj
 0001:00003c48       AutoUpdateLangVariable     0000000000014c48 f   VariableRuntimeDxe:Variable.obj
 0001:000044e8       UpdateVariable             00000000000154e8 f   VariableRuntimeDxe:Variable.obj
 0001:00005c8c       VariableServiceGetVariable 0000000000016c8c f   VariableRuntimeDxe:Variable.obj
 0001:00005edc       VariableServiceGetNextVariableName 0000000000016edc f   VariableRuntimeDxe:Variable.obj
 0001:00006118       VariableServiceSetVariable 0000000000017118 f   VariableRuntimeDxe:Variable.obj
 0001:00006bd4       VariableServiceQueryVariableInfoInternal 0000000000017bd4 f   VariableRuntimeDxe:Variable.obj
 0001:00007084       VariableServiceQueryVariableInfo 0000000000018084 f   VariableRuntimeDxe:Variable.obj
 0001:0000721c       ReclaimForOS               000000000001821c f   VariableRuntimeDxe:Variable.obj
 0001:000073ac       GetMaxVariableSize         00000000000183ac f   VariableRuntimeDxe:Variable.obj
 0001:000073dc       FlushHobVariableToFlash    00000000000183dc f   VariableRuntimeDxe:Variable.obj
 0001:00007888       VariableWriteServiceInitialize 0000000000018888 f   VariableRuntimeDxe:Variable.obj
 0001:00007d00       ConvertNormalVarStorageToAuthVarStorage 0000000000018d00 f   VariableRuntimeDxe:Variable.obj
 0001:00008040       GetHobVariableStore        0000000000019040 f   VariableRuntimeDxe:Variable.obj
 0001:0000835c       VariableCommonInitialize   000000000001935c f   VariableRuntimeDxe:Variable.obj
 0001:00008630       GetFvbInfoByAddress        0000000000019630 f   VariableRuntimeDxe:Variable.obj
 0001:0000884c       VarCheckRegisterSetVariableCheckHandler 000000000001984c f   VariableRuntimeDxe:VarCheck.obj
 0001:00008894       VarCheckVariablePropertySet 0000000000019894 f   VariableRuntimeDxe:VarCheck.obj
 0001:000088f0       VarCheckVariablePropertyGet 00000000000198f0 f   VariableRuntimeDxe:VarCheck.obj
 0001:0000894c       VariableLockRequestToLock  000000000001994c f   VariableRuntimeDxe:VariableLockRequestToLock.obj
 0001:00008bf0       SetVariableCheckHandlerMor 0000000000019bf0 f   VariableRuntimeDxe:TcgMorLockDxe.obj
 0001:00008c08       MorLockInit                0000000000019c08 f   VariableRuntimeDxe:TcgMorLockDxe.obj
 0001:00008c58       MorLockInitAtEndOfDxe      0000000000019c58 f   VariableRuntimeDxe:TcgMorLockDxe.obj
 0001:00008e20       IsSecureBootPolicyVariable 0000000000019e20 f   VariableRuntimeDxe:Measurement.obj
 0001:00008ea0       MeasureVariable            0000000000019ea0 f   VariableRuntimeDxe:Measurement.obj
 0001:00009180       InternalGetVariable        000000000001a180 f   VariableRuntimeDxe:Measurement.obj
 0001:000092e0       SecureBootHook             000000000001a2e0 f   VariableRuntimeDxe:Measurement.obj
 0001:00009600       RecordSecureBootPolicyVarData 000000000001a600 f   VariableRuntimeDxe:Measurement.obj
 0001:00009688       IsValidVariableHeader      000000000001a688 f   VariableRuntimeDxe:VariableParsing.obj
 0001:000096bc       GetVariableStoreStatus     000000000001a6bc f   VariableRuntimeDxe:VariableParsing.obj
 0001:000097b4       GetVariableHeaderSize      000000000001a7b4 f   VariableRuntimeDxe:VariableParsing.obj
 0001:000097e0       NameSizeOfVariable         000000000001a7e0 f   VariableRuntimeDxe:VariableParsing.obj
 0001:00009880       SetNameSizeOfVariable      000000000001a880 f   VariableRuntimeDxe:VariableParsing.obj
 0001:000098c4       DataSizeOfVariable         000000000001a8c4 f   VariableRuntimeDxe:VariableParsing.obj
 0001:00009964       SetDataSizeOfVariable      000000000001a964 f   VariableRuntimeDxe:VariableParsing.obj
 0001:000099a8       GetVariableNamePtr         000000000001a9a8 f   VariableRuntimeDxe:VariableParsing.obj
 0001:000099d0       GetVendorGuidPtr           000000000001a9d0 f   VariableRuntimeDxe:VariableParsing.obj
 0001:00009a0c       GetVariableDataPtr         000000000001aa0c f   VariableRuntimeDxe:VariableParsing.obj
 0001:00009a60       GetVariableDataOffset      000000000001aa60 f   VariableRuntimeDxe:VariableParsing.obj
 0001:00009ab0       GetNextVariablePtr         000000000001aab0 f   VariableRuntimeDxe:VariableParsing.obj
 0001:00009b0c       GetStartPointer            000000000001ab0c f   VariableRuntimeDxe:VariableParsing.obj
 0001:00009b20       GetEndPointer              000000000001ab20 f   VariableRuntimeDxe:VariableParsing.obj
 0001:00009b3c       VariableCompareTimeStampInternal 000000000001ab3c f   VariableRuntimeDxe:VariableParsing.obj
 0001:00009cbc       FindVariableEx             000000000001acbc f   VariableRuntimeDxe:VariableParsing.obj
 0001:00009ef4       VariableServiceGetNextVariableInternal 000000000001aef4 f   VariableRuntimeDxe:VariableParsing.obj
 0001:0000a418       UpdateVariableInfo         000000000001b418 f   VariableRuntimeDxe:VariableParsing.obj
 0001:0000a750       GetNonVolatileMaxVariableSize 000000000001b750 f   VariableRuntimeDxe:VariableNonVolatile.obj
 0001:0000a7f8       InitEmuNonVolatileVariableStore 000000000001b7f8 f   VariableRuntimeDxe:VariableNonVolatile.obj
 0001:0000aa44       InitRealNonVolatileVariableStore 000000000001ba44 f   VariableRuntimeDxe:VariableNonVolatile.obj
 0001:0000b134       InitNonVolatileVariableStore 000000000001c134 f   VariableRuntimeDxe:VariableNonVolatile.obj
 0001:0000b364       GetLbaAndOffsetByAddress   000000000001c364 f   VariableRuntimeDxe:Reclaim.obj
 0001:0000b4d4       FtwVariableSpace           000000000001c4d4 f   VariableRuntimeDxe:Reclaim.obj
 0001:0000b61c       VariableExLibFindVariable  000000000001c61c f   VariableRuntimeDxe:VariableExLib.obj
 0001:0000b790       VariableExLibFindNextVariable 000000000001c790 f   VariableRuntimeDxe:VariableExLib.obj
 0001:0000b9cc       VariableExLibUpdateVariable 000000000001c9cc f   VariableRuntimeDxe:VariableExLib.obj
 0001:0000ba90       VariableExLibGetScratchBuffer 000000000001ca90 f   VariableRuntimeDxe:VariableExLib.obj
 0001:0000baf8       VariableExLibAtRuntime     000000000001caf8 f   VariableRuntimeDxe:VariableExLib.obj
 0001:0000bb08       VariableSpeculationBarrier 000000000001cb08 f   VariableRuntimeDxe:SpeculationBarrierDxe.obj
 0001:0000bb0c       FlushPendingRuntimeVariableCacheUpdates 000000000001cb0c f   VariableRuntimeDxe:VariableRuntimeCache.obj
 0001:0000bca8       SynchronizeRuntimeVariableCache 000000000001cca8 f   VariableRuntimeDxe:VariableRuntimeCache.obj
 0001:0000be40       DebugPrint                 000000000001ce40 f   PeiDxeDebugLibReportStatusCode:DebugLib.obj
 0001:0000be84       DebugPrintMarker           000000000001ce84 f   PeiDxeDebugLibReportStatusCode:DebugLib.obj
 0001:0000c62c       DebugVPrint                000000000001d62c f   PeiDxeDebugLibReportStatusCode:DebugLib.obj
 0001:0000c65c       DebugAssert                000000000001d65c f   PeiDxeDebugLibReportStatusCode:DebugLib.obj
 0001:0000c9f8       DebugAssertEnabled         000000000001d9f8 f   PeiDxeDebugLibReportStatusCode:DebugLib.obj
 0001:0000ca1c       DebugPrintEnabled          000000000001da1c f   PeiDxeDebugLibReportStatusCode:DebugLib.obj
 0001:0000ca40       DebugCodeEnabled           000000000001da40 f   PeiDxeDebugLibReportStatusCode:DebugLib.obj
 0001:0000ca64       DebugPrintLevelEnabled     000000000001da64 f   PeiDxeDebugLibReportStatusCode:DebugLib.obj
 0001:0000ca98       CopyGuid                   000000000001da98 f   BaseMemoryLib:MemLibGuid.obj
 0001:0000caec       CompareGuid                000000000001daec f   BaseMemoryLib:MemLibGuid.obj
 0001:0000cb74       CopyMem                    000000000001db74 f   BaseMemoryLib:CopyMemWrapper.obj
 0001:0000cc4c       ZeroMem                    000000000001dc4c f   BaseMemoryLib:ZeroMemWrapper.obj
 0001:0000ccf4       CompareMem                 000000000001dcf4 f   BaseMemoryLib:CompareMemWrapper.obj
 0001:0000ce28       SetMem                     000000000001de28 f   BaseMemoryLib:SetMemWrapper.obj
 0001:0000cea8       InternalMemCopyMem         000000000001dea8 f   BaseMemoryLib:CopyMem.obj
 0001:0000d484       InternalMemZeroMem         000000000001e484 f   BaseMemoryLib:MemLibGeneric.obj
 0001:0000d4ac       InternalMemCompareMem      000000000001e4ac f   BaseMemoryLib:MemLibGeneric.obj
 0001:0000d514       InternalMemSetMem          000000000001e514 f   BaseMemoryLib:SetMem.obj
 0001:0000d6a8       StrLen                     000000000001e6a8 f   BaseLib:String.obj
 0001:0000d79c       StrSize                    000000000001e79c f   BaseLib:String.obj
 0001:0000d7bc       StrCmp                     000000000001e7bc f   BaseLib:String.obj
 0001:0000d894       StrnCmp                    000000000001e894 f   BaseLib:String.obj
 0001:0000d9e0       AsciiStrLen                000000000001e9e0 f   BaseLib:String.obj
 0001:0000da98       AsciiStrSize               000000000001ea98 f   BaseLib:String.obj
 0001:0000dab4       AsciiStrnCmp               000000000001eab4 f   BaseLib:String.obj
 0001:0000dc00       InternalSafeStringIsOverlap 000000000001ec00 f   BaseLib:SafeString.obj
 0001:0000dc64       InternalSafeStringNoStrOverlap 000000000001ec64 f   BaseLib:SafeString.obj
 0001:0000dcc4       InternalSafeStringNoAsciiStrOverlap 000000000001ecc4 f   BaseLib:SafeString.obj
 0001:0000dd18       StrnLenS                   000000000001ed18 f   BaseLib:SafeString.obj
 0001:0000ddbc       StrnSizeS                  000000000001edbc f   BaseLib:SafeString.obj
 0001:0000ddf0       StrCpyS                    000000000001edf0 f   BaseLib:SafeString.obj
 0001:0000e260       StrnCpyS                   000000000001f260 f   BaseLib:SafeString.obj
 0001:0000e7c4       AsciiStrnLenS              000000000001f7c4 f   BaseLib:SafeString.obj
 0001:0000e830       AsciiStrnCpyS              000000000001f830 f   BaseLib:SafeString.obj
 0001:0000ed20       ReadUnaligned16            000000000001fd20 f   BaseLib:Unaligned.obj
 0001:0000ed68       ReadUnaligned64            000000000001fd68 f   BaseLib:Unaligned.obj
 0001:0000edb0       WriteUnaligned64           000000000001fdb0 f   BaseLib:Unaligned.obj
 0001:0000ee08       CpuBreakpoint              000000000001fe08 f   BaseLib:CpuBreakpoint.obj
 0001:0000ee0c       CpuDeadLoop                000000000001fe0c f   BaseLib:CpuDeadLoop.obj
 0001:0000ee3c       LShiftU64                  000000000001fe3c f   BaseLib:LShiftU64.obj
 0001:0000ee90       MultU64x32                 000000000001fe90 f   BaseLib:MultU64x32.obj
 0001:0000eebc       InternalMathLShiftU64      000000000001febc f   BaseLib:Math64.obj
 0001:0000eed8       InternalMathMultU64x32     000000000001fed8 f   BaseLib:Math64.obj
 0001:0000eef4       InternalAllocatePool       000000000001fef4 f   UefiMemoryAllocationLib:MemoryAllocationLib.obj
 0001:0000ef44       AllocatePool               000000000001ff44 f   UefiMemoryAllocationLib:MemoryAllocationLib.obj
 0001:0000ef64       AllocateRuntimePool        000000000001ff64 f   UefiMemoryAllocationLib:MemoryAllocationLib.obj
 0001:0000ef84       InternalAllocateZeroPool   000000000001ff84 f   UefiMemoryAllocationLib:MemoryAllocationLib.obj
 0001:0000efcc       AllocateZeroPool           000000000001ffcc f   UefiMemoryAllocationLib:MemoryAllocationLib.obj
 0001:0000efec       AllocateRuntimeZeroPool    000000000001ffec f   UefiMemoryAllocationLib:MemoryAllocationLib.obj
 0001:0000f00c       InternalAllocateCopyPool   000000000002000c f   UefiMemoryAllocationLib:MemoryAllocationLib.obj
 0001:0000f0d0       AllocateRuntimeCopyPool    00000000000200d0 f   UefiMemoryAllocationLib:MemoryAllocationLib.obj
 0001:0000f0f8       InternalReallocatePool     00000000000200f8 f   UefiMemoryAllocationLib:MemoryAllocationLib.obj
 0001:0000f17c       ReallocateRuntimePool      000000000002017c f   UefiMemoryAllocationLib:MemoryAllocationLib.obj
 0001:0000f1b0       FreePool                   00000000000201b0 f   UefiMemoryAllocationLib:MemoryAllocationLib.obj
 0001:0000f24c       UefiBootServicesTableLibConstructor 000000000002024c f   UefiBootServicesTableLib:UefiBootServicesTableLib.obj
 0001:0000f328       UefiRuntimeServicesTableLibConstructor 0000000000020328 f   UefiRuntimeServicesTableLib:UefiRuntimeServicesTableLib.obj
 0001:0000f384       UefiLibConstructor         0000000000020384 f   UefiLib:UefiLib.obj
 0001:0000f394       EfiGetSystemConfigurationTable 0000000000020394 f   UefiLib:UefiLib.obj
 0001:0000f4a0       EfiCreateProtocolNotifyEvent 00000000000204a0 f   UefiLib:UefiLib.obj
 0001:0000f6ac       EfiEventEmptyFunction      00000000000206ac f   UefiLib:UefiLib.obj
 0001:0000f6b8       EfiInitializeLock          00000000000206b8 f   UefiLib:UefiLib.obj
 0001:0000f75c       EfiAcquireLock             000000000002075c f   UefiLib:UefiLib.obj
 0001:0000f7f8       EfiReleaseLock             00000000000207f8 f   UefiLib:UefiLib.obj
 0001:0000f898       EfiCreateEventReadyToBootEx 0000000000020898 f   UefiLib:UefiNotTiano.obj
 0001:0000f9d4       GetHobList                 00000000000209d4 f   DxeHobLib:HobLib.obj
 0001:0000fab8       HobLibConstructor          0000000000020ab8 f   DxeHobLib:HobLib.obj
 0001:0000fad4       GetNextHob                 0000000000020ad4 f   DxeHobLib:HobLib.obj
 0001:0000fb68       GetNextGuidHob             0000000000020b68 f   DxeHobLib:HobLib.obj
 0001:0000fbe0       GetFirstGuidHob            0000000000020be0 f   DxeHobLib:HobLib.obj
 0001:0000fc08       DxeEmuLibConstructor       0000000000020c08 f   DxeEmuLib:DxeEmuLib.obj
 0001:0000fca4       RegisterTimerArchProtocol  0000000000020ca4 f   EmuDxeTimerLib:DxeTimerLib.obj
 0001:0000fe50       DxeTimerLibConstructor     0000000000020e50 f   EmuDxeTimerLib:DxeTimerLib.obj
 0001:0000fe8c       SafeUint64ToUint32         0000000000020e8c f   BaseSafeIntLib:SafeIntLib.obj
 0001:0000fef4       SafeUint32Add              0000000000020ef4 f   BaseSafeIntLib:SafeIntLib.obj
 0001:0000ff6c       SafeUint64Add              0000000000020f6c f   BaseSafeIntLib:SafeIntLib.obj
 0001:0000fff0       SafeUint32Mult             0000000000020ff0 f   BaseSafeIntLib:SafeIntLib.obj
 0001:00010028       VarCheckUefiIsHexaDecimalDigitCharacter 0000000000021028 f   VarCheckUefiLib:VarCheckUefiLibNullClass.obj
 0001:00010028       VarCheckInternalIsHexaDecimalDigitCharacter 0000000000021028 f   VarCheckLib:VarCheckLib.obj
 0001:0001006c       VariablePropertyGetWithWildcardName 000000000002106c f   VarCheckLib:VarCheckLib.obj
 0001:00010204       VariablePropertyGetFunction 0000000000021204 f   VarCheckLib:VarCheckLib.obj
 0001:000102b4       VarCheckAddTableEntry      00000000000212b4 f   VarCheckLib:VarCheckLib.obj
 0001:00010378       VarCheckLibInitializeAtEndOfDxe 0000000000021378 f   VarCheckLib:VarCheckLib.obj
 0001:0001060c       VarCheckLibRegisterSetVariableCheckHandler 000000000002160c f   VarCheckLib:VarCheckLib.obj
 0001:000106b8       VarCheckLibVariablePropertySet 00000000000216b8 f   VarCheckLib:VarCheckLib.obj
 0001:0001086c       VarCheckLibVariablePropertyGet 000000000002186c f   VarCheckLib:VarCheckLib.obj
 0001:0001091c       VarCheckLibSetVariableCheck 000000000002191c f   VarCheckLib:VarCheckLib.obj
 0001:00010c7c       InterlockedIncrement       0000000000021c7c f   BaseSynchronizationLib:SynchronizationMsc.obj
 0001:00010cc8       InterlockedDecrement       0000000000021cc8 f   BaseSynchronizationLib:SynchronizationMsc.obj
 0001:00010d14       InternalSyncDecrement      0000000000021d14 f   BaseSynchronizationLib:InterlockedDecrementMsc.obj
 0001:00010d2c       InternalSyncIncrement      0000000000021d2c f   BaseSynchronizationLib:InterlockedIncrementMsc.obj
 0001:00010d44       RuntimeLibExitBootServicesEvent 0000000000021d44 f   UefiRuntimeLib:RuntimeLib.obj
 0001:00010d58       RuntimeLibVirtualNotifyEvent 0000000000021d58 f   UefiRuntimeLib:RuntimeLib.obj
 0001:00010d80       RuntimeDriverLibConstruct  0000000000021d80 f   UefiRuntimeLib:RuntimeLib.obj
 0001:00010f60       RuntimeDriverLibDeconstruct 0000000000021f60 f   UefiRuntimeLib:RuntimeLib.obj
 0001:000110cc       EfiAtRuntime               00000000000220cc f   UefiRuntimeLib:RuntimeLib.obj
 0001:000110d4       EfiConvertPointer          00000000000220d4 f   UefiRuntimeLib:RuntimeLib.obj
 0001:000110fc       DxeServicesTableLibConstructor 00000000000220fc f   DxeServicesTableLib:DxeServicesTableLib.obj
 0001:000111dc       TpmMeasureAndLogData       00000000000221dc f   TpmMeasurementLibNull:TpmMeasurementLibNull.obj
 0001:000111f4       AuthVariableLibInitialize  00000000000221f4 f   AuthVariableLibNull:AuthVariableLibNull.obj
 0001:0001120c       AuthVariableLibProcessVariable 000000000002220c f   AuthVariableLibNull:AuthVariableLibNull.obj
 0001:00011378       GetVariableFlashNvStorageInfo 0000000000022378 f   BaseVariableFlashInfoLib:BaseVariableFlashInfoLib.obj
 0001:00011934       RegisterVariablePolicy     0000000000022934 f   VariablePolicyLibRuntimeDxe:VariablePolicyLib.obj
 0001:00011b70       ValidateSetVariable        0000000000022b70 f   VariablePolicyLibRuntimeDxe:VariablePolicyLib.obj
 0001:00011f44       DisableVariablePolicy      0000000000022f44 f   VariablePolicyLibRuntimeDxe:VariablePolicyLib.obj
 0001:00011fb4       DumpVariablePolicy         0000000000022fb4 f   VariablePolicyLibRuntimeDxe:VariablePolicyLib.obj
 0001:00012058       GetVariablePolicyInfo      0000000000023058 f   VariablePolicyLibRuntimeDxe:VariablePolicyLib.obj
 0001:00012404       GetLockOnVariableStateVariablePolicyInfo 0000000000023404 f   VariablePolicyLibRuntimeDxe:VariablePolicyLib.obj
 0001:00012878       IsVariablePolicyEnabled    0000000000023878 f   VariablePolicyLibRuntimeDxe:VariablePolicyLib.obj
 0001:000128b4       LockVariablePolicy         00000000000238b4 f   VariablePolicyLibRuntimeDxe:VariablePolicyLib.obj
 0001:000128f8       InitVariablePolicyLib      00000000000238f8 f   VariablePolicyLibRuntimeDxe:VariablePolicyLib.obj
 0001:0001299c       IsVariablePolicyLibInitialized 000000000002399c f   VariablePolicyLibRuntimeDxe:VariablePolicyLib.obj
 0001:00012a04       VariablePolicyExtraInit    0000000000023a04 f   VariablePolicyLibRuntimeDxe:VariablePolicyExtraInitRuntimeDxe.obj
 0001:00012adc       CreateBasicVariablePolicy  0000000000023adc f   VariablePolicyHelperLib:VariablePolicyHelperLib.obj
 0001:00012cb8       RegisterBasicVariablePolicy 0000000000023cb8 f   VariablePolicyHelperLib:VariablePolicyHelperLib.obj
 0001:00012d7c       InternalVarCheckLoadOption 0000000000023d7c f   VarCheckUefiLib:VarCheckUefiLibNullClass.obj
 0001:00012eb8       InternalVarCheckKeyOption  0000000000023eb8 f   VarCheckUefiLib:VarCheckUefiLibNullClass.obj
 0001:00012ef4       InternalVarCheckDevicePath 0000000000023ef4 f   VarCheckUefiLib:VarCheckUefiLibNullClass.obj
 0001:00012f30       InternalVarCheckAsciiString 0000000000023f30 f   VarCheckUefiLib:VarCheckUefiLibNullClass.obj
 0001:00012fc4       InternalVarCheckSizeArray  0000000000023fc4 f   VarCheckUefiLib:VarCheckUefiLibNullClass.obj
 0001:00012ffc       IsHwErrRecVariable         0000000000023ffc f   VarCheckUefiLib:VarCheckUefiLibNullClass.obj
 0001:000130f8       GetUefiDefinedVarCheckFunction 00000000000240f8 f   VarCheckUefiLib:VarCheckUefiLibNullClass.obj
 0001:000132d4       SetVariableCheckHandlerUefiDefined 00000000000242d4 f   VarCheckUefiLib:VarCheckUefiLibNullClass.obj
 0001:00013528       VariablePropertySetUefiDefined 0000000000024528 f   VarCheckUefiLib:VarCheckUefiLibNullClass.obj
 0001:00013668       VarCheckUefiLibNullClassConstructor 0000000000024668 f   VarCheckUefiLib:VarCheckUefiLibNullClass.obj
 0001:00013684       GetDebugPrintErrorLevel    0000000000024684 f   BaseDebugPrintErrorLevelLib:BaseDebugPrintErrorLevelLib.obj
 0001:0001368c       InternalGetReportStatusCode 000000000002468c f   DxeReportStatusCodeLib:ReportStatusCodeLib.obj
 0001:000136fc       InternalReportStatusCode   00000000000246fc f   DxeReportStatusCodeLib:ReportStatusCodeLib.obj
 0001:000137b4       ReportStatusCodeEx         00000000000247b4 f   DxeReportStatusCodeLib:ReportStatusCodeLib.obj
 0001:00013a30       ReportProgressCodeEnabled  0000000000024a30 f   DxeReportStatusCodeLib:ReportStatusCodeLib.obj
 0001:00013a54       ReportErrorCodeEnabled     0000000000024a54 f   DxeReportStatusCodeLib:ReportStatusCodeLib.obj
 0001:00013a78       ReportDebugCodeEnabled     0000000000024a78 f   DxeReportStatusCodeLib:ReportStatusCodeLib.obj
 0001:00013a9c       IsDevicePathValid          0000000000024a9c f   UefiDevicePathLib:DevicePathUtilities.obj
 0001:00013c08       DevicePathType             0000000000024c08 f   UefiDevicePathLib:DevicePathUtilities.obj
 0001:00013c50       DevicePathSubType          0000000000024c50 f   UefiDevicePathLib:DevicePathUtilities.obj
 0001:00013c98       DevicePathNodeLength       0000000000024c98 f   UefiDevicePathLib:DevicePathUtilities.obj
 0001:00013cf8       NextDevicePathNode         0000000000024cf8 f   UefiDevicePathLib:DevicePathUtilities.obj
 0001:00013d50       IsDevicePathEndType        0000000000024d50 f   UefiDevicePathLib:DevicePathUtilities.obj
 0001:00013db4       IsDevicePathEnd            0000000000024db4 f   UefiDevicePathLib:DevicePathUtilities.obj
 0001:00013e2c       GetPcdProtocol             0000000000024e2c f   DxePcdLib:DxePcdLib.obj
 0001:00013f1c       LibPcdGet64                0000000000024f1c f   DxePcdLib:DxePcdLib.obj
 0001:00013f38       SafeUintnAdd               0000000000024f38 f   BaseSafeIntLib:SafeIntLib64.obj
 0002:00000000       ??_C@_0CB@DMEJJJHA@?6ASSERT_EFI_ERROR?5?$CIStatus?5?$DN?5?$CFr?$CJ@ 0000000000025000     UefiDriverEntryPoint:DriverEntryPoint.obj
 0002:00000028       ??_C@_0DG@FLPEIDFK@?$CB?$CI?$CI?$CIRETURN_STATUS?$CJ?$CIStatus?$CJ?$CJ?5?$DO?$DN?5@ 0000000000025028     UefiDriverEntryPoint:DriverEntryPoint.obj
 0002:00000060       ??_C@_0FE@KBEJNINE@D?3?2develop?2Self_develop?2edk2?2Md@ 0000000000025060     UefiDriverEntryPoint:DriverEntryPoint.obj
 0002:000000b4       _gPcd_FixedAtBuild_PcdVariableCollectStatistics 00000000000250b4     VariableRuntimeDxe:AutoGen.obj
 0002:000000b4       _gPcd_FixedAtBuild_PcdReclaimVariableSpaceAtEndOfDxe 00000000000250b4     VariableRuntimeDxe:AutoGen.obj
 0002:000000b4       _gPcd_FixedAtBuild_PcdEmuVariableNvModeEnable 00000000000250b4     VariableRuntimeDxe:AutoGen.obj
 0002:000000b4       _gDriverUnloadImageCount   00000000000250b4     VariableRuntimeDxe:AutoGen.obj
 0002:000000b4       _gPcd_FixedAtBuild_PcdEnableSpdmDeviceAuthentication 00000000000250b4     VariableRuntimeDxe:AutoGen.obj
 0002:000000b4       _gPcd_FixedAtBuild_PcdUefiVariableDefaultLangDeprecate 00000000000250b4     VariableRuntimeDxe:AutoGen.obj
 0002:000000b4       _gPcd_FixedAtBuild_PcdAllowVariablePolicyEnforcementDisable 00000000000250b4     VariableRuntimeDxe:AutoGen.obj
 0002:000000b8       _gPcd_FixedAtBuild_PcdFlashNvStorageVariableBase 00000000000250b8     VariableRuntimeDxe:AutoGen.obj
 0002:000000b8       _gPcd_FixedAtBuild_PcdMaxAuthVariableSize 00000000000250b8     VariableRuntimeDxe:AutoGen.obj
 0002:000000b8       _gPcd_FixedAtBuild_PcdBoottimeReservedNvVariableSpaceSize 00000000000250b8     VariableRuntimeDxe:AutoGen.obj
 0002:000000b8       _gPcd_FixedAtBuild_PcdMaxVolatileVariableSize 00000000000250b8     VariableRuntimeDxe:AutoGen.obj
 0002:000000b8       _gUefiDriverRevision       00000000000250b8     VariableRuntimeDxe:AutoGen.obj
 0002:000000b8       _gPcd_FixedAtBuild_PcdTcgPfpMeasurementRevision 00000000000250b8     VariableRuntimeDxe:AutoGen.obj
 0002:000000b8       _gPcd_FixedAtBuild_PcdMaximumDevicePathNodeCount 00000000000250b8     VariableRuntimeDxe:AutoGen.obj
 0002:000000b8       _gPcd_FixedAtBuild_PcdHwErrStorageSize 00000000000250b8     VariableRuntimeDxe:AutoGen.obj
 0002:000000b8       _gPcd_FixedAtBuild_PcdMaxUserNvVariableSpaceSize 00000000000250b8     VariableRuntimeDxe:AutoGen.obj
 0002:000000c0       ??_C@_0BD@CJAFIPEF@VariableRuntimeDxe@ 00000000000250c0     VariableRuntimeDxe:AutoGen.obj
 0002:000000e0       ??_C@_0IO@GAMHBEOE@D?3?2develop?2Self_develop?2edk2?2Bu@ 00000000000250e0     VariableRuntimeDxe:AutoGen.obj
 0002:00000170       ??_C@_0CE@IBFOBMLB@?6ASSERT_RETURN_ERROR?5?$CIStatus?5?$DN?5@ 0000000000025170     VariableRuntimeDxe:AutoGen.obj
 0002:00000194       _gPcd_FixedAtBuild_PcdMaximumAsciiStringLength 0000000000025194     VariableRuntimeDxe:AutoGen.obj
 0002:00000194       _gPcd_FixedAtBuild_PcdMaximumUnicodeStringLength 0000000000025194     VariableRuntimeDxe:AutoGen.obj
 0002:00000198       _gPcd_FixedAtBuild_PcdReportStatusCodePropertyMask 0000000000025198     VariableRuntimeDxe:AutoGen.obj
 0002:0000019c       _gPcd_FixedAtBuild_PcdVariableStoreSize 000000000002519c     VariableRuntimeDxe:AutoGen.obj
 0002:000001a0       _gPcd_FixedAtBuild_PcdEmuVariableNvStoreReserved 00000000000251a0     VariableRuntimeDxe:AutoGen.obj
 0002:000001a8       _gPcd_FixedAtBuild_PcdDebugPrintErrorLevel 00000000000251a8     VariableRuntimeDxe:AutoGen.obj
 0002:000001ac       _gPcd_FixedAtBuild_PcdFlashNvStorageVariableSize 00000000000251ac     VariableRuntimeDxe:AutoGen.obj
 0002:000001b0       _gPcd_FixedAtBuild_PcdFixedDebugPrintErrorLevel 00000000000251b0     VariableRuntimeDxe:AutoGen.obj
 0002:000001b4       _gPcd_FixedAtBuild_PcdMaxVariableSize 00000000000251b4     VariableRuntimeDxe:AutoGen.obj
 0002:000001b8       _gPcd_FixedAtBuild_PcdMaxHardwareErrorVariableSize 00000000000251b8     VariableRuntimeDxe:AutoGen.obj
 0002:000001bc       _gPcd_FixedAtBuild_PcdDebugPropertyMask 00000000000251bc     VariableRuntimeDxe:AutoGen.obj
 0002:000001c0       ??_C@_0FG@LJDLEJNH@D?3?2develop?2Self_develop?2edk2?2Md@ 00000000000251c0     VariableRuntimeDxe:VariableDxe.obj
 0002:00000218       ??_C@_0CC@CHCOCDIO@?$FLVariable?$FNEND_OF_DXE?5is?5signale@ 0000000000025218     VariableRuntimeDxe:VariableDxe.obj
 0002:00000240       ??_C@_0DL@MOMKHMLG@Variable?5write?5service?5initiali@ 0000000000025240     VariableRuntimeDxe:VariableDxe.obj
 0002:00000280       ??_C@_0CJ@HMKMADPC@NvStorageVariableSize?5?$DM?$DN?5FtwMax@ 0000000000025280     VariableRuntimeDxe:VariableDxe.obj
 0002:000002b0       ??_C@_0DH@BMPDDGKB@Variable?5driver?5failed?5to?5get?5f@ 00000000000252b0     VariableRuntimeDxe:VariableDxe.obj
 0002:000002f0       ??_C@_0EG@EILDOFIE@Variable?5driver?5failed?5to?5add?5E@ 00000000000252f0     VariableRuntimeDxe:VariableDxe.obj
 0002:00000338       ??_C@_1BK@HEJFBPFA@?$AAV?$AAa?$AAr?$AAE?$AAr?$AAr?$AAo?$AAr?$AAF?$AAl?$AAa?$AAg@ 0000000000025338     VariableRuntimeDxe:Variable.obj
 0002:00000360       ??_C@_0FD@BLBONOMC@D?3?2develop?2Self_develop?2edk2?2Md@ 0000000000025360     VariableRuntimeDxe:Variable.obj
 0002:000003b8       ??_C@_0DD@HNKMGDLP@RecordVarErrorFlag?5?$CI0x?$CF02x?$CJ?5?$CFs?3@ 00000000000253b8     VariableRuntimeDxe:Variable.obj
 0002:000003f0       ??_C@_0EE@MDIAOIDD@CommonRuntimeVariableSpace?5?$DN?50x@ 00000000000253f0     VariableRuntimeDxe:Variable.obj
 0002:00000438       ??_C@_0DN@PGDPNKGJ@CommonVariableSpace?5?$DN?50x?$CFx?5?9?5Co@ 0000000000025438     VariableRuntimeDxe:Variable.obj
 0002:00000480       ??_C@_0EI@OPJCBAKK@CommonMaxUserVariableSpace?5?$DN?50x@ 0000000000025480     VariableRuntimeDxe:Variable.obj
 0002:000004c8       ??_C@_0CH@LFODLFDP@Initialize?5variable?5error?5flag?5@ 00000000000254c8     VariableRuntimeDxe:Variable.obj
 0002:000004f0       ??_C@_0DK@MLHKOALK@?$CB?$CI?$CI?$CIRETURN_STATUS?$CJ?$CIDoneStatus?$CJ?$CJ@ 00000000000254f0     VariableRuntimeDxe:Variable.obj
 0002:00000530       ??_C@_0BC@FEDIJHFF@?$CI?$CIBOOLEAN?$CJ?$CI0?$DN?$DN1?$CJ?$CJ@ 0000000000025530     VariableRuntimeDxe:Variable.obj
 0002:00000548       ??_C@_1CE@GLBFGNOF@?$AAP?$AAl?$AAa?$AAt?$AAf?$AAo?$AAr?$AAm?$AAL?$AAa?$AAn?$AAg?$AAC?$AAo?$AAd@ 0000000000025548     VariableRuntimeDxe:Variable.obj
 0002:00000570       ??_C@_0DJ@JOLPIBDA@mVariableModuleGlobal?9?$DOPlatform@ 0000000000025570     VariableRuntimeDxe:Variable.obj
 0002:000005b0       ??_C@_0DE@IHKKGFED@mVariableModuleGlobal?9?$DOPlatform@ 00000000000255b0     VariableRuntimeDxe:Variable.obj
 0002:000005e8       ??_C@_1BE@PMKNNMNM@?$AAL?$AAa?$AAn?$AAg?$AAC?$AAo?$AAd?$AAe?$AAs@ 00000000000255e8     VariableRuntimeDxe:Variable.obj
 0002:00000600       ??_C@_0DB@DANJMHI@mVariableModuleGlobal?9?$DOLangCode@ 0000000000025600     VariableRuntimeDxe:Variable.obj
 0002:00000638       ??_C@_1BK@GGGENMOA@?$AAP?$AAl?$AAa?$AAt?$AAf?$AAo?$AAr?$AAm?$AAL?$AAa?$AAn?$AAg@ 0000000000025638     VariableRuntimeDxe:Variable.obj
 0002:00000658       ??_C@_19BALNHBBC@?$AAL?$AAa?$AAn?$AAg@ 0000000000025658     VariableRuntimeDxe:Variable.obj
 0002:00000670       ??_C@_0EP@JAIEHPHA@Variable?5Driver?5Auto?5Update?5Pla@ 0000000000025670     VariableRuntimeDxe:Variable.obj
 0002:000006c0       ??_C@_0EH@EPBEDH@Variable?5Driver?5Auto?5Update?5Lan@ 00000000000256c0     VariableRuntimeDxe:Variable.obj
 0002:00000710       ??_C@_0EH@KLDHFENI@Update?5NV?5variable?5before?5EFI_V@ 0000000000025710     VariableRuntimeDxe:Variable.obj
 0002:00000760       ??_C@_0EJ@PIJKKBKC@Update?5AUTH?5variable?5before?5EFI@ 0000000000025760     VariableRuntimeDxe:Variable.obj
 0002:000007b0       ??_C@_0DG@HGNGOLDN@CacheVariable?9?$DOInDeletedTransit@ 00000000000257b0     VariableRuntimeDxe:Variable.obj
 0002:000007e8       ??_C@_0CL@NEKLDCGG@UpdateVariable?5failed?3?5Out?5of?5f@ 00000000000257e8     VariableRuntimeDxe:Variable.obj
 0002:00000818       ??_C@_0BB@IHBMANOJ@VarDataSize?5?$CB?$DN?50@ 0000000000025818     VariableRuntimeDxe:Variable.obj
 0002:00000830       ??_C@_0BB@HEEDHDJN@VarNameSize?5?$CB?$DN?50@ 0000000000025830     VariableRuntimeDxe:Variable.obj
 0002:00000848       ??_C@_0BL@EELNHLCI@VariableServiceSetVariable@ 0000000000025848     VariableRuntimeDxe:Variable.obj
 0002:00000868       ??_C@_0CO@BJEGLAME@?$CFa?3?5Failed?5to?5set?5variable?5?8?$CFs?8@ 0000000000025868     VariableRuntimeDxe:Variable.obj
 0002:000008a0       ??_C@_0FD@ODLBILOG@NameSize?$CI0x?$CFx?$CJ?5?$CL?5PayloadSize?$CI0x@ 00000000000258a0     VariableRuntimeDxe:Variable.obj
 0002:00000900       ??_C@_0EP@PIAAPIMM@NameSize?$CI0x?$CFx?$CJ?5?$CL?5PayloadSize?$CI0x@ 0000000000025900     VariableRuntimeDxe:Variable.obj
 0002:00000950       ??_C@_0FH@GOMLIAIB@NameSize?$CI0x?$CFx?$CJ?5?$CL?5PayloadSize?$CI0x@ 0000000000025950     VariableRuntimeDxe:Variable.obj
 0002:000009b0       ??_C@_0GA@LEJLHOIJ@?$FLVariable?$FN?3?5Rewritten?5a?5preexis@ 00000000000259b0     VariableRuntimeDxe:Variable.obj
 0002:00000a10       ??_C@_0CJ@JLKAPOHL@?$CIVariable?9?$DOAttributes?5?$CG?50x00000@ 0000000000025a10     VariableRuntimeDxe:Variable.obj
 0002:00000a40       ??_C@_0DL@LMHNPCMN@Variable?5driver?5flush?5the?5HOB?5v@ 0000000000025a40     VariableRuntimeDxe:Variable.obj
 0002:00000a80       ??_C@_0EH@GNLIFIG@Variable?5driver?5set?5the?5HOB?5var@ 0000000000025a80     VariableRuntimeDxe:Variable.obj
 0002:00000ad0       ??_C@_0EA@JNHAIEDK@Variable?5driver?3?5all?5HOB?5variab@ 0000000000025ad0     VariableRuntimeDxe:Variable.obj
 0002:00000b10       ??_C@_0DH@HFIICOHI@Variable?5driver?5will?5work?5with?5@ 0000000000025b10     VariableRuntimeDxe:Variable.obj
 0002:00000b48       ??_C@_0DC@OOENMNLB@NOTICE?5?9?5AuthVariableLibInitial@ 0000000000025b48     VariableRuntimeDxe:Variable.obj
 0002:00000b80       ??_C@_0EG@DKPIPHJP@Variable?5driver?5will?5continue?5t@ 0000000000025b80     VariableRuntimeDxe:Variable.obj
 0002:00000bc8       ??_C@_0BP@IMEEEHNN@AuthVarStorage?5?$CB?$DN?5?$CI?$CIvoid?5?$CK?$CJ?50?$CJ@ 0000000000025bc8     VariableRuntimeDxe:Variable.obj
 0002:00000be8       ??_C@_0CL@KLIAEIPG@AuthVarStorage?9?$DOSize?5?$DM?$DN?5AuthVar@ 0000000000025be8     VariableRuntimeDxe:Variable.obj
 0002:00000c18       ??_C@_0CF@HLANNKA@ERROR?3?5Found?5two?5Auth?5Variable?5@ 0000000000025c18     VariableRuntimeDxe:Variable.obj
 0002:00000c40       ??_C@_0DC@OLGEBAOD@ERROR?3?5Found?5one?5Auth?5?$CL?5one?5Nor@ 0000000000025c40     VariableRuntimeDxe:Variable.obj
 0002:00000c78       ??_C@_0CH@BEPNCMEL@ERROR?3?5Found?5two?5Normal?5Variabl@ 0000000000025c78     VariableRuntimeDxe:Variable.obj
 0002:00000ca0       ??_C@_0CJ@BMMLFEEO@HOB?5Variable?5Store?5header?5is?5co@ 0000000000025ca0     VariableRuntimeDxe:Variable.obj
 0002:00000cd0       ??_C@_0DG@KHPPNHOC@Variable?5driver?5will?5work?5with?5@ 0000000000025cd0     VariableRuntimeDxe:Variable.obj
 0002:00000d08       ??_C@_0DK@BOBGNLGH@Variable?5driver?5will?5work?5witho@ 0000000000025d08     VariableRuntimeDxe:Variable.obj
 0002:00000d48       ??_C@_0BK@IGDNCAKI@VariableLockRequestToLock@ 0000000000025d48     VariableRuntimeDxe:VariableLockRequestToLock.obj
 0002:00000d68       ??_C@_0DG@NDNNKNAG@?$CB?$CB?$CB?5DEPRECATED?5INTERFACE?5?$CB?$CB?$CB?5?$CFa@ 0000000000025d68     VariableRuntimeDxe:VariableLockRequestToLock.obj
 0002:00000da0       ??_C@_0EC@EGNGNAAB@?$CB?$CB?$CB?5DEPRECATED?5INTERFACE?5?$CB?$CB?$CB?5Pl@ 0000000000025da0     VariableRuntimeDxe:VariableLockRequestToLock.obj
 0002:00000de8       ??_C@_0CO@HIJFCGIJ@?$CB?$CB?$CB?5DEPRECATED?5INTERFACE?5?$CB?$CB?$CB?5Va@ 0000000000025de8     VariableRuntimeDxe:VariableLockRequestToLock.obj
 0002:00000e18       ??_C@_0CG@DJOKNLBE@?5?5Variable?3?5?$CFg?5?$CFs?5is?5already?5lo@ 0000000000025e18     VariableRuntimeDxe:VariableLockRequestToLock.obj
 0002:00000e40       ??_C@_0CG@JPPCCEHH@?5?5Variable?3?5?$CFg?5?$CFs?5can?5not?5be?5lo@ 0000000000025e40     VariableRuntimeDxe:VariableLockRequestToLock.obj
 0002:00000e68       ??_C@_0CF@PHFHFINJ@?$CFa?5?9?5Failed?5to?5lock?5variable?5?$CFs@ 0000000000025e68     VariableRuntimeDxe:VariableLockRequestToLock.obj
 0002:00000e90       ??_C@_1EE@GADHGNAI@?$AAM?$AAe?$AAm?$AAo?$AAr?$AAy?$AAO?$AAv?$AAe?$AAr?$AAw?$AAr?$AAi?$AAt?$AAe@ 0000000000025e90     VariableRuntimeDxe:TcgMorLockDxe.obj
 0002:00000ed8       ??_C@_1DM@KHNCPJJB@?$AAM?$AAe?$AAm?$AAo?$AAr?$AAy?$AAO?$AAv?$AAe?$AAr?$AAw?$AAr?$AAi?$AAt?$AAe@ 0000000000025ed8     VariableRuntimeDxe:TcgMorLockDxe.obj
 0002:00000f18       ??_C@_0BG@JHIMLMCE@MorLockInitAtEndOfDxe@ 0000000000025f18     VariableRuntimeDxe:TcgMorLockDxe.obj
 0002:00000f30       ??_C@_0DD@CCHMGNPO@?$CFa?5?9?5Could?5not?5locate?5VariableP@ 0000000000025f30     VariableRuntimeDxe:TcgMorLockDxe.obj
 0002:00000f68       ??_C@_0CF@EHICJPFG@?$CFa?5?9?5Could?5not?5lock?5variable?5?$CFs@ 0000000000025f68     VariableRuntimeDxe:TcgMorLockDxe.obj
 0002:00000f90       ??_C@_1BG@JEGAFCNI@?$AAS?$AAe?$AAc?$AAu?$AAr?$AAe?$AAB?$AAo?$AAo?$AAt@ 0000000000025f90     VariableRuntimeDxe:Measurement.obj
 0002:00000fa8       ??_C@_15OKGIJJH@?$AAP?$AAK@ 0000000000025fa8     VariableRuntimeDxe:Measurement.obj
 0002:00000fb0       ??_C@_17PNKKLKMO@?$AAK?$AAE?$AAK@ 0000000000025fb0     VariableRuntimeDxe:Measurement.obj
 0002:00000fb8       ??_C@_15EMHHCMJI@?$AAd?$AAb@ 0000000000025fb8     VariableRuntimeDxe:Measurement.obj
 0002:00000fc0       ??_C@_17CFMLKIPF@?$AAd?$AAb?$AAx@ 0000000000025fc0     VariableRuntimeDxe:Measurement.obj
 0002:00000fc8       ??_C@_17GPBNBHEN@?$AAd?$AAb?$AAt@ 0000000000025fc8     VariableRuntimeDxe:Measurement.obj
 0002:00000fd0       ??_C@_1M@PAMFELAA@?$AAd?$AAe?$AAv?$AAd?$AAb@ 0000000000025fd0     VariableRuntimeDxe:Measurement.obj
 0002:00000fe0       ??_C@_0FH@PEFAEJFG@?$CIVarSize?5?$DN?$DN?50?5?$CG?$CG?5VarData?5?$DN?$DN?5?$CI?$CIv@ 0000000000025fe0     VariableRuntimeDxe:Measurement.obj
 0002:00001040       ??_C@_0FG@CAHDFGH@D?3?2develop?2Self_develop?2edk2?2Md@ 0000000000026040     VariableRuntimeDxe:Measurement.obj
 0002:00001098       ??_C@_0DJ@HIMFALHC@VariableDxe?3?5MeasureVariable?5?$CIP@ 0000000000026098     VariableRuntimeDxe:Measurement.obj
 0002:000010d8       ??_C@_0CF@EJGGIPIO@VariableName?5?9?5?$CFs?0?5VendorGuid?5?9@ 00000000000260d8     VariableRuntimeDxe:Measurement.obj
 0002:00001100       ??_C@_0BH@FMEOEIBC@?$CKValue?5?$CB?$DN?5?$CI?$CIvoid?5?$CK?$CJ?50?$CJ@ 0000000000026100     VariableRuntimeDxe:Measurement.obj
 0002:00001118       ??_C@_0CP@NIENIDEM@Skip?5measuring?5variable?5?$CFs?5sinc@ 0000000000026118     VariableRuntimeDxe:Measurement.obj
 0002:00001148       ??_C@_0CA@GAMOOMNI@MeasureBootPolicyVariable?5?9?5?$CFr?6@ 0000000000026148     VariableRuntimeDxe:Measurement.obj
 0002:00001168       ??_C@_0CD@FLADNDEG@mSecureBootVarData?5?$CB?$DN?5?$CI?$CIvoid?5?$CK?$CJ@ 0000000000026168     VariableRuntimeDxe:Measurement.obj
 0002:00001190       ??_C@_0EC@EJICPJCB@?$CFs?5variable?5updated?5according?5t@ 0000000000026190     VariableRuntimeDxe:Measurement.obj
 0002:000011d8       ??_C@_0DI@JPCCADGN@RecordSecureBootPolicyVarData?5G@ 00000000000261d8     VariableRuntimeDxe:Measurement.obj
 0002:00001210       ??_C@_0DI@IAABAODH@NameSizeOfVariable?5?$CIPtrTrack?9?$DOC@ 0000000000026210     VariableRuntimeDxe:VariableParsing.obj
 0002:00001250       ??_C@_0FK@NPGMAPM@D?3?2develop?2Self_develop?2edk2?2Md@ 0000000000026250     VariableRuntimeDxe:VariableParsing.obj
 0002:000012b0       ??_C@_0CB@EOGGIOIC@StoreType?5?$DM?5VariableStoreTypeMa@ 00000000000262b0     VariableRuntimeDxe:VariableParsing.obj
 0002:000012d8       ??_C@_0BO@FFDJAFPM@?$CKVariableInfo?5?$CB?$DN?5?$CI?$CIvoid?5?$CK?$CJ?50?$CJ@ 00000000000262d8     VariableRuntimeDxe:VariableParsing.obj
 0002:000012f8       ??_C@_0CG@EKMEBAKJ@?$CI?$CKVariableInfo?$CJ?9?$DOName?5?$CB?$DN?5?$CI?$CIvoid@ 00000000000262f8     VariableRuntimeDxe:VariableParsing.obj
 0002:00001320       ??_C@_0BM@HAPNED@Entry?9?$DONext?5?$CB?$DN?5?$CI?$CIvoid?5?$CK?$CJ?50?$CJ@ 0000000000026320     VariableRuntimeDxe:VariableParsing.obj
 0002:00001340       ??_C@_0CC@BIJIGAG@Entry?9?$DONext?9?$DOName?5?$CB?$DN?5?$CI?$CIvoid?5?$CK?$CJ?5@ 0000000000026340     VariableRuntimeDxe:VariableParsing.obj
 0002:00001368       ??_C@_0DG@KEDFAIFP@sizeof?5?$CIVARIABLE_STORE_HEADER?$CJ?5@ 0000000000026368     VariableRuntimeDxe:VariableNonVolatile.obj
 0002:000013a0       ??_C@_0FO@CHNOOJEH@D?3?2develop?2Self_develop?2edk2?2Md@ 00000000000263a0     VariableRuntimeDxe:VariableNonVolatile.obj
 0002:00001400       ??_C@_0DD@KFDEPODG@Variable?5Store?5reserved?5at?5?$CFp?5a@ 0000000000026400     VariableRuntimeDxe:VariableNonVolatile.obj
 0002:00001440       ??_C@_0EK@HHLNPIC@HwErrStorageSize?5?$DM?5?$CIVariableSto@ 0000000000026440     VariableRuntimeDxe:VariableNonVolatile.obj
 0002:00001490       ??_C@_0BD@KOJGBFGG@NvStorageBase?5?$CB?$DN?50@ 0000000000026490     VariableRuntimeDxe:VariableNonVolatile.obj
 0002:000014a8       ??_C@_0DI@NDEFKFNA@Variable?3?5NV?5storage?5is?5backed?5@ 00000000000264a8     VariableRuntimeDxe:VariableNonVolatile.obj
 0002:000014e0       ??_C@_0FF@HIICAOID@Variable?3?5High?5partial?5NV?5stora@ 00000000000264e0     VariableRuntimeDxe:VariableNonVolatile.obj
 0002:00001538       ??_C@_0DB@CGGLGCCM@Firmware?5Volume?5for?5Variable?5St@ 0000000000026538     VariableRuntimeDxe:VariableNonVolatile.obj
 0002:00001570       ??_C@_0CL@KMBJJFJE@VariableStore?9?$DOSize?5?$DN?$DN?5Variable@ 0000000000026570     VariableRuntimeDxe:VariableNonVolatile.obj
 0002:000015a0       ??_C@_0CE@PHEIGJIC@Variable?5Store?5header?5is?5corrup@ 00000000000265a0     VariableRuntimeDxe:VariableNonVolatile.obj
 0002:000015d0       ??_C@_0GH@PGGCLDAP@MaxUserNvVariableSpaceSize?5?$DM?5?$CIV@ 00000000000265d0     VariableRuntimeDxe:VariableNonVolatile.obj
 0002:00001640       ??_C@_0HA@NDNGHFDK@BoottimeReservedNvVariableSpace@ 0000000000026640     VariableRuntimeDxe:VariableNonVolatile.obj
 0002:000016b0       ??_C@_0CO@MDLKCL@Variable?5driver?5common?5space?3?50@ 00000000000266b0     VariableRuntimeDxe:VariableNonVolatile.obj
 0002:000016e0       ??_C@_0FK@OGCNODHE@GetNonVolatileMaxVariableSize?5?$CI@ 00000000000266e0     VariableRuntimeDxe:VariableNonVolatile.obj
 0002:00001740       ??_C@_0ED@NLDFBLON@Variable?5driver?5will?5work?5at?5em@ 0000000000026740     VariableRuntimeDxe:VariableNonVolatile.obj
 0002:00001788       ??_C@_0CG@OAPIFIMI@FtwBufferSize?5?$DN?$DN?5VariableBuffer@ 0000000000026788     VariableRuntimeDxe:Reclaim.obj
 0002:000017b0       ??_C@_0FC@ILJKGDMO@D?3?2develop?2Self_develop?2edk2?2Md@ 00000000000267b0     VariableRuntimeDxe:Reclaim.obj
 0002:00001808       ??_C@_0BH@LKMBFCBF@Format?5?$CB?$DN?5?$CI?$CIvoid?5?$CK?$CJ?50?$CJ@ 0000000000026808     PeiDxeDebugLibReportStatusCode:DebugLib.obj
 0002:00001820       ??_C@_0FM@HDIIFGPN@D?3?2develop?2Self_develop?2edk2?2Md@ 0000000000026820     PeiDxeDebugLibReportStatusCode:DebugLib.obj
 0002:00001880       ??_C@_0CP@EFCGCEBK@?$CICHAR8?5?$CK?$CJBaseListMarkerPointer?5@ 0000000000026880     PeiDxeDebugLibReportStatusCode:DebugLib.obj
 0002:000018b0       ??_C@_01OHGJGJJP@?$FL@     00000000000268b0     PeiDxeDebugLibReportStatusCode:DebugLib.obj
 0002:000018b4       ??_C@_02PBFOLPKM@?$FN?5@   00000000000268b4     PeiDxeDebugLibReportStatusCode:DebugLib.obj
 0002:000018b8       ??_C@_0BH@IACGKAP@Buffer?5?$CB?$DN?5?$CI?$CIvoid?5?$CK?$CJ?50?$CJ@ 00000000000268b8     PeiDxeDebugLibReportStatusCode:DebugLib.obj
 0002:000018d0       ??_C@_0DG@EEENIGGL@Length?5?$DM?$DN?5?$CI0xFFFFFFFFFFFFFFFFUL@ 00000000000268d0     BaseMemoryLib:MemLibGuid.obj
 0002:00001910       ??_C@_0ED@MKGCMJG@?$CILength?5?9?51?$CJ?5?$DM?$DN?5?$CI0xFFFFFFFFFFFF@ 0000000000026910     BaseMemoryLib:CopyMemWrapper.obj
 0002:00001960       ??_C@_0EL@NNLJGCCH@D?3?2develop?2Self_develop?2edk2?2Md@ 0000000000026960     BaseMemoryLib:CopyMemWrapper.obj
 0002:000019b0       ??_C@_0DO@MAOBOFEG@?$CILength?5?9?51?$CJ?5?$DM?$DN?5?$CI0xFFFFFFFFFFFF@ 00000000000269b0     BaseMemoryLib:CopyMemWrapper.obj
 0002:000019f0       ??_C@_0EL@GJBLADOA@D?3?2develop?2Self_develop?2edk2?2Md@ 00000000000269f0     BaseMemoryLib:ZeroMemWrapper.obj
 0002:00001a40       ??_C@_0CC@JOEHDGKB@DestinationBuffer?5?$CB?$DN?5?$CI?$CIvoid?5?$CK?$CJ?5@ 0000000000026a40     BaseMemoryLib:CompareMemWrapper.obj
 0002:00001a70       ??_C@_0EO@FAHMLNEH@D?3?2develop?2Self_develop?2edk2?2Md@ 0000000000026a70     BaseMemoryLib:CompareMemWrapper.obj
 0002:00001ac0       ??_C@_0BN@MDMCNBCC@SourceBuffer?5?$CB?$DN?5?$CI?$CIvoid?5?$CK?$CJ?50?$CJ@ 0000000000026ac0     BaseMemoryLib:CompareMemWrapper.obj
 0002:00001ae0       ??_C@_0DI@DAGDPLPG@?$CILength?5?9?51?$CJ?5?$DM?$DN?5?$CI0xFFFFFFFFFFFF@ 0000000000026ae0     BaseMemoryLib:SetMemWrapper.obj
 0002:00001b20       ??_C@_0EK@FKIKDMAD@D?3?2develop?2Self_develop?2edk2?2Md@ 0000000000026b20     BaseMemoryLib:SetMemWrapper.obj
 0002:00001b70       ??_C@_0BH@MAAHKCPC@String?5?$CB?$DN?5?$CI?$CIvoid?5?$CK?$CJ?50?$CJ@ 0000000000026b70     BaseLib:String.obj
 0002:00001b88       ??_C@_0DN@POJBHOAP@D?3?2develop?2Self_develop?2edk2?2Md@ 0000000000026b88     BaseLib:String.obj
 0002:00001bc8       ??_C@_0CC@GFNLNIOC@?$CI?$CIUINTN?$CJString?5?$CG?50x00000001?$CJ?5?$DN?$DN@ 0000000000026bc8     BaseLib:String.obj
 0002:00001bf0       ??_C@_0DK@EOJCOAME@Length?5?$DM?5_gPcd_FixedAtBuild_Pcd@ 0000000000026bf0     BaseLib:String.obj
 0002:00001c30       ??_C@_0BL@JAAMOCAJ@StrSize?5?$CIFirstString?$CJ?5?$CB?$DN?50@ 0000000000026c30     BaseLib:String.obj
 0002:00001c50       ??_C@_0BM@DALBOILC@StrSize?5?$CISecondString?$CJ?5?$CB?$DN?50@ 0000000000026c50     BaseLib:String.obj
 0002:00001c70       ??_C@_0DL@LFIMEMJP@Length?5?$DM?$DN?5_gPcd_FixedAtBuild_Pc@ 0000000000026c70     BaseLib:String.obj
 0002:00001cb0       ??_C@_0DI@MDIKFADO@Length?5?$DM?5_gPcd_FixedAtBuild_Pcd@ 0000000000026cb0     BaseLib:String.obj
 0002:00001ce8       ??_C@_0BL@IKFBNFIL@AsciiStrSize?5?$CIFirstString?$CJ@ 0000000000026ce8     BaseLib:String.obj
 0002:00001d08       ??_C@_0BM@EDNOKLLE@AsciiStrSize?5?$CISecondString?$CJ@ 0000000000026d08     BaseLib:String.obj
 0002:00001d28       ??_C@_0DJ@JJHGIFMP@Length?5?$DM?$DN?5_gPcd_FixedAtBuild_Pc@ 0000000000026d28     BaseLib:String.obj
 0002:00001d70       ??_C@_0EB@DAKPBIJH@D?3?2develop?2Self_develop?2edk2?2Md@ 0000000000026d70     BaseLib:SafeString.obj
 0002:00001db8       ??_C@_0CH@LALFPBMC@?$CI?$CIUINTN?$CJDestination?5?$CG?50x0000000@ 0000000000026db8     BaseLib:SafeString.obj
 0002:00001de0       ??_C@_0CC@HEBCMBPF@?$CI?$CIUINTN?$CJSource?5?$CG?50x00000001?$CJ?5?$DN?$DN@ 0000000000026de0     BaseLib:SafeString.obj
 0002:00001e08       ??_C@_0BO@ECNIOIHG@?$CIDestination?5?$CB?$DN?5?$CI?$CIvoid?5?$CK?$CJ?50?$CJ?$CJ@ 0000000000026e08     BaseLib:SafeString.obj
 0002:00001e28       ??_C@_07KBGDFDAM@StrCpyS@  0000000000026e28     BaseLib:SafeString.obj
 0002:00001e30       ??_C@_0EA@PDPDJJNN@?$CFa?$CI?$CFd?$CJ?5?$CFa?3?5SAFE_STRING_CONSTRAI@ 0000000000026e30     BaseLib:SafeString.obj
 0002:00001e70       ??_C@_0BJ@EAEEJIP@?$CISource?5?$CB?$DN?5?$CI?$CIvoid?5?$CK?$CJ?50?$CJ?$CJ@ 0000000000026e70     BaseLib:SafeString.obj
 0002:00001e90       ??_C@_0EA@BBALOHPI@?$CIDestMax?5?$DM?$DN?5?$CI_gPcd_FixedAtBuild@ 0000000000026e90     BaseLib:SafeString.obj
 0002:00001ed0       ??_C@_0P@PMIMLIHM@?$CIDestMax?5?$CB?$DN?50?$CJ@ 0000000000026ed0     BaseLib:SafeString.obj
 0002:00001ee0       ??_C@_0BG@EEGIIOKH@?$CIDestMax?5?$DO?5SourceLen?$CJ@ 0000000000026ee0     BaseLib:SafeString.obj
 0002:00001f00       ??_C@_0FH@PPBLBDBJ@InternalSafeStringNoStrOverlap?5@ 0000000000026f00     BaseLib:SafeString.obj
 0002:00001f58       ??_C@_08INOAHJON@StrnCpyS@ 0000000000026f58     BaseLib:SafeString.obj
 0002:00001f68       ??_C@_0DP@PBOJGJC@?$CILength?5?$DM?$DN?5?$CI_gPcd_FixedAtBuild_@ 0000000000026f68     BaseLib:SafeString.obj
 0002:00001fa8       ??_C@_0DO@LJFOOPII@?$CIDestMax?5?$DM?$DN?5?$CI_gPcd_FixedAtBuild@ 0000000000026fa8     BaseLib:SafeString.obj
 0002:00001ff0       ??_C@_0FL@CDANCHFO@InternalSafeStringNoAsciiStrOve@ 0000000000026ff0     BaseLib:SafeString.obj
 0002:00002050       ??_C@_0O@DIHNCLLG@AsciiStrnCpyS@ 0000000000027050     BaseLib:SafeString.obj
 0002:00002060       ??_C@_0DN@DLAADCJE@?$CILength?5?$DM?$DN?5?$CI_gPcd_FixedAtBuild_@ 0000000000027060     BaseLib:SafeString.obj
 0002:000020a0       ??_C@_0EA@FKBIDDGN@D?3?2develop?2Self_develop?2edk2?2Md@ 00000000000270a0     BaseLib:Unaligned.obj
 0002:000020e0       ??_C@_0L@MEMPDLHB@Count?5?$DM?564@ 00000000000270e0     BaseLib:LShiftU64.obj
 0002:000020f0       ??_C@_0EA@MLMAFFLG@D?3?2develop?2Self_develop?2edk2?2Md@ 00000000000270f0     BaseLib:LShiftU64.obj
 0002:00002130       ??_C@_0FK@KCDEFJBC@D?3?2develop?2Self_develop?2edk2?2Md@ 0000000000027130     UefiMemoryAllocationLib:MemoryAllocationLib.obj
 0002:00002190       ??_C@_0DO@GEEICOOO@AllocationSize?5?$DM?$DN?5?$CI0xFFFFFFFFFF@ 0000000000027190     UefiMemoryAllocationLib:MemoryAllocationLib.obj
 0002:000021d0       ??_C@_0BN@COECPDCC@gImageHandle?5?$CB?$DN?5?$CI?$CIvoid?5?$CK?$CJ?50?$CJ@ 00000000000271d0     UefiBootServicesTableLib:UefiBootServicesTableLib.obj
 0002:000021f0       ??_C@_0GA@INMEIGJE@D?3?2develop?2Self_develop?2edk2?2Md@ 00000000000271f0     UefiBootServicesTableLib:UefiBootServicesTableLib.obj
 0002:00002250       ??_C@_0BE@DGNHAHIL@gST?5?$CB?$DN?5?$CI?$CIvoid?5?$CK?$CJ?50?$CJ@ 0000000000027250     UefiBootServicesTableLib:UefiBootServicesTableLib.obj
 0002:00002268       ??_C@_0BE@BDFJLGLN@gBS?5?$CB?$DN?5?$CI?$CIvoid?5?$CK?$CJ?50?$CJ@ 0000000000027268     UefiBootServicesTableLib:UefiBootServicesTableLib.obj
 0002:00002280       ??_C@_0BE@OBDFIHND@gRT?5?$CB?$DN?5?$CI?$CIvoid?5?$CK?$CJ?50?$CJ@ 0000000000027280     UefiRuntimeServicesTableLib:UefiRuntimeServicesTableLib.obj
 0002:000022a0       ??_C@_0GG@OBDIBKMM@D?3?2develop?2Self_develop?2edk2?2Md@ 00000000000272a0     UefiRuntimeServicesTableLib:UefiRuntimeServicesTableLib.obj
 0002:00002308       ??_C@_0BK@PPOBBAMB@TableGuid?5?$CB?$DN?5?$CI?$CIvoid?5?$CK?$CJ?50?$CJ@ 0000000000027308     UefiLib:UefiLib.obj
 0002:00002328       ??_C@_0DO@KJBPHFLK@D?3?2develop?2Self_develop?2edk2?2Md@ 0000000000027328     UefiLib:UefiLib.obj
 0002:00002368       ??_C@_0BG@JDKEGFNB@Table?5?$CB?$DN?5?$CI?$CIvoid?5?$CK?$CJ?50?$CJ@ 0000000000027368     UefiLib:UefiLib.obj
 0002:00002380       ??_C@_0BN@HHGHCLME@ProtocolGuid?5?$CB?$DN?5?$CI?$CIvoid?5?$CK?$CJ?50?$CJ@ 0000000000027380     UefiLib:UefiLib.obj
 0002:000023a0       ??_C@_0BP@DEIEJICI@NotifyFunction?5?$CB?$DN?5?$CI?$CIvoid?5?$CK?$CJ?50?$CJ@ 00000000000273a0     UefiLib:UefiLib.obj
 0002:000023c0       ??_C@_0BN@OMCJCPAI@Registration?5?$CB?$DN?5?$CI?$CIvoid?5?$CK?$CJ?50?$CJ@ 00000000000273c0     UefiLib:UefiLib.obj
 0002:000023e0       ??_C@_0BF@JGGLMCFN@Lock?5?$CB?$DN?5?$CI?$CIvoid?5?$CK?$CJ?50?$CJ@ 00000000000273e0     UefiLib:UefiLib.obj
 0002:000023f8       ??_C@_0P@EOAOOBNP@Priority?5?$DM?$DN?531@ 00000000000273f8     UefiLib:UefiLib.obj
 0002:00002408       ??_C@_0BO@IJOPPPFL@Lock?9?$DOLock?5?$DN?$DN?5EfiLockReleased@ 0000000000027408     UefiLib:UefiLib.obj
 0002:00002428       ??_C@_0BO@FHNOFLFJ@Lock?9?$DOLock?5?$DN?$DN?5EfiLockAcquired@ 0000000000027428     UefiLib:UefiLib.obj
 0002:00002450       ??_C@_0ED@IHINCCJF@D?3?2develop?2Self_develop?2edk2?2Md@ 0000000000027450     UefiLib:UefiNotTiano.obj
 0002:00002498       ??_C@_0CB@LNNMJOKK@ReadyToBootEvent?5?$CB?$DN?5?$CI?$CIvoid?5?$CK?$CJ?50@ 0000000000027498     UefiLib:UefiNotTiano.obj
 0002:000024c0       ??_C@_0CH@LOBIJKLE@EFI1?41?5can?8t?5support?5ReadyToBoo@ 00000000000274c0     UefiLib:UefiNotTiano.obj
 0002:000024e8       ??_C@_0DP@IKGCDEIJ@D?3?2develop?2Self_develop?2edk2?2Md@ 00000000000274e8     DxeHobLib:HobLib.obj
 0002:00002528       ??_C@_0BJ@OBFMLLDO@mHobList?5?$CB?$DN?5?$CI?$CIvoid?5?$CK?$CJ?50?$CJ@ 0000000000027528     DxeHobLib:HobLib.obj
 0002:00002548       ??_C@_0BJ@NOLLDKJB@HobStart?5?$CB?$DN?5?$CI?$CIvoid?5?$CK?$CJ?50?$CJ@ 0000000000027548     DxeHobLib:HobLib.obj
 0002:00002568       ??_C@_0BI@EDOKPJOP@GuidHob?5?$CB?$DN?5?$CI?$CIvoid?5?$CK?$CJ?50?$CJ@ 0000000000027568     DxeEmuLib:DxeEmuLib.obj
 0002:00002580       ??_C@_0EH@KBCCEBL@D?3?2develop?2Self_develop?2edk2?2Em@ 0000000000027580     DxeEmuLib:DxeEmuLib.obj
 0002:000025c8       ??_C@_0BK@ELNDAPDH@gEmuThunk?5?$CB?$DN?5?$CI?$CIvoid?5?$CK?$CJ?50?$CJ@ 00000000000275c8     DxeEmuLib:DxeEmuLib.obj
 0002:000025f0       ??_C@_0EL@NIOCBFOP@D?3?2develop?2Self_develop?2edk2?2Em@ 00000000000275f0     EmuDxeTimerLib:DxeTimerLib.obj
 0002:00002640       ??_C@_1BC@INDPOKJG@?$AAB?$AAo?$AAo?$AAt?$AA?$CD?$AA?$CD?$AA?$CD?$AA?$CD@ 0000000000027640     VarCheckLib:VarCheckLib.obj
 0002:00002658       ??_C@_1BG@HHCJINCN@?$AAD?$AAr?$AAi?$AAv?$AAe?$AAr?$AA?$CD?$AA?$CD?$AA?$CD?$AA?$CD@ 0000000000027658     VarCheckLib:VarCheckLib.obj
 0002:00002670       ??_C@_1BI@HIEBMGJE@?$AAS?$AAy?$AAs?$AAP?$AAr?$AAe?$AAp?$AA?$CD?$AA?$CD?$AA?$CD?$AA?$CD@ 0000000000027670     VarCheckLib:VarCheckLib.obj
 0002:00002688       ??_C@_1BA@DGFAJJOC@?$AAK?$AAe?$AAy?$AA?$CD?$AA?$CD?$AA?$CD?$AA?$CD@ 0000000000027688     VarCheckLib:VarCheckLib.obj
 0002:00002698       ??_C@_1CK@MLEAPEAI@?$AAP?$AAl?$AAa?$AAt?$AAf?$AAo?$AAr?$AAm?$AAR?$AAe?$AAc?$AAo?$AAv?$AAe?$AAr@ 0000000000027698     VarCheckLib:VarCheckLib.obj
 0002:000026c8       ??_C@_1BK@OHIJFJDK@?$AAH?$AAw?$AAE?$AAr?$AAr?$AAR?$AAe?$AAc?$AA?$CD?$AA?$CD?$AA?$CD?$AA?$CD@ 00000000000276c8     VarCheckLib:VarCheckLib.obj
 0002:000026e8       ??_C@_0CO@GDCJKCHC@mVarCheckLibAddressPointerCount@ 00000000000276e8     VarCheckLib:VarCheckLib.obj
 0002:00002720       ??_C@_0EM@CMCBLJPF@D?3?2develop?2Self_develop?2edk2?2Md@ 0000000000027720     VarCheckLib:VarCheckLib.obj
 0002:00002770       ??_C@_0DG@BGONGNBL@VarCheckLibRegisterSetVariableC@ 0000000000027770     VarCheckLib:VarCheckLib.obj
 0002:000027a8       ??_C@_0DC@DJLHHOEM@Variable?5Check?5ReadOnly?5variabl@ 00000000000277a8     VarCheckLib:VarCheckLib.obj
 0002:000027e0       ??_C@_0DN@NFPHFBDA@Variable?5Check?5Attributes?$CI0x?$CF08@ 00000000000277e0     VarCheckLib:VarCheckLib.obj
 0002:00002820       ??_C@_0EC@OPGFOCPA@Variable?5Check?5DataSize?5fail?$CI0x@ 0000000000027820     VarCheckLib:VarCheckLib.obj
 0002:00002868       ??_C@_0CI@HMFENEED@Variable?5Check?5handler?5fail?5?$CFr?5@ 0000000000027868     VarCheckLib:VarCheckLib.obj
 0002:00002890       ??_C@_0FI@KCLHDFKL@D?3?2develop?2Self_develop?2edk2?2Md@ 0000000000027890     BaseSynchronizationLib:SynchronizationMsc.obj
 0002:000028e8       ??_C@_0BG@GJANEBOB@Value?5?$CB?$DN?5?$CI?$CIvoid?5?$CK?$CJ?50?$CJ@ 00000000000278e8     BaseSynchronizationLib:SynchronizationMsc.obj
 0002:00002900       ??_C@_0EI@IBPKEKGE@D?3?2develop?2Self_develop?2edk2?2Md@ 0000000000027900     UefiRuntimeLib:RuntimeLib.obj
 0002:00002950       ??_C@_0FG@BBBJNEFD@D?3?2develop?2Self_develop?2edk2?2Md@ 0000000000027950     DxeServicesTableLib:DxeServicesTableLib.obj
 0002:000029a8       ??_C@_0BE@IOIFLNKO@gDS?5?$CB?$DN?5?$CI?$CIvoid?5?$CK?$CJ?50?$CJ@ 00000000000279a8     DxeServicesTableLib:DxeServicesTableLib.obj
 0002:000029c0       ??_C@_0FM@KBLJEEAC@D?3?2develop?2Self_develop?2edk2?2Md@ 00000000000279c0     AuthVariableLibNull:AuthVariableLibNull.obj
 0002:00002a20       ??_C@_0DC@HLELONJE@ERROR?3?5Found?5two?5variable?5flash@ 0000000000027a20     BaseVariableFlashInfoLib:BaseVariableFlashInfoLib.obj
 0002:00002a60       ??_C@_0GG@JPJEHFLI@D?3?2develop?2Self_develop?2edk2?2Md@ 0000000000027a60     BaseVariableFlashInfoLib:BaseVariableFlashInfoLib.obj
 0002:00002ac8       ??_C@_0BE@LCGJNMJP@ValidateSetVariable@ 0000000000027ac8     VariablePolicyLibRuntimeDxe:VariablePolicyLib.obj
 0002:00002ae0       ??_C@_0CC@CAJNPIIF@?$CFa?5?9?5Bad?5Size?4?50x?$CFX?5?$DM?$DO?50x?$CFX?90x?$CF@ 0000000000027ae0     VariablePolicyLibRuntimeDxe:VariablePolicyLib.obj
 0002:00002b08       ??_C@_0CI@LNNCMHNF@?$CFa?5?9?5Bad?5Attributes?4?50x?$CFX?5?$DM?$DO?50x@ 0000000000027b08     VariablePolicyLibRuntimeDxe:VariablePolicyLib.obj
 0002:00002b30       ??_C@_0CF@HGPICMLO@?$CFa?5?9?5Variable?5?$CI?$CFg?3?$CFs?$CJ?5returning@ 0000000000027b30     VariablePolicyLibRuntimeDxe:VariablePolicyLib.obj
 0002:00002b58       ??_C@_0CO@ILGBKMAP@MatchPolicy?9?$DOSize?5?$DO?5MatchPolicy@ 0000000000027b58     VariablePolicyLibRuntimeDxe:VariablePolicyLib.obj
 0002:00002b90       ??_C@_0FI@BHEKLCPO@D?3?2develop?2Self_develop?2edk2?2Md@ 0000000000027b90     VariablePolicyLibRuntimeDxe:VariablePolicyLib.obj
 0002:00002be8       ??_C@_0DB@IIILACMP@RequiredVariablePolicyVariableN@ 0000000000027be8     VariablePolicyLibRuntimeDxe:VariablePolicyLib.obj
 0002:00002c20       ??_C@_0FO@BFFLHIAL@?$CB?$CI?$CI?$CIRETURN_STATUS?$CJ?$CI?$CI?$CIRETURN_STA@ 0000000000027c20     VariablePolicyLibRuntimeDxe:VariablePolicyLib.obj
 0002:00002c80       ??_C@_0BO@DIMHDDCF@TotalSize?5?$DM?$DN?5?$CI?$CIUINT16?$CJ0xFFFF?$CJ@ 0000000000027c80     VariablePolicyHelperLib:VariablePolicyHelperLib.obj
 0002:00002ca0       ??_C@_0GE@KHLGMMHL@D?3?2develop?2Self_develop?2edk2?2Md@ 0000000000027ca0     VariablePolicyHelperLib:VariablePolicyHelperLib.obj
 0002:00002d08       ??_C@_1BA@BKONPLFM@?$AAT?$AAi?$AAm?$AAe?$AAo?$AAu?$AAt@ 0000000000027d08     VarCheckUefiLib:VarCheckUefiLibNullClass.obj
 0002:00002d18       ??_C@_1M@NFPEGKHA@?$AAC?$AAo?$AAn?$AAI?$AAn@ 0000000000027d18     VarCheckUefiLib:VarCheckUefiLibNullClass.obj
 0002:00002d28       ??_C@_1O@MJHLOIFA@?$AAC?$AAo?$AAn?$AAO?$AAu?$AAt@ 0000000000027d28     VarCheckUefiLib:VarCheckUefiLibNullClass.obj
 0002:00002d38       ??_C@_1O@JOJMCOJC@?$AAE?$AAr?$AAr?$AAO?$AAu?$AAt@ 0000000000027d38     VarCheckUefiLib:VarCheckUefiLibNullClass.obj
 0002:00002d48       ??_C@_1BC@OBFMLJLI@?$AAC?$AAo?$AAn?$AAI?$AAn?$AAD?$AAe?$AAv@ 0000000000027d48     VarCheckUefiLib:VarCheckUefiLibNullClass.obj
 0002:00002d60       ??_C@_1BE@INNAKDAF@?$AAC?$AAo?$AAn?$AAO?$AAu?$AAt?$AAD?$AAe?$AAv@ 0000000000027d60     VarCheckUefiLib:VarCheckUefiLibNullClass.obj
 0002:00002d78       ??_C@_1BE@JFPOEAHF@?$AAE?$AAr?$AAr?$AAO?$AAu?$AAt?$AAD?$AAe?$AAv@ 0000000000027d78     VarCheckUefiLib:VarCheckUefiLibNullClass.obj
 0002:00002d90       ??_C@_1BE@CHCFCNKI@?$AAB?$AAo?$AAo?$AAt?$AAO?$AAr?$AAd?$AAe?$AAr@ 0000000000027d90     VarCheckUefiLib:VarCheckUefiLibNullClass.obj
 0002:00002da8       ??_C@_1BC@HGEHGBBD@?$AAB?$AAo?$AAo?$AAt?$AAN?$AAe?$AAx?$AAt@ 0000000000027da8     VarCheckUefiLib:VarCheckUefiLibNullClass.obj
 0002:00002dc0       ??_C@_1BI@LBNGELID@?$AAB?$AAo?$AAo?$AAt?$AAC?$AAu?$AAr?$AAr?$AAe?$AAn?$AAt@ 0000000000027dc0     VarCheckUefiLib:VarCheckUefiLibNullClass.obj
 0002:00002dd8       ??_C@_1CE@BKEAGEIL@?$AAB?$AAo?$AAo?$AAt?$AAO?$AAp?$AAt?$AAi?$AAo?$AAn?$AAS?$AAu?$AAp?$AAp?$AAo@ 0000000000027dd8     VarCheckUefiLib:VarCheckUefiLibNullClass.obj
 0002:00002e00       ??_C@_1BI@PDMCFEDG@?$AAD?$AAr?$AAi?$AAv?$AAe?$AAr?$AAO?$AAr?$AAd?$AAe?$AAr@ 0000000000027e00     VarCheckUefiLib:VarCheckUefiLibNullClass.obj
 0002:00002e18       ??_C@_1BK@CHMLNGLH@?$AAS?$AAy?$AAs?$AAP?$AAr?$AAe?$AAp?$AAO?$AAr?$AAd?$AAe?$AAr@ 0000000000027e18     VarCheckUefiLib:VarCheckUefiLibNullClass.obj
 0002:00002e38       ??_C@_1CA@BOALBJHG@?$AAH?$AAw?$AAE?$AAr?$AAr?$AAR?$AAe?$AAc?$AAS?$AAu?$AAp?$AAp?$AAo?$AAr?$AAt@ 0000000000027e38     VarCheckUefiLib:VarCheckUefiLibNullClass.obj
 0002:00002e58       ??_C@_1BE@DFEPFMAE@?$AAS?$AAe?$AAt?$AAu?$AAp?$AAM?$AAo?$AAd?$AAe@ 0000000000027e58     VarCheckUefiLib:VarCheckUefiLibNullClass.obj
 0002:00002e70       ??_C@_1CC@BAFCPNPB@?$AAS?$AAi?$AAg?$AAn?$AAa?$AAt?$AAu?$AAr?$AAe?$AAS?$AAu?$AAp?$AAp?$AAo?$AAr@ 0000000000027e70     VarCheckUefiLib:VarCheckUefiLibNullClass.obj
 0002:00002e98       ??_C@_1BG@DACLAPBO@?$AAK?$AAE?$AAK?$AAD?$AAe?$AAf?$AAa?$AAu?$AAl?$AAt@ 0000000000027e98     VarCheckUefiLib:VarCheckUefiLibNullClass.obj
 0002:00002eb0       ??_C@_1BE@BGOOPGMO@?$AAP?$AAK?$AAD?$AAe?$AAf?$AAa?$AAu?$AAl?$AAt@ 0000000000027eb0     VarCheckUefiLib:VarCheckUefiLibNullClass.obj
 0002:00002ec8       ??_C@_1BE@HHMEGGE@?$AAd?$AAb?$AAD?$AAe?$AAf?$AAa?$AAu?$AAl?$AAt@ 0000000000027ec8     VarCheckUefiLib:VarCheckUefiLibNullClass.obj
 0002:00002ee0       ??_C@_1BG@GPFEKEP@?$AAd?$AAb?$AAx?$AAD?$AAe?$AAf?$AAa?$AAu?$AAl?$AAt@ 0000000000027ee0     VarCheckUefiLib:VarCheckUefiLibNullClass.obj
 0002:00002ef8       ??_C@_1BG@BKAMDDEF@?$AAd?$AAb?$AAt?$AAD?$AAe?$AAf?$AAa?$AAu?$AAl?$AAt@ 0000000000027ef8     VarCheckUefiLib:VarCheckUefiLibNullClass.obj
 0002:00002f10       ??_C@_1CO@MENFEBKM@?$AAO?$AAs?$AAI?$AAn?$AAd?$AAi?$AAc?$AAa?$AAt?$AAi?$AAo?$AAn?$AAs?$AAS?$AAu@ 0000000000027f10     VarCheckUefiLib:VarCheckUefiLibNullClass.obj
 0002:00002f40       ??_C@_1BM@MDLAABPK@?$AAO?$AAs?$AAI?$AAn?$AAd?$AAi?$AAc?$AAa?$AAt?$AAi?$AAo?$AAn?$AAs@ 0000000000027f40     VarCheckUefiLib:VarCheckUefiLibNullClass.obj
 0002:00002f60       ??_C@_1BG@OIEIGDIF@?$AAV?$AAe?$AAn?$AAd?$AAo?$AAr?$AAK?$AAe?$AAy?$AAs@ 0000000000027f60     VarCheckUefiLib:VarCheckUefiLibNullClass.obj
 0002:00002f78       ??_C@_1BC@IONJEEFP@?$AAH?$AAw?$AAE?$AAr?$AAr?$AAR?$AAe?$AAc@ 0000000000027f78     VarCheckUefiLib:VarCheckUefiLibNullClass.obj
 0002:00002f90       ??_C@_0DG@BHHBAHFJ@UEFI?5Variable?5Check?5fail?5?$CFr?5?9?5?$CF@ 0000000000027f90     VarCheckUefiLib:VarCheckUefiLibNullClass.obj
 0002:00002fc8       ??_C@_0CO@BPBHJICJ@UEFI?5Variable?5Check?5function?5fa@ 0000000000027fc8     VarCheckUefiLib:VarCheckUefiLibNullClass.obj
 0002:00003000       ??_C@_0FP@CCJIJCDG@D?3?2develop?2Self_develop?2edk2?2Md@ 0000000000028000     DxeReportStatusCodeLib:ReportStatusCodeLib.obj
 0002:00003060       ??_C@_0DN@HHIHPHHB@?$CB?$CI?$CIExtendedData?5?$DN?$DN?5?$CI?$CIvoid?5?$CK?$CJ?50?$CJ@ 0000000000028060     DxeReportStatusCodeLib:ReportStatusCodeLib.obj
 0002:000030a0       ??_C@_0DN@BBBIFINB@?$CB?$CI?$CIExtendedData?5?$CB?$DN?5?$CI?$CIvoid?5?$CK?$CJ?50?$CJ@ 00000000000280a0     DxeReportStatusCodeLib:ReportStatusCodeLib.obj
 0002:000030e0       ??_C@_0BF@CBLMFKOC@Node?5?$CB?$DN?5?$CI?$CIvoid?5?$CK?$CJ?50?$CJ@ 00000000000280e0     UefiDevicePathLib:DevicePathUtilities.obj
 0002:00003100       ??_C@_0FE@LBAOMKEJ@D?3?2develop?2Self_develop?2edk2?2Md@ 0000000000028100     UefiDevicePathLib:DevicePathUtilities.obj
 0002:00003160       ??_C@_0EC@GNADPOFK@D?3?2develop?2Self_develop?2edk2?2Md@ 0000000000028160     DxePcdLib:DxePcdLib.obj
 0002:000031a8       ??_C@_0BF@OOKDELHM@mPcd?5?$CB?$DN?5?$CI?$CIvoid?5?$CK?$CJ?50?$CJ@ 00000000000281a8     DxePcdLib:DxePcdLib.obj
 0002:00003214       __volatile_metadata        0000000000028214     <linker-defined>
 0003:00000000       gEfiLoadedImageProtocolGuid 0000000000029000     VariableRuntimeDxe:AutoGen.obj
 0003:00000010       gEfiStatusCodeSpecificDataGuid 0000000000029010     VariableRuntimeDxe:AutoGen.obj
 0003:00000020       gEfiGlobalVariableGuid     0000000000029020     VariableRuntimeDxe:AutoGen.obj
 0003:00000030       gEfiStatusCodeRuntimeProtocolGuid 0000000000029030     VariableRuntimeDxe:AutoGen.obj
 0003:00000040       gEdkiiVarErrorFlagGuid     0000000000029040     VariableRuntimeDxe:AutoGen.obj
 0003:00000050       gEfiFirmwareVolumeBlockProtocolGuid 0000000000029050     VariableRuntimeDxe:AutoGen.obj
 0003:00000060       gEfiEventReadyToBootGuid   0000000000029060     VariableRuntimeDxe:AutoGen.obj
 0003:00000070       gEfiSystemNvDataFvGuid     0000000000029070     VariableRuntimeDxe:AutoGen.obj
 0003:00000080       gEfiHardwareErrorVariableGuid 0000000000029080     VariableRuntimeDxe:AutoGen.obj
 0003:00000090       gEfiImageSecurityDatabaseGuid 0000000000029090     VariableRuntimeDxe:AutoGen.obj
 0003:000000a0       gEfiVariableWriteArchProtocolGuid 00000000000290a0     VariableRuntimeDxe:AutoGen.obj
 0003:000000b0       gEdkiiVariableLockProtocolGuid 00000000000290b0     VariableRuntimeDxe:AutoGen.obj
 0003:000000c0       gPcdProtocolGuid           00000000000290c0     VariableRuntimeDxe:AutoGen.obj
 0003:000000d0       gVariableFlashInfoHobGuid  00000000000290d0     VariableRuntimeDxe:AutoGen.obj
 0003:000000e0       gEfiVariableGuid           00000000000290e0     VariableRuntimeDxe:AutoGen.obj
 0003:000000f0       gEfiCallerBaseName         00000000000290f0     VariableRuntimeDxe:AutoGen.obj
 0003:000000f8       gEfiFaultTolerantWriteProtocolGuid 00000000000290f8     VariableRuntimeDxe:AutoGen.obj
 0003:00000108       gEfiStatusCodeDataTypeDebugGuid 0000000000029108     VariableRuntimeDxe:AutoGen.obj
 0003:00000118       gEfiMemoryOverwriteControlDataGuid 0000000000029118     VariableRuntimeDxe:AutoGen.obj
 0003:00000128       gEfiAuthenticatedVariableGuid 0000000000029128     VariableRuntimeDxe:AutoGen.obj
 0003:00000138       gEfiMemoryOverwriteRequestControlLockGuid 0000000000029138     VariableRuntimeDxe:AutoGen.obj
 0003:00000148       gEdkiiFaultTolerantWriteGuid 0000000000029148     VariableRuntimeDxe:AutoGen.obj
 0003:00000158       gEfiTimerArchProtocolGuid  0000000000029158     VariableRuntimeDxe:AutoGen.obj
 0003:00000168       gEfiHobListGuid            0000000000029168     VariableRuntimeDxe:AutoGen.obj
 0003:00000178       gEfiDeviceSignatureDatabaseGuid 0000000000029178     VariableRuntimeDxe:AutoGen.obj
 0003:00000188       gEdkiiVarCheckProtocolGuid 0000000000029188     VariableRuntimeDxe:AutoGen.obj
 0003:00000198       gEfiEndOfDxeEventGroupGuid 0000000000029198     VariableRuntimeDxe:AutoGen.obj
 0003:000001a8       gEfiEventVirtualAddressChangeGuid 00000000000291a8     VariableRuntimeDxe:AutoGen.obj
 0003:000001b8       gEfiDxeServicesTableGuid   00000000000291b8     VariableRuntimeDxe:AutoGen.obj
 0003:000001c8       gEfiCallerIdGuid           00000000000291c8     VariableRuntimeDxe:AutoGen.obj
 0003:000001d8       gEdkiiVariablePolicyProtocolGuid 00000000000291d8     VariableRuntimeDxe:AutoGen.obj
 0003:000001e8       gEfiVariableArchProtocolGuid 00000000000291e8     VariableRuntimeDxe:AutoGen.obj
 0003:000001f8       gEmuThunkProtocolGuid      00000000000291f8     VariableRuntimeDxe:AutoGen.obj
 0003:00000208       mVariableLock              0000000000029208     VariableRuntimeDxe:VariableDxe.obj
 0003:00000210       mVarCheck                  0000000000029210     VariableRuntimeDxe:VariableDxe.obj
 0003:00000230       mVariablePolicyProtocol    0000000000029230     VariableRuntimeDxe:VariableDxe.obj
 0003:00000270       mVariableEntryProperty     0000000000029270     VariableRuntimeDxe:Variable.obj
 0003:00000298       mCurrentBootVarErrFlag     0000000000029298     VariableRuntimeDxe:Variable.obj
 0003:000002a0       mAuthContextIn             00000000000292a0     VariableRuntimeDxe:Variable.obj
 0003:000002e8       mRequestSource             00000000000292e8     VariableRuntimeDxe:Variable.obj
 0003:000002f0       mVariableType              00000000000292f0     VariableRuntimeDxe:Measurement.obj
 0003:00000360       mVarCheckVariableWithWildcardName 0000000000029360     VarCheckLib:VarCheckLib.obj
 0003:00000450       mHwErrRecVariable          0000000000029450     VarCheckUefiLib:VarCheckUefiLibNullClass.obj
 0003:00000480       mGlobalVariableList        0000000000029480     VarCheckUefiLib:VarCheckUefiLibNullClass.obj
 0003:00000960       mImageSecurityVariableList 0000000000029960     VarCheckUefiLib:VarCheckUefiLibNullClass.obj
 0003:000009d8       mUefiDefinedGuid           00000000000299d8     VarCheckUefiLib:VarCheckUefiLibNullClass.obj
 0003:000009f0       mGlobalVariableList2       00000000000299f0     VarCheckUefiLib:VarCheckUefiLibNullClass.obj
 0003:00000ac0       mVarCheckAddressPointer    0000000000029ac0     VariableRuntimeDxe:VariableDxe.obj
 0003:00000ac8       mHandle                    0000000000029ac8     VariableRuntimeDxe:VariableDxe.obj
 0003:00000ad0       mVarCheckAddressPointerCount 0000000000029ad0     VariableRuntimeDxe:VariableDxe.obj
 0003:00000ad8       mVirtualAddressChangeEvent 0000000000029ad8     VariableRuntimeDxe:VariableDxe.obj
 0003:00000ae0       mFtwRegistration           0000000000029ae0     VariableRuntimeDxe:VariableDxe.obj
 0003:00000ae8       mEndOfDxe                  0000000000029ae8     VariableRuntimeDxe:Variable.obj
 0003:00000af0       mNvFvHeaderCache           0000000000029af0     VariableRuntimeDxe:Variable.obj
 0003:00000af8       mNvVariableCache           0000000000029af8     VariableRuntimeDxe:Variable.obj
 0003:00000b00       gVariableInfo              0000000000029b00     VariableRuntimeDxe:Variable.obj
 0003:00000b08       mSecureBootVarData         0000000000029b08     VariableRuntimeDxe:Measurement.obj
 0003:00000b10       mSecureBootVarDataSize     0000000000029b10     VariableRuntimeDxe:Measurement.obj
 0003:00000b20       gST                        0000000000029b20     UefiBootServicesTableLib:UefiBootServicesTableLib.obj
 0003:00000b28       gBS                        0000000000029b28     UefiBootServicesTableLib:UefiBootServicesTableLib.obj
 0003:00000b30       gImageHandle               0000000000029b30     UefiBootServicesTableLib:UefiBootServicesTableLib.obj
 0003:00000b38       gRT                        0000000000029b38     UefiRuntimeServicesTableLib:UefiRuntimeServicesTableLib.obj
 0003:00000b40       mHobList                   0000000000029b40     DxeHobLib:HobLib.obj
 0003:00000b48       gEmuThunk                  0000000000029b48     DxeEmuLib:DxeEmuLib.obj
 0003:00000b70       mVarCheckLibEndOfDxeCallback 0000000000029b70     VarCheckLib:VarCheckLib.obj
 0003:00000b78       mVarCheckLibAddressPointerMaxCount 0000000000029b78     VarCheckLib:VarCheckLib.obj
 0003:00000b80       mMaxNumberOfVarCheckVariable 0000000000029b80     VarCheckLib:VarCheckLib.obj
 0003:00000b88       mVarCheckLibAddressPointer 0000000000029b88     VarCheckLib:VarCheckLib.obj
 0003:00000b90       mVarCheckLibEndOfDxe       0000000000029b90     VarCheckLib:VarCheckLib.obj
 0003:00000b98       mVarCheckHandlerTable      0000000000029b98     VarCheckLib:VarCheckLib.obj
 0003:00000ba0       mNumberOfVarCheckHandler   0000000000029ba0     VarCheckLib:VarCheckLib.obj
 0003:00000ba8       mVarCheckLibAddressPointerCount 0000000000029ba8     VarCheckLib:VarCheckLib.obj
 0003:00000bb0       mVarCheckLibEndOfDxeCallbackMaxCount 0000000000029bb0     VarCheckLib:VarCheckLib.obj
 0003:00000bb8       mNumberOfVarCheckVariable  0000000000029bb8     VarCheckLib:VarCheckLib.obj
 0003:00000bc0       mVarCheckVariableTable     0000000000029bc0     VarCheckLib:VarCheckLib.obj
 0003:00000bc8       mMaxNumberOfVarCheckHandler 0000000000029bc8     VarCheckLib:VarCheckLib.obj
 0003:00000bd0       mVarCheckLibEndOfDxeCallbackCount 0000000000029bd0     VarCheckLib:VarCheckLib.obj
 0003:00000bd8       mEfiAtRuntime              0000000000029bd8     UefiRuntimeLib:RuntimeLib.obj
 0003:00000bd9       mEfiGoneVirtual            0000000000029bd9     UefiRuntimeLib:RuntimeLib.obj
 0003:00000be0       gDS                        0000000000029be0     DxeServicesTableLib:DxeServicesTableLib.obj
 0003:00000be8       mGetVariableHelper         0000000000029be8     VariablePolicyLibRuntimeDxe:VariablePolicyLib.obj
 0003:00000bf8       mPolicyTable               0000000000029bf8     VariablePolicyLibRuntimeDxe:VariablePolicyLib.obj
 0003:00000c18       mReportStatusCodeLibStatusCodeProtocol 0000000000029c18     DxeReportStatusCodeLib:ReportStatusCodeLib.obj
 0003:00000c20       mPcd                       0000000000029c20     DxePcdLib:DxePcdLib.obj
 0003:00000c30       __security_cookie          0000000000029c30     StackCheckLibNull:StackCheckLibNullMsvc.obj
 0003:00000c38       mEfiVirtualNotifyEvent     0000000000029c38     <common>
 0003:00000c40       mInternalRT                0000000000029c40     <common>
 0003:00000c48       mEfiExitBootServicesEvent  0000000000029c48     <common>
 0003:00000c50       mVariableModuleGlobal      0000000000029c50     <common>
 0003:00000c60       mAuthContextOut            0000000000029c60     <common>

 entry point at        0001:0000008c

 Static symbols

 0001:0000002f       AsmCpuid.0                 000000000001102f     BaseLib:CpuId.obj
 0001:00000034       AsmCpuid.1                 0000000000011034     BaseLib:CpuId.obj
 0001:0000003b       AsmCpuid.2                 000000000001103b     BaseLib:CpuId.obj
 0001:00000044       AsmCpuid.3                 0000000000011044     BaseLib:CpuId.obj
 0001:00011264       GetVariableFlashInfoFromHob 0000000000022264 f   BaseVariableFlashInfoLib:BaseVariableFlashInfoLib.obj
 0001:00011438       IsValidVariablePolicyStructure 0000000000022438 f   VariablePolicyLibRuntimeDxe:VariablePolicyLib.obj
 0001:00011684       EvaluatePolicyMatch        0000000000022684 f   VariablePolicyLibRuntimeDxe:VariablePolicyLib.obj
 0001:00011854       GetBestPolicyMatch         0000000000022854 f   VariablePolicyLibRuntimeDxe:VariablePolicyLib.obj
 0001:000129c4       VariablePolicyLibVirtualAddressCallback 00000000000239c4 f   VariablePolicyLibRuntimeDxe:VariablePolicyExtraInitRuntimeDxe.obj
 0001:00012a48       PopulateCommonData         0000000000023a48 f   VariablePolicyHelperLib:VariablePolicyHelperLib.obj
 0003:00000b18       mDeadLoopComparator        0000000000029b18     BaseLib:CpuDeadLoop.obj
 0003:00000b50       gRegistration              0000000000029b50     EmuDxeTimerLib:DxeTimerLib.obj
 0003:00000b58       gTimerEvent                0000000000029b58     EmuDxeTimerLib:DxeTimerLib.obj
 0003:00000b60       gTimerPeriod               0000000000029b60     EmuDxeTimerLib:DxeTimerLib.obj
 0003:00000b68       gTimerAp                   0000000000029b68     EmuDxeTimerLib:DxeTimerLib.obj
 0003:00000bf0       mInterfaceLocked           0000000000029bf0     VariablePolicyLibRuntimeDxe:VariablePolicyLib.obj
 0003:00000bf4       mCurrentTableUsage         0000000000029bf4     VariablePolicyLibRuntimeDxe:VariablePolicyLib.obj
 0003:00000c00       mCurrentTableSize          0000000000029c00     VariablePolicyLibRuntimeDxe:VariablePolicyLib.obj
 0003:00000c04       mProtectionDisabled        0000000000029c04     VariablePolicyLibRuntimeDxe:VariablePolicyLib.obj
 0003:00000c08       mCurrentTableCount         0000000000029c08     VariablePolicyLibRuntimeDxe:VariablePolicyLib.obj
 0003:00000c10       mVariablePolicyLibVirtualAddressChangeEvent 0000000000029c10     VariablePolicyLibRuntimeDxe:VariablePolicyExtraInitRuntimeDxe.obj
 0003:00000c28       ?Reclaimed@?1??ReclaimForOS@@9@9 0000000000029c28     VariableRuntimeDxe:Variable.obj
 0003:00000c29       mIsVirtualAddrConverted    0000000000029c29     VariablePolicyLibRuntimeDxe:VariablePolicyExtraInitRuntimeDxe.obj
 0005:00000000       $unwind$GetVariableFlashInfoFromHob 000000000002b000     BaseVariableFlashInfoLib:BaseVariableFlashInfoLib.obj
 0005:00000000       $unwind$VarCheckLibRegisterSetVariableCheckHandler 000000000002b000     VarCheckLib:VarCheckLib.obj
 0005:00000000       $unwind$InitVariablePolicyLib 000000000002b000     VariablePolicyLibRuntimeDxe:VariablePolicyLib.obj
 0005:00000000       $unwind$VarCheckRegisterSetVariableCheckHandler 000000000002b000     VariableRuntimeDxe:VarCheck.obj
 0005:00000000       $unwind$GetFtwProtocol     000000000002b000     VariableRuntimeDxe:VariableDxe.obj
 0005:00000000       $unwind$AsciiStrLen        000000000002b000     BaseLib:String.obj
 0005:00000000       $unwind$StrLen             000000000002b000     BaseLib:String.obj
 0005:00000000       $unwind$GetFirstGuidHob    000000000002b000     DxeHobLib:HobLib.obj
 0005:00000000       $unwind$IsDevicePathEnd    000000000002b000     UefiDevicePathLib:DevicePathUtilities.obj
 0005:00000000       $unwind$IsDevicePathEndType 000000000002b000     UefiDevicePathLib:DevicePathUtilities.obj
 0005:00000000       $unwind$_DriverUnloadHandler 000000000002b000     UefiDriverEntryPoint:DriverEntryPoint.obj
 0005:00000000       $unwind$EfiReleaseLock     000000000002b000     UefiLib:UefiLib.obj
 0005:00000000       $unwind$FreePool           000000000002b000     UefiMemoryAllocationLib:MemoryAllocationLib.obj
 0005:00000008       $unwind$DxeEmuLibConstructor 000000000002b008     DxeEmuLib:DxeEmuLib.obj
 0005:00000008       $unwind$DxeTimerLibConstructor 000000000002b008     EmuDxeTimerLib:DxeTimerLib.obj
 0005:00000008       $unwind$IsHwErrRecVariable 000000000002b008     VarCheckUefiLib:VarCheckUefiLibNullClass.obj
[...]
 0005:00000010       $unwind$InternalMemZeroMem 000000000002b010     BaseMemoryLib:MemLibGeneric.obj
 0005:00000010       $unwind$CopyGuid           000000000002b010     BaseMemoryLib:MemLibGuid.obj
 0005:00000010       $unwind$ZeroMem            000000000002b010     BaseMemoryLib:ZeroMemWrapper.obj
 0005:00000010       $unwind$HobLibConstructor  000000000002b010     DxeHobLib:HobLib.obj
 0005:00000010       $unwind$UefiBootServicesTableLibConstructor 000000000002b010     UefiBootServicesTableLib:UefiBootServicesTableLib.obj
 0005:00000010       $unwind$EfiInitializeLock  000000000002b010     UefiLib:UefiLib.obj
 0005:00000010       $unwind$AllocateRuntimeCopyPool 000000000002b010     UefiMemoryAllocationLib:MemoryAllocationLib.obj
 0005:00000010       $unwind$EfiConvertPointer  000000000002b010     UefiRuntimeLib:RuntimeLib.obj
 0005:00000010       $unwind$RuntimeLibVirtualNotifyEvent 000000000002b010     UefiRuntimeLib:RuntimeLib.obj
 0005:00000010       $unwind$UefiRuntimeServicesTableLibConstructor 000000000002b010     UefiRuntimeServicesTableLib:UefiRuntimeServicesTableLib.obj
 0005:00000018       $unwind$VarCheckUefiLibNullClassConstructor 000000000002b018     VarCheckUefiLib:VarCheckUefiLibNullClass.obj
 0005:00000018       $unwind$DisableVariablePolicy 000000000002b018     VariablePolicyLibRuntimeDxe:VariablePolicyLib.obj
 0005:00000018       $unwind$LockVariablePolicy 000000000002b018     VariablePolicyLibRuntimeDxe:VariablePolicyLib.obj
 0005:00000018       $unwind$InitializeVariableQuota 000000000002b018     VariableRuntimeDxe:Variable.obj
 0005:00000018       $unwind$AtRuntime          000000000002b018     VariableRuntimeDxe:VariableDxe.obj
 0005:00000018       $unwind$VariableExLibAtRuntime 000000000002b018     VariableRuntimeDxe:VariableExLib.obj
 0005:00000020       $unwind$AcquireLockOnlyAtBootTime 000000000002b020     VariableRuntimeDxe:VariableDxe.obj
 0005:00000020       $unwind$ProtocolIsVariablePolicyEnabled 000000000002b020     VariableRuntimeDxe:VariableDxe.obj
 0005:00000020       $unwind$ReleaseLockOnlyAtBootTime 000000000002b020     VariableRuntimeDxe:VariableDxe.obj
 0005:00000020       $unwind$GetVariableStoreStatus 000000000002b020     VariableRuntimeDxe:VariableParsing.obj
 0005:00000020       $unwind$AsciiStrSize       000000000002b020     BaseLib:String.obj
 0005:00000020       $unwind$StrSize            000000000002b020     BaseLib:String.obj
 0005:00000020       $unwind$ReadUnaligned16    000000000002b020     BaseLib:Unaligned.obj
 0005:00000020       $unwind$ReadUnaligned64    000000000002b020     BaseLib:Unaligned.obj
 0005:00000020       $unwind$InterlockedDecrement 000000000002b020     BaseSynchronizationLib:SynchronizationMsc.obj
 0005:00000020       $unwind$InterlockedIncrement 000000000002b020     BaseSynchronizationLib:SynchronizationMsc.obj
 0005:00000020       $unwind$LibPcdGet64        000000000002b020     DxePcdLib:DxePcdLib.obj
 0005:00000020       $unwind$DevicePathNodeLength 000000000002b020     UefiDevicePathLib:DevicePathUtilities.obj
 0005:00000020       $unwind$DevicePathSubType  000000000002b020     UefiDevicePathLib:DevicePathUtilities.obj
 0005:00000020       $unwind$DevicePathType     000000000002b020     UefiDevicePathLib:DevicePathUtilities.obj
 0005:00000020       $unwind$NextDevicePathNode 000000000002b020     UefiDevicePathLib:DevicePathUtilities.obj
 0005:00000020       $unwind$EfiAcquireLock     000000000002b020     UefiLib:UefiLib.obj
 0005:00000020       $unwind$AllocatePool       000000000002b020     UefiMemoryAllocationLib:MemoryAllocationLib.obj
 0005:00000020       $unwind$AllocateRuntimePool 000000000002b020     UefiMemoryAllocationLib:MemoryAllocationLib.obj
 0005:00000020       $unwind$AllocateRuntimeZeroPool 000000000002b020     UefiMemoryAllocationLib:MemoryAllocationLib.obj
 0005:00000020       $unwind$AllocateZeroPool   000000000002b020     UefiMemoryAllocationLib:MemoryAllocationLib.obj
 0005:00000028       $unwind$RegisterTimerArchProtocol 000000000002b028     EmuDxeTimerLib:DxeTimerLib.obj
 0005:00000028       $unwind$GetVariableFlashNvStorageInfo 000000000002b028     BaseVariableFlashInfoLib:BaseVariableFlashInfoLib.obj
 0005:00000028       $unwind$SecureBootHook     000000000002b028     VariableRuntimeDxe:Measurement.obj
 0005:00000028       $unwind$GetFvbCountAndBuffer 000000000002b028     VariableRuntimeDxe:VariableDxe.obj
 0005:00000028       $unwind$IsDevicePathValid  000000000002b028     UefiDevicePathLib:DevicePathUtilities.obj
 0005:00000028       $unwind$RuntimeDriverLibConstruct 000000000002b028     UefiRuntimeLib:RuntimeLib.obj
 0005:00000030       $unwind$InternalGetReportStatusCode 000000000002b030     DxeReportStatusCodeLib:ReportStatusCodeLib.obj
 0005:00000030       $unwind$VariablePolicyExtraInit 000000000002b030     VariablePolicyLibRuntimeDxe:VariablePolicyExtraInitRuntimeDxe.obj
 0005:00000030       $unwind$IsVariablePolicyEnabled 000000000002b030     VariablePolicyLibRuntimeDxe:VariablePolicyLib.obj
 0005:00000030       $unwind$RecordSecureBootPolicyVarData 000000000002b030     VariableRuntimeDxe:Measurement.obj
 0005:00000030       $unwind$MorLockInit        000000000002b030     VariableRuntimeDxe:TcgMorLockDxe.obj
 0005:00000030       $unwind$GetMaxVariableSize 000000000002b030     VariableRuntimeDxe:Variable.obj
 0005:00000030       $unwind$VariableWriteServiceInitializeDxe 000000000002b030     VariableRuntimeDxe:VariableDxe.obj
 0005:00000030       $unwind$CpuDeadLoop        000000000002b030     BaseLib:CpuDeadLoop.obj
 0005:00000030       $unwind$GetHobList         000000000002b030     DxeHobLib:HobLib.obj
 0005:00000030       $unwind$GetPcdProtocol     000000000002b030     DxePcdLib:DxePcdLib.obj
 0005:00000038       $unwind$FtwNotificationEvent 000000000002b038     VariableRuntimeDxe:VariableDxe.obj
 0005:00000040       $unwind$VariableServiceInitialize 000000000002b040     VariableRuntimeDxe:VariableDxe.obj
 0005:00000040       $unwind$CompareGuid        000000000002b040     BaseMemoryLib:MemLibGuid.obj
 0005:00000048       $unwind$UpdateVariableStore 000000000002b048     VariableRuntimeDxe:Variable.obj
 0005:00000050       $unwind$RecordVarErrorFlag 000000000002b050     VariableRuntimeDxe:Variable.obj
 0005:00000058       $unwind$InitializeVarErrorFlag 000000000002b058     VariableRuntimeDxe:Variable.obj
 0005:00000060       $unwind$IsUserVariable     000000000002b060     VariableRuntimeDxe:Variable.obj
 0005:00000070       $unwind$CalculateCommonUserVariableTotalSize 000000000002b070     VariableRuntimeDxe:Variable.obj
 0005:00000080       $unwind$Reclaim            000000000002b080     VariableRuntimeDxe:Variable.obj
 0005:00000080       $unwind$VariableServiceGetNextVariableInternal 000000000002b080     VariableRuntimeDxe:VariableParsing.obj
 0005:00000088       $unwind$FindVariable       000000000002b088     VariableRuntimeDxe:Variable.obj
 0005:00000098       $unwind$VarCheckLibVariablePropertySet 000000000002b098     VarCheckLib:VarCheckLib.obj
 0005:00000098       $unwind$VariablePropertyGetFunction 000000000002b098     VarCheckLib:VarCheckLib.obj
 0005:00000098       $unwind$VariablePropertyGetWithWildcardName 000000000002b098     VarCheckLib:VarCheckLib.obj
 0005:00000098       $unwind$GetUefiDefinedVarCheckFunction 000000000002b098     VarCheckUefiLib:VarCheckUefiLibNullClass.obj
 0005:00000098       $unwind$InternalVarCheckLoadOption 000000000002b098     VarCheckUefiLib:VarCheckUefiLibNullClass.obj
 0005:00000098       $unwind$GetBestPolicyMatch 000000000002b098     VariablePolicyLibRuntimeDxe:VariablePolicyLib.obj
 0005:00000098       $unwind$GetIndexFromSupportedLangCodes 000000000002b098     VariableRuntimeDxe:Variable.obj
 0005:00000098       $unwind$GetLangFromSupportedLangCodes 000000000002b098     VariableRuntimeDxe:Variable.obj
 0005:00000098       $unwind$SynchronizeRuntimeVariableCache 000000000002b098     VariableRuntimeDxe:VariableRuntimeCache.obj
 0005:000000a0       $unwind$VarCheckLibSetVariableCheck 000000000002b0a0     VarCheckLib:VarCheckLib.obj
 0005:000000a0       $unwind$CreateBasicVariablePolicy 000000000002b0a0     VariablePolicyHelperLib:VariablePolicyHelperLib.obj
 0005:000000a0       $unwind$VariableGetBestLanguage 000000000002b0a0     VariableRuntimeDxe:Variable.obj
 0005:000000a8       $unwind$CheckRemainingSpaceForConsistencyInternal 000000000002b0a8     VariableRuntimeDxe:Variable.obj
 0005:000000b0       $unwind$CheckRemainingSpaceForConsistency 000000000002b0b0     VariableRuntimeDxe:Variable.obj
 0005:000000b0       $unwind$VariableServiceQueryVariableInfo 000000000002b0b0     VariableRuntimeDxe:Variable.obj
 0005:000000b0       $unwind$VariableExLibCheckRemainingSpaceForConsistency 000000000002b0b0     VariableRuntimeDxe:VariableExLib.obj
 0005:000000b0       $unwind$InternalReallocatePool 000000000002b0b0     UefiMemoryAllocationLib:MemoryAllocationLib.obj
 0005:000000b8       $unwind$AutoUpdateLangVariable 000000000002b0b8     VariableRuntimeDxe:Variable.obj
 0005:000000c0       $unwind$UpdateVariable     000000000002b0c0     VariableRuntimeDxe:Variable.obj
 0005:000000c8       $unwind$VariableServiceGetVariable 000000000002b0c8     VariableRuntimeDxe:Variable.obj
 0005:000000d0       $unwind$VariableServiceGetNextVariableName 000000000002b0d0     VariableRuntimeDxe:Variable.obj
 0005:000000e0       $unwind$VariableServiceSetVariable 000000000002b0e0     VariableRuntimeDxe:Variable.obj
 0005:000000e8       $unwind$VariableServiceQueryVariableInfoInternal 000000000002b0e8     VariableRuntimeDxe:Variable.obj
 0005:000000f0       $unwind$MorLockInitAtEndOfDxe 000000000002b0f0     VariableRuntimeDxe:TcgMorLockDxe.obj
 0005:000000f0       $unwind$ReclaimForOS       000000000002b0f0     VariableRuntimeDxe:Variable.obj
 0005:000000f0       $unwind$VariableCommonInitialize 000000000002b0f0     VariableRuntimeDxe:Variable.obj
 0005:000000f0       $unwind$VariableWriteServiceInitialize 000000000002b0f0     VariableRuntimeDxe:Variable.obj
 0005:000000f0       $unwind$InitNonVolatileVariableStore 000000000002b0f0     VariableRuntimeDxe:VariableNonVolatile.obj
 0005:000000f8       $unwind$FlushHobVariableToFlash 000000000002b0f8     VariableRuntimeDxe:Variable.obj
 0005:00000100       $unwind$ConvertNormalVarStorageToAuthVarStorage 000000000002b100     VariableRuntimeDxe:Variable.obj
 0005:00000108       $unwind$VarCheckLibInitializeAtEndOfDxe 000000000002b108     VarCheckLib:VarCheckLib.obj
 0005:00000108       $unwind$IsValidVariablePolicyStructure 000000000002b108     VariablePolicyLibRuntimeDxe:VariablePolicyLib.obj
 0005:00000108       $unwind$GetHobVariableStore 000000000002b108     VariableRuntimeDxe:Variable.obj
 0005:00000108       $unwind$InitEmuNonVolatileVariableStore 000000000002b108     VariableRuntimeDxe:VariableNonVolatile.obj
 0005:00000110       $unwind$GetFvbInfoByAddress 000000000002b110     VariableRuntimeDxe:Variable.obj
 0005:00000110       $unwind$VariableExLibFindVariable 000000000002b110     VariableRuntimeDxe:VariableExLib.obj
 0005:00000110       $unwind$InternalMemCopyMem 000000000002b110     BaseMemoryLib:CopyMem.obj
 0005:00000118       $unwind$VarCheckLibVariablePropertyGet 000000000002b118     VarCheckLib:VarCheckLib.obj
 0005:00000118       $unwind$VarCheckVariablePropertyGet 000000000002b118     VariableRuntimeDxe:VarCheck.obj
 0005:00000118       $unwind$VarCheckVariablePropertySet 000000000002b118     VariableRuntimeDxe:VarCheck.obj
 0005:00000120       $unwind$GetLbaAndOffsetByAddress 000000000002b120     VariableRuntimeDxe:Reclaim.obj
 0005:00000120       $unwind$VariableLockRequestToLock 000000000002b120     VariableRuntimeDxe:VariableLockRequestToLock.obj
 0005:00000120       $unwind$StrCpyS            000000000002b120     BaseLib:SafeString.obj
 0005:00000120       $unwind$InternalMemSetMem  000000000002b120     BaseMemoryLib:SetMem.obj
 0005:00000128       $unwind$RegisterBasicVariablePolicy 000000000002b128     VariablePolicyHelperLib:VariablePolicyHelperLib.obj
 0005:00000128       $unwind$GetVariablePolicyInfo 000000000002b128     VariablePolicyLibRuntimeDxe:VariablePolicyLib.obj
 0005:00000128       $unwind$MeasureVariable    000000000002b128     VariableRuntimeDxe:Measurement.obj
 0005:00000128       $unwind$AsciiStrnCpyS      000000000002b128     BaseLib:SafeString.obj
 0005:00000128       $unwind$StrnCpyS           000000000002b128     BaseLib:SafeString.obj
 0005:00000130       $unwind$EvaluatePolicyMatch 000000000002b130     VariablePolicyLibRuntimeDxe:VariablePolicyLib.obj
 0005:00000130       $unwind$InternalGetVariable 000000000002b130     VariableRuntimeDxe:Measurement.obj
 0005:00000130       $unwind$FindVariableEx     000000000002b130     VariableRuntimeDxe:VariableParsing.obj
 0005:00000130       $unwind$EfiCreateProtocolNotifyEvent 000000000002b130     UefiLib:UefiLib.obj
 0005:00000130       $unwind$EfiCreateEventReadyToBootEx 000000000002b130     UefiLib:UefiNotTiano.obj
 0005:00000138       $unwind$GetVariableHeaderSize 000000000002b138     VariableRuntimeDxe:VariableParsing.obj
 0005:00000140       $unwind$DataSizeOfVariable 000000000002b140     VariableRuntimeDxe:VariableParsing.obj
 0005:00000140       $unwind$GetVendorGuidPtr   000000000002b140     VariableRuntimeDxe:VariableParsing.obj
 0005:00000140       $unwind$NameSizeOfVariable 000000000002b140     VariableRuntimeDxe:VariableParsing.obj
 0005:00000148       $unwind$InternalVarCheckAsciiString 000000000002b148     VarCheckUefiLib:VarCheckUefiLibNullClass.obj
 0005:00000148       $unwind$SetDataSizeOfVariable 000000000002b148     VariableRuntimeDxe:VariableParsing.obj
 0005:00000148       $unwind$SetNameSizeOfVariable 000000000002b148     VariableRuntimeDxe:VariableParsing.obj
 0005:00000148       $unwind$SafeUint64Add      000000000002b148     BaseSafeIntLib:SafeIntLib.obj
 0005:00000150       $unwind$GetVariableNamePtr 000000000002b150     VariableRuntimeDxe:VariableParsing.obj
 0005:00000158       $unwind$GetNextVariablePtr 000000000002b158     VariableRuntimeDxe:VariableParsing.obj
 0005:00000158       $unwind$GetVariableDataOffset 000000000002b158     VariableRuntimeDxe:VariableParsing.obj
 0005:00000158       $unwind$GetVariableDataPtr 000000000002b158     VariableRuntimeDxe:VariableParsing.obj
 0005:00000158       $unwind$MultU64x32         000000000002b158     BaseLib:MultU64x32.obj
 0005:00000158       $unwind$InternalAllocatePool 000000000002b158     UefiMemoryAllocationLib:MemoryAllocationLib.obj
 0005:00000158       $unwind$InternalAllocateZeroPool 000000000002b158     UefiMemoryAllocationLib:MemoryAllocationLib.obj
 0005:00000160       $unwind$VariableCompareTimeStampInternal 000000000002b160     VariableRuntimeDxe:VariableParsing.obj
 0005:00000160       $unwind$AsciiStrnLenS      000000000002b160     BaseLib:SafeString.obj
 0005:00000160       $unwind$SafeUint64ToUint32 000000000002b160     BaseSafeIntLib:SafeIntLib.obj
 0005:00000168       $unwind$DebugPrint         000000000002b168     PeiDxeDebugLibReportStatusCode:DebugLib.obj
 0005:00000168       $unwind$VarCheckAddTableEntry 000000000002b168     VarCheckLib:VarCheckLib.obj
 0005:00000168       $unwind$UpdateVariableInfo 000000000002b168     VariableRuntimeDxe:VariableParsing.obj
 0005:00000168       $unwind$InternalSafeStringNoAsciiStrOverlap 000000000002b168     BaseLib:SafeString.obj
 0005:00000168       $unwind$InternalSafeStringNoStrOverlap 000000000002b168     BaseLib:SafeString.obj
 0005:00000170       $unwind$ReportDebugCodeEnabled 000000000002b170     DxeReportStatusCodeLib:ReportStatusCodeLib.obj
 0005:00000170       $unwind$ReportErrorCodeEnabled 000000000002b170     DxeReportStatusCodeLib:ReportStatusCodeLib.obj
 0005:00000170       $unwind$ReportProgressCodeEnabled 000000000002b170     DxeReportStatusCodeLib:ReportStatusCodeLib.obj
 0005:00000170       $unwind$DebugAssertEnabled 000000000002b170     PeiDxeDebugLibReportStatusCode:DebugLib.obj
 0005:00000170       $unwind$DebugCodeEnabled   000000000002b170     PeiDxeDebugLibReportStatusCode:DebugLib.obj
 0005:00000170       $unwind$DebugPrintEnabled  000000000002b170     PeiDxeDebugLibReportStatusCode:DebugLib.obj
 0005:00000170       $unwind$IsVariablePolicyLibInitialized 000000000002b170     VariablePolicyLibRuntimeDxe:VariablePolicyLib.obj
 0005:00000170       $unwind$GetNonVolatileMaxVariableSize 000000000002b170     VariableRuntimeDxe:VariableNonVolatile.obj
 0005:00000178       $unwind$InitRealNonVolatileVariableStore 000000000002b178     VariableRuntimeDxe:VariableNonVolatile.obj
 0005:00000180       $unwind$FtwVariableSpace   000000000002b180     VariableRuntimeDxe:Reclaim.obj
 0005:00000188       $unwind$VariableExLibFindNextVariable 000000000002b188     VariableRuntimeDxe:VariableExLib.obj
 0005:00000198       $unwind$VariableExLibUpdateVariable 000000000002b198     VariableRuntimeDxe:VariableExLib.obj
 0005:000001a0       $unwind$VariablePropertySetUefiDefined 000000000002b1a0     VarCheckUefiLib:VarCheckUefiLibNullClass.obj
 0005:000001a0       $unwind$FlushPendingRuntimeVariableCacheUpdates 000000000002b1a0     VariableRuntimeDxe:VariableRuntimeCache.obj
 0005:000001a8       $unwind$DebugPrintMarker   000000000002b1a8     PeiDxeDebugLibReportStatusCode:DebugLib.obj
 0005:000001b8       $unwind$DebugVPrint        000000000002b1b8     PeiDxeDebugLibReportStatusCode:DebugLib.obj
 0005:000001b8       $unwind$InternalVarCheckDevicePath 000000000002b1b8     VarCheckUefiLib:VarCheckUefiLibNullClass.obj
 0005:000001b8       $unwind$AsciiStrnCmp       000000000002b1b8     BaseLib:String.obj
 0005:000001b8       $unwind$StrnCmp            000000000002b1b8     BaseLib:String.obj
 0005:000001b8       $unwind$CompareMem         000000000002b1b8     BaseMemoryLib:CompareMemWrapper.obj
 0005:000001b8       $unwind$CopyMem            000000000002b1b8     BaseMemoryLib:CopyMemWrapper.obj
 0005:000001b8       $unwind$SetMem             000000000002b1b8     BaseMemoryLib:SetMemWrapper.obj
 0005:000001b8       $unwind$SafeUintnAdd       000000000002b1b8     BaseSafeIntLib:SafeIntLib64.obj
 0005:000001b8       $unwind$ReallocateRuntimePool 000000000002b1b8     UefiMemoryAllocationLib:MemoryAllocationLib.obj
 0005:000001c0       $unwind$DebugAssert        000000000002b1c0     PeiDxeDebugLibReportStatusCode:DebugLib.obj
 0005:000001d0       $unwind$DebugPrintLevelEnabled 000000000002b1d0     PeiDxeDebugLibReportStatusCode:DebugLib.obj
 0005:000001d0       $unwind$VarCheckInternalIsHexaDecimalDigitCharacter 000000000002b1d0     VarCheckLib:VarCheckLib.obj
 0005:000001d0       $unwind$VarCheckUefiIsHexaDecimalDigitCharacter 000000000002b1d0     VarCheckUefiLib:VarCheckUefiLibNullClass.obj
 0005:000001d8       $unwind$InternalAllocateCopyPool 000000000002b1d8     UefiMemoryAllocationLib:MemoryAllocationLib.obj
 0005:000001e0       $unwind$SafeUint32Add      000000000002b1e0     BaseSafeIntLib:SafeIntLib.obj
 0005:000001e8       $unwind$SafeUint32Mult     000000000002b1e8     BaseSafeIntLib:SafeIntLib.obj
 0005:000001f0       $unwind$AuthVariableLibProcessVariable 000000000002b1f0     AuthVariableLibNull:AuthVariableLibNull.obj
 0005:000001f0       $unwind$PopulateCommonData 000000000002b1f0     VariablePolicyHelperLib:VariablePolicyHelperLib.obj
 0005:000001f8       $unwind$RegisterVariablePolicy 000000000002b1f8     VariablePolicyLibRuntimeDxe:VariablePolicyLib.obj
 0005:00000200       $unwind$GetLockOnVariableStateVariablePolicyInfo 000000000002b200     VariablePolicyLibRuntimeDxe:VariablePolicyLib.obj
 0005:00000200       $unwind$ValidateSetVariable 000000000002b200     VariablePolicyLibRuntimeDxe:VariablePolicyLib.obj
 0005:00000208       $unwind$SetVariableCheckHandlerUefiDefined 000000000002b208     VarCheckUefiLib:VarCheckUefiLibNullClass.obj
 0005:00000218       $unwind$InternalReportStatusCode 000000000002b218     DxeReportStatusCodeLib:ReportStatusCodeLib.obj
 0005:00000220       $unwind$ReportStatusCodeEx 000000000002b220     DxeReportStatusCodeLib:ReportStatusCodeLib.obj
